[INFO] Scanning for projects...
[WARNING] 
[WARNING] Some problems were encountered while building the effective model for com.eb.qa:EddieBauer-qa-smokesuite:jar:0.0.1-SNAPSHOT
[WARNING] 'dependencies.dependency.scope' for net.lightbody.bmp:browsermob-core:jar must be one of [provided, compile, runtime, test, system] but is 'pom'. @ line 64, column 11
[WARNING] 
[WARNING] It is highly recommended to fix these problems because they threaten the stability of your build.
[WARNING] 
[WARNING] For this reason, future Maven versions might no longer support building such malformed projects.
[WARNING] 
[INFO] 
[INFO] -----------------< com.eb.qa:EddieBauer-qa-smokesuite >-----------------
[INFO] Building EddieBauer-qa-smokesuite 0.0.1-SNAPSHOT
[INFO] --------------------------------[ jar ]---------------------------------
Downloading from central: https://repo.maven.apache.org/maven2/org/apache/maven/plugins/maven-clean-plugin/2.5/maven-clean-plugin-2.5.pom
Progress (1): 2.2/3.9 kBProgress (1): 3.9 kB                        Downloaded from central: https://repo.maven.apache.org/maven2/org/apache/maven/plugins/maven-clean-plugin/2.5/maven-clean-plugin-2.5.pom (3.9 kB at 1.4 kB/s)
Downloading from central: https://repo.maven.apache.org/maven2/org/apache/maven/plugins/maven-plugins/22/maven-plugins-22.pom
Progress (1): 2.2/13 kBProgress (1): 5.0/13 kBProgress (1): 7.8/13 kBProgress (1): 11/13 kB Progress (1): 13 kB                      Downloaded from central: https://repo.maven.apache.org/maven2/org/apache/maven/plugins/maven-plugins/22/maven-plugins-22.pom (13 kB at 32 kB/s)
Downloading from central: https://repo.maven.apache.org/maven2/org/apache/maven/maven-parent/21/maven-parent-21.pom
Progress (1): 2.2/26 kBProgress (1): 5.0/26 kBProgress (1): 7.8/26 kBProgress (1): 11/26 kB Progress (1): 13/26 kBProgress (1): 16/26 kBProgress (1): 19/26 kBProgress (1): 21/26 kBProgress (1): 24/26 kBProgress (1): 26 kB                      Downloaded from central: https://repo.maven.apache.org/maven2/org/apache/maven/maven-parent/21/maven-parent-21.pom (26 kB at 70 kB/s)
Downloading from central: https://repo.maven.apache.org/maven2/org/apache/apache/10/apache-10.pom
Progress (1): 2.2/15 kBProgress (1): 5.0/15 kBProgress (1): 7.8/15 kBProgress (1): 11/15 kB Progress (1): 13/15 kBProgress (1): 15 kB                      Downloaded from central: https://repo.maven.apache.org/maven2/org/apache/apache/10/apache-10.pom (15 kB at 41 kB/s)
Downloading from central: https://repo.maven.apache.org/maven2/org/apache/maven/plugins/maven-clean-plugin/2.5/maven-clean-plugin-2.5.jar
Progress (1): 2.2/25 kBProgress (1): 5.0/25 kBProgress (1): 7.7/25 kBProgress (1): 10/25 kB Progress (1): 13/25 kBProgress (1): 16/25 kBProgress (1): 19/25 kBProgress (1): 21/25 kBProgress (1): 24/25 kBProgress (1): 25 kB                      Downloaded from central: https://repo.maven.apache.org/maven2/org/apache/maven/plugins/maven-clean-plugin/2.5/maven-clean-plugin-2.5.jar (25 kB at 67 kB/s)
Downloading from central: https://repo.maven.apache.org/maven2/org/apache/maven/plugins/maven-resources-plugin/2.6/maven-resources-plugin-2.6.pom
Progress (1): 2.2/8.1 kBProgress (1): 5.0/8.1 kBProgress (1): 7.8/8.1 kBProgress (1): 8.1 kB                        Downloaded from central: https://repo.maven.apache.org/maven2/org/apache/maven/plugins/maven-resources-plugin/2.6/maven-resources-plugin-2.6.pom (8.1 kB at 23 kB/s)
Downloading from central: https://repo.maven.apache.org/maven2/org/apache/maven/plugins/maven-plugins/23/maven-plugins-23.pom
Progress (1): 2.2/9.2 kBProgress (1): 5.0/9.2 kBProgress (1): 7.8/9.2 kBProgress (1): 9.2 kB                        Downloaded from central: https://repo.maven.apache.org/maven2/org/apache/maven/plugins/maven-plugins/23/maven-plugins-23.pom (9.2 kB at 26 kB/s)
Downloading from central: https://repo.maven.apache.org/maven2/org/apache/maven/maven-parent/22/maven-parent-22.pom
Progress (1): 2.2/30 kBProgress (1): 5.0/30 kBProgress (1): 7.8/30 kBProgress (1): 11/30 kB Progress (1): 13/30 kBProgress (1): 16/30 kBProgress (1): 19/30 kBProgress (1): 21/30 kBProgress (1): 24/30 kBProgress (1): 27/30 kBProgress (1): 30/30 kBProgress (1): 30 kB                      Downloaded from central: https://repo.maven.apache.org/maven2/org/apache/maven/maven-parent/22/maven-parent-22.pom (30 kB at 79 kB/s)
Downloading from central: https://repo.maven.apache.org/maven2/org/apache/apache/11/apache-11.pom
Progress (1): 2.8/15 kBProgress (1): 5.5/15 kBProgress (1): 8.3/15 kBProgress (1): 11/15 kB Progress (1): 14/15 kBProgress (1): 15 kB                      Downloaded from central: https://repo.maven.apache.org/maven2/org/apache/apache/11/apache-11.pom (15 kB at 41 kB/s)
Downloading from central: https://repo.maven.apache.org/maven2/org/apache/maven/plugins/maven-resources-plugin/2.6/maven-resources-plugin-2.6.jar
Progress (1): 2.2/30 kBProgress (1): 5.0/30 kBProgress (1): 7.7/30 kBProgress (1): 10/30 kB Progress (1): 13/30 kBProgress (1): 16/30 kBProgress (1): 19/30 kBProgress (1): 21/30 kBProgress (1): 24/30 kBProgress (1): 27/30 kBProgress (1): 30 kB                      Downloaded from central: https://repo.maven.apache.org/maven2/org/apache/maven/plugins/maven-resources-plugin/2.6/maven-resources-plugin-2.6.jar (30 kB at 78 kB/s)
Downloading from central: https://repo.maven.apache.org/maven2/org/apache/maven/plugins/maven-compiler-plugin/3.8.0/maven-compiler-plugin-3.8.0.pom
Progress (1): 2.8/12 kBProgress (1): 5.5/12 kBProgress (1): 8.3/12 kBProgress (1): 11/12 kB Progress (1): 12 kB                      Downloaded from central: https://repo.maven.apache.org/maven2/org/apache/maven/plugins/maven-compiler-plugin/3.8.0/maven-compiler-plugin-3.8.0.pom (12 kB at 35 kB/s)
Downloading from central: https://repo.maven.apache.org/maven2/org/apache/maven/plugins/maven-plugins/32/maven-plugins-32.pom
Progress (1): 2.2/11 kBProgress (1): 5.0/11 kBProgress (1): 7.8/11 kBProgress (1): 11/11 kB Progress (1): 11 kB                      Downloaded from central: https://repo.maven.apache.org/maven2/org/apache/maven/plugins/maven-plugins/32/maven-plugins-32.pom (11 kB at 30 kB/s)
Downloading from central: https://repo.maven.apache.org/maven2/org/apache/maven/maven-parent/32/maven-parent-32.pom
Progress (1): 2.8/43 kBProgress (1): 5.5/43 kBProgress (1): 8.3/43 kBProgress (1): 11/43 kB Progress (1): 14/43 kBProgress (1): 16/43 kBProgress (1): 19/43 kBProgress (1): 22/43 kBProgress (1): 25/43 kBProgress (1): 27/43 kBProgress (1): 30/43 kBProgress (1): 33/43 kBProgress (1): 37/43 kBProgress (1): 41/43 kBProgress (1): 43 kB                      Downloaded from central: https://repo.maven.apache.org/maven2/org/apache/maven/maven-parent/32/maven-parent-32.pom (43 kB at 111 kB/s)
Downloading from central: https://repo.maven.apache.org/maven2/org/apache/apache/20/apache-20.pom
Progress (1): 4.1/16 kBProgress (1): 7.7/16 kBProgress (1): 12/16 kB Progress (1): 16 kB                      Downloaded from central: https://repo.maven.apache.org/maven2/org/apache/apache/20/apache-20.pom (16 kB at 42 kB/s)
Downloading from central: https://repo.maven.apache.org/maven2/org/apache/maven/plugins/maven-compiler-plugin/3.8.0/maven-compiler-plugin-3.8.0.jar
Progress (1): 4.1/62 kBProgress (1): 7.7/62 kBProgress (1): 12/62 kB Progress (1): 16/62 kBProgress (1): 20/62 kBProgress (1): 24/62 kBProgress (1): 28/62 kBProgress (1): 32/62 kBProgress (1): 36/62 kBProgress (1): 40/62 kBProgress (1): 45/62 kBProgress (1): 49/62 kBProgress (1): 53/62 kBProgress (1): 57/62 kBProgress (1): 61/62 kBProgress (1): 62 kB                      Downloaded from central: https://repo.maven.apache.org/maven2/org/apache/maven/plugins/maven-compiler-plugin/3.8.0/maven-compiler-plugin-3.8.0.jar (62 kB at 114 kB/s)
Downloading from central: https://repo.maven.apache.org/maven2/org/apache/maven/plugins/maven-surefire-plugin/2.22.0/maven-surefire-plugin-2.22.0.pom
Progress (1): 2.8/5.0 kBProgress (1): 5.0 kB                        Downloaded from central: https://repo.maven.apache.org/maven2/org/apache/maven/plugins/maven-surefire-plugin/2.22.0/maven-surefire-plugin-2.22.0.pom (5.0 kB at 14 kB/s)
Downloading from central: https://repo.maven.apache.org/maven2/org/apache/maven/surefire/surefire/2.22.0/surefire-2.22.0.pom
Progress (1): 2.2/27 kBProgress (1): 5.0/27 kBProgress (1): 7.8/27 kBProgress (1): 11/27 kB Progress (1): 13/27 kBProgress (1): 16/27 kBProgress (1): 19/27 kBProgress (1): 21/27 kBProgress (1): 24/27 kBProgress (1): 27/27 kBProgress (1): 27 kB                      Downloaded from central: https://repo.maven.apache.org/maven2/org/apache/maven/surefire/surefire/2.22.0/surefire-2.22.0.pom (27 kB at 72 kB/s)
Downloading from central: https://repo.maven.apache.org/maven2/org/apache/maven/maven-parent/31/maven-parent-31.pom
Progress (1): 2.2/43 kBProgress (1): 5.0/43 kBProgress (1): 7.8/43 kBProgress (1): 11/43 kB Progress (1): 13/43 kBProgress (1): 16/43 kBProgress (1): 19/43 kBProgress (1): 21/43 kBProgress (1): 24/43 kBProgress (1): 27/43 kBProgress (1): 30/43 kBProgress (1): 32/43 kBProgress (1): 36/43 kBProgress (1): 40/43 kBProgress (1): 43 kB                      Downloaded from central: https://repo.maven.apache.org/maven2/org/apache/maven/maven-parent/31/maven-parent-31.pom (43 kB at 111 kB/s)
Downloading from central: https://repo.maven.apache.org/maven2/org/apache/apache/19/apache-19.pom
Progress (1): 4.1/15 kBProgress (1): 7.7/15 kBProgress (1): 12/15 kB Progress (1): 15 kB                      Downloaded from central: https://repo.maven.apache.org/maven2/org/apache/apache/19/apache-19.pom (15 kB at 41 kB/s)
Downloading from central: https://repo.maven.apache.org/maven2/org/apache/maven/plugins/maven-surefire-plugin/2.22.0/maven-surefire-plugin-2.22.0.jar
Progress (1): 4.1/41 kBProgress (1): 8.2/41 kBProgress (1): 12/41 kB Progress (1): 16/41 kBProgress (1): 20/41 kBProgress (1): 25/41 kBProgress (1): 29/41 kBProgress (1): 33/41 kBProgress (1): 37/41 kBProgress (1): 41 kB                      Downloaded from central: https://repo.maven.apache.org/maven2/org/apache/maven/plugins/maven-surefire-plugin/2.22.0/maven-surefire-plugin-2.22.0.jar (41 kB at 103 kB/s)
Downloading from central: https://repo.maven.apache.org/maven2/org/apache/maven/plugins/maven-jar-plugin/2.4/maven-jar-plugin-2.4.pom
Progress (1): 2.2/5.8 kBProgress (1): 5.0/5.8 kBProgress (1): 5.8 kB                        Downloaded from central: https://repo.maven.apache.org/maven2/org/apache/maven/plugins/maven-jar-plugin/2.4/maven-jar-plugin-2.4.pom (5.8 kB at 17 kB/s)
Downloading from central: https://repo.maven.apache.org/maven2/org/apache/maven/plugins/maven-jar-plugin/2.4/maven-jar-plugin-2.4.jar
Progress (1): 2.2/34 kBProgress (1): 5.0/34 kBProgress (1): 7.7/34 kBProgress (1): 10/34 kB Progress (1): 13/34 kBProgress (1): 16/34 kBProgress (1): 19/34 kBProgress (1): 21/34 kBProgress (1): 24/34 kBProgress (1): 27/34 kBProgress (1): 30/34 kBProgress (1): 32/34 kBProgress (1): 34 kB                      Downloaded from central: https://repo.maven.apache.org/maven2/org/apache/maven/plugins/maven-jar-plugin/2.4/maven-jar-plugin-2.4.jar (34 kB at 89 kB/s)
Downloading from central: https://repo.maven.apache.org/maven2/org/apache/maven/plugins/maven-dependency-plugin/2.8/maven-dependency-plugin-2.8.pom
Progress (1): 2.2/11 kBProgress (1): 5.0/11 kBProgress (1): 7.8/11 kBProgress (1): 11/11 kB Progress (1): 11 kB                      Downloaded from central: https://repo.maven.apache.org/maven2/org/apache/maven/plugins/maven-dependency-plugin/2.8/maven-dependency-plugin-2.8.pom (11 kB at 31 kB/s)
Downloading from central: https://repo.maven.apache.org/maven2/org/apache/maven/plugins/maven-plugins/24/maven-plugins-24.pom
Progress (1): 2.2/11 kBProgress (1): 5.0/11 kBProgress (1): 7.8/11 kBProgress (1): 11/11 kB Progress (1): 11 kB                      Downloaded from central: https://repo.maven.apache.org/maven2/org/apache/maven/plugins/maven-plugins/24/maven-plugins-24.pom (11 kB at 29 kB/s)
Downloading from central: https://repo.maven.apache.org/maven2/org/apache/maven/maven-parent/23/maven-parent-23.pom
Progress (1): 2.2/33 kBProgress (1): 5.0/33 kBProgress (1): 7.8/33 kBProgress (1): 11/33 kB Progress (1): 13/33 kBProgress (1): 16/33 kBProgress (1): 19/33 kBProgress (1): 21/33 kBProgress (1): 24/33 kBProgress (1): 27/33 kBProgress (1): 30/33 kBProgress (1): 32/33 kBProgress (1): 33 kB                      Downloaded from central: https://repo.maven.apache.org/maven2/org/apache/maven/maven-parent/23/maven-parent-23.pom (33 kB at 85 kB/s)
Downloading from central: https://repo.maven.apache.org/maven2/org/apache/apache/13/apache-13.pom
Progress (1): 2.2/14 kBProgress (1): 5.0/14 kBProgress (1): 7.8/14 kBProgress (1): 11/14 kB Progress (1): 13/14 kBProgress (1): 14 kB                      Downloaded from central: https://repo.maven.apache.org/maven2/org/apache/apache/13/apache-13.pom (14 kB at 39 kB/s)
Downloading from central: https://repo.maven.apache.org/maven2/org/apache/maven/plugins/maven-dependency-plugin/2.8/maven-dependency-plugin-2.8.jar
Progress (1): 2.2/153 kBProgress (1): 5.0/153 kBProgress (1): 7.7/153 kBProgress (1): 10/153 kB Progress (1): 13/153 kBProgress (1): 16/153 kBProgress (1): 19/153 kBProgress (1): 21/153 kBProgress (1): 24/153 kBProgress (1): 27/153 kBProgress (1): 30/153 kBProgress (1): 32/153 kBProgress (1): 36/153 kBProgress (1): 40/153 kBProgress (1): 45/153 kBProgress (1): 49/153 kBProgress (1): 53/153 kBProgress (1): 57/153 kBProgress (1): 61/153 kBProgress (1): 65/153 kBProgress (1): 69/153 kBProgress (1): 73/153 kBProgress (1): 77/153 kBProgress (1): 81/153 kBProgress (1): 85/153 kBProgress (1): 90/153 kBProgress (1): 94/153 kBProgress (1): 98/153 kBProgress (1): 102/153 kBProgress (1): 106/153 kBProgress (1): 110/153 kBProgress (1): 114/153 kBProgress (1): 118/153 kBProgress (1): 122/153 kBProgress (1): 126/153 kBProgress (1): 131/153 kBProgress (1): 135/153 kBProgress (1): 139/153 kBProgress (1): 143/153 kBProgress (1): 147/153 kBProgress (1): 151/153 kBProgress (1): 153 kB                        Downloaded from central: https://repo.maven.apache.org/maven2/org/apache/maven/plugins/maven-dependency-plugin/2.8/maven-dependency-plugin-2.8.jar (153 kB at 180 kB/s)
Downloading from central: https://repo.maven.apache.org/maven2/org/apache/maven/plugins/maven-install-plugin/2.4/maven-install-plugin-2.4.pom
Progress (1): 2.2/6.4 kBProgress (1): 5.0/6.4 kBProgress (1): 6.4 kB                        Downloaded from central: https://repo.maven.apache.org/maven2/org/apache/maven/plugins/maven-install-plugin/2.4/maven-install-plugin-2.4.pom (6.4 kB at 18 kB/s)
Downloading from central: https://repo.maven.apache.org/maven2/org/apache/maven/plugins/maven-install-plugin/2.4/maven-install-plugin-2.4.jar
Progress (1): 2.8/27 kBProgress (1): 5.5/27 kBProgress (1): 8.3/27 kBProgress (1): 11/27 kB Progress (1): 14/27 kBProgress (1): 16/27 kBProgress (1): 19/27 kBProgress (1): 22/27 kBProgress (1): 25/27 kBProgress (1): 27 kB                      Downloaded from central: https://repo.maven.apache.org/maven2/org/apache/maven/plugins/maven-install-plugin/2.4/maven-install-plugin-2.4.jar (27 kB at 72 kB/s)
Downloading from central: https://repo.maven.apache.org/maven2/org/seleniumhq/selenium/selenium-java/3.141.59/selenium-java-3.141.59.pom
Progress (1): 2.9/5.4 kBProgress (1): 5.4 kB                        Downloaded from central: https://repo.maven.apache.org/maven2/org/seleniumhq/selenium/selenium-java/3.141.59/selenium-java-3.141.59.pom (5.4 kB at 16 kB/s)
Downloading from central: https://repo.maven.apache.org/maven2/org/seleniumhq/selenium/selenium-api/3.141.59/selenium-api-3.141.59.pom
Progress (1): 2.2/2.6 kBProgress (1): 2.6 kB                        Downloaded from central: https://repo.maven.apache.org/maven2/org/seleniumhq/selenium/selenium-api/3.141.59/selenium-api-3.141.59.pom (2.6 kB at 7.6 kB/s)
Downloading from central: https://repo.maven.apache.org/maven2/org/seleniumhq/selenium/selenium-chrome-driver/3.141.59/selenium-chrome-driver-3.141.59.pom
Progress (1): 2.8/4.0 kBProgress (1): 4.0 kB                        Downloaded from central: https://repo.maven.apache.org/maven2/org/seleniumhq/selenium/selenium-chrome-driver/3.141.59/selenium-chrome-driver-3.141.59.pom (4.0 kB at 11 kB/s)
Downloading from central: https://repo.maven.apache.org/maven2/org/seleniumhq/selenium/selenium-remote-driver/3.141.59/selenium-remote-driver-3.141.59.pom
Progress (1): 2.8/3.8 kBProgress (1): 3.8 kB                        Downloaded from central: https://repo.maven.apache.org/maven2/org/seleniumhq/selenium/selenium-remote-driver/3.141.59/selenium-remote-driver-3.141.59.pom (3.8 kB at 11 kB/s)
Downloading from central: https://repo.maven.apache.org/maven2/net/bytebuddy/byte-buddy/1.8.15/byte-buddy-1.8.15.pom
Progress (1): 2.2/9.3 kBProgress (1): 5.0/9.3 kBProgress (1): 7.8/9.3 kBProgress (1): 9.3 kB                        Downloaded from central: https://repo.maven.apache.org/maven2/net/bytebuddy/byte-buddy/1.8.15/byte-buddy-1.8.15.pom (9.3 kB at 26 kB/s)
Downloading from central: https://repo.maven.apache.org/maven2/net/bytebuddy/byte-buddy-parent/1.8.15/byte-buddy-parent-1.8.15.pom
Progress (1): 2.2/27 kBProgress (1): 5.0/27 kBProgress (1): 7.8/27 kBProgress (1): 11/27 kB Progress (1): 13/27 kBProgress (1): 16/27 kBProgress (1): 19/27 kBProgress (1): 21/27 kBProgress (1): 24/27 kBProgress (1): 27/27 kBProgress (1): 27 kB                      Downloaded from central: https://repo.maven.apache.org/maven2/net/bytebuddy/byte-buddy-parent/1.8.15/byte-buddy-parent-1.8.15.pom (27 kB at 72 kB/s)
Downloading from central: https://repo.maven.apache.org/maven2/org/apache/commons/commons-exec/1.3/commons-exec-1.3.pom
Progress (1): 2.2/11 kBProgress (1): 5.0/11 kBProgress (1): 7.8/11 kBProgress (1): 11/11 kB Progress (1): 11 kB                      Downloaded from central: https://repo.maven.apache.org/maven2/org/apache/commons/commons-exec/1.3/commons-exec-1.3.pom (11 kB at 31 kB/s)
Downloading from central: https://repo.maven.apache.org/maven2/org/apache/commons/commons-parent/35/commons-parent-35.pom
Progress (1): 2.2/58 kBProgress (1): 5.0/58 kBProgress (1): 7.7/58 kBProgress (1): 11/58 kB Progress (1): 13/58 kBProgress (1): 16/58 kBProgress (1): 19/58 kBProgress (1): 21/58 kBProgress (1): 24/58 kBProgress (1): 27/58 kBProgress (1): 30/58 kBProgress (1): 32/58 kBProgress (1): 36/58 kBProgress (1): 40/58 kBProgress (1): 45/58 kBProgress (1): 49/58 kBProgress (1): 53/58 kBProgress (1): 57/58 kBProgress (1): 58 kB                      Downloaded from central: https://repo.maven.apache.org/maven2/org/apache/commons/commons-parent/35/commons-parent-35.pom (58 kB at 142 kB/s)
Downloading from central: https://repo.maven.apache.org/maven2/org/apache/apache/15/apache-15.pom
Progress (1): 4.1/15 kBProgress (1): 8.2/15 kBProgress (1): 12/15 kB Progress (1): 15 kB                      Downloaded from central: https://repo.maven.apache.org/maven2/org/apache/apache/15/apache-15.pom (15 kB at 42 kB/s)
Downloading from central: https://repo.maven.apache.org/maven2/com/google/guava/guava/25.0-jre/guava-25.0-jre.pom
Progress (1): 4.1/7.8 kBProgress (1): 7.7/7.8 kBProgress (1): 7.8 kB                        Downloaded from central: https://repo.maven.apache.org/maven2/com/google/guava/guava/25.0-jre/guava-25.0-jre.pom (7.8 kB at 22 kB/s)
Downloading from central: https://repo.maven.apache.org/maven2/com/google/guava/guava-parent/25.0-jre/guava-parent-25.0-jre.pom
Progress (1): 4.1/10 kBProgress (1): 8.2/10 kBProgress (1): 10 kB                       Downloaded from central: https://repo.maven.apache.org/maven2/com/google/guava/guava-parent/25.0-jre/guava-parent-25.0-jre.pom (10 kB at 29 kB/s)
Downloading from central: https://repo.maven.apache.org/maven2/org/sonatype/oss/oss-parent/9/oss-parent-9.pom
Progress (1): 4.1/6.6 kBProgress (1): 6.6 kB                        Downloaded from central: https://repo.maven.apache.org/maven2/org/sonatype/oss/oss-parent/9/oss-parent-9.pom (6.6 kB at 18 kB/s)
Downloading from central: https://repo.maven.apache.org/maven2/com/google/code/findbugs/jsr305/1.3.9/jsr305-1.3.9.pom
Progress (1): 965 B                   Downloaded from central: https://repo.maven.apache.org/maven2/com/google/code/findbugs/jsr305/1.3.9/jsr305-1.3.9.pom (965 B at 2.8 kB/s)
Downloading from central: https://repo.maven.apache.org/maven2/org/checkerframework/checker-compat-qual/2.0.0/checker-compat-qual-2.0.0.pom
Progress (1): 2.2/4.2 kBProgress (1): 4.2 kB                        Downloaded from central: https://repo.maven.apache.org/maven2/org/checkerframework/checker-compat-qual/2.0.0/checker-compat-qual-2.0.0.pom (4.2 kB at 12 kB/s)
Downloading from central: https://repo.maven.apache.org/maven2/com/google/errorprone/error_prone_annotations/2.1.3/error_prone_annotations-2.1.3.pom
Progress (1): 1.8 kB                    Downloaded from central: https://repo.maven.apache.org/maven2/com/google/errorprone/error_prone_annotations/2.1.3/error_prone_annotations-2.1.3.pom (1.8 kB at 5.1 kB/s)
Downloading from central: https://repo.maven.apache.org/maven2/com/google/errorprone/error_prone_parent/2.1.3/error_prone_parent-2.1.3.pom
Progress (1): 2.8/5.1 kBProgress (1): 5.1 kB                        Downloaded from central: https://repo.maven.apache.org/maven2/com/google/errorprone/error_prone_parent/2.1.3/error_prone_parent-2.1.3.pom (5.1 kB at 15 kB/s)
Downloading from central: https://repo.maven.apache.org/maven2/org/sonatype/oss/oss-parent/7/oss-parent-7.pom
Progress (1): 2.2/4.8 kBProgress (1): 4.8 kB                        Downloaded from central: https://repo.maven.apache.org/maven2/org/sonatype/oss/oss-parent/7/oss-parent-7.pom (4.8 kB at 14 kB/s)
Downloading from central: https://repo.maven.apache.org/maven2/com/google/j2objc/j2objc-annotations/1.1/j2objc-annotations-1.1.pom
Progress (1): 2.0/2.8 kBProgress (1): 2.8 kB                        Downloaded from central: https://repo.maven.apache.org/maven2/com/google/j2objc/j2objc-annotations/1.1/j2objc-annotations-1.1.pom (2.8 kB at 7.4 kB/s)
Downloading from central: https://repo.maven.apache.org/maven2/org/codehaus/mojo/animal-sniffer-annotations/1.14/animal-sniffer-annotations-1.14.pom
Progress (1): 2.5 kB                    Downloaded from central: https://repo.maven.apache.org/maven2/org/codehaus/mojo/animal-sniffer-annotations/1.14/animal-sniffer-annotations-1.14.pom (2.5 kB at 7.3 kB/s)
Downloading from central: https://repo.maven.apache.org/maven2/org/codehaus/mojo/animal-sniffer-parent/1.14/animal-sniffer-parent-1.14.pom
Progress (1): 2.8/4.4 kBProgress (1): 4.4 kB                        Downloaded from central: https://repo.maven.apache.org/maven2/org/codehaus/mojo/animal-sniffer-parent/1.14/animal-sniffer-parent-1.14.pom (4.4 kB at 13 kB/s)
Downloading from central: https://repo.maven.apache.org/maven2/org/codehaus/mojo/mojo-parent/34/mojo-parent-34.pom
Progress (1): 2.2/24 kBProgress (1): 5.0/24 kBProgress (1): 7.8/24 kBProgress (1): 11/24 kB Progress (1): 13/24 kBProgress (1): 16/24 kBProgress (1): 19/24 kBProgress (1): 21/24 kBProgress (1): 24/24 kBProgress (1): 24 kB                      Downloaded from central: https://repo.maven.apache.org/maven2/org/codehaus/mojo/mojo-parent/34/mojo-parent-34.pom (24 kB at 66 kB/s)
Downloading from central: https://repo.maven.apache.org/maven2/org/codehaus/codehaus-parent/4/codehaus-parent-4.pom
Progress (1): 2.2/4.8 kBProgress (1): 4.8 kB                        Downloaded from central: https://repo.maven.apache.org/maven2/org/codehaus/codehaus-parent/4/codehaus-parent-4.pom (4.8 kB at 14 kB/s)
Downloading from central: https://repo.maven.apache.org/maven2/com/squareup/okhttp3/okhttp/3.11.0/okhttp-3.11.0.pom
Progress (1): 2.2/2.3 kBProgress (1): 2.3 kB                        Downloaded from central: https://repo.maven.apache.org/maven2/com/squareup/okhttp3/okhttp/3.11.0/okhttp-3.11.0.pom (2.3 kB at 5.1 kB/s)
Downloading from central: https://repo.maven.apache.org/maven2/com/squareup/okhttp3/parent/3.11.0/parent-3.11.0.pom
Progress (1): 2.2/20 kBProgress (1): 5.0/20 kBProgress (1): 7.8/20 kBProgress (1): 11/20 kB Progress (1): 13/20 kBProgress (1): 16/20 kBProgress (1): 19/20 kBProgress (1): 20 kB                      Downloaded from central: https://repo.maven.apache.org/maven2/com/squareup/okhttp3/parent/3.11.0/parent-3.11.0.pom (20 kB at 49 kB/s)
Downloading from central: https://repo.maven.apache.org/maven2/com/squareup/okio/okio/1.14.0/okio-1.14.0.pom
Progress (1): 2.0 kB                    Downloaded from central: https://repo.maven.apache.org/maven2/com/squareup/okio/okio/1.14.0/okio-1.14.0.pom (2.0 kB at 5.7 kB/s)
Downloading from central: https://repo.maven.apache.org/maven2/com/squareup/okio/okio-parent/1.14.0/okio-parent-1.14.0.pom
Progress (1): 2.8/4.9 kBProgress (1): 4.9 kB                        Downloaded from central: https://repo.maven.apache.org/maven2/com/squareup/okio/okio-parent/1.14.0/okio-parent-1.14.0.pom (4.9 kB at 14 kB/s)
Downloading from central: https://repo.maven.apache.org/maven2/org/seleniumhq/selenium/selenium-edge-driver/3.141.59/selenium-edge-driver-3.141.59.pom
Progress (1): 2.8/4.0 kBProgress (1): 4.0 kB                        Downloaded from central: https://repo.maven.apache.org/maven2/org/seleniumhq/selenium/selenium-edge-driver/3.141.59/selenium-edge-driver-3.141.59.pom (4.0 kB at 12 kB/s)
Downloading from central: https://repo.maven.apache.org/maven2/org/seleniumhq/selenium/selenium-firefox-driver/3.141.59/selenium-firefox-driver-3.141.59.pom
Progress (1): 2.8/4.0 kBProgress (1): 4.0 kB                        Downloaded from central: https://repo.maven.apache.org/maven2/org/seleniumhq/selenium/selenium-firefox-driver/3.141.59/selenium-firefox-driver-3.141.59.pom (4.0 kB at 12 kB/s)
Downloading from central: https://repo.maven.apache.org/maven2/org/seleniumhq/selenium/selenium-ie-driver/3.141.59/selenium-ie-driver-3.141.59.pom
Progress (1): 2.8/4.0 kBProgress (1): 4.0 kB                        Downloaded from central: https://repo.maven.apache.org/maven2/org/seleniumhq/selenium/selenium-ie-driver/3.141.59/selenium-ie-driver-3.141.59.pom (4.0 kB at 11 kB/s)
Downloading from central: https://repo.maven.apache.org/maven2/org/seleniumhq/selenium/selenium-opera-driver/3.141.59/selenium-opera-driver-3.141.59.pom
Progress (1): 2.8/4.0 kBProgress (1): 4.0 kB                        Downloaded from central: https://repo.maven.apache.org/maven2/org/seleniumhq/selenium/selenium-opera-driver/3.141.59/selenium-opera-driver-3.141.59.pom (4.0 kB at 11 kB/s)
Downloading from central: https://repo.maven.apache.org/maven2/org/seleniumhq/selenium/selenium-safari-driver/3.141.59/selenium-safari-driver-3.141.59.pom
Progress (1): 2.8/4.0 kBProgress (1): 4.0 kB                        Downloaded from central: https://repo.maven.apache.org/maven2/org/seleniumhq/selenium/selenium-safari-driver/3.141.59/selenium-safari-driver-3.141.59.pom (4.0 kB at 11 kB/s)
Downloading from central: https://repo.maven.apache.org/maven2/org/seleniumhq/selenium/selenium-support/3.141.59/selenium-support-3.141.59.pom
Progress (1): 2.8/4.0 kBProgress (1): 4.0 kB                        Downloaded from central: https://repo.maven.apache.org/maven2/org/seleniumhq/selenium/selenium-support/3.141.59/selenium-support-3.141.59.pom (4.0 kB at 11 kB/s)
Downloading from central: https://repo.maven.apache.org/maven2/io/appium/java-client/7.0.0/java-client-7.0.0.pom
Progress (1): 2.2/5.1 kBProgress (1): 5.0/5.1 kBProgress (1): 5.1 kB                        Downloaded from central: https://repo.maven.apache.org/maven2/io/appium/java-client/7.0.0/java-client-7.0.0.pom (5.1 kB at 15 kB/s)
Downloading from central: https://repo.maven.apache.org/maven2/com/google/code/gson/gson/2.8.5/gson-2.8.5.pom
Progress (1): 2.5 kB                    Downloaded from central: https://repo.maven.apache.org/maven2/com/google/code/gson/gson/2.8.5/gson-2.8.5.pom (2.5 kB at 7.4 kB/s)
Downloading from central: https://repo.maven.apache.org/maven2/com/google/code/gson/gson-parent/2.8.5/gson-parent-2.8.5.pom
Progress (1): 2.8/3.8 kBProgress (1): 3.8 kB                        Downloaded from central: https://repo.maven.apache.org/maven2/com/google/code/gson/gson-parent/2.8.5/gson-parent-2.8.5.pom (3.8 kB at 11 kB/s)
Downloading from central: https://repo.maven.apache.org/maven2/org/apache/httpcomponents/httpclient/4.5.6/httpclient-4.5.6.pom
Progress (1): 2.2/6.6 kBProgress (1): 5.0/6.6 kBProgress (1): 6.6 kB                        Downloaded from central: https://repo.maven.apache.org/maven2/org/apache/httpcomponents/httpclient/4.5.6/httpclient-4.5.6.pom (6.6 kB at 19 kB/s)
Downloading from central: https://repo.maven.apache.org/maven2/org/apache/httpcomponents/httpcomponents-client/4.5.6/httpcomponents-client-4.5.6.pom
Progress (1): 2.2/15 kBProgress (1): 5.0/15 kBProgress (1): 7.8/15 kBProgress (1): 11/15 kB Progress (1): 13/15 kBProgress (1): 15 kB                      Downloaded from central: https://repo.maven.apache.org/maven2/org/apache/httpcomponents/httpcomponents-client/4.5.6/httpcomponents-client-4.5.6.pom (15 kB at 43 kB/s)
Downloading from central: https://repo.maven.apache.org/maven2/org/apache/httpcomponents/httpcomponents-parent/10/httpcomponents-parent-10.pom
Progress (1): 2.2/34 kBProgress (1): 5.0/34 kBProgress (1): 7.8/34 kBProgress (1): 11/34 kB Progress (1): 13/34 kBProgress (1): 16/34 kBProgress (1): 19/34 kBProgress (1): 21/34 kBProgress (1): 24/34 kBProgress (1): 27/34 kBProgress (1): 30/34 kBProgress (1): 32/34 kBProgress (1): 34 kB                      Downloaded from central: https://repo.maven.apache.org/maven2/org/apache/httpcomponents/httpcomponents-parent/10/httpcomponents-parent-10.pom (34 kB at 88 kB/s)
Downloading from central: https://repo.maven.apache.org/maven2/org/apache/apache/18/apache-18.pom
Progress (1): 2.2/16 kBProgress (1): 5.0/16 kBProgress (1): 7.8/16 kBProgress (1): 11/16 kB Progress (1): 13/16 kBProgress (1): 16 kB                      Downloaded from central: https://repo.maven.apache.org/maven2/org/apache/apache/18/apache-18.pom (16 kB at 44 kB/s)
Downloading from central: https://repo.maven.apache.org/maven2/org/apache/httpcomponents/httpcore/4.4.10/httpcore-4.4.10.pom
Progress (1): 2.2/5.4 kBProgress (1): 5.0/5.4 kBProgress (1): 5.4 kB                        Downloaded from central: https://repo.maven.apache.org/maven2/org/apache/httpcomponents/httpcore/4.4.10/httpcore-4.4.10.pom (5.4 kB at 15 kB/s)
Downloading from central: https://repo.maven.apache.org/maven2/org/apache/httpcomponents/httpcomponents-core/4.4.10/httpcomponents-core-4.4.10.pom
Progress (1): 2.2/13 kBProgress (1): 5.0/13 kBProgress (1): 7.8/13 kBProgress (1): 11/13 kB Progress (1): 13/13 kBProgress (1): 13 kB                      Downloaded from central: https://repo.maven.apache.org/maven2/org/apache/httpcomponents/httpcomponents-core/4.4.10/httpcomponents-core-4.4.10.pom (13 kB at 37 kB/s)
Downloading from central: https://repo.maven.apache.org/maven2/commons-logging/commons-logging/1.2/commons-logging-1.2.pom
Progress (1): 2.2/19 kBProgress (1): 5.0/19 kBProgress (1): 7.8/19 kBProgress (1): 11/19 kB Progress (1): 13/19 kBProgress (1): 16/19 kBProgress (1): 19/19 kBProgress (1): 19 kB                      Downloaded from central: https://repo.maven.apache.org/maven2/commons-logging/commons-logging/1.2/commons-logging-1.2.pom (19 kB at 52 kB/s)
Downloading from central: https://repo.maven.apache.org/maven2/org/apache/commons/commons-parent/34/commons-parent-34.pom
Progress (1): 2.2/56 kBProgress (1): 5.0/56 kBProgress (1): 7.7/56 kBProgress (1): 11/56 kB Progress (1): 13/56 kBProgress (1): 16/56 kBProgress (1): 19/56 kBProgress (1): 21/56 kBProgress (1): 24/56 kBProgress (1): 27/56 kBProgress (1): 30/56 kBProgress (1): 32/56 kBProgress (1): 36/56 kBProgress (1): 40/56 kBProgress (1): 45/56 kBProgress (1): 49/56 kBProgress (1): 53/56 kBProgress (1): 56 kB                      Downloaded from central: https://repo.maven.apache.org/maven2/org/apache/commons/commons-parent/34/commons-parent-34.pom (56 kB at 137 kB/s)
Downloading from central: https://repo.maven.apache.org/maven2/commons-codec/commons-codec/1.10/commons-codec-1.10.pom
Progress (1): 2.8/12 kBProgress (1): 5.5/12 kBProgress (1): 8.3/12 kBProgress (1): 11/12 kB Progress (1): 12 kB                      Downloaded from central: https://repo.maven.apache.org/maven2/commons-codec/commons-codec/1.10/commons-codec-1.10.pom (12 kB at 31 kB/s)
Downloading from central: https://repo.maven.apache.org/maven2/cglib/cglib/3.2.8/cglib-3.2.8.pom
Progress (1): 2.2/2.8 kBProgress (1): 2.8 kB                        Downloaded from central: https://repo.maven.apache.org/maven2/cglib/cglib/3.2.8/cglib-3.2.8.pom (2.8 kB at 8.3 kB/s)
Downloading from central: https://repo.maven.apache.org/maven2/cglib/cglib-parent/3.2.8/cglib-parent-3.2.8.pom
Progress (1): 2.2/10 kBProgress (1): 5.0/10 kBProgress (1): 7.8/10 kBProgress (1): 10 kB                       Downloaded from central: https://repo.maven.apache.org/maven2/cglib/cglib-parent/3.2.8/cglib-parent-3.2.8.pom (10 kB at 29 kB/s)
Downloading from central: https://repo.maven.apache.org/maven2/org/ow2/asm/asm/6.2.1/asm-6.2.1.pom
Progress (1): 2.2/2.9 kBProgress (1): 2.9 kB                        Downloaded from central: https://repo.maven.apache.org/maven2/org/ow2/asm/asm/6.2.1/asm-6.2.1.pom (2.9 kB at 8.4 kB/s)
Downloading from central: https://repo.maven.apache.org/maven2/org/ow2/ow2/1.5/ow2-1.5.pom
Progress (1): 3.1/11 kBProgress (1): 5.9/11 kBProgress (1): 8.6/11 kBProgress (1): 11 kB                       Downloaded from central: https://repo.maven.apache.org/maven2/org/ow2/ow2/1.5/ow2-1.5.pom (11 kB at 32 kB/s)
Downloading from central: https://repo.maven.apache.org/maven2/org/apache/ant/ant/1.10.3/ant-1.10.3.pom
Progress (1): 2.2/10 kBProgress (1): 5.0/10 kBProgress (1): 7.8/10 kBProgress (1): 10 kB                       Downloaded from central: https://repo.maven.apache.org/maven2/org/apache/ant/ant/1.10.3/ant-1.10.3.pom (10 kB at 29 kB/s)
Downloading from central: https://repo.maven.apache.org/maven2/org/apache/ant/ant-parent/1.10.3/ant-parent-1.10.3.pom
Progress (1): 2.2/5.7 kBProgress (1): 5.0/5.7 kBProgress (1): 5.7 kB                        Downloaded from central: https://repo.maven.apache.org/maven2/org/apache/ant/ant-parent/1.10.3/ant-parent-1.10.3.pom (5.7 kB at 14 kB/s)
Downloading from central: https://repo.maven.apache.org/maven2/org/apache/ant/ant-launcher/1.10.3/ant-launcher-1.10.3.pom
Progress (1): 2.3 kB                    Downloaded from central: https://repo.maven.apache.org/maven2/org/apache/ant/ant-launcher/1.10.3/ant-launcher-1.10.3.pom (2.3 kB at 6.8 kB/s)
Downloading from central: https://repo.maven.apache.org/maven2/commons-validator/commons-validator/1.6/commons-validator-1.6.pom
Progress (1): 2.2/12 kBProgress (1): 5.0/12 kBProgress (1): 7.8/12 kBProgress (1): 11/12 kB Progress (1): 12 kB                      Downloaded from central: https://repo.maven.apache.org/maven2/commons-validator/commons-validator/1.6/commons-validator-1.6.pom (12 kB at 34 kB/s)
Downloading from central: https://repo.maven.apache.org/maven2/org/apache/commons/commons-parent/42/commons-parent-42.pom
Progress (1): 2.8/68 kBProgress (1): 5.5/68 kBProgress (1): 8.3/68 kBProgress (1): 11/68 kB Progress (1): 14/68 kBProgress (1): 16/68 kBProgress (1): 19/68 kBProgress (1): 22/68 kBProgress (1): 25/68 kBProgress (1): 27/68 kBProgress (1): 30/68 kBProgress (1): 33/68 kBProgress (1): 37/68 kBProgress (1): 41/68 kBProgress (1): 45/68 kBProgress (1): 49/68 kBProgress (1): 53/68 kBProgress (1): 57/68 kBProgress (1): 61/68 kBProgress (1): 66/68 kBProgress (1): 68 kB                      Downloaded from central: https://repo.maven.apache.org/maven2/org/apache/commons/commons-parent/42/commons-parent-42.pom (68 kB at 118 kB/s)
Downloading from central: https://repo.maven.apache.org/maven2/commons-beanutils/commons-beanutils/1.9.2/commons-beanutils-1.9.2.pom
Progress (1): 2.2/14 kBProgress (1): 5.0/14 kBProgress (1): 7.8/14 kBProgress (1): 11/14 kB Progress (1): 13/14 kBProgress (1): 14 kB                      Downloaded from central: https://repo.maven.apache.org/maven2/commons-beanutils/commons-beanutils/1.9.2/commons-beanutils-1.9.2.pom (14 kB at 40 kB/s)
Downloading from central: https://repo.maven.apache.org/maven2/org/apache/commons/commons-parent/33/commons-parent-33.pom
Progress (1): 2.1/53 kBProgress (1): 4.9/53 kBProgress (1): 7.6/53 kBProgress (1): 10/53 kB Progress (1): 13/53 kBProgress (1): 16/53 kBProgress (1): 18/53 kBProgress (1): 21/53 kBProgress (1): 24/53 kBProgress (1): 27/53 kBProgress (1): 30/53 kBProgress (1): 32/53 kBProgress (1): 35/53 kBProgress (1): 39/53 kBProgress (1): 43/53 kBProgress (1): 47/53 kBProgress (1): 51/53 kBProgress (1): 53 kB                      Downloaded from central: https://repo.maven.apache.org/maven2/org/apache/commons/commons-parent/33/commons-parent-33.pom (53 kB at 133 kB/s)
Downloading from central: https://repo.maven.apache.org/maven2/commons-logging/commons-logging/1.1.1/commons-logging-1.1.1.pom
Progress (1): 4.1/18 kBProgress (1): 7.7/18 kBProgress (1): 12/18 kB Progress (1): 16/18 kBProgress (1): 18 kB                      Downloaded from central: https://repo.maven.apache.org/maven2/commons-logging/commons-logging/1.1.1/commons-logging-1.1.1.pom (18 kB at 51 kB/s)
Downloading from central: https://repo.maven.apache.org/maven2/org/apache/commons/commons-parent/5/commons-parent-5.pom
Progress (1): 4.1/16 kBProgress (1): 7.7/16 kBProgress (1): 12/16 kB Progress (1): 16/16 kBProgress (1): 16 kB                      Downloaded from central: https://repo.maven.apache.org/maven2/org/apache/commons/commons-parent/5/commons-parent-5.pom (16 kB at 43 kB/s)
Downloading from central: https://repo.maven.apache.org/maven2/org/apache/apache/4/apache-4.pom
Progress (1): 2.2/4.5 kBProgress (1): 4.5 kB                        Downloaded from central: https://repo.maven.apache.org/maven2/org/apache/apache/4/apache-4.pom (4.5 kB at 13 kB/s)
Downloading from central: https://repo.maven.apache.org/maven2/commons-collections/commons-collections/3.2.1/commons-collections-3.2.1.pom
Progress (1): 2.2/13 kBProgress (1): 5.0/13 kBProgress (1): 7.8/13 kBProgress (1): 11/13 kB Progress (1): 13 kB                      Downloaded from central: https://repo.maven.apache.org/maven2/commons-collections/commons-collections/3.2.1/commons-collections-3.2.1.pom (13 kB at 35 kB/s)
Downloading from central: https://repo.maven.apache.org/maven2/org/apache/commons/commons-parent/9/commons-parent-9.pom
Progress (1): 2.2/22 kBProgress (1): 5.0/22 kBProgress (1): 7.8/22 kBProgress (1): 11/22 kB Progress (1): 13/22 kBProgress (1): 16/22 kBProgress (1): 19/22 kBProgress (1): 21/22 kBProgress (1): 22 kB                      Downloaded from central: https://repo.maven.apache.org/maven2/org/apache/commons/commons-parent/9/commons-parent-9.pom (22 kB at 60 kB/s)
Downloading from central: https://repo.maven.apache.org/maven2/commons-digester/commons-digester/1.8.1/commons-digester-1.8.1.pom
Progress (1): 2.2/10 kBProgress (1): 5.0/10 kBProgress (1): 7.8/10 kBProgress (1): 10 kB                       Downloaded from central: https://repo.maven.apache.org/maven2/commons-digester/commons-digester/1.8.1/commons-digester-1.8.1.pom (10 kB at 28 kB/s)
Downloading from central: https://repo.maven.apache.org/maven2/org/apache/commons/commons-parent/11/commons-parent-11.pom
Progress (1): 2.2/25 kBProgress (1): 5.0/25 kBProgress (1): 7.8/25 kBProgress (1): 11/25 kB Progress (1): 13/25 kBProgress (1): 16/25 kBProgress (1): 19/25 kBProgress (1): 21/25 kBProgress (1): 24/25 kBProgress (1): 25 kB                      Downloaded from central: https://repo.maven.apache.org/maven2/org/apache/commons/commons-parent/11/commons-parent-11.pom (25 kB at 67 kB/s)
Downloading from central: https://repo.maven.apache.org/maven2/commons-collections/commons-collections/3.2.2/commons-collections-3.2.2.pom
Progress (1): 2.2/12 kBProgress (1): 5.0/12 kBProgress (1): 7.8/12 kBProgress (1): 11/12 kB Progress (1): 12 kB                      Downloaded from central: https://repo.maven.apache.org/maven2/commons-collections/commons-collections/3.2.2/commons-collections-3.2.2.pom (12 kB at 35 kB/s)
Downloading from central: https://repo.maven.apache.org/maven2/org/apache/commons/commons-parent/39/commons-parent-39.pom
Progress (1): 2.2/62 kBProgress (1): 5.0/62 kBProgress (1): 7.8/62 kBProgress (1): 11/62 kB Progress (1): 13/62 kBProgress (1): 16/62 kBProgress (1): 19/62 kBProgress (1): 21/62 kBProgress (1): 24/62 kBProgress (1): 27/62 kBProgress (1): 30/62 kBProgress (1): 32/62 kBProgress (1): 36/62 kBProgress (1): 40/62 kBProgress (1): 45/62 kBProgress (1): 49/62 kBProgress (1): 53/62 kBProgress (1): 57/62 kBProgress (1): 61/62 kBProgress (1): 62 kB                      Downloaded from central: https://repo.maven.apache.org/maven2/org/apache/commons/commons-parent/39/commons-parent-39.pom (62 kB at 123 kB/s)
Downloading from central: https://repo.maven.apache.org/maven2/org/apache/apache/16/apache-16.pom
Progress (1): 4.1/15 kBProgress (1): 8.2/15 kBProgress (1): 12/15 kB Progress (1): 15 kB                      Downloaded from central: https://repo.maven.apache.org/maven2/org/apache/apache/16/apache-16.pom (15 kB at 44 kB/s)
Downloading from central: https://repo.maven.apache.org/maven2/org/apache/commons/commons-lang3/3.8/commons-lang3-3.8.pom
Progress (1): 4.1/28 kBProgress (1): 7.7/28 kBProgress (1): 12/28 kB Progress (1): 16/28 kBProgress (1): 20/28 kBProgress (1): 24/28 kBProgress (1): 28 kB                      Downloaded from central: https://repo.maven.apache.org/maven2/org/apache/commons/commons-lang3/3.8/commons-lang3-3.8.pom (28 kB at 68 kB/s)
Downloading from central: https://repo.maven.apache.org/maven2/org/apache/commons/commons-parent/47/commons-parent-47.pom
Progress (1): 4.1/78 kBProgress (1): 8.2/78 kBProgress (1): 12/78 kB Progress (1): 16/78 kBProgress (1): 20/78 kBProgress (1): 25/78 kBProgress (1): 29/78 kBProgress (1): 33/78 kBProgress (1): 37/78 kBProgress (1): 41/78 kBProgress (1): 45/78 kBProgress (1): 49/78 kBProgress (1): 53/78 kBProgress (1): 57/78 kBProgress (1): 61/78 kBProgress (1): 66/78 kBProgress (1): 70/78 kBProgress (1): 74/78 kBProgress (1): 78 kB                      Downloaded from central: https://repo.maven.apache.org/maven2/org/apache/commons/commons-parent/47/commons-parent-47.pom (78 kB at 138 kB/s)
Downloading from central: https://repo.maven.apache.org/maven2/commons-io/commons-io/2.6/commons-io-2.6.pom
Progress (1): 4.1/14 kBProgress (1): 7.7/14 kBProgress (1): 12/14 kB Progress (1): 14 kB                      Downloaded from central: https://repo.maven.apache.org/maven2/commons-io/commons-io/2.6/commons-io-2.6.pom (14 kB at 40 kB/s)
Downloading from central: https://repo.maven.apache.org/maven2/org/springframework/spring-context/5.1.0.RELEASE/spring-context-5.1.0.RELEASE.pom
Progress (1): 4.1/5.7 kBProgress (1): 5.7 kB                        Downloaded from central: https://repo.maven.apache.org/maven2/org/springframework/spring-context/5.1.0.RELEASE/spring-context-5.1.0.RELEASE.pom (5.7 kB at 16 kB/s)
Downloading from central: https://repo.maven.apache.org/maven2/org/springframework/spring-aop/5.1.0.RELEASE/spring-aop-5.1.0.RELEASE.pom
Progress (1): 2.2/2.5 kBProgress (1): 2.5 kB                        Downloaded from central: https://repo.maven.apache.org/maven2/org/springframework/spring-aop/5.1.0.RELEASE/spring-aop-5.1.0.RELEASE.pom (2.5 kB at 7.1 kB/s)
Downloading from central: https://repo.maven.apache.org/maven2/org/springframework/spring-beans/5.1.0.RELEASE/spring-beans-5.1.0.RELEASE.pom
Progress (1): 2.2/2.7 kBProgress (1): 2.7 kB                        Downloaded from central: https://repo.maven.apache.org/maven2/org/springframework/spring-beans/5.1.0.RELEASE/spring-beans-5.1.0.RELEASE.pom (2.7 kB at 7.8 kB/s)
Downloading from central: https://repo.maven.apache.org/maven2/org/springframework/spring-core/5.1.0.RELEASE/spring-core-5.1.0.RELEASE.pom
Progress (1): 2.2/3.6 kBProgress (1): 3.6 kB                        Downloaded from central: https://repo.maven.apache.org/maven2/org/springframework/spring-core/5.1.0.RELEASE/spring-core-5.1.0.RELEASE.pom (3.6 kB at 10 kB/s)
Downloading from central: https://repo.maven.apache.org/maven2/org/springframework/spring-jcl/5.1.0.RELEASE/spring-jcl-5.1.0.RELEASE.pom
Progress (1): 1.9 kB                    Downloaded from central: https://repo.maven.apache.org/maven2/org/springframework/spring-jcl/5.1.0.RELEASE/spring-jcl-5.1.0.RELEASE.pom (1.9 kB at 5.6 kB/s)
Downloading from central: https://repo.maven.apache.org/maven2/org/springframework/spring-expression/5.1.0.RELEASE/spring-expression-5.1.0.RELEASE.pom
Progress (1): 1.7 kB                    Downloaded from central: https://repo.maven.apache.org/maven2/org/springframework/spring-expression/5.1.0.RELEASE/spring-expression-5.1.0.RELEASE.pom (1.7 kB at 5.0 kB/s)
Downloading from central: https://repo.maven.apache.org/maven2/org/aspectj/aspectjweaver/1.9.1/aspectjweaver-1.9.1.pom
Progress (1): 1.0 kB                    Downloaded from central: https://repo.maven.apache.org/maven2/org/aspectj/aspectjweaver/1.9.1/aspectjweaver-1.9.1.pom (1.0 kB at 3.0 kB/s)
Downloading from central: https://repo.maven.apache.org/maven2/org/slf4j/slf4j-api/1.7.25/slf4j-api-1.7.25.pom
Progress (1): 2.2/3.8 kBProgress (1): 3.8 kB                        Downloaded from central: https://repo.maven.apache.org/maven2/org/slf4j/slf4j-api/1.7.25/slf4j-api-1.7.25.pom (3.8 kB at 11 kB/s)
Downloading from central: https://repo.maven.apache.org/maven2/org/slf4j/slf4j-parent/1.7.25/slf4j-parent-1.7.25.pom
Progress (1): 2.2/14 kBProgress (1): 5.0/14 kBProgress (1): 7.8/14 kBProgress (1): 11/14 kB Progress (1): 13/14 kBProgress (1): 14 kB                      Downloaded from central: https://repo.maven.apache.org/maven2/org/slf4j/slf4j-parent/1.7.25/slf4j-parent-1.7.25.pom (14 kB at 38 kB/s)
Downloading from central: https://repo.maven.apache.org/maven2/com/aventstack/extentreports/3.1.5/extentreports-3.1.5.pom
Progress (1): 2.8/8.1 kBProgress (1): 5.5/8.1 kBProgress (1): 8.1 kB                        Downloaded from central: https://repo.maven.apache.org/maven2/com/aventstack/extentreports/3.1.5/extentreports-3.1.5.pom (8.1 kB at 23 kB/s)
Downloading from central: https://repo.maven.apache.org/maven2/org/freemarker/freemarker/2.3.23/freemarker-2.3.23.pom
Progress (1): 1.5 kB                    Downloaded from central: https://repo.maven.apache.org/maven2/org/freemarker/freemarker/2.3.23/freemarker-2.3.23.pom (1.5 kB at 4.3 kB/s)
Downloading from central: https://repo.maven.apache.org/maven2/org/mongodb/mongodb-driver/3.3.0/mongodb-driver-3.3.0.pom
Progress (1): 1.7 kB                    Downloaded from central: https://repo.maven.apache.org/maven2/org/mongodb/mongodb-driver/3.3.0/mongodb-driver-3.3.0.pom (1.7 kB at 4.9 kB/s)
Downloading from central: https://repo.maven.apache.org/maven2/org/mongodb/bson/3.3.0/bson-3.3.0.pom
Progress (1): 1.3 kB                    Downloaded from central: https://repo.maven.apache.org/maven2/org/mongodb/bson/3.3.0/bson-3.3.0.pom (1.3 kB at 3.9 kB/s)
Downloading from central: https://repo.maven.apache.org/maven2/org/mongodb/mongodb-driver-core/3.3.0/mongodb-driver-core-3.3.0.pom
Progress (1): 2.2/2.3 kBProgress (1): 2.3 kB                        Downloaded from central: https://repo.maven.apache.org/maven2/org/mongodb/mongodb-driver-core/3.3.0/mongodb-driver-core-3.3.0.pom (2.3 kB at 6.7 kB/s)
Downloading from central: https://repo.maven.apache.org/maven2/org/apache/httpcomponents/httpclient/4.5.2/httpclient-4.5.2.pom
Progress (1): 2.2/6.4 kBProgress (1): 5.0/6.4 kBProgress (1): 6.4 kB                        Downloaded from central: https://repo.maven.apache.org/maven2/org/apache/httpcomponents/httpclient/4.5.2/httpclient-4.5.2.pom (6.4 kB at 18 kB/s)
Downloading from central: https://repo.maven.apache.org/maven2/org/apache/httpcomponents/httpcomponents-client/4.5.2/httpcomponents-client-4.5.2.pom
Progress (1): 2.2/16 kBProgress (1): 5.0/16 kBProgress (1): 7.8/16 kBProgress (1): 11/16 kB Progress (1): 13/16 kBProgress (1): 16 kB                      Downloaded from central: https://repo.maven.apache.org/maven2/org/apache/httpcomponents/httpcomponents-client/4.5.2/httpcomponents-client-4.5.2.pom (16 kB at 44 kB/s)
Downloading from central: https://repo.maven.apache.org/maven2/org/apache/httpcomponents/project/7/project-7.pom
Progress (1): 2.8/27 kBProgress (1): 5.5/27 kBProgress (1): 8.3/27 kBProgress (1): 11/27 kB Progress (1): 14/27 kBProgress (1): 16/27 kBProgress (1): 19/27 kBProgress (1): 22/27 kBProgress (1): 25/27 kBProgress (1): 27 kB                      Downloaded from central: https://repo.maven.apache.org/maven2/org/apache/httpcomponents/project/7/project-7.pom (27 kB at 72 kB/s)
Downloading from central: https://repo.maven.apache.org/maven2/org/apache/httpcomponents/httpcore/4.4.4/httpcore-4.4.4.pom
Progress (1): 2.2/5.5 kBProgress (1): 4.9/5.5 kBProgress (1): 5.5 kB                        Downloaded from central: https://repo.maven.apache.org/maven2/org/apache/httpcomponents/httpcore/4.4.4/httpcore-4.4.4.pom (5.5 kB at 16 kB/s)
Downloading from central: https://repo.maven.apache.org/maven2/org/apache/httpcomponents/httpcomponents-core/4.4.4/httpcomponents-core-4.4.4.pom
Progress (1): 2.2/13 kBProgress (1): 5.0/13 kBProgress (1): 7.8/13 kBProgress (1): 11/13 kB Progress (1): 13 kB                      Downloaded from central: https://repo.maven.apache.org/maven2/org/apache/httpcomponents/httpcomponents-core/4.4.4/httpcomponents-core-4.4.4.pom (13 kB at 36 kB/s)
Downloading from central: https://repo.maven.apache.org/maven2/commons-codec/commons-codec/1.9/commons-codec-1.9.pom
Progress (1): 2.2/12 kBProgress (1): 5.0/12 kBProgress (1): 7.8/12 kBProgress (1): 11/12 kB Progress (1): 12 kB                      Downloaded from central: https://repo.maven.apache.org/maven2/commons-codec/commons-codec/1.9/commons-codec-1.9.pom (12 kB at 33 kB/s)
Downloading from central: https://repo.maven.apache.org/maven2/org/apache/commons/commons-parent/32/commons-parent-32.pom
Progress (1): 2.2/53 kBProgress (1): 5.0/53 kBProgress (1): 7.8/53 kBProgress (1): 11/53 kB Progress (1): 13/53 kBProgress (1): 16/53 kBProgress (1): 19/53 kBProgress (1): 21/53 kBProgress (1): 24/53 kBProgress (1): 27/53 kBProgress (1): 30/53 kBProgress (1): 32/53 kBProgress (1): 36/53 kBProgress (1): 40/53 kBProgress (1): 45/53 kBProgress (1): 49/53 kBProgress (1): 53/53 kBProgress (1): 53 kB                      Downloaded from central: https://repo.maven.apache.org/maven2/org/apache/commons/commons-parent/32/commons-parent-32.pom (53 kB at 132 kB/s)
Downloading from central: https://repo.maven.apache.org/maven2/org/apache/httpcomponents/httpmime/4.5.2/httpmime-4.5.2.pom
Progress (1): 2.2/4.8 kBProgress (1): 4.8 kB                        Downloaded from central: https://repo.maven.apache.org/maven2/org/apache/httpcomponents/httpmime/4.5.2/httpmime-4.5.2.pom (4.8 kB at 14 kB/s)
Downloading from central: https://repo.maven.apache.org/maven2/org/jsoup/jsoup/1.9.2/jsoup-1.9.2.pom
Progress (1): 2.2/6.5 kBProgress (1): 5.0/6.5 kBProgress (1): 6.5 kB                        Downloaded from central: https://repo.maven.apache.org/maven2/org/jsoup/jsoup/1.9.2/jsoup-1.9.2.pom (6.5 kB at 19 kB/s)
Downloading from central: https://repo.maven.apache.org/maven2/com/google/code/gson/gson/2.8.0/gson-2.8.0.pom
Progress (1): 1.4 kB                    Downloaded from central: https://repo.maven.apache.org/maven2/com/google/code/gson/gson/2.8.0/gson-2.8.0.pom (1.4 kB at 4.2 kB/s)
Downloading from central: https://repo.maven.apache.org/maven2/com/google/code/gson/gson-parent/2.8.0/gson-parent-2.8.0.pom
Progress (1): 2.2/3.5 kBProgress (1): 3.5 kB                        Downloaded from central: https://repo.maven.apache.org/maven2/com/google/code/gson/gson-parent/2.8.0/gson-parent-2.8.0.pom (3.5 kB at 10.0 kB/s)
Downloading from central: https://repo.maven.apache.org/maven2/joda-time/joda-time/2.10/joda-time-2.10.pom
Progress (1): 2.2/38 kBProgress (1): 5.0/38 kBProgress (1): 7.8/38 kBProgress (1): 11/38 kB Progress (1): 13/38 kBProgress (1): 16/38 kBProgress (1): 19/38 kBProgress (1): 21/38 kBProgress (1): 24/38 kBProgress (1): 27/38 kBProgress (1): 30/38 kBProgress (1): 32/38 kBProgress (1): 35/38 kBProgress (1): 38 kB                      Downloaded from central: https://repo.maven.apache.org/maven2/joda-time/joda-time/2.10/joda-time-2.10.pom (38 kB at 98 kB/s)
Downloading from central: https://repo.maven.apache.org/maven2/io/github/bonigarcia/webdrivermanager/3.3.0/webdrivermanager-3.3.0.pom
Progress (1): 2.2/13 kBProgress (1): 5.0/13 kBProgress (1): 7.8/13 kBProgress (1): 11/13 kB Progress (1): 13 kB                      Downloaded from central: https://repo.maven.apache.org/maven2/io/github/bonigarcia/webdrivermanager/3.3.0/webdrivermanager-3.3.0.pom (13 kB at 35 kB/s)
Downloading from central: https://repo.maven.apache.org/maven2/org/apache/commons/commons-lang3/3.8.1/commons-lang3-3.8.1.pom
Progress (1): 2.8/28 kBProgress (1): 5.5/28 kBProgress (1): 8.3/28 kBProgress (1): 11/28 kB Progress (1): 14/28 kBProgress (1): 16/28 kBProgress (1): 19/28 kBProgress (1): 22/28 kBProgress (1): 25/28 kBProgress (1): 27/28 kBProgress (1): 28 kB                      Downloaded from central: https://repo.maven.apache.org/maven2/org/apache/commons/commons-lang3/3.8.1/commons-lang3-3.8.1.pom (28 kB at 75 kB/s)
Downloading from central: https://repo.maven.apache.org/maven2/org/rauschig/jarchivelib/1.0.0/jarchivelib-1.0.0.pom
Progress (1): 2.2/4.9 kBProgress (1): 4.9 kB                        Downloaded from central: https://repo.maven.apache.org/maven2/org/rauschig/jarchivelib/1.0.0/jarchivelib-1.0.0.pom (4.9 kB at 14 kB/s)
Downloading from central: https://repo.maven.apache.org/maven2/org/rauschig/oss-parent/1/oss-parent-1.pom
Progress (1): 2.2/5.4 kBProgress (1): 5.0/5.4 kBProgress (1): 5.4 kB                        Downloaded from central: https://repo.maven.apache.org/maven2/org/rauschig/oss-parent/1/oss-parent-1.pom (5.4 kB at 15 kB/s)
Downloading from central: https://repo.maven.apache.org/maven2/org/apache/commons/commons-compress/1.18/commons-compress-1.18.pom
Progress (1): 2.2/18 kBProgress (1): 5.0/18 kBProgress (1): 7.8/18 kBProgress (1): 11/18 kB Progress (1): 13/18 kBProgress (1): 16/18 kBProgress (1): 18 kB                      Downloaded from central: https://repo.maven.apache.org/maven2/org/apache/commons/commons-compress/1.18/commons-compress-1.18.pom (18 kB at 50 kB/s)
Downloading from central: https://repo.maven.apache.org/maven2/org/jsoup/jsoup/1.11.3/jsoup-1.11.3.pom
Progress (1): 2.2/8.3 kBProgress (1): 5.0/8.3 kBProgress (1): 7.8/8.3 kBProgress (1): 8.3 kB                        Downloaded from central: https://repo.maven.apache.org/maven2/org/jsoup/jsoup/1.11.3/jsoup-1.11.3.pom (8.3 kB at 23 kB/s)
Downloading from central: https://repo.maven.apache.org/maven2/org/testng/testng/6.14.3/testng-6.14.3.pom
Progress (1): 2.2/2.9 kBProgress (1): 2.9 kB                        Downloaded from central: https://repo.maven.apache.org/maven2/org/testng/testng/6.14.3/testng-6.14.3.pom (2.9 kB at 8.5 kB/s)
Downloading from central: https://repo.maven.apache.org/maven2/com/beust/jcommander/1.72/jcommander-1.72.pom
Progress (1): 1.2 kB                    Downloaded from central: https://repo.maven.apache.org/maven2/com/beust/jcommander/1.72/jcommander-1.72.pom (1.2 kB at 3.5 kB/s)
Downloading from central: https://repo.maven.apache.org/maven2/org/apache-extras/beanshell/bsh/2.0b6/bsh-2.0b6.pom
Progress (1): 2.8/5.0 kBProgress (1): 5.0 kB                        Downloaded from central: https://repo.maven.apache.org/maven2/org/apache-extras/beanshell/bsh/2.0b6/bsh-2.0b6.pom (5.0 kB at 14 kB/s)
Downloading from central: https://repo.maven.apache.org/maven2/net/lightbody/bmp/browsermob-core/2.1.5/browsermob-core-2.1.5.pom
Progress (1): 2.2/8.5 kBProgress (1): 5.0/8.5 kBProgress (1): 7.8/8.5 kBProgress (1): 8.5 kB                        Downloaded from central: https://repo.maven.apache.org/maven2/net/lightbody/bmp/browsermob-core/2.1.5/browsermob-core-2.1.5.pom (8.5 kB at 24 kB/s)
Downloading from central: https://repo.maven.apache.org/maven2/net/lightbody/bmp/browsermob-proxy/2.1.5/browsermob-proxy-2.1.5.pom
Progress (1): 2.2/22 kBProgress (1): 5.0/22 kBProgress (1): 7.8/22 kBProgress (1): 11/22 kB Progress (1): 13/22 kBProgress (1): 16/22 kBProgress (1): 19/22 kBProgress (1): 21/22 kBProgress (1): 22 kB                      Downloaded from central: https://repo.maven.apache.org/maven2/net/lightbody/bmp/browsermob-proxy/2.1.5/browsermob-proxy-2.1.5.pom (22 kB at 60 kB/s)
Downloading from central: https://repo.maven.apache.org/maven2/net/lightbody/bmp/littleproxy/1.1.0-beta-bmp-17/littleproxy-1.1.0-beta-bmp-17.pom
Progress (1): 2.2/28 kBProgress (1): 5.0/28 kBProgress (1): 7.8/28 kBProgress (1): 11/28 kB Progress (1): 13/28 kBProgress (1): 16/28 kBProgress (1): 19/28 kBProgress (1): 21/28 kBProgress (1): 24/28 kBProgress (1): 27/28 kBProgress (1): 28 kB                      Downloaded from central: https://repo.maven.apache.org/maven2/net/lightbody/bmp/littleproxy/1.1.0-beta-bmp-17/littleproxy-1.1.0-beta-bmp-17.pom (28 kB at 75 kB/s)
Downloading from central: https://repo.maven.apache.org/maven2/com/google/guava/guava/22.0-android/guava-22.0-android.pom
Progress (1): 2.2/5.7 kBProgress (1): 5.0/5.7 kBProgress (1): 5.7 kB                        Downloaded from central: https://repo.maven.apache.org/maven2/com/google/guava/guava/22.0-android/guava-22.0-android.pom (5.7 kB at 17 kB/s)
Downloading from central: https://repo.maven.apache.org/maven2/com/google/guava/guava-parent/22.0-android/guava-parent-22.0-android.pom
Progress (1): 2.2/8.6 kBProgress (1): 5.0/8.6 kBProgress (1): 7.8/8.6 kBProgress (1): 8.6 kB                        Downloaded from central: https://repo.maven.apache.org/maven2/com/google/guava/guava-parent/22.0-android/guava-parent-22.0-android.pom (8.6 kB at 24 kB/s)
Downloading from central: https://repo.maven.apache.org/maven2/com/google/errorprone/error_prone_annotations/2.0.18/error_prone_annotations-2.0.18.pom
Progress (1): 1.6 kB                    Downloaded from central: https://repo.maven.apache.org/maven2/com/google/errorprone/error_prone_annotations/2.0.18/error_prone_annotations-2.0.18.pom (1.6 kB at 4.7 kB/s)
Downloading from central: https://repo.maven.apache.org/maven2/com/google/errorprone/error_prone_parent/2.0.18/error_prone_parent-2.0.18.pom
Progress (1): 2.2/5.0 kBProgress (1): 5.0/5.0 kBProgress (1): 5.0 kB                        Downloaded from central: https://repo.maven.apache.org/maven2/com/google/errorprone/error_prone_parent/2.0.18/error_prone_parent-2.0.18.pom (5.0 kB at 14 kB/s)
Downloading from central: https://repo.maven.apache.org/maven2/org/apache/commons/commons-lang3/3.5/commons-lang3-3.5.pom
Progress (1): 2.2/23 kBProgress (1): 5.0/23 kBProgress (1): 7.8/23 kBProgress (1): 11/23 kB Progress (1): 13/23 kBProgress (1): 16/23 kBProgress (1): 19/23 kBProgress (1): 21/23 kBProgress (1): 23 kB                      Downloaded from central: https://repo.maven.apache.org/maven2/org/apache/commons/commons-lang3/3.5/commons-lang3-3.5.pom (23 kB at 64 kB/s)
Downloading from central: https://repo.maven.apache.org/maven2/org/apache/commons/commons-parent/41/commons-parent-41.pom
Progress (1): 2.8/65 kBProgress (1): 5.5/65 kBProgress (1): 8.3/65 kBProgress (1): 11/65 kB Progress (1): 14/65 kBProgress (1): 16/65 kBProgress (1): 19/65 kBProgress (1): 22/65 kBProgress (1): 25/65 kBProgress (1): 27/65 kBProgress (1): 30/65 kBProgress (1): 33/65 kBProgress (1): 37/65 kBProgress (1): 41/65 kBProgress (1): 45/65 kBProgress (1): 49/65 kBProgress (1): 53/65 kBProgress (1): 57/65 kBProgress (1): 61/65 kBProgress (1): 65 kB                      Downloaded from central: https://repo.maven.apache.org/maven2/org/apache/commons/commons-parent/41/commons-parent-41.pom (65 kB at 103 kB/s)
Downloading from central: https://repo.maven.apache.org/maven2/io/netty/netty-all/4.0.49.Final/netty-all-4.0.49.Final.pom
Progress (1): 4.1/19 kBProgress (1): 7.7/19 kBProgress (1): 12/19 kB Progress (1): 16/19 kBProgress (1): 19 kB                      Downloaded from central: https://repo.maven.apache.org/maven2/io/netty/netty-all/4.0.49.Final/netty-all-4.0.49.Final.pom (19 kB at 50 kB/s)
Downloading from central: https://repo.maven.apache.org/maven2/io/netty/netty-parent/4.0.49.Final/netty-parent-4.0.49.Final.pom
Progress (1): 4.1/51 kBProgress (1): 7.7/51 kBProgress (1): 12/51 kB Progress (1): 16/51 kBProgress (1): 20/51 kBProgress (1): 24/51 kBProgress (1): 28/51 kBProgress (1): 32/51 kBProgress (1): 36/51 kBProgress (1): 40/51 kBProgress (1): 45/51 kBProgress (1): 49/51 kBProgress (1): 51 kB                      Downloaded from central: https://repo.maven.apache.org/maven2/io/netty/netty-parent/4.0.49.Final/netty-parent-4.0.49.Final.pom (51 kB at 95 kB/s)
Downloading from central: https://repo.maven.apache.org/maven2/com/fasterxml/jackson/core/jackson-core/2.8.9/jackson-core-2.8.9.pom
Progress (1): 2.2/5.4 kBProgress (1): 5.0/5.4 kBProgress (1): 5.4 kB                        Downloaded from central: https://repo.maven.apache.org/maven2/com/fasterxml/jackson/core/jackson-core/2.8.9/jackson-core-2.8.9.pom (5.4 kB at 15 kB/s)
Downloading from central: https://repo.maven.apache.org/maven2/com/fasterxml/jackson/jackson-parent/2.8/jackson-parent-2.8.pom
Progress (1): 2.2/8.0 kBProgress (1): 5.0/8.0 kBProgress (1): 7.8/8.0 kBProgress (1): 8.0 kB                        Downloaded from central: https://repo.maven.apache.org/maven2/com/fasterxml/jackson/jackson-parent/2.8/jackson-parent-2.8.pom (8.0 kB at 23 kB/s)
Downloading from central: https://repo.maven.apache.org/maven2/com/fasterxml/oss-parent/27/oss-parent-27.pom
Progress (1): 2.8/20 kBProgress (1): 5.5/20 kBProgress (1): 8.3/20 kBProgress (1): 11/20 kB Progress (1): 14/20 kBProgress (1): 16/20 kBProgress (1): 19/20 kBProgress (1): 20 kB                      Downloaded from central: https://repo.maven.apache.org/maven2/com/fasterxml/oss-parent/27/oss-parent-27.pom (20 kB at 54 kB/s)
Downloading from central: https://repo.maven.apache.org/maven2/com/fasterxml/jackson/core/jackson-databind/2.8.9/jackson-databind-2.8.9.pom
Progress (1): 2.2/5.4 kBProgress (1): 5.0/5.4 kBProgress (1): 5.4 kB                        Downloaded from central: https://repo.maven.apache.org/maven2/com/fasterxml/jackson/core/jackson-databind/2.8.9/jackson-databind-2.8.9.pom (5.4 kB at 15 kB/s)
Downloading from central: https://repo.maven.apache.org/maven2/com/fasterxml/jackson/core/jackson-annotations/2.8.0/jackson-annotations-2.8.0.pom
Progress (1): 1.8 kB                    Downloaded from central: https://repo.maven.apache.org/maven2/com/fasterxml/jackson/core/jackson-annotations/2.8.0/jackson-annotations-2.8.0.pom (1.8 kB at 5.4 kB/s)
Downloading from central: https://repo.maven.apache.org/maven2/com/fasterxml/jackson/core/jackson-annotations/2.8.9/jackson-annotations-2.8.9.pom
Progress (1): 1.8 kB                    Downloaded from central: https://repo.maven.apache.org/maven2/com/fasterxml/jackson/core/jackson-annotations/2.8.9/jackson-annotations-2.8.9.pom (1.8 kB at 5.4 kB/s)
Downloading from central: https://repo.maven.apache.org/maven2/com/google/guava/guava/23.0-android/guava-23.0-android.pom
Progress (1): 2.2/5.6 kBProgress (1): 5.0/5.6 kBProgress (1): 5.6 kB                        Downloaded from central: https://repo.maven.apache.org/maven2/com/google/guava/guava/23.0-android/guava-23.0-android.pom (5.6 kB at 16 kB/s)
Downloading from central: https://repo.maven.apache.org/maven2/com/google/guava/guava-parent/23.0-android/guava-parent-23.0-android.pom
Progress (1): 2.2/9.1 kBProgress (1): 5.0/9.1 kBProgress (1): 7.8/9.1 kBProgress (1): 9.1 kB                        Downloaded from central: https://repo.maven.apache.org/maven2/com/google/guava/guava-parent/23.0-android/guava-parent-23.0-android.pom (9.1 kB at 26 kB/s)
Downloading from central: https://repo.maven.apache.org/maven2/dnsjava/dnsjava/2.1.8/dnsjava-2.1.8.pom
Progress (1): 2.2/7.8 kBProgress (1): 5.0/7.8 kBProgress (1): 7.8/7.8 kBProgress (1): 7.8 kB                        Downloaded from central: https://repo.maven.apache.org/maven2/dnsjava/dnsjava/2.1.8/dnsjava-2.1.8.pom (7.8 kB at 23 kB/s)
Downloading from central: https://repo.maven.apache.org/maven2/org/slf4j/jcl-over-slf4j/1.7.25/jcl-over-slf4j-1.7.25.pom
Progress (1): 959 B                   Downloaded from central: https://repo.maven.apache.org/maven2/org/slf4j/jcl-over-slf4j/1.7.25/jcl-over-slf4j-1.7.25.pom (959 B at 2.8 kB/s)
Downloading from central: https://repo.maven.apache.org/maven2/com/jcraft/jzlib/1.1.3/jzlib-1.1.3.pom
Progress (1): 2.8/3.1 kBProgress (1): 3.1 kB                        Downloaded from central: https://repo.maven.apache.org/maven2/com/jcraft/jzlib/1.1.3/jzlib-1.1.3.pom (3.1 kB at 9.0 kB/s)
Downloading from central: https://repo.maven.apache.org/maven2/org/sonatype/oss/oss-parent/6/oss-parent-6.pom
Progress (1): 2.8/4.8 kBProgress (1): 4.8 kB                        Downloaded from central: https://repo.maven.apache.org/maven2/org/sonatype/oss/oss-parent/6/oss-parent-6.pom (4.8 kB at 14 kB/s)
Downloading from central: https://repo.maven.apache.org/maven2/io/netty/netty-all/4.0.51.Final/netty-all-4.0.51.Final.pom
Progress (1): 2.2/19 kBProgress (1): 5.0/19 kBProgress (1): 7.8/19 kBProgress (1): 11/19 kB Progress (1): 13/19 kBProgress (1): 16/19 kBProgress (1): 19 kB                      Downloaded from central: https://repo.maven.apache.org/maven2/io/netty/netty-all/4.0.51.Final/netty-all-4.0.51.Final.pom (19 kB at 52 kB/s)
Downloading from central: https://repo.maven.apache.org/maven2/io/netty/netty-parent/4.0.51.Final/netty-parent-4.0.51.Final.pom
Progress (1): 2.2/51 kBProgress (1): 5.0/51 kBProgress (1): 7.8/51 kBProgress (1): 11/51 kB Progress (1): 13/51 kBProgress (1): 16/51 kBProgress (1): 19/51 kBProgress (1): 21/51 kBProgress (1): 24/51 kBProgress (1): 27/51 kBProgress (1): 30/51 kBProgress (1): 32/51 kBProgress (1): 36/51 kBProgress (1): 40/51 kBProgress (1): 45/51 kBProgress (1): 49/51 kBProgress (1): 51 kB                      Downloaded from central: https://repo.maven.apache.org/maven2/io/netty/netty-parent/4.0.51.Final/netty-parent-4.0.51.Final.pom (51 kB at 102 kB/s)
Downloading from central: https://repo.maven.apache.org/maven2/org/bouncycastle/bcprov-jdk15on/1.58/bcprov-jdk15on-1.58.pom
Progress (1): 1.1 kB                    Downloaded from central: https://repo.maven.apache.org/maven2/org/bouncycastle/bcprov-jdk15on/1.58/bcprov-jdk15on-1.58.pom (1.1 kB at 3.3 kB/s)
Downloading from central: https://repo.maven.apache.org/maven2/org/bouncycastle/bcpkix-jdk15on/1.58/bcpkix-jdk15on-1.58.pom
Progress (1): 1.5 kB                    Downloaded from central: https://repo.maven.apache.org/maven2/org/bouncycastle/bcpkix-jdk15on/1.58/bcpkix-jdk15on-1.58.pom (1.5 kB at 4.1 kB/s)
Downloading from central: https://repo.maven.apache.org/maven2/net/lightbody/bmp/mitm/2.1.5/mitm-2.1.5.pom
Progress (1): 2.2/3.8 kBProgress (1): 3.8 kB                        Downloaded from central: https://repo.maven.apache.org/maven2/net/lightbody/bmp/mitm/2.1.5/mitm-2.1.5.pom (3.8 kB at 11 kB/s)
Downloading from central: https://repo.maven.apache.org/maven2/com/google/guava/guava/22.0/guava-22.0.pom
Progress (1): 2.2/5.7 kBProgress (1): 5.0/5.7 kBProgress (1): 5.7 kB                        Downloaded from central: https://repo.maven.apache.org/maven2/com/google/guava/guava/22.0/guava-22.0.pom (5.7 kB at 16 kB/s)
Downloading from central: https://repo.maven.apache.org/maven2/com/google/guava/guava-parent/22.0/guava-parent-22.0.pom
Progress (1): 2.2/8.9 kBProgress (1): 5.0/8.9 kBProgress (1): 7.8/8.9 kBProgress (1): 8.9 kB                        Downloaded from central: https://repo.maven.apache.org/maven2/com/google/guava/guava-parent/22.0/guava-parent-22.0.pom (8.9 kB at 25 kB/s)
Downloading from central: https://repo.maven.apache.org/maven2/org/seleniumhq/selenium/selenium-java/3.141.59/selenium-java-3.141.59.jar
Downloading from central: https://repo.maven.apache.org/maven2/org/seleniumhq/selenium/selenium-firefox-driver/3.141.59/selenium-firefox-driver-3.141.59.jar
Downloading from central: https://repo.maven.apache.org/maven2/org/seleniumhq/selenium/selenium-edge-driver/3.141.59/selenium-edge-driver-3.141.59.jar
Downloading from central: https://repo.maven.apache.org/maven2/org/seleniumhq/selenium/selenium-api/3.141.59/selenium-api-3.141.59.jar
Downloading from central: https://repo.maven.apache.org/maven2/org/seleniumhq/selenium/selenium-chrome-driver/3.141.59/selenium-chrome-driver-3.141.59.jar
Progress (1): 355 B                   Downloaded from central: https://repo.maven.apache.org/maven2/org/seleniumhq/selenium/selenium-java/3.141.59/selenium-java-3.141.59.jar (355 B at 1.0 kB/s)
Downloading from central: https://repo.maven.apache.org/maven2/org/seleniumhq/selenium/selenium-ie-driver/3.141.59/selenium-ie-driver-3.141.59.jar
Progress (1): 2.2/17 kBProgress (1): 5.0/17 kBProgress (1): 7.7/17 kBProgress (1): 10/17 kB Progress (1): 13/17 kBProgress (1): 16/17 kBProgress (1): 17 kB   Progress (2): 17 kB | 2.2/14 kBProgress (3): 17 kB | 2.2/14 kB | 2.2/182 kBProgress (3): 17 kB | 5.0/14 kB | 2.2/182 kBProgress (3): 17 kB | 5.0/14 kB | 5.0/182 kBProgress (3): 17 kB | 7.7/14 kB | 5.0/182 kBProgress (3): 17 kB | 7.7/14 kB | 7.7/182 kBProgress (3): 17 kB | 7.7/14 kB | 10/182 kB Progress (3): 17 kB | 10/14 kB | 10/182 kB Progress (3): 17 kB | 13/14 kB | 10/182 kBProgress (3): 17 kB | 13/14 kB | 13/182 kBProgress (4): 17 kB | 13/14 kB | 13/182 kB | 2.8/8.0 kBProgress (4): 17 kB | 13/14 kB | 13/182 kB | 5.5/8.0 kBProgress (4): 17 kB | 13/14 kB | 13/182 kB | 8.0 kB    Progress (5): 17 kB | 13/14 kB | 13/182 kB | 8.0 kB | 2.2/810 kB                                                                Downloaded from central: https://repo.maven.apache.org/maven2/org/seleniumhq/selenium/selenium-ie-driver/3.141.59/selenium-ie-driver-3.141.59.jar (17 kB at 24 kB/s)
Progress (4): 13/14 kB | 13/182 kB | 8.0 kB | 5.0/810 kB                                                        Downloading from central: https://repo.maven.apache.org/maven2/org/seleniumhq/selenium/selenium-opera-driver/3.141.59/selenium-opera-driver-3.141.59.jar
Progress (4): 13/14 kB | 13/182 kB | 8.0 kB | 7.7/810 kBProgress (4): 13/14 kB | 13/182 kB | 8.0 kB | 10/810 kB Progress (4): 13/14 kB | 13/182 kB | 8.0 kB | 13/810 kBProgress (4): 14 kB | 13/182 kB | 8.0 kB | 13/810 kB   Progress (4): 14 kB | 16/182 kB | 8.0 kB | 13/810 kBProgress (4): 14 kB | 19/182 kB | 8.0 kB | 13/810 kBProgress (4): 14 kB | 21/182 kB | 8.0 kB | 13/810 kBProgress (4): 14 kB | 24/182 kB | 8.0 kB | 13/810 kBProgress (4): 14 kB | 27/182 kB | 8.0 kB | 13/810 kBProgress (4): 14 kB | 30/182 kB | 8.0 kB | 13/810 kBProgress (4): 14 kB | 32/182 kB | 8.0 kB | 13/810 kBProgress (4): 14 kB | 32/182 kB | 8.0 kB | 16/810 kBProgress (4): 14 kB | 32/182 kB | 8.0 kB | 19/810 kBProgress (4): 14 kB | 32/182 kB | 8.0 kB | 21/810 kBProgress (4): 14 kB | 32/182 kB | 8.0 kB | 24/810 kBProgress (4): 14 kB | 32/182 kB | 8.0 kB | 27/810 kBProgress (4): 14 kB | 32/182 kB | 8.0 kB | 30/810 kBProgress (4): 14 kB | 32/182 kB | 8.0 kB | 32/810 kB                                                    Downloaded from central: https://repo.maven.apache.org/maven2/org/seleniumhq/selenium/selenium-edge-driver/3.141.59/selenium-edge-driver-3.141.59.jar (8.0 kB at 8.9 kB/s)
Downloading from central: https://repo.maven.apache.org/maven2/org/seleniumhq/selenium/selenium-remote-driver/3.141.59/selenium-remote-driver-3.141.59.jar
Progress (4): 14 kB | 32/182 kB | 32/810 kB | 2.8/11 kBProgress (4): 14 kB | 32/182 kB | 32/810 kB | 5.5/11 kBProgress (4): 14 kB | 32/182 kB | 32/810 kB | 8.3/11 kBProgress (4): 14 kB | 32/182 kB | 32/810 kB | 11 kB    Progress (4): 14 kB | 36/182 kB | 32/810 kB | 11 kBProgress (4): 14 kB | 40/182 kB | 32/810 kB | 11 kBProgress (4): 14 kB | 45/182 kB | 32/810 kB | 11 kBProgress (4): 14 kB | 49/182 kB | 32/810 kB | 11 kB                                                   Downloaded from central: https://repo.maven.apache.org/maven2/org/seleniumhq/selenium/selenium-chrome-driver/3.141.59/selenium-chrome-driver-3.141.59.jar (14 kB at 14 kB/s)
Downloading from central: https://repo.maven.apache.org/maven2/org/seleniumhq/selenium/selenium-safari-driver/3.141.59/selenium-safari-driver-3.141.59.jar
Progress (3): 53/182 kB | 32/810 kB | 11 kBProgress (3): 57/182 kB | 32/810 kB | 11 kBProgress (3): 61/182 kB | 32/810 kB | 11 kBProgress (3): 65/182 kB | 32/810 kB | 11 kBProgress (3): 69/182 kB | 32/810 kB | 11 kBProgress (3): 73/182 kB | 32/810 kB | 11 kBProgress (3): 77/182 kB | 32/810 kB | 11 kBProgress (3): 81/182 kB | 32/810 kB | 11 kBProgress (3): 85/182 kB | 32/810 kB | 11 kBProgress (3): 90/182 kB | 32/810 kB | 11 kBProgress (3): 94/182 kB | 32/810 kB | 11 kBProgress (3): 98/182 kB | 32/810 kB | 11 kBProgress (3): 98/182 kB | 36/810 kB | 11 kBProgress (3): 98/182 kB | 40/810 kB | 11 kBProgress (3): 98/182 kB | 45/810 kB | 11 kBProgress (3): 98/182 kB | 49/810 kB | 11 kBProgress (3): 98/182 kB | 53/810 kB | 11 kBProgress (3): 98/182 kB | 57/810 kB | 11 kBProgress (3): 98/182 kB | 61/810 kB | 11 kBProgress (3): 98/182 kB | 65/810 kB | 11 kBProgress (3): 98/182 kB | 69/810 kB | 11 kBProgress (3): 98/182 kB | 73/810 kB | 11 kBProgress (3): 98/182 kB | 77/810 kB | 11 kBProgress (3): 98/182 kB | 81/810 kB | 11 kBProgress (3): 98/182 kB | 85/810 kB | 11 kBProgress (3): 98/182 kB | 90/810 kB | 11 kBProgress (3): 98/182 kB | 94/810 kB | 11 kBProgress (3): 98/182 kB | 98/810 kB | 11 kBProgress (4): 98/182 kB | 98/810 kB | 11 kB | 2.2/334 kBProgress (4): 98/182 kB | 98/810 kB | 11 kB | 5.0/334 kBProgress (4): 98/182 kB | 98/810 kB | 11 kB | 7.7/334 kBProgress (4): 98/182 kB | 98/810 kB | 11 kB | 10/334 kB                                                        Downloaded from central: https://repo.maven.apache.org/maven2/org/seleniumhq/selenium/selenium-opera-driver/3.141.59/selenium-opera-driver-3.141.59.jar (11 kB at 9.6 kB/s)
Progress (3): 98/182 kB | 98/810 kB | 13/334 kB                                               Downloading from central: https://repo.maven.apache.org/maven2/org/seleniumhq/selenium/selenium-support/3.141.59/selenium-support-3.141.59.jar
Progress (3): 98/182 kB | 98/810 kB | 16/334 kBProgress (3): 98/182 kB | 98/810 kB | 19/334 kBProgress (3): 98/182 kB | 98/810 kB | 21/334 kBProgress (3): 98/182 kB | 98/810 kB | 24/334 kBProgress (3): 98/182 kB | 98/810 kB | 27/334 kBProgress (3): 102/182 kB | 98/810 kB | 27/334 kBProgress (3): 106/182 kB | 98/810 kB | 27/334 kBProgress (3): 110/182 kB | 98/810 kB | 27/334 kBProgress (3): 114/182 kB | 98/810 kB | 27/334 kBProgress (4): 114/182 kB | 98/810 kB | 27/334 kB | 2.2/16 kBProgress (4): 114/182 kB | 98/810 kB | 27/334 kB | 5.0/16 kBProgress (4): 114/182 kB | 98/810 kB | 27/334 kB | 7.7/16 kBProgress (4): 114/182 kB | 98/810 kB | 27/334 kB | 10/16 kB Progress (4): 114/182 kB | 98/810 kB | 27/334 kB | 13/16 kBProgress (4): 114/182 kB | 98/810 kB | 27/334 kB | 16/16 kBProgress (4): 114/182 kB | 98/810 kB | 27/334 kB | 16 kB   Progress (4): 118/182 kB | 98/810 kB | 27/334 kB | 16 kBProgress (4): 122/182 kB | 98/810 kB | 27/334 kB | 16 kBProgress (4): 126/182 kB | 98/810 kB | 27/334 kB | 16 kBProgress (4): 131/182 kB | 98/810 kB | 27/334 kB | 16 kBProgress (4): 135/182 kB | 98/810 kB | 27/334 kB | 16 kBProgress (4): 139/182 kB | 98/810 kB | 27/334 kB | 16 kBProgress (4): 143/182 kB | 98/810 kB | 27/334 kB | 16 kBProgress (4): 143/182 kB | 102/810 kB | 27/334 kB | 16 kBProgress (4): 143/182 kB | 106/810 kB | 27/334 kB | 16 kBProgress (4): 143/182 kB | 110/810 kB | 27/334 kB | 16 kBProgress (4): 143/182 kB | 114/810 kB | 27/334 kB | 16 kBProgress (4): 147/182 kB | 114/810 kB | 27/334 kB | 16 kBProgress (4): 151/182 kB | 114/810 kB | 27/334 kB | 16 kBProgress (4): 155/182 kB | 114/810 kB | 27/334 kB | 16 kBProgress (4): 159/182 kB | 114/810 kB | 27/334 kB | 16 kBProgress (4): 163/182 kB | 114/810 kB | 27/334 kB | 16 kBProgress (4): 163/182 kB | 118/810 kB | 27/334 kB | 16 kBProgress (4): 163/182 kB | 122/810 kB | 27/334 kB | 16 kBProgress (4): 163/182 kB | 126/810 kB | 27/334 kB | 16 kBProgress (4): 163/182 kB | 131/810 kB | 27/334 kB | 16 kBProgress (4): 163/182 kB | 135/810 kB | 27/334 kB | 16 kBProgress (4): 163/182 kB | 139/810 kB | 27/334 kB | 16 kBProgress (4): 163/182 kB | 143/810 kB | 27/334 kB | 16 kBProgress (4): 163/182 kB | 147/810 kB | 27/334 kB | 16 kBProgress (5): 163/182 kB | 147/810 kB | 27/334 kB | 16 kB | 2.8/151 kBProgress (5): 163/182 kB | 147/810 kB | 27/334 kB | 16 kB | 5.5/151 kBProgress (5): 163/182 kB | 147/810 kB | 27/334 kB | 16 kB | 8.3/151 kBProgress (5): 163/182 kB | 147/810 kB | 27/334 kB | 16 kB | 11/151 kB Progress (5): 163/182 kB | 147/810 kB | 27/334 kB | 16 kB | 14/151 kBProgress (5): 163/182 kB | 147/810 kB | 30/334 kB | 16 kB | 14/151 kBProgress (5): 163/182 kB | 147/810 kB | 32/334 kB | 16 kB | 14/151 kB                                                                     Downloaded from central: https://repo.maven.apache.org/maven2/org/seleniumhq/selenium/selenium-safari-driver/3.141.59/selenium-safari-driver-3.141.59.jar (16 kB at 11 kB/s)
Downloading from central: https://repo.maven.apache.org/maven2/net/bytebuddy/byte-buddy/1.8.15/byte-buddy-1.8.15.jar
Progress (4): 163/182 kB | 147/810 kB | 32/334 kB | 16/151 kBProgress (4): 163/182 kB | 147/810 kB | 32/334 kB | 19/151 kBProgress (4): 167/182 kB | 147/810 kB | 32/334 kB | 19/151 kBProgress (4): 171/182 kB | 147/810 kB | 32/334 kB | 19/151 kBProgress (4): 176/182 kB | 147/810 kB | 32/334 kB | 19/151 kBProgress (4): 180/182 kB | 147/810 kB | 32/334 kB | 19/151 kBProgress (4): 182 kB | 147/810 kB | 32/334 kB | 19/151 kB    Progress (5): 182 kB | 147/810 kB | 32/334 kB | 19/151 kB | 0/3.0 MBProgress (5): 182 kB | 147/810 kB | 32/334 kB | 19/151 kB | 0/3.0 MBProgress (5): 182 kB | 151/810 kB | 32/334 kB | 19/151 kB | 0/3.0 MBProgress (5): 182 kB | 155/810 kB | 32/334 kB | 19/151 kB | 0/3.0 MBProgress (5): 182 kB | 159/810 kB | 32/334 kB | 19/151 kB | 0/3.0 MBProgress (5): 182 kB | 163/810 kB | 32/334 kB | 19/151 kB | 0/3.0 MBProgress (5): 182 kB | 167/810 kB | 32/334 kB | 19/151 kB | 0/3.0 MBProgress (5): 182 kB | 171/810 kB | 32/334 kB | 19/151 kB | 0/3.0 MBProgress (5): 182 kB | 176/810 kB | 32/334 kB | 19/151 kB | 0/3.0 MBProgress (5): 182 kB | 180/810 kB | 32/334 kB | 19/151 kB | 0/3.0 MBProgress (5): 182 kB | 184/810 kB | 32/334 kB | 19/151 kB | 0/3.0 MBProgress (5): 182 kB | 188/810 kB | 32/334 kB | 19/151 kB | 0/3.0 MBProgress (5): 182 kB | 192/810 kB | 32/334 kB | 19/151 kB | 0/3.0 MBProgress (5): 182 kB | 196/810 kB | 32/334 kB | 19/151 kB | 0/3.0 MBProgress (5): 182 kB | 200/810 kB | 32/334 kB | 19/151 kB | 0/3.0 MBProgress (5): 182 kB | 204/810 kB | 32/334 kB | 19/151 kB | 0/3.0 MBProgress (5): 182 kB | 208/810 kB | 32/334 kB | 19/151 kB | 0/3.0 MBProgress (5): 182 kB | 212/810 kB | 32/334 kB | 19/151 kB | 0/3.0 MBProgress (5): 182 kB | 212/810 kB | 32/334 kB | 22/151 kB | 0/3.0 MBProgress (5): 182 kB | 212/810 kB | 32/334 kB | 25/151 kB | 0/3.0 MBProgress (5): 182 kB | 212/810 kB | 32/334 kB | 27/151 kB | 0/3.0 MBProgress (5): 182 kB | 212/810 kB | 32/334 kB | 30/151 kB | 0/3.0 MBProgress (5): 182 kB | 212/810 kB | 32/334 kB | 33/151 kB | 0/3.0 MBProgress (5): 182 kB | 212/810 kB | 32/334 kB | 37/151 kB | 0/3.0 MBProgress (5): 182 kB | 212/810 kB | 32/334 kB | 41/151 kB | 0/3.0 MBProgress (5): 182 kB | 212/810 kB | 36/334 kB | 41/151 kB | 0/3.0 MBProgress (5): 182 kB | 212/810 kB | 36/334 kB | 45/151 kB | 0/3.0 MBProgress (5): 182 kB | 212/810 kB | 40/334 kB | 45/151 kB | 0/3.0 MBProgress (5): 182 kB | 212/810 kB | 40/334 kB | 49/151 kB | 0/3.0 MBProgress (5): 182 kB | 212/810 kB | 45/334 kB | 49/151 kB | 0/3.0 MBProgress (5): 182 kB | 212/810 kB | 45/334 kB | 53/151 kB | 0/3.0 MBProgress (5): 182 kB | 212/810 kB | 49/334 kB | 53/151 kB | 0/3.0 MBProgress (5): 182 kB | 212/810 kB | 49/334 kB | 57/151 kB | 0/3.0 MBProgress (5): 182 kB | 212/810 kB | 53/334 kB | 57/151 kB | 0/3.0 MBProgress (5): 182 kB | 212/810 kB | 53/334 kB | 61/151 kB | 0/3.0 MBProgress (5): 182 kB | 212/810 kB | 57/334 kB | 61/151 kB | 0/3.0 MBProgress (5): 182 kB | 212/810 kB | 57/334 kB | 66/151 kB | 0/3.0 MBProgress (5): 182 kB | 212/810 kB | 61/334 kB | 66/151 kB | 0/3.0 MBProgress (5): 182 kB | 212/810 kB | 65/334 kB | 66/151 kB | 0/3.0 MBProgress (5): 182 kB | 212/810 kB | 69/334 kB | 66/151 kB | 0/3.0 MBProgress (5): 182 kB | 212/810 kB | 73/334 kB | 66/151 kB | 0/3.0 MBProgress (5): 182 kB | 212/810 kB | 77/334 kB | 66/151 kB | 0/3.0 MBProgress (5): 182 kB | 212/810 kB | 81/334 kB | 66/151 kB | 0/3.0 MBProgress (5): 182 kB | 212/810 kB | 85/334 kB | 66/151 kB | 0/3.0 MBProgress (5): 182 kB | 212/810 kB | 90/334 kB | 66/151 kB | 0/3.0 MBProgress (5): 182 kB | 212/810 kB | 94/334 kB | 66/151 kB | 0/3.0 MBProgress (5): 182 kB | 212/810 kB | 98/334 kB | 66/151 kB | 0/3.0 MBProgress (5): 182 kB | 212/810 kB | 98/334 kB | 70/151 kB | 0/3.0 MBProgress (5): 182 kB | 212/810 kB | 98/334 kB | 74/151 kB | 0/3.0 MBProgress (5): 182 kB | 212/810 kB | 98/334 kB | 78/151 kB | 0/3.0 MBProgress (5): 182 kB | 212/810 kB | 98/334 kB | 82/151 kB | 0/3.0 MBProgress (5): 182 kB | 212/810 kB | 98/334 kB | 82/151 kB | 0/3.0 MBProgress (5): 182 kB | 212/810 kB | 98/334 kB | 82/151 kB | 0.1/3.0 MB                                                                      Downloaded from central: https://repo.maven.apache.org/maven2/org/seleniumhq/selenium/selenium-api/3.141.59/selenium-api-3.141.59.jar (182 kB at 103 kB/s)
Downloading from central: https://repo.maven.apache.org/maven2/org/apache/commons/commons-exec/1.3/commons-exec-1.3.jar
Progress (4): 212/810 kB | 98/334 kB | 82/151 kB | 0.1/3.0 MBProgress (4): 212/810 kB | 98/334 kB | 82/151 kB | 0.1/3.0 MBProgress (4): 217/810 kB | 98/334 kB | 82/151 kB | 0.1/3.0 MBProgress (4): 221/810 kB | 98/334 kB | 82/151 kB | 0.1/3.0 MBProgress (4): 225/810 kB | 98/334 kB | 82/151 kB | 0.1/3.0 MBProgress (4): 229/810 kB | 98/334 kB | 82/151 kB | 0.1/3.0 MBProgress (4): 233/810 kB | 98/334 kB | 82/151 kB | 0.1/3.0 MBProgress (4): 237/810 kB | 98/334 kB | 82/151 kB | 0.1/3.0 MBProgress (4): 241/810 kB | 98/334 kB | 82/151 kB | 0.1/3.0 MBProgress (4): 245/810 kB | 98/334 kB | 82/151 kB | 0.1/3.0 MBProgress (4): 249/810 kB | 98/334 kB | 82/151 kB | 0.1/3.0 MBProgress (4): 253/810 kB | 98/334 kB | 82/151 kB | 0.1/3.0 MBProgress (4): 258/810 kB | 98/334 kB | 82/151 kB | 0.1/3.0 MBProgress (4): 262/810 kB | 98/334 kB | 82/151 kB | 0.1/3.0 MBProgress (4): 262/810 kB | 98/334 kB | 82/151 kB | 0.1/3.0 MBProgress (4): 262/810 kB | 98/334 kB | 82/151 kB | 0.1/3.0 MBProgress (5): 262/810 kB | 98/334 kB | 82/151 kB | 0.1/3.0 MB | 4.1/54 kBProgress (5): 262/810 kB | 98/334 kB | 82/151 kB | 0.1/3.0 MB | 7.7/54 kBProgress (5): 262/810 kB | 98/334 kB | 82/151 kB | 0.1/3.0 MB | 12/54 kB Progress (5): 262/810 kB | 98/334 kB | 82/151 kB | 0.1/3.0 MB | 16/54 kBProgress (5): 262/810 kB | 98/334 kB | 82/151 kB | 0.1/3.0 MB | 20/54 kBProgress (5): 262/810 kB | 98/334 kB | 82/151 kB | 0.1/3.0 MB | 24/54 kBProgress (5): 262/810 kB | 98/334 kB | 82/151 kB | 0.1/3.0 MB | 28/54 kBProgress (5): 262/810 kB | 98/334 kB | 82/151 kB | 0.1/3.0 MB | 32/54 kBProgress (5): 262/810 kB | 98/334 kB | 82/151 kB | 0.1/3.0 MB | 36/54 kBProgress (5): 262/810 kB | 98/334 kB | 82/151 kB | 0.1/3.0 MB | 40/54 kBProgress (5): 262/810 kB | 98/334 kB | 82/151 kB | 0.1/3.0 MB | 45/54 kBProgress (5): 262/810 kB | 98/334 kB | 82/151 kB | 0.1/3.0 MB | 49/54 kBProgress (5): 262/810 kB | 102/334 kB | 82/151 kB | 0.1/3.0 MB | 49/54 kBProgress (5): 262/810 kB | 106/334 kB | 82/151 kB | 0.1/3.0 MB | 49/54 kBProgress (5): 262/810 kB | 110/334 kB | 82/151 kB | 0.1/3.0 MB | 49/54 kBProgress (5): 262/810 kB | 114/334 kB | 82/151 kB | 0.1/3.0 MB | 49/54 kBProgress (5): 262/810 kB | 114/334 kB | 86/151 kB | 0.1/3.0 MB | 49/54 kBProgress (5): 262/810 kB | 114/334 kB | 90/151 kB | 0.1/3.0 MB | 49/54 kBProgress (5): 262/810 kB | 114/334 kB | 94/151 kB | 0.1/3.0 MB | 49/54 kBProgress (5): 262/810 kB | 114/334 kB | 98/151 kB | 0.1/3.0 MB | 49/54 kBProgress (5): 262/810 kB | 118/334 kB | 98/151 kB | 0.1/3.0 MB | 49/54 kBProgress (5): 262/810 kB | 122/334 kB | 98/151 kB | 0.1/3.0 MB | 49/54 kBProgress (5): 262/810 kB | 122/334 kB | 102/151 kB | 0.1/3.0 MB | 49/54 kBProgress (5): 262/810 kB | 126/334 kB | 102/151 kB | 0.1/3.0 MB | 49/54 kBProgress (5): 262/810 kB | 126/334 kB | 106/151 kB | 0.1/3.0 MB | 49/54 kBProgress (5): 262/810 kB | 131/334 kB | 106/151 kB | 0.1/3.0 MB | 49/54 kBProgress (5): 262/810 kB | 131/334 kB | 111/151 kB | 0.1/3.0 MB | 49/54 kBProgress (5): 262/810 kB | 131/334 kB | 115/151 kB | 0.1/3.0 MB | 49/54 kBProgress (5): 262/810 kB | 131/334 kB | 115/151 kB | 0.1/3.0 MB | 49/54 kBProgress (5): 262/810 kB | 131/334 kB | 115/151 kB | 0.2/3.0 MB | 49/54 kBProgress (5): 262/810 kB | 131/334 kB | 115/151 kB | 0.2/3.0 MB | 49/54 kBProgress (5): 266/810 kB | 131/334 kB | 115/151 kB | 0.2/3.0 MB | 49/54 kBProgress (5): 266/810 kB | 131/334 kB | 115/151 kB | 0.2/3.0 MB | 49/54 kBProgress (5): 270/810 kB | 131/334 kB | 115/151 kB | 0.2/3.0 MB | 49/54 kBProgress (5): 274/810 kB | 131/334 kB | 115/151 kB | 0.2/3.0 MB | 49/54 kBProgress (5): 278/810 kB | 131/334 kB | 115/151 kB | 0.2/3.0 MB | 49/54 kBProgress (5): 282/810 kB | 131/334 kB | 115/151 kB | 0.2/3.0 MB | 49/54 kBProgress (5): 286/810 kB | 131/334 kB | 115/151 kB | 0.2/3.0 MB | 49/54 kBProgress (5): 290/810 kB | 131/334 kB | 115/151 kB | 0.2/3.0 MB | 49/54 kBProgress (5): 294/810 kB | 131/334 kB | 115/151 kB | 0.2/3.0 MB | 49/54 kBProgress (5): 298/810 kB | 131/334 kB | 115/151 kB | 0.2/3.0 MB | 49/54 kBProgress (5): 303/810 kB | 131/334 kB | 115/151 kB | 0.2/3.0 MB | 49/54 kBProgress (5): 307/810 kB | 131/334 kB | 115/151 kB | 0.2/3.0 MB | 49/54 kBProgress (5): 311/810 kB | 131/334 kB | 115/151 kB | 0.2/3.0 MB | 49/54 kBProgress (5): 315/810 kB | 131/334 kB | 115/151 kB | 0.2/3.0 MB | 49/54 kBProgress (5): 319/810 kB | 131/334 kB | 115/151 kB | 0.2/3.0 MB | 49/54 kBProgress (5): 323/810 kB | 131/334 kB | 115/151 kB | 0.2/3.0 MB | 49/54 kBProgress (5): 327/810 kB | 131/334 kB | 115/151 kB | 0.2/3.0 MB | 49/54 kBProgress (5): 327/810 kB | 131/334 kB | 119/151 kB | 0.2/3.0 MB | 49/54 kBProgress (5): 327/810 kB | 131/334 kB | 123/151 kB | 0.2/3.0 MB | 49/54 kBProgress (5): 327/810 kB | 131/334 kB | 127/151 kB | 0.2/3.0 MB | 49/54 kBProgress (5): 327/810 kB | 131/334 kB | 131/151 kB | 0.2/3.0 MB | 49/54 kBProgress (5): 327/810 kB | 135/334 kB | 131/151 kB | 0.2/3.0 MB | 49/54 kBProgress (5): 327/810 kB | 139/334 kB | 131/151 kB | 0.2/3.0 MB | 49/54 kBProgress (5): 327/810 kB | 143/334 kB | 131/151 kB | 0.2/3.0 MB | 49/54 kBProgress (5): 327/810 kB | 147/334 kB | 131/151 kB | 0.2/3.0 MB | 49/54 kBProgress (5): 327/810 kB | 151/334 kB | 131/151 kB | 0.2/3.0 MB | 49/54 kBProgress (5): 327/810 kB | 155/334 kB | 131/151 kB | 0.2/3.0 MB | 49/54 kBProgress (5): 327/810 kB | 159/334 kB | 131/151 kB | 0.2/3.0 MB | 49/54 kBProgress (5): 327/810 kB | 163/334 kB | 131/151 kB | 0.2/3.0 MB | 49/54 kBProgress (5): 327/810 kB | 163/334 kB | 131/151 kB | 0.2/3.0 MB | 49/54 kBProgress (5): 327/810 kB | 163/334 kB | 131/151 kB | 0.2/3.0 MB | 49/54 kBProgress (5): 327/810 kB | 163/334 kB | 131/151 kB | 0.2/3.0 MB | 49/54 kBProgress (5): 327/810 kB | 163/334 kB | 131/151 kB | 0.3/3.0 MB | 49/54 kBProgress (5): 331/810 kB | 163/334 kB | 131/151 kB | 0.3/3.0 MB | 49/54 kBProgress (5): 335/810 kB | 163/334 kB | 131/151 kB | 0.3/3.0 MB | 49/54 kBProgress (5): 339/810 kB | 163/334 kB | 131/151 kB | 0.3/3.0 MB | 49/54 kBProgress (5): 344/810 kB | 163/334 kB | 131/151 kB | 0.3/3.0 MB | 49/54 kBProgress (5): 344/810 kB | 163/334 kB | 135/151 kB | 0.3/3.0 MB | 49/54 kBProgress (5): 344/810 kB | 163/334 kB | 139/151 kB | 0.3/3.0 MB | 49/54 kBProgress (5): 344/810 kB | 163/334 kB | 143/151 kB | 0.3/3.0 MB | 49/54 kBProgress (5): 344/810 kB | 163/334 kB | 147/151 kB | 0.3/3.0 MB | 49/54 kBProgress (5): 344/810 kB | 163/334 kB | 151 kB | 0.3/3.0 MB | 49/54 kB    Progress (5): 344/810 kB | 167/334 kB | 151 kB | 0.3/3.0 MB | 49/54 kBProgress (5): 344/810 kB | 171/334 kB | 151 kB | 0.3/3.0 MB | 49/54 kBProgress (5): 344/810 kB | 176/334 kB | 151 kB | 0.3/3.0 MB | 49/54 kBProgress (5): 344/810 kB | 180/334 kB | 151 kB | 0.3/3.0 MB | 49/54 kBProgress (5): 344/810 kB | 180/334 kB | 151 kB | 0.3/3.0 MB | 49/54 kBProgress (5): 344/810 kB | 184/334 kB | 151 kB | 0.3/3.0 MB | 49/54 kBProgress (5): 344/810 kB | 188/334 kB | 151 kB | 0.3/3.0 MB | 49/54 kBProgress (5): 344/810 kB | 192/334 kB | 151 kB | 0.3/3.0 MB | 49/54 kBProgress (5): 344/810 kB | 196/334 kB | 151 kB | 0.3/3.0 MB | 49/54 kBProgress (5): 344/810 kB | 196/334 kB | 151 kB | 0.3/3.0 MB | 49/54 kBProgress (5): 344/810 kB | 196/334 kB | 151 kB | 0.3/3.0 MB | 49/54 kBProgress (5): 344/810 kB | 196/334 kB | 151 kB | 0.3/3.0 MB | 49/54 kBProgress (5): 348/810 kB | 196/334 kB | 151 kB | 0.3/3.0 MB | 49/54 kBProgress (5): 352/810 kB | 196/334 kB | 151 kB | 0.3/3.0 MB | 49/54 kBProgress (5): 356/810 kB | 196/334 kB | 151 kB | 0.3/3.0 MB | 49/54 kBProgress (5): 360/810 kB | 196/334 kB | 151 kB | 0.3/3.0 MB | 49/54 kBProgress (5): 364/810 kB | 196/334 kB | 151 kB | 0.3/3.0 MB | 49/54 kBProgress (5): 368/810 kB | 196/334 kB | 151 kB | 0.3/3.0 MB | 49/54 kBProgress (5): 372/810 kB | 196/334 kB | 151 kB | 0.3/3.0 MB | 49/54 kBProgress (5): 376/810 kB | 196/334 kB | 151 kB | 0.3/3.0 MB | 49/54 kBProgress (5): 380/810 kB | 196/334 kB | 151 kB | 0.3/3.0 MB | 49/54 kB                                                                      Downloaded from central: https://repo.maven.apache.org/maven2/org/seleniumhq/selenium/selenium-support/3.141.59/selenium-support-3.141.59.jar (151 kB at 59 kB/s)
Progress (4): 384/810 kB | 196/334 kB | 0.3/3.0 MB | 49/54 kB                                                             Downloading from central: https://repo.maven.apache.org/maven2/com/squareup/okhttp3/okhttp/3.11.0/okhttp-3.11.0.jar
Progress (4): 389/810 kB | 196/334 kB | 0.3/3.0 MB | 49/54 kBProgress (4): 393/810 kB | 196/334 kB | 0.3/3.0 MB | 49/54 kBProgress (4): 397/810 kB | 196/334 kB | 0.3/3.0 MB | 49/54 kBProgress (4): 401/810 kB | 196/334 kB | 0.3/3.0 MB | 49/54 kBProgress (4): 405/810 kB | 196/334 kB | 0.3/3.0 MB | 49/54 kBProgress (4): 409/810 kB | 196/334 kB | 0.3/3.0 MB | 49/54 kBProgress (4): 409/810 kB | 200/334 kB | 0.3/3.0 MB | 49/54 kBProgress (4): 409/810 kB | 204/334 kB | 0.3/3.0 MB | 49/54 kBProgress (4): 409/810 kB | 208/334 kB | 0.3/3.0 MB | 49/54 kBProgress (4): 409/810 kB | 212/334 kB | 0.3/3.0 MB | 49/54 kBProgress (4): 409/810 kB | 212/334 kB | 0.3/3.0 MB | 49/54 kBProgress (4): 409/810 kB | 212/334 kB | 0.4/3.0 MB | 49/54 kBProgress (4): 409/810 kB | 212/334 kB | 0.4/3.0 MB | 49/54 kBProgress (4): 409/810 kB | 212/334 kB | 0.4/3.0 MB | 49/54 kBProgress (4): 413/810 kB | 212/334 kB | 0.4/3.0 MB | 49/54 kBProgress (4): 417/810 kB | 212/334 kB | 0.4/3.0 MB | 49/54 kBProgress (4): 421/810 kB | 212/334 kB | 0.4/3.0 MB | 49/54 kBProgress (4): 425/810 kB | 212/334 kB | 0.4/3.0 MB | 49/54 kBProgress (4): 430/810 kB | 212/334 kB | 0.4/3.0 MB | 49/54 kBProgress (4): 434/810 kB | 212/334 kB | 0.4/3.0 MB | 49/54 kBProgress (4): 438/810 kB | 212/334 kB | 0.4/3.0 MB | 49/54 kBProgress (4): 442/810 kB | 212/334 kB | 0.4/3.0 MB | 49/54 kBProgress (4): 442/810 kB | 217/334 kB | 0.4/3.0 MB | 49/54 kBProgress (4): 442/810 kB | 221/334 kB | 0.4/3.0 MB | 49/54 kBProgress (4): 442/810 kB | 225/334 kB | 0.4/3.0 MB | 49/54 kBProgress (4): 442/810 kB | 229/334 kB | 0.4/3.0 MB | 49/54 kBProgress (5): 442/810 kB | 229/334 kB | 0.4/3.0 MB | 49/54 kB | 2.2/414 kBProgress (5): 442/810 kB | 229/334 kB | 0.4/3.0 MB | 49/54 kB | 5.0/414 kBProgress (5): 442/810 kB | 229/334 kB | 0.4/3.0 MB | 49/54 kB | 7.7/414 kBProgress (5): 442/810 kB | 229/334 kB | 0.4/3.0 MB | 49/54 kB | 10/414 kB Progress (5): 442/810 kB | 229/334 kB | 0.4/3.0 MB | 49/54 kB | 13/414 kBProgress (5): 442/810 kB | 229/334 kB | 0.4/3.0 MB | 49/54 kB | 16/414 kBProgress (5): 442/810 kB | 229/334 kB | 0.4/3.0 MB | 49/54 kB | 19/414 kBProgress (5): 442/810 kB | 229/334 kB | 0.4/3.0 MB | 49/54 kB | 19/414 kBProgress (5): 442/810 kB | 233/334 kB | 0.4/3.0 MB | 49/54 kB | 19/414 kBProgress (5): 442/810 kB | 237/334 kB | 0.4/3.0 MB | 49/54 kB | 19/414 kBProgress (5): 442/810 kB | 241/334 kB | 0.4/3.0 MB | 49/54 kB | 19/414 kBProgress (5): 442/810 kB | 241/334 kB | 0.4/3.0 MB | 49/54 kB | 19/414 kBProgress (5): 442/810 kB | 245/334 kB | 0.4/3.0 MB | 49/54 kB | 19/414 kBProgress (5): 442/810 kB | 245/334 kB | 0.4/3.0 MB | 49/54 kB | 19/414 kBProgress (5): 442/810 kB | 245/334 kB | 0.5/3.0 MB | 49/54 kB | 19/414 kBProgress (5): 446/810 kB | 245/334 kB | 0.5/3.0 MB | 49/54 kB | 19/414 kBProgress (5): 446/810 kB | 245/334 kB | 0.5/3.0 MB | 53/54 kB | 19/414 kBProgress (5): 450/810 kB | 245/334 kB | 0.5/3.0 MB | 53/54 kB | 19/414 kBProgress (5): 450/810 kB | 245/334 kB | 0.5/3.0 MB | 54 kB | 19/414 kB   Progress (5): 454/810 kB | 245/334 kB | 0.5/3.0 MB | 54 kB | 19/414 kBProgress (5): 458/810 kB | 245/334 kB | 0.5/3.0 MB | 54 kB | 19/414 kBProgress (5): 458/810 kB | 245/334 kB | 0.5/3.0 MB | 54 kB | 21/414 kBProgress (5): 458/810 kB | 245/334 kB | 0.5/3.0 MB | 54 kB | 24/414 kBProgress (5): 458/810 kB | 245/334 kB | 0.5/3.0 MB | 54 kB | 27/414 kBProgress (5): 458/810 kB | 249/334 kB | 0.5/3.0 MB | 54 kB | 27/414 kBProgress (5): 458/810 kB | 253/334 kB | 0.5/3.0 MB | 54 kB | 27/414 kBProgress (5): 458/810 kB | 258/334 kB | 0.5/3.0 MB | 54 kB | 27/414 kBProgress (5): 458/810 kB | 262/334 kB | 0.5/3.0 MB | 54 kB | 27/414 kBProgress (5): 458/810 kB | 262/334 kB | 0.5/3.0 MB | 54 kB | 30/414 kBProgress (5): 458/810 kB | 262/334 kB | 0.5/3.0 MB | 54 kB | 32/414 kBProgress (5): 458/810 kB | 262/334 kB | 0.5/3.0 MB | 54 kB | 32/414 kBProgress (5): 458/810 kB | 262/334 kB | 0.5/3.0 MB | 54 kB | 32/414 kBProgress (5): 462/810 kB | 262/334 kB | 0.5/3.0 MB | 54 kB | 32/414 kBProgress (5): 466/810 kB | 262/334 kB | 0.5/3.0 MB | 54 kB | 32/414 kBProgress (5): 470/810 kB | 262/334 kB | 0.5/3.0 MB | 54 kB | 32/414 kBProgress (5): 475/810 kB | 262/334 kB | 0.5/3.0 MB | 54 kB | 32/414 kBProgress (5): 475/810 kB | 262/334 kB | 0.5/3.0 MB | 54 kB | 32/414 kBProgress (5): 475/810 kB | 266/334 kB | 0.5/3.0 MB | 54 kB | 32/414 kBProgress (5): 475/810 kB | 270/334 kB | 0.5/3.0 MB | 54 kB | 32/414 kBProgress (5): 475/810 kB | 274/334 kB | 0.5/3.0 MB | 54 kB | 32/414 kBProgress (5): 475/810 kB | 278/334 kB | 0.5/3.0 MB | 54 kB | 32/414 kBProgress (5): 479/810 kB | 278/334 kB | 0.5/3.0 MB | 54 kB | 32/414 kBProgress (5): 483/810 kB | 278/334 kB | 0.5/3.0 MB | 54 kB | 32/414 kBProgress (5): 487/810 kB | 278/334 kB | 0.5/3.0 MB | 54 kB | 32/414 kBProgress (5): 491/810 kB | 278/334 kB | 0.5/3.0 MB | 54 kB | 32/414 kBProgress (5): 491/810 kB | 278/334 kB | 0.5/3.0 MB | 54 kB | 32/414 kB                                                                      Downloaded from central: https://repo.maven.apache.org/maven2/org/apache/commons/commons-exec/1.3/commons-exec-1.3.jar (54 kB at 18 kB/s)
Downloading from central: https://repo.maven.apache.org/maven2/com/squareup/okio/okio/1.14.0/okio-1.14.0.jar
Progress (4): 491/810 kB | 278/334 kB | 0.5/3.0 MB | 36/414 kBProgress (4): 491/810 kB | 278/334 kB | 0.5/3.0 MB | 40/414 kBProgress (4): 491/810 kB | 278/334 kB | 0.5/3.0 MB | 45/414 kBProgress (4): 491/810 kB | 278/334 kB | 0.5/3.0 MB | 49/414 kBProgress (4): 491/810 kB | 278/334 kB | 0.5/3.0 MB | 49/414 kBProgress (4): 491/810 kB | 282/334 kB | 0.5/3.0 MB | 49/414 kBProgress (4): 491/810 kB | 286/334 kB | 0.5/3.0 MB | 49/414 kBProgress (4): 491/810 kB | 290/334 kB | 0.5/3.0 MB | 49/414 kBProgress (4): 491/810 kB | 294/334 kB | 0.5/3.0 MB | 49/414 kBProgress (4): 491/810 kB | 294/334 kB | 0.6/3.0 MB | 49/414 kBProgress (4): 491/810 kB | 294/334 kB | 0.6/3.0 MB | 53/414 kBProgress (4): 491/810 kB | 294/334 kB | 0.6/3.0 MB | 57/414 kBProgress (4): 491/810 kB | 294/334 kB | 0.6/3.0 MB | 61/414 kBProgress (4): 491/810 kB | 294/334 kB | 0.6/3.0 MB | 65/414 kBProgress (4): 491/810 kB | 294/334 kB | 0.6/3.0 MB | 65/414 kBProgress (4): 495/810 kB | 294/334 kB | 0.6/3.0 MB | 65/414 kBProgress (4): 499/810 kB | 294/334 kB | 0.6/3.0 MB | 65/414 kBProgress (4): 503/810 kB | 294/334 kB | 0.6/3.0 MB | 65/414 kBProgress (4): 507/810 kB | 294/334 kB | 0.6/3.0 MB | 65/414 kBProgress (4): 507/810 kB | 298/334 kB | 0.6/3.0 MB | 65/414 kBProgress (4): 507/810 kB | 303/334 kB | 0.6/3.0 MB | 65/414 kBProgress (4): 507/810 kB | 307/334 kB | 0.6/3.0 MB | 65/414 kBProgress (4): 507/810 kB | 311/334 kB | 0.6/3.0 MB | 65/414 kBProgress (4): 511/810 kB | 311/334 kB | 0.6/3.0 MB | 65/414 kBProgress (4): 516/810 kB | 311/334 kB | 0.6/3.0 MB | 65/414 kBProgress (4): 520/810 kB | 311/334 kB | 0.6/3.0 MB | 65/414 kBProgress (4): 524/810 kB | 311/334 kB | 0.6/3.0 MB | 65/414 kBProgress (4): 524/810 kB | 311/334 kB | 0.6/3.0 MB | 65/414 kBProgress (5): 524/810 kB | 311/334 kB | 0.6/3.0 MB | 65/414 kB | 2.2/86 kBProgress (5): 524/810 kB | 314/334 kB | 0.6/3.0 MB | 65/414 kB | 2.2/86 kBProgress (5): 524/810 kB | 316/334 kB | 0.6/3.0 MB | 65/414 kB | 2.2/86 kBProgress (5): 524/810 kB | 316/334 kB | 0.6/3.0 MB | 69/414 kB | 2.2/86 kBProgress (5): 524/810 kB | 316/334 kB | 0.6/3.0 MB | 73/414 kB | 2.2/86 kBProgress (5): 524/810 kB | 316/334 kB | 0.6/3.0 MB | 77/414 kB | 2.2/86 kBProgress (5): 524/810 kB | 316/334 kB | 0.6/3.0 MB | 81/414 kB | 2.2/86 kBProgress (5): 524/810 kB | 319/334 kB | 0.6/3.0 MB | 81/414 kB | 2.2/86 kBProgress (5): 524/810 kB | 319/334 kB | 0.6/3.0 MB | 81/414 kB | 2.2/86 kBProgress (5): 528/810 kB | 319/334 kB | 0.6/3.0 MB | 81/414 kB | 2.2/86 kBProgress (5): 532/810 kB | 319/334 kB | 0.6/3.0 MB | 81/414 kB | 2.2/86 kBProgress (5): 536/810 kB | 319/334 kB | 0.6/3.0 MB | 81/414 kB | 2.2/86 kBProgress (5): 540/810 kB | 319/334 kB | 0.6/3.0 MB | 81/414 kB | 2.2/86 kBProgress (5): 540/810 kB | 322/334 kB | 0.6/3.0 MB | 81/414 kB | 2.2/86 kBProgress (5): 540/810 kB | 322/334 kB | 0.6/3.0 MB | 81/414 kB | 2.2/86 kBProgress (5): 540/810 kB | 325/334 kB | 0.6/3.0 MB | 81/414 kB | 2.2/86 kBProgress (5): 540/810 kB | 327/334 kB | 0.6/3.0 MB | 81/414 kB | 2.2/86 kBProgress (5): 540/810 kB | 330/334 kB | 0.6/3.0 MB | 81/414 kB | 2.2/86 kBProgress (5): 540/810 kB | 330/334 kB | 0.6/3.0 MB | 81/414 kB | 2.2/86 kBProgress (5): 540/810 kB | 333/334 kB | 0.6/3.0 MB | 81/414 kB | 2.2/86 kBProgress (5): 540/810 kB | 334 kB | 0.6/3.0 MB | 81/414 kB | 2.2/86 kB    Progress (5): 544/810 kB | 334 kB | 0.6/3.0 MB | 81/414 kB | 2.2/86 kBProgress (5): 548/810 kB | 334 kB | 0.6/3.0 MB | 81/414 kB | 2.2/86 kBProgress (5): 552/810 kB | 334 kB | 0.6/3.0 MB | 81/414 kB | 2.2/86 kBProgress (5): 557/810 kB | 334 kB | 0.6/3.0 MB | 81/414 kB | 2.2/86 kBProgress (5): 557/810 kB | 334 kB | 0.7/3.0 MB | 81/414 kB | 2.2/86 kBProgress (5): 561/810 kB | 334 kB | 0.7/3.0 MB | 81/414 kB | 2.2/86 kBProgress (5): 565/810 kB | 334 kB | 0.7/3.0 MB | 81/414 kB | 2.2/86 kBProgress (5): 569/810 kB | 334 kB | 0.7/3.0 MB | 81/414 kB | 2.2/86 kBProgress (5): 573/810 kB | 334 kB | 0.7/3.0 MB | 81/414 kB | 2.2/86 kBProgress (5): 573/810 kB | 334 kB | 0.7/3.0 MB | 81/414 kB | 5.0/86 kBProgress (5): 573/810 kB | 334 kB | 0.7/3.0 MB | 81/414 kB | 7.7/86 kBProgress (5): 573/810 kB | 334 kB | 0.7/3.0 MB | 85/414 kB | 7.7/86 kBProgress (5): 573/810 kB | 334 kB | 0.7/3.0 MB | 90/414 kB | 7.7/86 kBProgress (5): 573/810 kB | 334 kB | 0.7/3.0 MB | 94/414 kB | 7.7/86 kBProgress (5): 573/810 kB | 334 kB | 0.7/3.0 MB | 98/414 kB | 7.7/86 kBProgress (5): 573/810 kB | 334 kB | 0.7/3.0 MB | 98/414 kB | 7.7/86 kBProgress (5): 573/810 kB | 334 kB | 0.7/3.0 MB | 98/414 kB | 7.7/86 kBProgress (5): 573/810 kB | 334 kB | 0.7/3.0 MB | 98/414 kB | 7.7/86 kBProgress (5): 573/810 kB | 334 kB | 0.7/3.0 MB | 102/414 kB | 7.7/86 kBProgress (5): 573/810 kB | 334 kB | 0.7/3.0 MB | 106/414 kB | 7.7/86 kBProgress (5): 573/810 kB | 334 kB | 0.7/3.0 MB | 110/414 kB | 7.7/86 kBProgress (5): 573/810 kB | 334 kB | 0.7/3.0 MB | 114/414 kB | 7.7/86 kB                                                                       Downloaded from central: https://repo.maven.apache.org/maven2/org/seleniumhq/selenium/selenium-remote-driver/3.141.59/selenium-remote-driver-3.141.59.jar (334 kB at 95 kB/s)
Downloading from central: https://repo.maven.apache.org/maven2/io/appium/java-client/7.0.0/java-client-7.0.0.jar
Progress (4): 577/810 kB | 0.7/3.0 MB | 114/414 kB | 7.7/86 kBProgress (4): 581/810 kB | 0.7/3.0 MB | 114/414 kB | 7.7/86 kBProgress (4): 585/810 kB | 0.7/3.0 MB | 114/414 kB | 7.7/86 kBProgress (4): 589/810 kB | 0.7/3.0 MB | 114/414 kB | 7.7/86 kBProgress (4): 593/810 kB | 0.7/3.0 MB | 114/414 kB | 7.7/86 kBProgress (4): 597/810 kB | 0.7/3.0 MB | 114/414 kB | 7.7/86 kBProgress (4): 602/810 kB | 0.7/3.0 MB | 114/414 kB | 7.7/86 kBProgress (4): 606/810 kB | 0.7/3.0 MB | 114/414 kB | 7.7/86 kBProgress (4): 606/810 kB | 0.7/3.0 MB | 114/414 kB | 10/86 kB Progress (4): 606/810 kB | 0.7/3.0 MB | 114/414 kB | 13/86 kBProgress (4): 606/810 kB | 0.7/3.0 MB | 114/414 kB | 16/86 kBProgress (4): 606/810 kB | 0.7/3.0 MB | 114/414 kB | 19/86 kBProgress (4): 606/810 kB | 0.7/3.0 MB | 114/414 kB | 19/86 kBProgress (4): 606/810 kB | 0.7/3.0 MB | 118/414 kB | 19/86 kBProgress (4): 606/810 kB | 0.7/3.0 MB | 122/414 kB | 19/86 kBProgress (4): 606/810 kB | 0.7/3.0 MB | 126/414 kB | 19/86 kBProgress (4): 606/810 kB | 0.7/3.0 MB | 131/414 kB | 19/86 kBProgress (4): 606/810 kB | 0.7/3.0 MB | 131/414 kB | 19/86 kBProgress (4): 606/810 kB | 0.8/3.0 MB | 131/414 kB | 19/86 kBProgress (4): 606/810 kB | 0.8/3.0 MB | 131/414 kB | 19/86 kBProgress (4): 610/810 kB | 0.8/3.0 MB | 131/414 kB | 19/86 kBProgress (4): 614/810 kB | 0.8/3.0 MB | 131/414 kB | 19/86 kBProgress (4): 618/810 kB | 0.8/3.0 MB | 131/414 kB | 19/86 kBProgress (4): 622/810 kB | 0.8/3.0 MB | 131/414 kB | 19/86 kBProgress (5): 622/810 kB | 0.8/3.0 MB | 131/414 kB | 19/86 kB | 2.8/368 kBProgress (5): 622/810 kB | 0.8/3.0 MB | 131/414 kB | 19/86 kB | 5.5/368 kBProgress (5): 622/810 kB | 0.8/3.0 MB | 131/414 kB | 19/86 kB | 8.3/368 kBProgress (5): 622/810 kB | 0.8/3.0 MB | 131/414 kB | 19/86 kB | 11/368 kB Progress (5): 622/810 kB | 0.8/3.0 MB | 131/414 kB | 19/86 kB | 14/368 kBProgress (5): 622/810 kB | 0.8/3.0 MB | 131/414 kB | 19/86 kB | 16/368 kBProgress (5): 622/810 kB | 0.8/3.0 MB | 131/414 kB | 19/86 kB | 19/368 kBProgress (5): 622/810 kB | 0.8/3.0 MB | 131/414 kB | 19/86 kB | 22/368 kBProgress (5): 622/810 kB | 0.8/3.0 MB | 131/414 kB | 19/86 kB | 25/368 kBProgress (5): 622/810 kB | 0.8/3.0 MB | 131/414 kB | 19/86 kB | 27/368 kBProgress (5): 626/810 kB | 0.8/3.0 MB | 131/414 kB | 19/86 kB | 27/368 kBProgress (5): 630/810 kB | 0.8/3.0 MB | 131/414 kB | 19/86 kB | 27/368 kBProgress (5): 634/810 kB | 0.8/3.0 MB | 131/414 kB | 19/86 kB | 27/368 kBProgress (5): 638/810 kB | 0.8/3.0 MB | 131/414 kB | 19/86 kB | 27/368 kBProgress (5): 638/810 kB | 0.8/3.0 MB | 131/414 kB | 21/86 kB | 27/368 kBProgress (5): 638/810 kB | 0.8/3.0 MB | 131/414 kB | 24/86 kB | 27/368 kBProgress (5): 638/810 kB | 0.8/3.0 MB | 131/414 kB | 27/86 kB | 27/368 kBProgress (5): 638/810 kB | 0.8/3.0 MB | 131/414 kB | 30/86 kB | 27/368 kBProgress (5): 638/810 kB | 0.8/3.0 MB | 131/414 kB | 32/86 kB | 27/368 kBProgress (5): 638/810 kB | 0.8/3.0 MB | 135/414 kB | 32/86 kB | 27/368 kBProgress (5): 638/810 kB | 0.8/3.0 MB | 139/414 kB | 32/86 kB | 27/368 kBProgress (5): 638/810 kB | 0.8/3.0 MB | 143/414 kB | 32/86 kB | 27/368 kBProgress (5): 638/810 kB | 0.8/3.0 MB | 147/414 kB | 32/86 kB | 27/368 kBProgress (5): 638/810 kB | 0.8/3.0 MB | 147/414 kB | 32/86 kB | 27/368 kBProgress (5): 638/810 kB | 0.8/3.0 MB | 147/414 kB | 32/86 kB | 27/368 kBProgress (5): 638/810 kB | 0.8/3.0 MB | 147/414 kB | 32/86 kB | 27/368 kBProgress (5): 638/810 kB | 0.8/3.0 MB | 151/414 kB | 32/86 kB | 27/368 kBProgress (5): 638/810 kB | 0.8/3.0 MB | 155/414 kB | 32/86 kB | 27/368 kBProgress (5): 638/810 kB | 0.8/3.0 MB | 159/414 kB | 32/86 kB | 27/368 kBProgress (5): 638/810 kB | 0.8/3.0 MB | 163/414 kB | 32/86 kB | 27/368 kBProgress (5): 638/810 kB | 0.8/3.0 MB | 163/414 kB | 32/86 kB | 27/368 kBProgress (5): 643/810 kB | 0.8/3.0 MB | 163/414 kB | 32/86 kB | 27/368 kBProgress (5): 647/810 kB | 0.8/3.0 MB | 163/414 kB | 32/86 kB | 27/368 kBProgress (5): 651/810 kB | 0.8/3.0 MB | 163/414 kB | 32/86 kB | 27/368 kBProgress (5): 655/810 kB | 0.8/3.0 MB | 163/414 kB | 32/86 kB | 27/368 kBProgress (5): 655/810 kB | 0.8/3.0 MB | 163/414 kB | 32/86 kB | 30/368 kBProgress (5): 655/810 kB | 0.8/3.0 MB | 163/414 kB | 32/86 kB | 33/368 kBProgress (5): 655/810 kB | 0.8/3.0 MB | 163/414 kB | 32/86 kB | 37/368 kBProgress (5): 655/810 kB | 0.8/3.0 MB | 163/414 kB | 32/86 kB | 41/368 kBProgress (5): 655/810 kB | 0.8/3.0 MB | 163/414 kB | 32/86 kB | 45/368 kBProgress (5): 655/810 kB | 0.8/3.0 MB | 163/414 kB | 32/86 kB | 49/368 kBProgress (5): 659/810 kB | 0.8/3.0 MB | 163/414 kB | 32/86 kB | 49/368 kBProgress (5): 663/810 kB | 0.8/3.0 MB | 163/414 kB | 32/86 kB | 49/368 kBProgress (5): 667/810 kB | 0.8/3.0 MB | 163/414 kB | 32/86 kB | 49/368 kBProgress (5): 671/810 kB | 0.8/3.0 MB | 163/414 kB | 32/86 kB | 49/368 kBProgress (5): 671/810 kB | 0.8/3.0 MB | 163/414 kB | 36/86 kB | 49/368 kBProgress (5): 671/810 kB | 0.8/3.0 MB | 163/414 kB | 40/86 kB | 49/368 kBProgress (5): 671/810 kB | 0.8/3.0 MB | 163/414 kB | 45/86 kB | 49/368 kBProgress (5): 671/810 kB | 0.8/3.0 MB | 163/414 kB | 49/86 kB | 49/368 kBProgress (5): 671/810 kB | 0.8/3.0 MB | 163/414 kB | 53/86 kB | 49/368 kBProgress (5): 671/810 kB | 0.8/3.0 MB | 163/414 kB | 57/86 kB | 49/368 kBProgress (5): 671/810 kB | 0.8/3.0 MB | 163/414 kB | 61/86 kB | 49/368 kBProgress (5): 671/810 kB | 0.8/3.0 MB | 163/414 kB | 65/86 kB | 49/368 kBProgress (5): 675/810 kB | 0.8/3.0 MB | 163/414 kB | 65/86 kB | 49/368 kBProgress (5): 679/810 kB | 0.8/3.0 MB | 163/414 kB | 65/86 kB | 49/368 kBProgress (5): 683/810 kB | 0.8/3.0 MB | 163/414 kB | 65/86 kB | 49/368 kBProgress (5): 688/810 kB | 0.8/3.0 MB | 163/414 kB | 65/86 kB | 49/368 kBProgress (5): 688/810 kB | 0.8/3.0 MB | 163/414 kB | 65/86 kB | 53/368 kBProgress (5): 688/810 kB | 0.8/3.0 MB | 163/414 kB | 65/86 kB | 57/368 kBProgress (5): 688/810 kB | 0.8/3.0 MB | 163/414 kB | 65/86 kB | 61/368 kBProgress (5): 688/810 kB | 0.8/3.0 MB | 163/414 kB | 65/86 kB | 65/368 kBProgress (5): 692/810 kB | 0.8/3.0 MB | 163/414 kB | 65/86 kB | 65/368 kBProgress (5): 696/810 kB | 0.8/3.0 MB | 163/414 kB | 65/86 kB | 65/368 kBProgress (5): 700/810 kB | 0.8/3.0 MB | 163/414 kB | 65/86 kB | 65/368 kBProgress (5): 704/810 kB | 0.8/3.0 MB | 163/414 kB | 65/86 kB | 65/368 kBProgress (5): 704/810 kB | 0.8/3.0 MB | 163/414 kB | 65/86 kB | 69/368 kBProgress (5): 704/810 kB | 0.8/3.0 MB | 163/414 kB | 65/86 kB | 73/368 kBProgress (5): 704/810 kB | 0.8/3.0 MB | 163/414 kB | 65/86 kB | 77/368 kBProgress (5): 704/810 kB | 0.8/3.0 MB | 163/414 kB | 65/86 kB | 82/368 kBProgress (5): 704/810 kB | 0.8/3.0 MB | 163/414 kB | 69/86 kB | 82/368 kBProgress (5): 704/810 kB | 0.8/3.0 MB | 163/414 kB | 73/86 kB | 82/368 kBProgress (5): 704/810 kB | 0.8/3.0 MB | 163/414 kB | 77/86 kB | 82/368 kBProgress (5): 704/810 kB | 0.8/3.0 MB | 163/414 kB | 81/86 kB | 82/368 kBProgress (5): 704/810 kB | 0.9/3.0 MB | 163/414 kB | 81/86 kB | 82/368 kBProgress (5): 704/810 kB | 0.9/3.0 MB | 167/414 kB | 81/86 kB | 82/368 kBProgress (5): 704/810 kB | 0.9/3.0 MB | 171/414 kB | 81/86 kB | 82/368 kBProgress (5): 704/810 kB | 0.9/3.0 MB | 176/414 kB | 81/86 kB | 82/368 kBProgress (5): 704/810 kB | 0.9/3.0 MB | 180/414 kB | 81/86 kB | 82/368 kBProgress (5): 704/810 kB | 0.9/3.0 MB | 184/414 kB | 81/86 kB | 82/368 kBProgress (5): 704/810 kB | 0.9/3.0 MB | 188/414 kB | 81/86 kB | 82/368 kBProgress (5): 704/810 kB | 0.9/3.0 MB | 192/414 kB | 81/86 kB | 82/368 kBProgress (5): 704/810 kB | 0.9/3.0 MB | 196/414 kB | 81/86 kB | 82/368 kBProgress (5): 704/810 kB | 0.9/3.0 MB | 196/414 kB | 81/86 kB | 82/368 kBProgress (5): 704/810 kB | 0.9/3.0 MB | 196/414 kB | 81/86 kB | 82/368 kBProgress (5): 704/810 kB | 0.9/3.0 MB | 196/414 kB | 81/86 kB | 82/368 kBProgress (5): 708/810 kB | 0.9/3.0 MB | 196/414 kB | 81/86 kB | 82/368 kBProgress (5): 712/810 kB | 0.9/3.0 MB | 196/414 kB | 81/86 kB | 82/368 kBProgress (5): 716/810 kB | 0.9/3.0 MB | 196/414 kB | 81/86 kB | 82/368 kBProgress (5): 720/810 kB | 0.9/3.0 MB | 196/414 kB | 81/86 kB | 82/368 kBProgress (5): 720/810 kB | 0.9/3.0 MB | 196/414 kB | 81/86 kB | 86/368 kBProgress (5): 720/810 kB | 0.9/3.0 MB | 196/414 kB | 81/86 kB | 90/368 kBProgress (5): 720/810 kB | 0.9/3.0 MB | 196/414 kB | 81/86 kB | 94/368 kBProgress (5): 720/810 kB | 0.9/3.0 MB | 196/414 kB | 81/86 kB | 98/368 kBProgress (5): 724/810 kB | 0.9/3.0 MB | 196/414 kB | 81/86 kB | 98/368 kBProgress (5): 729/810 kB | 0.9/3.0 MB | 196/414 kB | 81/86 kB | 98/368 kBProgress (5): 733/810 kB | 0.9/3.0 MB | 196/414 kB | 81/86 kB | 98/368 kBProgress (5): 737/810 kB | 0.9/3.0 MB | 196/414 kB | 81/86 kB | 98/368 kBProgress (5): 737/810 kB | 0.9/3.0 MB | 196/414 kB | 85/86 kB | 98/368 kBProgress (5): 737/810 kB | 0.9/3.0 MB | 196/414 kB | 86 kB | 98/368 kB   Progress (5): 737/810 kB | 0.9/3.0 MB | 196/414 kB | 86 kB | 102/368 kBProgress (5): 737/810 kB | 0.9/3.0 MB | 196/414 kB | 86 kB | 106/368 kBProgress (5): 737/810 kB | 0.9/3.0 MB | 196/414 kB | 86 kB | 110/368 kBProgress (5): 737/810 kB | 0.9/3.0 MB | 196/414 kB | 86 kB | 114/368 kBProgress (5): 737/810 kB | 0.9/3.0 MB | 196/414 kB | 86 kB | 114/368 kBProgress (5): 737/810 kB | 0.9/3.0 MB | 200/414 kB | 86 kB | 114/368 kBProgress (5): 737/810 kB | 0.9/3.0 MB | 204/414 kB | 86 kB | 114/368 kBProgress (5): 737/810 kB | 0.9/3.0 MB | 208/414 kB | 86 kB | 114/368 kBProgress (5): 737/810 kB | 0.9/3.0 MB | 212/414 kB | 86 kB | 114/368 kBProgress (5): 737/810 kB | 0.9/3.0 MB | 212/414 kB | 86 kB | 114/368 kBProgress (5): 737/810 kB | 0.9/3.0 MB | 212/414 kB | 86 kB | 114/368 kBProgress (5): 737/810 kB | 1.0/3.0 MB | 212/414 kB | 86 kB | 114/368 kBProgress (5): 741/810 kB | 1.0/3.0 MB | 212/414 kB | 86 kB | 114/368 kBProgress (5): 745/810 kB | 1.0/3.0 MB | 212/414 kB | 86 kB | 114/368 kBProgress (5): 749/810 kB | 1.0/3.0 MB | 212/414 kB | 86 kB | 114/368 kBProgress (5): 753/810 kB | 1.0/3.0 MB | 212/414 kB | 86 kB | 114/368 kBProgress (5): 757/810 kB | 1.0/3.0 MB | 212/414 kB | 86 kB | 114/368 kBProgress (5): 761/810 kB | 1.0/3.0 MB | 212/414 kB | 86 kB | 114/368 kBProgress (5): 765/810 kB | 1.0/3.0 MB | 212/414 kB | 86 kB | 114/368 kBProgress (5): 770/810 kB | 1.0/3.0 MB | 212/414 kB | 86 kB | 114/368 kBProgress (5): 770/810 kB | 1.0/3.0 MB | 212/414 kB | 86 kB | 118/368 kBProgress (5): 770/810 kB | 1.0/3.0 MB | 212/414 kB | 86 kB | 122/368 kBProgress (5): 770/810 kB | 1.0/3.0 MB | 212/414 kB | 86 kB | 127/368 kBProgress (5): 770/810 kB | 1.0/3.0 MB | 212/414 kB | 86 kB | 131/368 kB                                                                       Downloaded from central: https://repo.maven.apache.org/maven2/com/squareup/okio/okio/1.14.0/okio-1.14.0.jar (86 kB at 19 kB/s)
Downloading from central: https://repo.maven.apache.org/maven2/com/google/code/gson/gson/2.8.5/gson-2.8.5.jar
Progress (4): 770/810 kB | 1.0/3.0 MB | 212/414 kB | 131/368 kBProgress (4): 770/810 kB | 1.0/3.0 MB | 217/414 kB | 131/368 kBProgress (4): 770/810 kB | 1.0/3.0 MB | 221/414 kB | 131/368 kBProgress (4): 770/810 kB | 1.0/3.0 MB | 225/414 kB | 131/368 kBProgress (4): 770/810 kB | 1.0/3.0 MB | 229/414 kB | 131/368 kBProgress (4): 770/810 kB | 1.0/3.0 MB | 229/414 kB | 131/368 kBProgress (4): 774/810 kB | 1.0/3.0 MB | 229/414 kB | 131/368 kBProgress (4): 778/810 kB | 1.0/3.0 MB | 229/414 kB | 131/368 kBProgress (4): 782/810 kB | 1.0/3.0 MB | 229/414 kB | 131/368 kBProgress (4): 786/810 kB | 1.0/3.0 MB | 229/414 kB | 131/368 kBProgress (4): 786/810 kB | 1.0/3.0 MB | 229/414 kB | 131/368 kBProgress (4): 786/810 kB | 1.0/3.0 MB | 229/414 kB | 131/368 kBProgress (4): 786/810 kB | 1.0/3.0 MB | 229/414 kB | 135/368 kBProgress (4): 786/810 kB | 1.0/3.0 MB | 229/414 kB | 139/368 kBProgress (4): 786/810 kB | 1.0/3.0 MB | 229/414 kB | 143/368 kBProgress (4): 786/810 kB | 1.0/3.0 MB | 229/414 kB | 147/368 kBProgress (4): 790/810 kB | 1.0/3.0 MB | 229/414 kB | 147/368 kBProgress (4): 794/810 kB | 1.0/3.0 MB | 229/414 kB | 147/368 kBProgress (4): 798/810 kB | 1.0/3.0 MB | 229/414 kB | 147/368 kBProgress (4): 802/810 kB | 1.0/3.0 MB | 229/414 kB | 147/368 kBProgress (4): 806/810 kB | 1.0/3.0 MB | 229/414 kB | 147/368 kBProgress (4): 810 kB | 1.0/3.0 MB | 229/414 kB | 147/368 kB    Progress (4): 810 kB | 1.0/3.0 MB | 229/414 kB | 151/368 kBProgress (4): 810 kB | 1.0/3.0 MB | 229/414 kB | 155/368 kBProgress (4): 810 kB | 1.0/3.0 MB | 229/414 kB | 159/368 kBProgress (4): 810 kB | 1.0/3.0 MB | 229/414 kB | 163/368 kBProgress (4): 810 kB | 1.0/3.0 MB | 233/414 kB | 163/368 kBProgress (4): 810 kB | 1.0/3.0 MB | 237/414 kB | 163/368 kBProgress (4): 810 kB | 1.0/3.0 MB | 241/414 kB | 163/368 kBProgress (4): 810 kB | 1.0/3.0 MB | 245/414 kB | 163/368 kBProgress (4): 810 kB | 1.0/3.0 MB | 245/414 kB | 163/368 kBProgress (5): 810 kB | 1.0/3.0 MB | 245/414 kB | 163/368 kB | 2.8/242 kBProgress (5): 810 kB | 1.0/3.0 MB | 245/414 kB | 163/368 kB | 5.5/242 kBProgress (5): 810 kB | 1.0/3.0 MB | 245/414 kB | 163/368 kB | 8.3/242 kBProgress (5): 810 kB | 1.0/3.0 MB | 245/414 kB | 163/368 kB | 11/242 kB Progress (5): 810 kB | 1.0/3.0 MB | 245/414 kB | 163/368 kB | 14/242 kBProgress (5): 810 kB | 1.0/3.0 MB | 245/414 kB | 163/368 kB | 16/242 kBProgress (5): 810 kB | 1.0/3.0 MB | 245/414 kB | 163/368 kB | 19/242 kBProgress (5): 810 kB | 1.0/3.0 MB | 245/414 kB | 163/368 kB | 22/242 kBProgress (5): 810 kB | 1.0/3.0 MB | 245/414 kB | 163/368 kB | 25/242 kBProgress (5): 810 kB | 1.0/3.0 MB | 245/414 kB | 163/368 kB | 27/242 kBProgress (5): 810 kB | 1.0/3.0 MB | 245/414 kB | 163/368 kB | 30/242 kBProgress (5): 810 kB | 1.0/3.0 MB | 245/414 kB | 163/368 kB | 33/242 kBProgress (5): 810 kB | 1.1/3.0 MB | 245/414 kB | 163/368 kB | 33/242 kBProgress (5): 810 kB | 1.1/3.0 MB | 245/414 kB | 168/368 kB | 33/242 kBProgress (5): 810 kB | 1.1/3.0 MB | 245/414 kB | 172/368 kB | 33/242 kBProgress (5): 810 kB | 1.1/3.0 MB | 245/414 kB | 176/368 kB | 33/242 kBProgress (5): 810 kB | 1.1/3.0 MB | 245/414 kB | 180/368 kB | 33/242 kBProgress (5): 810 kB | 1.1/3.0 MB | 245/414 kB | 184/368 kB | 33/242 kB                                                                       Downloaded from central: https://repo.maven.apache.org/maven2/org/seleniumhq/selenium/selenium-firefox-driver/3.141.59/selenium-firefox-driver-3.141.59.jar (810 kB at 170 kB/s)
Progress (4): 1.1/3.0 MB | 245/414 kB | 188/368 kB | 33/242 kB                                                              Downloading from central: https://repo.maven.apache.org/maven2/org/apache/httpcomponents/httpclient/4.5.6/httpclient-4.5.6.jar
Progress (4): 1.1/3.0 MB | 245/414 kB | 192/368 kB | 33/242 kBProgress (4): 1.1/3.0 MB | 245/414 kB | 196/368 kB | 33/242 kBProgress (4): 1.1/3.0 MB | 245/414 kB | 196/368 kB | 37/242 kBProgress (4): 1.1/3.0 MB | 245/414 kB | 196/368 kB | 41/242 kBProgress (4): 1.1/3.0 MB | 245/414 kB | 196/368 kB | 45/242 kBProgress (4): 1.1/3.0 MB | 245/414 kB | 196/368 kB | 49/242 kBProgress (4): 1.1/3.0 MB | 245/414 kB | 196/368 kB | 53/242 kBProgress (4): 1.1/3.0 MB | 245/414 kB | 196/368 kB | 57/242 kBProgress (4): 1.1/3.0 MB | 245/414 kB | 196/368 kB | 61/242 kBProgress (4): 1.1/3.0 MB | 245/414 kB | 196/368 kB | 66/242 kBProgress (4): 1.1/3.0 MB | 245/414 kB | 196/368 kB | 70/242 kBProgress (4): 1.1/3.0 MB | 245/414 kB | 196/368 kB | 74/242 kBProgress (4): 1.1/3.0 MB | 245/414 kB | 196/368 kB | 78/242 kBProgress (4): 1.1/3.0 MB | 245/414 kB | 196/368 kB | 78/242 kBProgress (4): 1.1/3.0 MB | 245/414 kB | 196/368 kB | 78/242 kBProgress (4): 1.1/3.0 MB | 245/414 kB | 196/368 kB | 78/242 kBProgress (4): 1.1/3.0 MB | 245/414 kB | 196/368 kB | 78/242 kBProgress (4): 1.1/3.0 MB | 249/414 kB | 196/368 kB | 78/242 kBProgress (4): 1.1/3.0 MB | 253/414 kB | 196/368 kB | 78/242 kBProgress (4): 1.1/3.0 MB | 258/414 kB | 196/368 kB | 78/242 kBProgress (4): 1.1/3.0 MB | 262/414 kB | 196/368 kB | 78/242 kBProgress (4): 1.1/3.0 MB | 266/414 kB | 196/368 kB | 78/242 kBProgress (4): 1.1/3.0 MB | 270/414 kB | 196/368 kB | 78/242 kBProgress (4): 1.1/3.0 MB | 274/414 kB | 196/368 kB | 78/242 kBProgress (4): 1.1/3.0 MB | 278/414 kB | 196/368 kB | 78/242 kBProgress (4): 1.1/3.0 MB | 278/414 kB | 200/368 kB | 78/242 kBProgress (4): 1.1/3.0 MB | 278/414 kB | 204/368 kB | 78/242 kBProgress (4): 1.1/3.0 MB | 278/414 kB | 208/368 kB | 78/242 kBProgress (4): 1.1/3.0 MB | 278/414 kB | 213/368 kB | 78/242 kBProgress (4): 1.1/3.0 MB | 278/414 kB | 217/368 kB | 78/242 kBProgress (4): 1.1/3.0 MB | 278/414 kB | 221/368 kB | 78/242 kBProgress (4): 1.1/3.0 MB | 278/414 kB | 225/368 kB | 78/242 kBProgress (4): 1.1/3.0 MB | 278/414 kB | 229/368 kB | 78/242 kBProgress (5): 1.1/3.0 MB | 278/414 kB | 229/368 kB | 78/242 kB | 2.8/767 kBProgress (5): 1.1/3.0 MB | 278/414 kB | 229/368 kB | 78/242 kB | 5.5/767 kBProgress (5): 1.1/3.0 MB | 278/414 kB | 229/368 kB | 78/242 kB | 8.3/767 kBProgress (5): 1.1/3.0 MB | 278/414 kB | 229/368 kB | 78/242 kB | 11/767 kB Progress (5): 1.1/3.0 MB | 278/414 kB | 229/368 kB | 78/242 kB | 14/767 kBProgress (5): 1.1/3.0 MB | 278/414 kB | 229/368 kB | 78/242 kB | 16/767 kBProgress (5): 1.1/3.0 MB | 278/414 kB | 229/368 kB | 78/242 kB | 19/767 kBProgress (5): 1.1/3.0 MB | 278/414 kB | 229/368 kB | 78/242 kB | 22/767 kBProgress (5): 1.1/3.0 MB | 278/414 kB | 229/368 kB | 78/242 kB | 25/767 kBProgress (5): 1.1/3.0 MB | 278/414 kB | 229/368 kB | 78/242 kB | 27/767 kBProgress (5): 1.1/3.0 MB | 278/414 kB | 229/368 kB | 78/242 kB | 30/767 kBProgress (5): 1.1/3.0 MB | 278/414 kB | 229/368 kB | 78/242 kB | 33/767 kBProgress (5): 1.1/3.0 MB | 278/414 kB | 229/368 kB | 82/242 kB | 33/767 kBProgress (5): 1.1/3.0 MB | 278/414 kB | 229/368 kB | 86/242 kB | 33/767 kBProgress (5): 1.1/3.0 MB | 278/414 kB | 229/368 kB | 90/242 kB | 33/767 kBProgress (5): 1.1/3.0 MB | 278/414 kB | 229/368 kB | 94/242 kB | 33/767 kBProgress (5): 1.1/3.0 MB | 278/414 kB | 229/368 kB | 98/242 kB | 33/767 kBProgress (5): 1.1/3.0 MB | 278/414 kB | 229/368 kB | 102/242 kB | 33/767 kBProgress (5): 1.1/3.0 MB | 278/414 kB | 229/368 kB | 106/242 kB | 33/767 kBProgress (5): 1.1/3.0 MB | 278/414 kB | 229/368 kB | 111/242 kB | 33/767 kBProgress (5): 1.1/3.0 MB | 278/414 kB | 229/368 kB | 115/242 kB | 33/767 kBProgress (5): 1.1/3.0 MB | 278/414 kB | 229/368 kB | 119/242 kB | 33/767 kBProgress (5): 1.1/3.0 MB | 278/414 kB | 229/368 kB | 123/242 kB | 33/767 kBProgress (5): 1.1/3.0 MB | 278/414 kB | 229/368 kB | 127/242 kB | 33/767 kBProgress (5): 1.1/3.0 MB | 278/414 kB | 229/368 kB | 127/242 kB | 33/767 kBProgress (5): 1.2/3.0 MB | 278/414 kB | 229/368 kB | 127/242 kB | 33/767 kBProgress (5): 1.2/3.0 MB | 278/414 kB | 229/368 kB | 127/242 kB | 37/767 kBProgress (5): 1.2/3.0 MB | 278/414 kB | 229/368 kB | 127/242 kB | 41/767 kBProgress (5): 1.2/3.0 MB | 278/414 kB | 229/368 kB | 127/242 kB | 45/767 kBProgress (5): 1.2/3.0 MB | 278/414 kB | 229/368 kB | 127/242 kB | 49/767 kBProgress (5): 1.2/3.0 MB | 278/414 kB | 229/368 kB | 127/242 kB | 53/767 kBProgress (5): 1.2/3.0 MB | 278/414 kB | 229/368 kB | 127/242 kB | 57/767 kBProgress (5): 1.2/3.0 MB | 278/414 kB | 229/368 kB | 127/242 kB | 61/767 kBProgress (5): 1.2/3.0 MB | 278/414 kB | 229/368 kB | 131/242 kB | 61/767 kBProgress (5): 1.2/3.0 MB | 278/414 kB | 229/368 kB | 135/242 kB | 61/767 kBProgress (5): 1.2/3.0 MB | 278/414 kB | 229/368 kB | 139/242 kB | 61/767 kBProgress (5): 1.2/3.0 MB | 278/414 kB | 229/368 kB | 143/242 kB | 61/767 kBProgress (5): 1.2/3.0 MB | 278/414 kB | 229/368 kB | 147/242 kB | 61/767 kBProgress (5): 1.2/3.0 MB | 278/414 kB | 229/368 kB | 152/242 kB | 61/767 kBProgress (5): 1.2/3.0 MB | 278/414 kB | 229/368 kB | 156/242 kB | 61/767 kBProgress (5): 1.2/3.0 MB | 278/414 kB | 229/368 kB | 160/242 kB | 61/767 kBProgress (5): 1.2/3.0 MB | 278/414 kB | 229/368 kB | 164/242 kB | 61/767 kBProgress (5): 1.2/3.0 MB | 278/414 kB | 229/368 kB | 168/242 kB | 61/767 kBProgress (5): 1.2/3.0 MB | 278/414 kB | 229/368 kB | 172/242 kB | 61/767 kBProgress (5): 1.2/3.0 MB | 278/414 kB | 229/368 kB | 176/242 kB | 61/767 kBProgress (5): 1.2/3.0 MB | 282/414 kB | 229/368 kB | 176/242 kB | 61/767 kBProgress (5): 1.2/3.0 MB | 286/414 kB | 229/368 kB | 176/242 kB | 61/767 kBProgress (5): 1.2/3.0 MB | 290/414 kB | 229/368 kB | 176/242 kB | 61/767 kBProgress (5): 1.2/3.0 MB | 294/414 kB | 229/368 kB | 176/242 kB | 61/767 kBProgress (5): 1.2/3.0 MB | 298/414 kB | 229/368 kB | 176/242 kB | 61/767 kBProgress (5): 1.2/3.0 MB | 298/414 kB | 233/368 kB | 176/242 kB | 61/767 kBProgress (5): 1.2/3.0 MB | 303/414 kB | 233/368 kB | 176/242 kB | 61/767 kBProgress (5): 1.2/3.0 MB | 303/414 kB | 237/368 kB | 176/242 kB | 61/767 kBProgress (5): 1.2/3.0 MB | 307/414 kB | 237/368 kB | 176/242 kB | 61/767 kBProgress (5): 1.2/3.0 MB | 307/414 kB | 241/368 kB | 176/242 kB | 61/767 kBProgress (5): 1.2/3.0 MB | 311/414 kB | 241/368 kB | 176/242 kB | 61/767 kBProgress (5): 1.2/3.0 MB | 311/414 kB | 245/368 kB | 176/242 kB | 61/767 kBProgress (5): 1.2/3.0 MB | 311/414 kB | 249/368 kB | 176/242 kB | 61/767 kBProgress (5): 1.2/3.0 MB | 311/414 kB | 254/368 kB | 176/242 kB | 61/767 kBProgress (5): 1.2/3.0 MB | 311/414 kB | 258/368 kB | 176/242 kB | 61/767 kBProgress (5): 1.2/3.0 MB | 311/414 kB | 262/368 kB | 176/242 kB | 61/767 kBProgress (5): 1.2/3.0 MB | 311/414 kB | 262/368 kB | 176/242 kB | 66/767 kBProgress (5): 1.2/3.0 MB | 311/414 kB | 266/368 kB | 176/242 kB | 66/767 kBProgress (5): 1.2/3.0 MB | 311/414 kB | 266/368 kB | 176/242 kB | 70/767 kBProgress (5): 1.2/3.0 MB | 311/414 kB | 270/368 kB | 176/242 kB | 70/767 kBProgress (5): 1.2/3.0 MB | 311/414 kB | 270/368 kB | 176/242 kB | 74/767 kBProgress (5): 1.2/3.0 MB | 311/414 kB | 274/368 kB | 176/242 kB | 74/767 kBProgress (5): 1.2/3.0 MB | 311/414 kB | 274/368 kB | 176/242 kB | 78/767 kBProgress (5): 1.2/3.0 MB | 311/414 kB | 278/368 kB | 176/242 kB | 78/767 kBProgress (5): 1.2/3.0 MB | 311/414 kB | 278/368 kB | 176/242 kB | 82/767 kBProgress (5): 1.2/3.0 MB | 311/414 kB | 278/368 kB | 176/242 kB | 86/767 kBProgress (5): 1.2/3.0 MB | 311/414 kB | 278/368 kB | 176/242 kB | 90/767 kBProgress (5): 1.2/3.0 MB | 311/414 kB | 278/368 kB | 176/242 kB | 94/767 kBProgress (5): 1.2/3.0 MB | 311/414 kB | 282/368 kB | 176/242 kB | 94/767 kBProgress (5): 1.2/3.0 MB | 311/414 kB | 286/368 kB | 176/242 kB | 94/767 kBProgress (5): 1.2/3.0 MB | 311/414 kB | 290/368 kB | 176/242 kB | 94/767 kBProgress (5): 1.2/3.0 MB | 311/414 kB | 295/368 kB | 176/242 kB | 94/767 kBProgress (5): 1.2/3.0 MB | 311/414 kB | 295/368 kB | 180/242 kB | 94/767 kBProgress (5): 1.2/3.0 MB | 311/414 kB | 295/368 kB | 184/242 kB | 94/767 kBProgress (5): 1.2/3.0 MB | 311/414 kB | 295/368 kB | 184/242 kB | 94/767 kBProgress (5): 1.2/3.0 MB | 311/414 kB | 295/368 kB | 188/242 kB | 94/767 kBProgress (5): 1.2/3.0 MB | 311/414 kB | 295/368 kB | 188/242 kB | 94/767 kBProgress (5): 1.2/3.0 MB | 311/414 kB | 295/368 kB | 193/242 kB | 94/767 kBProgress (5): 1.2/3.0 MB | 311/414 kB | 295/368 kB | 193/242 kB | 94/767 kBProgress (5): 1.2/3.0 MB | 311/414 kB | 295/368 kB | 197/242 kB | 94/767 kBProgress (5): 1.2/3.0 MB | 311/414 kB | 295/368 kB | 201/242 kB | 94/767 kBProgress (5): 1.2/3.0 MB | 311/414 kB | 295/368 kB | 205/242 kB | 94/767 kBProgress (5): 1.2/3.0 MB | 311/414 kB | 295/368 kB | 209/242 kB | 94/767 kBProgress (5): 1.2/3.0 MB | 311/414 kB | 295/368 kB | 209/242 kB | 94/767 kBProgress (5): 1.2/3.0 MB | 311/414 kB | 295/368 kB | 213/242 kB | 94/767 kBProgress (5): 1.2/3.0 MB | 311/414 kB | 295/368 kB | 217/242 kB | 94/767 kBProgress (5): 1.2/3.0 MB | 311/414 kB | 295/368 kB | 221/242 kB | 94/767 kBProgress (5): 1.2/3.0 MB | 311/414 kB | 295/368 kB | 225/242 kB | 94/767 kBProgress (5): 1.2/3.0 MB | 311/414 kB | 295/368 kB | 225/242 kB | 98/767 kBProgress (5): 1.2/3.0 MB | 311/414 kB | 295/368 kB | 225/242 kB | 102/767 kBProgress (5): 1.2/3.0 MB | 311/414 kB | 295/368 kB | 225/242 kB | 106/767 kBProgress (5): 1.2/3.0 MB | 311/414 kB | 295/368 kB | 225/242 kB | 111/767 kBProgress (5): 1.2/3.0 MB | 311/414 kB | 295/368 kB | 229/242 kB | 111/767 kBProgress (5): 1.2/3.0 MB | 311/414 kB | 295/368 kB | 233/242 kB | 111/767 kBProgress (5): 1.2/3.0 MB | 311/414 kB | 295/368 kB | 238/242 kB | 111/767 kBProgress (5): 1.2/3.0 MB | 311/414 kB | 295/368 kB | 242 kB | 111/767 kB    Progress (5): 1.2/3.0 MB | 311/414 kB | 299/368 kB | 242 kB | 111/767 kBProgress (5): 1.2/3.0 MB | 311/414 kB | 303/368 kB | 242 kB | 111/767 kBProgress (5): 1.2/3.0 MB | 311/414 kB | 307/368 kB | 242 kB | 111/767 kBProgress (5): 1.2/3.0 MB | 311/414 kB | 311/368 kB | 242 kB | 111/767 kBProgress (5): 1.2/3.0 MB | 311/414 kB | 311/368 kB | 242 kB | 115/767 kBProgress (5): 1.2/3.0 MB | 311/414 kB | 311/368 kB | 242 kB | 119/767 kBProgress (5): 1.2/3.0 MB | 311/414 kB | 311/368 kB | 242 kB | 123/767 kBProgress (5): 1.2/3.0 MB | 311/414 kB | 311/368 kB | 242 kB | 127/767 kBProgress (5): 1.2/3.0 MB | 311/414 kB | 311/368 kB | 242 kB | 131/767 kBProgress (5): 1.2/3.0 MB | 311/414 kB | 311/368 kB | 242 kB | 135/767 kBProgress (5): 1.2/3.0 MB | 311/414 kB | 311/368 kB | 242 kB | 139/767 kBProgress (5): 1.2/3.0 MB | 311/414 kB | 311/368 kB | 242 kB | 143/767 kBProgress (5): 1.2/3.0 MB | 311/414 kB | 311/368 kB | 242 kB | 143/767 kBProgress (5): 1.3/3.0 MB | 311/414 kB | 311/368 kB | 242 kB | 143/767 kBProgress (5): 1.3/3.0 MB | 315/414 kB | 311/368 kB | 242 kB | 143/767 kBProgress (5): 1.3/3.0 MB | 319/414 kB | 311/368 kB | 242 kB | 143/767 kBProgress (5): 1.3/3.0 MB | 323/414 kB | 311/368 kB | 242 kB | 143/767 kBProgress (5): 1.3/3.0 MB | 327/414 kB | 311/368 kB | 242 kB | 143/767 kB                                                                        Downloaded from central: https://repo.maven.apache.org/maven2/com/google/code/gson/gson/2.8.5/gson-2.8.5.jar (242 kB at 43 kB/s)
Progress (4): 1.3/3.0 MB | 327/414 kB | 315/368 kB | 143/767 kB                                                               Downloading from central: https://repo.maven.apache.org/maven2/org/apache/httpcomponents/httpcore/4.4.10/httpcore-4.4.10.jar
Progress (4): 1.3/3.0 MB | 327/414 kB | 319/368 kB | 143/767 kBProgress (4): 1.3/3.0 MB | 327/414 kB | 323/368 kB | 143/767 kBProgress (4): 1.3/3.0 MB | 327/414 kB | 327/368 kB | 143/767 kBProgress (4): 1.3/3.0 MB | 327/414 kB | 327/368 kB | 147/767 kBProgress (4): 1.3/3.0 MB | 327/414 kB | 327/368 kB | 152/767 kBProgress (4): 1.3/3.0 MB | 327/414 kB | 327/368 kB | 156/767 kBProgress (4): 1.3/3.0 MB | 327/414 kB | 327/368 kB | 160/767 kBProgress (4): 1.3/3.0 MB | 327/414 kB | 327/368 kB | 164/767 kBProgress (4): 1.3/3.0 MB | 327/414 kB | 327/368 kB | 168/767 kBProgress (4): 1.3/3.0 MB | 327/414 kB | 327/368 kB | 172/767 kBProgress (4): 1.3/3.0 MB | 327/414 kB | 327/368 kB | 176/767 kBProgress (4): 1.3/3.0 MB | 327/414 kB | 331/368 kB | 176/767 kBProgress (4): 1.3/3.0 MB | 327/414 kB | 335/368 kB | 176/767 kBProgress (4): 1.3/3.0 MB | 327/414 kB | 340/368 kB | 176/767 kBProgress (4): 1.3/3.0 MB | 327/414 kB | 344/368 kB | 176/767 kBProgress (4): 1.3/3.0 MB | 327/414 kB | 344/368 kB | 176/767 kBProgress (4): 1.3/3.0 MB | 327/414 kB | 344/368 kB | 176/767 kBProgress (4): 1.3/3.0 MB | 327/414 kB | 344/368 kB | 180/767 kBProgress (4): 1.3/3.0 MB | 327/414 kB | 344/368 kB | 184/767 kBProgress (4): 1.3/3.0 MB | 327/414 kB | 344/368 kB | 188/767 kBProgress (4): 1.3/3.0 MB | 327/414 kB | 344/368 kB | 193/767 kBProgress (4): 1.3/3.0 MB | 327/414 kB | 344/368 kB | 193/767 kBProgress (5): 1.3/3.0 MB | 327/414 kB | 344/368 kB | 193/767 kB | 2.2/326 kBProgress (5): 1.3/3.0 MB | 327/414 kB | 344/368 kB | 193/767 kB | 5.0/326 kBProgress (5): 1.3/3.0 MB | 327/414 kB | 344/368 kB | 193/767 kB | 7.7/326 kBProgress (5): 1.3/3.0 MB | 327/414 kB | 344/368 kB | 193/767 kB | 10/326 kB Progress (5): 1.3/3.0 MB | 327/414 kB | 344/368 kB | 193/767 kB | 13/326 kBProgress (5): 1.3/3.0 MB | 327/414 kB | 344/368 kB | 193/767 kB | 16/326 kBProgress (5): 1.3/3.0 MB | 327/414 kB | 344/368 kB | 193/767 kB | 19/326 kBProgress (5): 1.3/3.0 MB | 327/414 kB | 344/368 kB | 193/767 kB | 21/326 kBProgress (5): 1.3/3.0 MB | 327/414 kB | 344/368 kB | 193/767 kB | 24/326 kBProgress (5): 1.3/3.0 MB | 327/414 kB | 344/368 kB | 193/767 kB | 27/326 kBProgress (5): 1.3/3.0 MB | 327/414 kB | 344/368 kB | 193/767 kB | 30/326 kBProgress (5): 1.3/3.0 MB | 327/414 kB | 348/368 kB | 193/767 kB | 30/326 kBProgress (5): 1.3/3.0 MB | 327/414 kB | 352/368 kB | 193/767 kB | 30/326 kBProgress (5): 1.3/3.0 MB | 327/414 kB | 356/368 kB | 193/767 kB | 30/326 kBProgress (5): 1.3/3.0 MB | 327/414 kB | 360/368 kB | 193/767 kB | 30/326 kBProgress (5): 1.3/3.0 MB | 331/414 kB | 360/368 kB | 193/767 kB | 30/326 kBProgress (5): 1.3/3.0 MB | 335/414 kB | 360/368 kB | 193/767 kB | 30/326 kBProgress (5): 1.3/3.0 MB | 339/414 kB | 360/368 kB | 193/767 kB | 30/326 kBProgress (5): 1.3/3.0 MB | 344/414 kB | 360/368 kB | 193/767 kB | 30/326 kBProgress (5): 1.3/3.0 MB | 344/414 kB | 360/368 kB | 197/767 kB | 30/326 kBProgress (5): 1.3/3.0 MB | 344/414 kB | 360/368 kB | 201/767 kB | 30/326 kBProgress (5): 1.3/3.0 MB | 344/414 kB | 360/368 kB | 205/767 kB | 30/326 kBProgress (5): 1.3/3.0 MB | 344/414 kB | 360/368 kB | 209/767 kB | 30/326 kBProgress (5): 1.3/3.0 MB | 344/414 kB | 360/368 kB | 213/767 kB | 30/326 kBProgress (5): 1.3/3.0 MB | 344/414 kB | 360/368 kB | 217/767 kB | 30/326 kBProgress (5): 1.3/3.0 MB | 344/414 kB | 360/368 kB | 221/767 kB | 30/326 kBProgress (5): 1.3/3.0 MB | 344/414 kB | 360/368 kB | 225/767 kB | 30/326 kBProgress (5): 1.3/3.0 MB | 344/414 kB | 364/368 kB | 225/767 kB | 30/326 kBProgress (5): 1.3/3.0 MB | 344/414 kB | 368/368 kB | 225/767 kB | 30/326 kBProgress (5): 1.3/3.0 MB | 344/414 kB | 368 kB | 225/767 kB | 30/326 kB    Progress (5): 1.3/3.0 MB | 344/414 kB | 368 kB | 225/767 kB | 30/326 kBProgress (5): 1.3/3.0 MB | 344/414 kB | 368 kB | 225/767 kB | 30/326 kBProgress (5): 1.3/3.0 MB | 344/414 kB | 368 kB | 225/767 kB | 32/326 kBProgress (5): 1.3/3.0 MB | 344/414 kB | 368 kB | 225/767 kB | 36/326 kBProgress (5): 1.3/3.0 MB | 344/414 kB | 368 kB | 225/767 kB | 40/326 kBProgress (5): 1.3/3.0 MB | 344/414 kB | 368 kB | 225/767 kB | 45/326 kBProgress (5): 1.3/3.0 MB | 344/414 kB | 368 kB | 225/767 kB | 49/326 kBProgress (5): 1.3/3.0 MB | 344/414 kB | 368 kB | 229/767 kB | 49/326 kBProgress (5): 1.3/3.0 MB | 344/414 kB | 368 kB | 233/767 kB | 49/326 kBProgress (5): 1.3/3.0 MB | 344/414 kB | 368 kB | 238/767 kB | 49/326 kBProgress (5): 1.3/3.0 MB | 344/414 kB | 368 kB | 242/767 kB | 49/326 kBProgress (5): 1.3/3.0 MB | 344/414 kB | 368 kB | 246/767 kB | 49/326 kBProgress (5): 1.3/3.0 MB | 344/414 kB | 368 kB | 250/767 kB | 49/326 kBProgress (5): 1.3/3.0 MB | 344/414 kB | 368 kB | 254/767 kB | 49/326 kBProgress (5): 1.3/3.0 MB | 344/414 kB | 368 kB | 258/767 kB | 49/326 kBProgress (5): 1.3/3.0 MB | 344/414 kB | 368 kB | 262/767 kB | 49/326 kBProgress (5): 1.3/3.0 MB | 344/414 kB | 368 kB | 266/767 kB | 49/326 kBProgress (5): 1.3/3.0 MB | 344/414 kB | 368 kB | 270/767 kB | 49/326 kBProgress (5): 1.3/3.0 MB | 344/414 kB | 368 kB | 274/767 kB | 49/326 kBProgress (5): 1.4/3.0 MB | 344/414 kB | 368 kB | 274/767 kB | 49/326 kBProgress (5): 1.4/3.0 MB | 348/414 kB | 368 kB | 274/767 kB | 49/326 kBProgress (5): 1.4/3.0 MB | 352/414 kB | 368 kB | 274/767 kB | 49/326 kBProgress (5): 1.4/3.0 MB | 356/414 kB | 368 kB | 274/767 kB | 49/326 kBProgress (5): 1.4/3.0 MB | 360/414 kB | 368 kB | 274/767 kB | 49/326 kB                                                                       Downloaded from central: https://repo.maven.apache.org/maven2/io/appium/java-client/7.0.0/java-client-7.0.0.jar (368 kB at 61 kB/s)
Downloading from central: https://repo.maven.apache.org/maven2/commons-logging/commons-logging/1.2/commons-logging-1.2.jar
Progress (4): 1.4/3.0 MB | 360/414 kB | 274/767 kB | 49/326 kBProgress (4): 1.4/3.0 MB | 360/414 kB | 274/767 kB | 53/326 kBProgress (4): 1.4/3.0 MB | 360/414 kB | 274/767 kB | 57/326 kBProgress (4): 1.4/3.0 MB | 360/414 kB | 274/767 kB | 61/326 kBProgress (4): 1.4/3.0 MB | 360/414 kB | 274/767 kB | 65/326 kBProgress (4): 1.4/3.0 MB | 360/414 kB | 274/767 kB | 69/326 kBProgress (4): 1.4/3.0 MB | 360/414 kB | 274/767 kB | 73/326 kBProgress (4): 1.4/3.0 MB | 360/414 kB | 274/767 kB | 77/326 kBProgress (4): 1.4/3.0 MB | 360/414 kB | 274/767 kB | 81/326 kBProgress (4): 1.4/3.0 MB | 360/414 kB | 274/767 kB | 85/326 kBProgress (4): 1.4/3.0 MB | 360/414 kB | 274/767 kB | 90/326 kBProgress (4): 1.4/3.0 MB | 360/414 kB | 274/767 kB | 94/326 kBProgress (4): 1.4/3.0 MB | 360/414 kB | 274/767 kB | 98/326 kBProgress (4): 1.4/3.0 MB | 360/414 kB | 279/767 kB | 98/326 kBProgress (4): 1.4/3.0 MB | 360/414 kB | 283/767 kB | 98/326 kBProgress (4): 1.4/3.0 MB | 360/414 kB | 287/767 kB | 98/326 kBProgress (4): 1.4/3.0 MB | 360/414 kB | 291/767 kB | 98/326 kBProgress (4): 1.4/3.0 MB | 360/414 kB | 295/767 kB | 98/326 kBProgress (4): 1.4/3.0 MB | 360/414 kB | 299/767 kB | 98/326 kBProgress (4): 1.4/3.0 MB | 360/414 kB | 303/767 kB | 98/326 kBProgress (4): 1.4/3.0 MB | 360/414 kB | 307/767 kB | 98/326 kBProgress (4): 1.4/3.0 MB | 360/414 kB | 307/767 kB | 98/326 kBProgress (4): 1.4/3.0 MB | 360/414 kB | 307/767 kB | 98/326 kBProgress (4): 1.4/3.0 MB | 364/414 kB | 307/767 kB | 98/326 kBProgress (4): 1.4/3.0 MB | 368/414 kB | 307/767 kB | 98/326 kBProgress (4): 1.4/3.0 MB | 372/414 kB | 307/767 kB | 98/326 kBProgress (4): 1.4/3.0 MB | 376/414 kB | 307/767 kB | 98/326 kBProgress (5): 1.4/3.0 MB | 376/414 kB | 307/767 kB | 98/326 kB | 2.8/62 kBProgress (5): 1.4/3.0 MB | 376/414 kB | 307/767 kB | 98/326 kB | 5.5/62 kBProgress (5): 1.4/3.0 MB | 376/414 kB | 307/767 kB | 98/326 kB | 8.3/62 kBProgress (5): 1.4/3.0 MB | 376/414 kB | 307/767 kB | 98/326 kB | 11/62 kB Progress (5): 1.4/3.0 MB | 376/414 kB | 307/767 kB | 98/326 kB | 14/62 kBProgress (5): 1.4/3.0 MB | 376/414 kB | 307/767 kB | 98/326 kB | 16/62 kBProgress (5): 1.4/3.0 MB | 376/414 kB | 307/767 kB | 98/326 kB | 19/62 kBProgress (5): 1.4/3.0 MB | 376/414 kB | 307/767 kB | 98/326 kB | 22/62 kBProgress (5): 1.4/3.0 MB | 376/414 kB | 307/767 kB | 98/326 kB | 25/62 kBProgress (5): 1.4/3.0 MB | 376/414 kB | 311/767 kB | 98/326 kB | 25/62 kBProgress (5): 1.4/3.0 MB | 376/414 kB | 315/767 kB | 98/326 kB | 25/62 kBProgress (5): 1.4/3.0 MB | 376/414 kB | 319/767 kB | 98/326 kB | 25/62 kBProgress (5): 1.4/3.0 MB | 376/414 kB | 324/767 kB | 98/326 kB | 25/62 kBProgress (5): 1.4/3.0 MB | 376/414 kB | 324/767 kB | 102/326 kB | 25/62 kBProgress (5): 1.4/3.0 MB | 376/414 kB | 324/767 kB | 106/326 kB | 25/62 kBProgress (5): 1.4/3.0 MB | 376/414 kB | 324/767 kB | 110/326 kB | 25/62 kBProgress (5): 1.4/3.0 MB | 376/414 kB | 324/767 kB | 114/326 kB | 25/62 kBProgress (5): 1.4/3.0 MB | 376/414 kB | 324/767 kB | 118/326 kB | 25/62 kBProgress (5): 1.4/3.0 MB | 376/414 kB | 324/767 kB | 122/326 kB | 25/62 kBProgress (5): 1.4/3.0 MB | 376/414 kB | 324/767 kB | 126/326 kB | 25/62 kBProgress (5): 1.4/3.0 MB | 376/414 kB | 324/767 kB | 131/326 kB | 25/62 kBProgress (5): 1.4/3.0 MB | 376/414 kB | 328/767 kB | 131/326 kB | 25/62 kBProgress (5): 1.4/3.0 MB | 376/414 kB | 332/767 kB | 131/326 kB | 25/62 kBProgress (5): 1.4/3.0 MB | 376/414 kB | 336/767 kB | 131/326 kB | 25/62 kBProgress (5): 1.4/3.0 MB | 376/414 kB | 340/767 kB | 131/326 kB | 25/62 kBProgress (5): 1.4/3.0 MB | 376/414 kB | 340/767 kB | 131/326 kB | 25/62 kBProgress (5): 1.4/3.0 MB | 376/414 kB | 344/767 kB | 131/326 kB | 25/62 kBProgress (5): 1.4/3.0 MB | 376/414 kB | 348/767 kB | 131/326 kB | 25/62 kBProgress (5): 1.4/3.0 MB | 376/414 kB | 352/767 kB | 131/326 kB | 25/62 kBProgress (5): 1.4/3.0 MB | 376/414 kB | 356/767 kB | 131/326 kB | 25/62 kBProgress (5): 1.4/3.0 MB | 376/414 kB | 356/767 kB | 131/326 kB | 25/62 kBProgress (5): 1.4/3.0 MB | 376/414 kB | 356/767 kB | 131/326 kB | 27/62 kBProgress (5): 1.4/3.0 MB | 376/414 kB | 356/767 kB | 131/326 kB | 30/62 kBProgress (5): 1.4/3.0 MB | 376/414 kB | 356/767 kB | 131/326 kB | 33/62 kBProgress (5): 1.4/3.0 MB | 376/414 kB | 356/767 kB | 131/326 kB | 37/62 kBProgress (5): 1.4/3.0 MB | 376/414 kB | 356/767 kB | 131/326 kB | 41/62 kBProgress (5): 1.4/3.0 MB | 376/414 kB | 356/767 kB | 131/326 kB | 45/62 kBProgress (5): 1.4/3.0 MB | 376/414 kB | 356/767 kB | 131/326 kB | 49/62 kBProgress (5): 1.4/3.0 MB | 376/414 kB | 356/767 kB | 135/326 kB | 49/62 kBProgress (5): 1.4/3.0 MB | 376/414 kB | 356/767 kB | 139/326 kB | 49/62 kBProgress (5): 1.4/3.0 MB | 376/414 kB | 356/767 kB | 143/326 kB | 49/62 kBProgress (5): 1.4/3.0 MB | 376/414 kB | 356/767 kB | 147/326 kB | 49/62 kBProgress (5): 1.4/3.0 MB | 376/414 kB | 356/767 kB | 151/326 kB | 49/62 kBProgress (5): 1.4/3.0 MB | 376/414 kB | 356/767 kB | 155/326 kB | 49/62 kBProgress (5): 1.4/3.0 MB | 376/414 kB | 356/767 kB | 159/326 kB | 49/62 kBProgress (5): 1.4/3.0 MB | 376/414 kB | 356/767 kB | 163/326 kB | 49/62 kBProgress (5): 1.5/3.0 MB | 376/414 kB | 356/767 kB | 163/326 kB | 49/62 kBProgress (5): 1.5/3.0 MB | 376/414 kB | 356/767 kB | 167/326 kB | 49/62 kBProgress (5): 1.5/3.0 MB | 376/414 kB | 356/767 kB | 171/326 kB | 49/62 kBProgress (5): 1.5/3.0 MB | 376/414 kB | 356/767 kB | 176/326 kB | 49/62 kBProgress (5): 1.5/3.0 MB | 376/414 kB | 356/767 kB | 180/326 kB | 49/62 kBProgress (5): 1.5/3.0 MB | 380/414 kB | 356/767 kB | 180/326 kB | 49/62 kBProgress (5): 1.5/3.0 MB | 384/414 kB | 356/767 kB | 180/326 kB | 49/62 kBProgress (5): 1.5/3.0 MB | 389/414 kB | 356/767 kB | 180/326 kB | 49/62 kBProgress (5): 1.5/3.0 MB | 393/414 kB | 356/767 kB | 180/326 kB | 49/62 kBProgress (5): 1.5/3.0 MB | 393/414 kB | 360/767 kB | 180/326 kB | 49/62 kBProgress (5): 1.5/3.0 MB | 393/414 kB | 365/767 kB | 180/326 kB | 49/62 kBProgress (5): 1.5/3.0 MB | 393/414 kB | 369/767 kB | 180/326 kB | 49/62 kBProgress (5): 1.5/3.0 MB | 393/414 kB | 373/767 kB | 180/326 kB | 49/62 kBProgress (5): 1.5/3.0 MB | 393/414 kB | 377/767 kB | 180/326 kB | 49/62 kBProgress (5): 1.5/3.0 MB | 393/414 kB | 381/767 kB | 180/326 kB | 49/62 kBProgress (5): 1.5/3.0 MB | 393/414 kB | 385/767 kB | 180/326 kB | 49/62 kBProgress (5): 1.5/3.0 MB | 393/414 kB | 389/767 kB | 180/326 kB | 49/62 kBProgress (5): 1.5/3.0 MB | 393/414 kB | 389/767 kB | 180/326 kB | 49/62 kBProgress (5): 1.5/3.0 MB | 393/414 kB | 393/767 kB | 180/326 kB | 49/62 kBProgress (5): 1.5/3.0 MB | 393/414 kB | 397/767 kB | 180/326 kB | 49/62 kBProgress (5): 1.5/3.0 MB | 393/414 kB | 401/767 kB | 180/326 kB | 49/62 kBProgress (5): 1.5/3.0 MB | 393/414 kB | 406/767 kB | 180/326 kB | 49/62 kBProgress (5): 1.5/3.0 MB | 393/414 kB | 406/767 kB | 180/326 kB | 49/62 kBProgress (5): 1.5/3.0 MB | 393/414 kB | 406/767 kB | 180/326 kB | 53/62 kBProgress (5): 1.5/3.0 MB | 393/414 kB | 406/767 kB | 180/326 kB | 57/62 kBProgress (5): 1.5/3.0 MB | 393/414 kB | 406/767 kB | 180/326 kB | 61/62 kBProgress (5): 1.5/3.0 MB | 393/414 kB | 406/767 kB | 180/326 kB | 62 kB   Progress (5): 1.5/3.0 MB | 393/414 kB | 406/767 kB | 184/326 kB | 62 kBProgress (5): 1.5/3.0 MB | 393/414 kB | 406/767 kB | 188/326 kB | 62 kBProgress (5): 1.5/3.0 MB | 393/414 kB | 406/767 kB | 192/326 kB | 62 kBProgress (5): 1.5/3.0 MB | 393/414 kB | 406/767 kB | 196/326 kB | 62 kBProgress (5): 1.5/3.0 MB | 393/414 kB | 406/767 kB | 200/326 kB | 62 kBProgress (5): 1.5/3.0 MB | 393/414 kB | 406/767 kB | 204/326 kB | 62 kBProgress (5): 1.5/3.0 MB | 393/414 kB | 406/767 kB | 208/326 kB | 62 kBProgress (5): 1.5/3.0 MB | 393/414 kB | 406/767 kB | 212/326 kB | 62 kBProgress (5): 1.5/3.0 MB | 397/414 kB | 406/767 kB | 212/326 kB | 62 kBProgress (5): 1.5/3.0 MB | 401/414 kB | 406/767 kB | 212/326 kB | 62 kBProgress (5): 1.5/3.0 MB | 405/414 kB | 406/767 kB | 212/326 kB | 62 kBProgress (5): 1.5/3.0 MB | 409/414 kB | 406/767 kB | 212/326 kB | 62 kBProgress (5): 1.5/3.0 MB | 409/414 kB | 410/767 kB | 212/326 kB | 62 kBProgress (5): 1.5/3.0 MB | 409/414 kB | 414/767 kB | 212/326 kB | 62 kBProgress (5): 1.5/3.0 MB | 409/414 kB | 418/767 kB | 212/326 kB | 62 kBProgress (5): 1.5/3.0 MB | 409/414 kB | 422/767 kB | 212/326 kB | 62 kBProgress (5): 1.5/3.0 MB | 409/414 kB | 422/767 kB | 212/326 kB | 62 kBProgress (5): 1.5/3.0 MB | 409/414 kB | 426/767 kB | 212/326 kB | 62 kBProgress (5): 1.5/3.0 MB | 409/414 kB | 430/767 kB | 212/326 kB | 62 kBProgress (5): 1.5/3.0 MB | 409/414 kB | 434/767 kB | 212/326 kB | 62 kBProgress (5): 1.5/3.0 MB | 409/414 kB | 438/767 kB | 212/326 kB | 62 kBProgress (5): 1.5/3.0 MB | 409/414 kB | 438/767 kB | 212/326 kB | 62 kBProgress (5): 1.5/3.0 MB | 413/414 kB | 438/767 kB | 212/326 kB | 62 kBProgress (5): 1.5/3.0 MB | 414 kB | 438/767 kB | 212/326 kB | 62 kB    Progress (5): 1.5/3.0 MB | 414 kB | 442/767 kB | 212/326 kB | 62 kBProgress (5): 1.5/3.0 MB | 414 kB | 446/767 kB | 212/326 kB | 62 kBProgress (5): 1.5/3.0 MB | 414 kB | 451/767 kB | 212/326 kB | 62 kBProgress (5): 1.5/3.0 MB | 414 kB | 455/767 kB | 212/326 kB | 62 kBProgress (5): 1.5/3.0 MB | 414 kB | 455/767 kB | 217/326 kB | 62 kBProgress (5): 1.5/3.0 MB | 414 kB | 455/767 kB | 221/326 kB | 62 kBProgress (5): 1.5/3.0 MB | 414 kB | 455/767 kB | 225/326 kB | 62 kBProgress (5): 1.5/3.0 MB | 414 kB | 455/767 kB | 229/326 kB | 62 kBProgress (5): 1.5/3.0 MB | 414 kB | 455/767 kB | 233/326 kB | 62 kBProgress (5): 1.5/3.0 MB | 414 kB | 455/767 kB | 237/326 kB | 62 kB                                                                   Downloaded from central: https://repo.maven.apache.org/maven2/commons-logging/commons-logging/1.2/commons-logging-1.2.jar (62 kB at 9.1 kB/s)
Progress (4): 1.5/3.0 MB | 414 kB | 455/767 kB | 241/326 kB                                                           Downloading from central: https://repo.maven.apache.org/maven2/commons-codec/commons-codec/1.10/commons-codec-1.10.jar
Progress (4): 1.5/3.0 MB | 414 kB | 455/767 kB | 245/326 kBProgress (4): 1.5/3.0 MB | 414 kB | 455/767 kB | 245/326 kBProgress (4): 1.5/3.0 MB | 414 kB | 459/767 kB | 245/326 kBProgress (4): 1.5/3.0 MB | 414 kB | 463/767 kB | 245/326 kBProgress (4): 1.5/3.0 MB | 414 kB | 467/767 kB | 245/326 kBProgress (4): 1.5/3.0 MB | 414 kB | 471/767 kB | 245/326 kBProgress (4): 1.5/3.0 MB | 414 kB | 471/767 kB | 249/326 kBProgress (4): 1.5/3.0 MB | 414 kB | 471/767 kB | 253/326 kBProgress (4): 1.5/3.0 MB | 414 kB | 471/767 kB | 258/326 kBProgress (4): 1.5/3.0 MB | 414 kB | 471/767 kB | 262/326 kBProgress (4): 1.6/3.0 MB | 414 kB | 471/767 kB | 262/326 kBProgress (4): 1.6/3.0 MB | 414 kB | 475/767 kB | 262/326 kBProgress (4): 1.6/3.0 MB | 414 kB | 479/767 kB | 262/326 kBProgress (4): 1.6/3.0 MB | 414 kB | 483/767 kB | 262/326 kBProgress (4): 1.6/3.0 MB | 414 kB | 487/767 kB | 262/326 kBProgress (4): 1.6/3.0 MB | 414 kB | 487/767 kB | 262/326 kB                                                           Downloaded from central: https://repo.maven.apache.org/maven2/com/squareup/okhttp3/okhttp/3.11.0/okhttp-3.11.0.jar (414 kB at 60 kB/s)
Downloading from central: https://repo.maven.apache.org/maven2/cglib/cglib/3.2.8/cglib-3.2.8.jar
Progress (3): 1.6/3.0 MB | 492/767 kB | 262/326 kBProgress (3): 1.6/3.0 MB | 496/767 kB | 262/326 kBProgress (3): 1.6/3.0 MB | 500/767 kB | 262/326 kBProgress (3): 1.6/3.0 MB | 504/767 kB | 262/326 kBProgress (3): 1.6/3.0 MB | 504/767 kB | 266/326 kBProgress (3): 1.6/3.0 MB | 504/767 kB | 270/326 kBProgress (3): 1.6/3.0 MB | 504/767 kB | 274/326 kBProgress (3): 1.6/3.0 MB | 504/767 kB | 278/326 kBProgress (3): 1.6/3.0 MB | 504/767 kB | 282/326 kBProgress (3): 1.6/3.0 MB | 504/767 kB | 286/326 kBProgress (3): 1.6/3.0 MB | 504/767 kB | 290/326 kBProgress (3): 1.6/3.0 MB | 504/767 kB | 294/326 kBProgress (4): 1.6/3.0 MB | 504/767 kB | 294/326 kB | 4.1/284 kBProgress (4): 1.6/3.0 MB | 504/767 kB | 294/326 kB | 7.7/284 kBProgress (4): 1.6/3.0 MB | 504/767 kB | 294/326 kB | 12/284 kB Progress (4): 1.6/3.0 MB | 504/767 kB | 294/326 kB | 16/284 kBProgress (4): 1.6/3.0 MB | 504/767 kB | 294/326 kB | 16/284 kBProgress (4): 1.6/3.0 MB | 508/767 kB | 294/326 kB | 16/284 kBProgress (4): 1.6/3.0 MB | 512/767 kB | 294/326 kB | 16/284 kBProgress (4): 1.6/3.0 MB | 516/767 kB | 294/326 kB | 16/284 kBProgress (4): 1.6/3.0 MB | 520/767 kB | 294/326 kB | 16/284 kBProgress (4): 1.6/3.0 MB | 520/767 kB | 294/326 kB | 16/284 kBProgress (4): 1.6/3.0 MB | 524/767 kB | 294/326 kB | 16/284 kBProgress (4): 1.6/3.0 MB | 528/767 kB | 294/326 kB | 16/284 kBProgress (4): 1.6/3.0 MB | 532/767 kB | 294/326 kB | 16/284 kBProgress (4): 1.6/3.0 MB | 537/767 kB | 294/326 kB | 16/284 kBProgress (4): 1.6/3.0 MB | 537/767 kB | 298/326 kB | 16/284 kBProgress (4): 1.6/3.0 MB | 537/767 kB | 303/326 kB | 16/284 kBProgress (4): 1.6/3.0 MB | 537/767 kB | 307/326 kB | 16/284 kBProgress (4): 1.6/3.0 MB | 537/767 kB | 311/326 kB | 16/284 kBProgress (5): 1.6/3.0 MB | 537/767 kB | 311/326 kB | 16/284 kB | 2.2/307 kBProgress (5): 1.6/3.0 MB | 537/767 kB | 311/326 kB | 16/284 kB | 5.0/307 kBProgress (5): 1.6/3.0 MB | 537/767 kB | 311/326 kB | 16/284 kB | 7.7/307 kBProgress (5): 1.6/3.0 MB | 537/767 kB | 311/326 kB | 16/284 kB | 10/307 kB Progress (5): 1.6/3.0 MB | 537/767 kB | 311/326 kB | 16/284 kB | 13/307 kBProgress (5): 1.6/3.0 MB | 537/767 kB | 315/326 kB | 16/284 kB | 13/307 kBProgress (5): 1.6/3.0 MB | 537/767 kB | 319/326 kB | 16/284 kB | 13/307 kBProgress (5): 1.6/3.0 MB | 537/767 kB | 323/326 kB | 16/284 kB | 13/307 kBProgress (5): 1.6/3.0 MB | 537/767 kB | 326 kB | 16/284 kB | 13/307 kB    Progress (5): 1.6/3.0 MB | 541/767 kB | 326 kB | 16/284 kB | 13/307 kBProgress (5): 1.6/3.0 MB | 545/767 kB | 326 kB | 16/284 kB | 13/307 kBProgress (5): 1.6/3.0 MB | 549/767 kB | 326 kB | 16/284 kB | 13/307 kBProgress (5): 1.6/3.0 MB | 553/767 kB | 326 kB | 16/284 kB | 13/307 kBProgress (5): 1.6/3.0 MB | 553/767 kB | 326 kB | 16/284 kB | 13/307 kBProgress (5): 1.6/3.0 MB | 553/767 kB | 326 kB | 20/284 kB | 13/307 kBProgress (5): 1.6/3.0 MB | 553/767 kB | 326 kB | 24/284 kB | 13/307 kBProgress (5): 1.6/3.0 MB | 553/767 kB | 326 kB | 28/284 kB | 13/307 kBProgress (5): 1.6/3.0 MB | 553/767 kB | 326 kB | 32/284 kB | 13/307 kBProgress (5): 1.6/3.0 MB | 553/767 kB | 326 kB | 36/284 kB | 13/307 kBProgress (5): 1.6/3.0 MB | 553/767 kB | 326 kB | 40/284 kB | 13/307 kBProgress (5): 1.6/3.0 MB | 553/767 kB | 326 kB | 45/284 kB | 13/307 kBProgress (5): 1.6/3.0 MB | 553/767 kB | 326 kB | 49/284 kB | 13/307 kBProgress (5): 1.6/3.0 MB | 553/767 kB | 326 kB | 49/284 kB | 13/307 kBProgress (5): 1.6/3.0 MB | 557/767 kB | 326 kB | 49/284 kB | 13/307 kBProgress (5): 1.6/3.0 MB | 561/767 kB | 326 kB | 49/284 kB | 13/307 kBProgress (5): 1.6/3.0 MB | 565/767 kB | 326 kB | 49/284 kB | 13/307 kBProgress (5): 1.6/3.0 MB | 569/767 kB | 326 kB | 49/284 kB | 13/307 kBProgress (5): 1.7/3.0 MB | 569/767 kB | 326 kB | 49/284 kB | 13/307 kBProgress (5): 1.7/3.0 MB | 573/767 kB | 326 kB | 49/284 kB | 13/307 kBProgress (5): 1.7/3.0 MB | 578/767 kB | 326 kB | 49/284 kB | 13/307 kBProgress (5): 1.7/3.0 MB | 582/767 kB | 326 kB | 49/284 kB | 13/307 kBProgress (5): 1.7/3.0 MB | 586/767 kB | 326 kB | 49/284 kB | 13/307 kBProgress (5): 1.7/3.0 MB | 586/767 kB | 326 kB | 49/284 kB | 16/307 kBProgress (5): 1.7/3.0 MB | 586/767 kB | 326 kB | 49/284 kB | 19/307 kBProgress (5): 1.7/3.0 MB | 586/767 kB | 326 kB | 49/284 kB | 21/307 kBProgress (5): 1.7/3.0 MB | 586/767 kB | 326 kB | 49/284 kB | 24/307 kBProgress (5): 1.7/3.0 MB | 586/767 kB | 326 kB | 49/284 kB | 27/307 kBProgress (5): 1.7/3.0 MB | 586/767 kB | 326 kB | 53/284 kB | 27/307 kBProgress (5): 1.7/3.0 MB | 586/767 kB | 326 kB | 57/284 kB | 27/307 kB                                                                      Downloaded from central: https://repo.maven.apache.org/maven2/org/apache/httpcomponents/httpcore/4.4.10/httpcore-4.4.10.jar (326 kB at 45 kB/s)
Downloading from central: https://repo.maven.apache.org/maven2/org/ow2/asm/asm/6.2.1/asm-6.2.1.jar
Progress (4): 1.7/3.0 MB | 586/767 kB | 61/284 kB | 27/307 kBProgress (4): 1.7/3.0 MB | 586/767 kB | 65/284 kB | 27/307 kBProgress (4): 1.7/3.0 MB | 586/767 kB | 65/284 kB | 30/307 kBProgress (4): 1.7/3.0 MB | 586/767 kB | 69/284 kB | 30/307 kBProgress (4): 1.7/3.0 MB | 586/767 kB | 73/284 kB | 30/307 kBProgress (4): 1.7/3.0 MB | 586/767 kB | 77/284 kB | 30/307 kBProgress (4): 1.7/3.0 MB | 586/767 kB | 81/284 kB | 30/307 kBProgress (4): 1.7/3.0 MB | 586/767 kB | 81/284 kB | 30/307 kBProgress (4): 1.7/3.0 MB | 590/767 kB | 81/284 kB | 30/307 kBProgress (4): 1.7/3.0 MB | 594/767 kB | 81/284 kB | 30/307 kBProgress (4): 1.7/3.0 MB | 598/767 kB | 81/284 kB | 30/307 kBProgress (4): 1.7/3.0 MB | 602/767 kB | 81/284 kB | 30/307 kBProgress (4): 1.7/3.0 MB | 606/767 kB | 81/284 kB | 30/307 kBProgress (4): 1.7/3.0 MB | 610/767 kB | 81/284 kB | 30/307 kBProgress (4): 1.7/3.0 MB | 614/767 kB | 81/284 kB | 30/307 kBProgress (4): 1.7/3.0 MB | 618/767 kB | 81/284 kB | 30/307 kBProgress (4): 1.7/3.0 MB | 618/767 kB | 81/284 kB | 30/307 kBProgress (4): 1.7/3.0 MB | 623/767 kB | 81/284 kB | 30/307 kBProgress (4): 1.7/3.0 MB | 627/767 kB | 81/284 kB | 30/307 kBProgress (4): 1.7/3.0 MB | 631/767 kB | 81/284 kB | 30/307 kBProgress (4): 1.7/3.0 MB | 635/767 kB | 81/284 kB | 30/307 kBProgress (4): 1.7/3.0 MB | 635/767 kB | 81/284 kB | 32/307 kBProgress (4): 1.7/3.0 MB | 635/767 kB | 81/284 kB | 32/307 kBProgress (4): 1.7/3.0 MB | 635/767 kB | 85/284 kB | 32/307 kBProgress (4): 1.7/3.0 MB | 635/767 kB | 90/284 kB | 32/307 kBProgress (4): 1.7/3.0 MB | 635/767 kB | 94/284 kB | 32/307 kBProgress (4): 1.7/3.0 MB | 635/767 kB | 98/284 kB | 32/307 kBProgress (5): 1.7/3.0 MB | 635/767 kB | 98/284 kB | 32/307 kB | 2.2/113 kBProgress (5): 1.7/3.0 MB | 635/767 kB | 98/284 kB | 32/307 kB | 5.0/113 kBProgress (5): 1.7/3.0 MB | 635/767 kB | 98/284 kB | 32/307 kB | 7.7/113 kBProgress (5): 1.7/3.0 MB | 635/767 kB | 98/284 kB | 32/307 kB | 10/113 kB Progress (5): 1.7/3.0 MB | 635/767 kB | 98/284 kB | 32/307 kB | 13/113 kBProgress (5): 1.7/3.0 MB | 635/767 kB | 98/284 kB | 32/307 kB | 16/113 kBProgress (5): 1.7/3.0 MB | 635/767 kB | 98/284 kB | 32/307 kB | 19/113 kBProgress (5): 1.7/3.0 MB | 635/767 kB | 98/284 kB | 32/307 kB | 21/113 kBProgress (5): 1.7/3.0 MB | 635/767 kB | 98/284 kB | 32/307 kB | 24/113 kBProgress (5): 1.7/3.0 MB | 635/767 kB | 98/284 kB | 32/307 kB | 27/113 kBProgress (5): 1.7/3.0 MB | 635/767 kB | 98/284 kB | 32/307 kB | 30/113 kBProgress (5): 1.7/3.0 MB | 635/767 kB | 98/284 kB | 32/307 kB | 32/113 kBProgress (5): 1.7/3.0 MB | 635/767 kB | 102/284 kB | 32/307 kB | 32/113 kBProgress (5): 1.7/3.0 MB | 635/767 kB | 106/284 kB | 32/307 kB | 32/113 kBProgress (5): 1.7/3.0 MB | 635/767 kB | 110/284 kB | 32/307 kB | 32/113 kBProgress (5): 1.7/3.0 MB | 635/767 kB | 114/284 kB | 32/307 kB | 32/113 kBProgress (5): 1.7/3.0 MB | 639/767 kB | 114/284 kB | 32/307 kB | 32/113 kBProgress (5): 1.7/3.0 MB | 643/767 kB | 114/284 kB | 32/307 kB | 32/113 kBProgress (5): 1.7/3.0 MB | 647/767 kB | 114/284 kB | 32/307 kB | 32/113 kBProgress (5): 1.7/3.0 MB | 651/767 kB | 114/284 kB | 32/307 kB | 32/113 kBProgress (5): 1.7/3.0 MB | 651/767 kB | 114/284 kB | 32/307 kB | 32/113 kBProgress (5): 1.7/3.0 MB | 651/767 kB | 118/284 kB | 32/307 kB | 32/113 kBProgress (5): 1.7/3.0 MB | 651/767 kB | 122/284 kB | 32/307 kB | 32/113 kBProgress (5): 1.7/3.0 MB | 651/767 kB | 126/284 kB | 32/307 kB | 32/113 kBProgress (5): 1.7/3.0 MB | 651/767 kB | 131/284 kB | 32/307 kB | 32/113 kBProgress (5): 1.7/3.0 MB | 651/767 kB | 131/284 kB | 36/307 kB | 32/113 kBProgress (5): 1.7/3.0 MB | 651/767 kB | 131/284 kB | 40/307 kB | 32/113 kBProgress (5): 1.7/3.0 MB | 651/767 kB | 131/284 kB | 45/307 kB | 32/113 kBProgress (5): 1.7/3.0 MB | 651/767 kB | 131/284 kB | 49/307 kB | 32/113 kBProgress (5): 1.7/3.0 MB | 651/767 kB | 131/284 kB | 49/307 kB | 36/113 kBProgress (5): 1.7/3.0 MB | 651/767 kB | 131/284 kB | 49/307 kB | 40/113 kBProgress (5): 1.7/3.0 MB | 651/767 kB | 131/284 kB | 49/307 kB | 45/113 kBProgress (5): 1.7/3.0 MB | 651/767 kB | 131/284 kB | 49/307 kB | 49/113 kBProgress (5): 1.7/3.0 MB | 651/767 kB | 131/284 kB | 49/307 kB | 53/113 kBProgress (5): 1.7/3.0 MB | 651/767 kB | 131/284 kB | 49/307 kB | 57/113 kBProgress (5): 1.7/3.0 MB | 651/767 kB | 131/284 kB | 49/307 kB | 61/113 kBProgress (5): 1.7/3.0 MB | 651/767 kB | 131/284 kB | 49/307 kB | 65/113 kBProgress (5): 1.7/3.0 MB | 651/767 kB | 131/284 kB | 49/307 kB | 69/113 kBProgress (5): 1.7/3.0 MB | 651/767 kB | 131/284 kB | 49/307 kB | 73/113 kBProgress (5): 1.7/3.0 MB | 651/767 kB | 131/284 kB | 49/307 kB | 77/113 kBProgress (5): 1.7/3.0 MB | 651/767 kB | 131/284 kB | 49/307 kB | 81/113 kBProgress (5): 1.7/3.0 MB | 651/767 kB | 135/284 kB | 49/307 kB | 81/113 kBProgress (5): 1.7/3.0 MB | 651/767 kB | 139/284 kB | 49/307 kB | 81/113 kBProgress (5): 1.7/3.0 MB | 651/767 kB | 143/284 kB | 49/307 kB | 81/113 kBProgress (5): 1.7/3.0 MB | 651/767 kB | 147/284 kB | 49/307 kB | 81/113 kBProgress (5): 1.7/3.0 MB | 655/767 kB | 147/284 kB | 49/307 kB | 81/113 kBProgress (5): 1.7/3.0 MB | 659/767 kB | 147/284 kB | 49/307 kB | 81/113 kBProgress (5): 1.7/3.0 MB | 664/767 kB | 147/284 kB | 49/307 kB | 81/113 kBProgress (5): 1.7/3.0 MB | 668/767 kB | 147/284 kB | 49/307 kB | 81/113 kBProgress (5): 1.7/3.0 MB | 668/767 kB | 147/284 kB | 49/307 kB | 81/113 kBProgress (5): 1.7/3.0 MB | 668/767 kB | 151/284 kB | 49/307 kB | 81/113 kBProgress (5): 1.7/3.0 MB | 668/767 kB | 155/284 kB | 49/307 kB | 81/113 kBProgress (5): 1.7/3.0 MB | 672/767 kB | 155/284 kB | 49/307 kB | 81/113 kBProgress (5): 1.7/3.0 MB | 672/767 kB | 159/284 kB | 49/307 kB | 81/113 kBProgress (5): 1.7/3.0 MB | 676/767 kB | 159/284 kB | 49/307 kB | 81/113 kBProgress (5): 1.7/3.0 MB | 676/767 kB | 163/284 kB | 49/307 kB | 81/113 kBProgress (5): 1.7/3.0 MB | 680/767 kB | 163/284 kB | 49/307 kB | 81/113 kBProgress (5): 1.7/3.0 MB | 684/767 kB | 163/284 kB | 49/307 kB | 81/113 kBProgress (5): 1.7/3.0 MB | 684/767 kB | 163/284 kB | 53/307 kB | 81/113 kBProgress (5): 1.7/3.0 MB | 688/767 kB | 163/284 kB | 53/307 kB | 81/113 kBProgress (5): 1.7/3.0 MB | 688/767 kB | 163/284 kB | 57/307 kB | 81/113 kBProgress (5): 1.7/3.0 MB | 692/767 kB | 163/284 kB | 57/307 kB | 81/113 kBProgress (5): 1.7/3.0 MB | 692/767 kB | 163/284 kB | 61/307 kB | 81/113 kBProgress (5): 1.7/3.0 MB | 696/767 kB | 163/284 kB | 61/307 kB | 81/113 kBProgress (5): 1.7/3.0 MB | 696/767 kB | 163/284 kB | 65/307 kB | 81/113 kBProgress (5): 1.7/3.0 MB | 700/767 kB | 163/284 kB | 65/307 kB | 81/113 kBProgress (5): 1.7/3.0 MB | 705/767 kB | 163/284 kB | 65/307 kB | 81/113 kBProgress (5): 1.7/3.0 MB | 709/767 kB | 163/284 kB | 65/307 kB | 81/113 kBProgress (5): 1.7/3.0 MB | 713/767 kB | 163/284 kB | 65/307 kB | 81/113 kBProgress (5): 1.7/3.0 MB | 717/767 kB | 163/284 kB | 65/307 kB | 81/113 kBProgress (5): 1.8/3.0 MB | 717/767 kB | 163/284 kB | 65/307 kB | 81/113 kBProgress (5): 1.8/3.0 MB | 717/767 kB | 163/284 kB | 65/307 kB | 81/113 kBProgress (5): 1.8/3.0 MB | 717/767 kB | 163/284 kB | 65/307 kB | 85/113 kBProgress (5): 1.8/3.0 MB | 717/767 kB | 163/284 kB | 65/307 kB | 90/113 kBProgress (5): 1.8/3.0 MB | 717/767 kB | 163/284 kB | 65/307 kB | 94/113 kBProgress (5): 1.8/3.0 MB | 717/767 kB | 163/284 kB | 65/307 kB | 98/113 kBProgress (5): 1.8/3.0 MB | 717/767 kB | 163/284 kB | 65/307 kB | 102/113 kBProgress (5): 1.8/3.0 MB | 717/767 kB | 163/284 kB | 65/307 kB | 106/113 kBProgress (5): 1.8/3.0 MB | 717/767 kB | 163/284 kB | 65/307 kB | 110/113 kBProgress (5): 1.8/3.0 MB | 717/767 kB | 163/284 kB | 65/307 kB | 113 kB    Progress (5): 1.8/3.0 MB | 717/767 kB | 167/284 kB | 65/307 kB | 113 kBProgress (5): 1.8/3.0 MB | 717/767 kB | 171/284 kB | 65/307 kB | 113 kBProgress (5): 1.8/3.0 MB | 717/767 kB | 171/284 kB | 65/307 kB | 113 kBProgress (5): 1.8/3.0 MB | 717/767 kB | 176/284 kB | 65/307 kB | 113 kBProgress (5): 1.8/3.0 MB | 717/767 kB | 180/284 kB | 65/307 kB | 113 kBProgress (5): 1.8/3.0 MB | 721/767 kB | 180/284 kB | 65/307 kB | 113 kBProgress (5): 1.8/3.0 MB | 725/767 kB | 180/284 kB | 65/307 kB | 113 kBProgress (5): 1.8/3.0 MB | 729/767 kB | 180/284 kB | 65/307 kB | 113 kBProgress (5): 1.8/3.0 MB | 733/767 kB | 180/284 kB | 65/307 kB | 113 kBProgress (5): 1.8/3.0 MB | 733/767 kB | 180/284 kB | 69/307 kB | 113 kBProgress (5): 1.8/3.0 MB | 733/767 kB | 180/284 kB | 73/307 kB | 113 kBProgress (5): 1.8/3.0 MB | 733/767 kB | 180/284 kB | 73/307 kB | 113 kBProgress (5): 1.8/3.0 MB | 733/767 kB | 180/284 kB | 77/307 kB | 113 kBProgress (5): 1.8/3.0 MB | 733/767 kB | 180/284 kB | 81/307 kB | 113 kBProgress (5): 1.8/3.0 MB | 737/767 kB | 180/284 kB | 81/307 kB | 113 kBProgress (5): 1.8/3.0 MB | 741/767 kB | 180/284 kB | 81/307 kB | 113 kBProgress (5): 1.8/3.0 MB | 745/767 kB | 180/284 kB | 81/307 kB | 113 kBProgress (5): 1.8/3.0 MB | 750/767 kB | 180/284 kB | 81/307 kB | 113 kBProgress (5): 1.8/3.0 MB | 750/767 kB | 184/284 kB | 81/307 kB | 113 kBProgress (5): 1.8/3.0 MB | 750/767 kB | 188/284 kB | 81/307 kB | 113 kBProgress (5): 1.8/3.0 MB | 750/767 kB | 192/284 kB | 81/307 kB | 113 kBProgress (5): 1.8/3.0 MB | 750/767 kB | 196/284 kB | 81/307 kB | 113 kBProgress (5): 1.8/3.0 MB | 750/767 kB | 196/284 kB | 85/307 kB | 113 kBProgress (5): 1.8/3.0 MB | 750/767 kB | 196/284 kB | 90/307 kB | 113 kBProgress (5): 1.8/3.0 MB | 750/767 kB | 196/284 kB | 94/307 kB | 113 kBProgress (5): 1.8/3.0 MB | 750/767 kB | 196/284 kB | 98/307 kB | 113 kB                                                                       Downloaded from central: https://repo.maven.apache.org/maven2/org/ow2/asm/asm/6.2.1/asm-6.2.1.jar (113 kB at 14 kB/s)
Downloading from central: https://repo.maven.apache.org/maven2/org/apache/ant/ant/1.10.3/ant-1.10.3.jar
Progress (4): 1.8/3.0 MB | 750/767 kB | 200/284 kB | 98/307 kBProgress (4): 1.8/3.0 MB | 750/767 kB | 204/284 kB | 98/307 kBProgress (4): 1.8/3.0 MB | 750/767 kB | 208/284 kB | 98/307 kBProgress (4): 1.8/3.0 MB | 750/767 kB | 212/284 kB | 98/307 kBProgress (4): 1.8/3.0 MB | 750/767 kB | 212/284 kB | 98/307 kBProgress (4): 1.8/3.0 MB | 750/767 kB | 217/284 kB | 98/307 kBProgress (4): 1.8/3.0 MB | 750/767 kB | 221/284 kB | 98/307 kBProgress (4): 1.8/3.0 MB | 750/767 kB | 225/284 kB | 98/307 kBProgress (4): 1.8/3.0 MB | 750/767 kB | 229/284 kB | 98/307 kBProgress (4): 1.8/3.0 MB | 754/767 kB | 229/284 kB | 98/307 kBProgress (4): 1.8/3.0 MB | 758/767 kB | 229/284 kB | 98/307 kBProgress (4): 1.8/3.0 MB | 762/767 kB | 229/284 kB | 98/307 kBProgress (4): 1.8/3.0 MB | 766/767 kB | 229/284 kB | 98/307 kBProgress (4): 1.8/3.0 MB | 767 kB | 229/284 kB | 98/307 kB    Progress (4): 1.8/3.0 MB | 767 kB | 229/284 kB | 98/307 kBProgress (4): 1.8/3.0 MB | 767 kB | 229/284 kB | 102/307 kBProgress (4): 1.8/3.0 MB | 767 kB | 229/284 kB | 106/307 kBProgress (4): 1.8/3.0 MB | 767 kB | 229/284 kB | 110/307 kBProgress (4): 1.8/3.0 MB | 767 kB | 229/284 kB | 114/307 kBProgress (4): 1.8/3.0 MB | 767 kB | 233/284 kB | 114/307 kBProgress (4): 1.8/3.0 MB | 767 kB | 237/284 kB | 114/307 kBProgress (4): 1.8/3.0 MB | 767 kB | 241/284 kB | 114/307 kBProgress (4): 1.8/3.0 MB | 767 kB | 245/284 kB | 114/307 kBProgress (4): 1.8/3.0 MB | 767 kB | 249/284 kB | 114/307 kBProgress (4): 1.8/3.0 MB | 767 kB | 253/284 kB | 114/307 kBProgress (4): 1.8/3.0 MB | 767 kB | 258/284 kB | 114/307 kBProgress (4): 1.8/3.0 MB | 767 kB | 262/284 kB | 114/307 kBProgress (4): 1.9/3.0 MB | 767 kB | 262/284 kB | 114/307 kB                                                           Downloaded from central: https://repo.maven.apache.org/maven2/org/apache/httpcomponents/httpclient/4.5.6/httpclient-4.5.6.jar (767 kB at 93 kB/s)
Downloading from central: https://repo.maven.apache.org/maven2/org/apache/ant/ant-launcher/1.10.3/ant-launcher-1.10.3.jar
Progress (4): 1.9/3.0 MB | 262/284 kB | 114/307 kB | 0/2.2 MBProgress (4): 1.9/3.0 MB | 262/284 kB | 114/307 kB | 0/2.2 MBProgress (4): 1.9/3.0 MB | 262/284 kB | 114/307 kB | 0/2.2 MBProgress (4): 1.9/3.0 MB | 262/284 kB | 118/307 kB | 0/2.2 MBProgress (4): 1.9/3.0 MB | 262/284 kB | 122/307 kB | 0/2.2 MBProgress (4): 1.9/3.0 MB | 262/284 kB | 126/307 kB | 0/2.2 MBProgress (4): 1.9/3.0 MB | 262/284 kB | 131/307 kB | 0/2.2 MBProgress (4): 1.9/3.0 MB | 266/284 kB | 131/307 kB | 0/2.2 MBProgress (4): 1.9/3.0 MB | 270/284 kB | 131/307 kB | 0/2.2 MBProgress (4): 1.9/3.0 MB | 274/284 kB | 131/307 kB | 0/2.2 MBProgress (4): 1.9/3.0 MB | 278/284 kB | 131/307 kB | 0/2.2 MBProgress (4): 1.9/3.0 MB | 282/284 kB | 131/307 kB | 0/2.2 MBProgress (4): 1.9/3.0 MB | 284 kB | 131/307 kB | 0/2.2 MB    Progress (4): 1.9/3.0 MB | 284 kB | 131/307 kB | 0/2.2 MBProgress (4): 1.9/3.0 MB | 284 kB | 131/307 kB | 0/2.2 MBProgress (5): 1.9/3.0 MB | 284 kB | 131/307 kB | 0/2.2 MB | 2.8/19 kBProgress (5): 1.9/3.0 MB | 284 kB | 131/307 kB | 0/2.2 MB | 5.5/19 kBProgress (5): 1.9/3.0 MB | 284 kB | 131/307 kB | 0/2.2 MB | 8.3/19 kBProgress (5): 1.9/3.0 MB | 284 kB | 131/307 kB | 0/2.2 MB | 11/19 kB Progress (5): 1.9/3.0 MB | 284 kB | 131/307 kB | 0/2.2 MB | 14/19 kBProgress (5): 1.9/3.0 MB | 284 kB | 131/307 kB | 0/2.2 MB | 16/19 kBProgress (5): 1.9/3.0 MB | 284 kB | 131/307 kB | 0/2.2 MB | 19 kB   Progress (5): 1.9/3.0 MB | 284 kB | 131/307 kB | 0.1/2.2 MB | 19 kBProgress (5): 1.9/3.0 MB | 284 kB | 131/307 kB | 0.1/2.2 MB | 19 kBProgress (5): 1.9/3.0 MB | 284 kB | 131/307 kB | 0.1/2.2 MB | 19 kBProgress (5): 1.9/3.0 MB | 284 kB | 135/307 kB | 0.1/2.2 MB | 19 kBProgress (5): 1.9/3.0 MB | 284 kB | 139/307 kB | 0.1/2.2 MB | 19 kBProgress (5): 1.9/3.0 MB | 284 kB | 143/307 kB | 0.1/2.2 MB | 19 kBProgress (5): 1.9/3.0 MB | 284 kB | 147/307 kB | 0.1/2.2 MB | 19 kBProgress (5): 1.9/3.0 MB | 284 kB | 147/307 kB | 0.1/2.2 MB | 19 kB                                                                   Downloaded from central: https://repo.maven.apache.org/maven2/commons-codec/commons-codec/1.10/commons-codec-1.10.jar (284 kB at 33 kB/s)
Downloading from central: https://repo.maven.apache.org/maven2/commons-validator/commons-validator/1.6/commons-validator-1.6.jar
Progress (4): 1.9/3.0 MB | 147/307 kB | 0.1/2.2 MB | 19 kBProgress (4): 1.9/3.0 MB | 147/307 kB | 0.1/2.2 MB | 19 kBProgress (4): 1.9/3.0 MB | 147/307 kB | 0.1/2.2 MB | 19 kB                                                          Downloaded from central: https://repo.maven.apache.org/maven2/org/apache/ant/ant-launcher/1.10.3/ant-launcher-1.10.3.jar (19 kB at 2.2 kB/s)
Downloading from central: https://repo.maven.apache.org/maven2/commons-beanutils/commons-beanutils/1.9.2/commons-beanutils-1.9.2.jar
Progress (3): 1.9/3.0 MB | 147/307 kB | 0.1/2.2 MBProgress (3): 1.9/3.0 MB | 151/307 kB | 0.1/2.2 MBProgress (3): 1.9/3.0 MB | 155/307 kB | 0.1/2.2 MBProgress (3): 1.9/3.0 MB | 159/307 kB | 0.1/2.2 MBProgress (3): 1.9/3.0 MB | 163/307 kB | 0.1/2.2 MBProgress (3): 1.9/3.0 MB | 163/307 kB | 0.1/2.2 MBProgress (3): 1.9/3.0 MB | 167/307 kB | 0.1/2.2 MBProgress (3): 1.9/3.0 MB | 171/307 kB | 0.1/2.2 MBProgress (3): 1.9/3.0 MB | 176/307 kB | 0.1/2.2 MBProgress (3): 1.9/3.0 MB | 180/307 kB | 0.1/2.2 MBProgress (3): 2.0/3.0 MB | 180/307 kB | 0.1/2.2 MBProgress (4): 2.0/3.0 MB | 180/307 kB | 0.1/2.2 MB | 2.2/186 kBProgress (4): 2.0/3.0 MB | 180/307 kB | 0.1/2.2 MB | 5.0/186 kBProgress (4): 2.0/3.0 MB | 180/307 kB | 0.1/2.2 MB | 7.7/186 kBProgress (4): 2.0/3.0 MB | 180/307 kB | 0.1/2.2 MB | 10/186 kB Progress (4): 2.0/3.0 MB | 180/307 kB | 0.1/2.2 MB | 13/186 kBProgress (4): 2.0/3.0 MB | 180/307 kB | 0.1/2.2 MB | 16/186 kBProgress (4): 2.0/3.0 MB | 180/307 kB | 0.1/2.2 MB | 19/186 kBProgress (4): 2.0/3.0 MB | 180/307 kB | 0.1/2.2 MB | 21/186 kBProgress (4): 2.0/3.0 MB | 180/307 kB | 0.1/2.2 MB | 24/186 kBProgress (4): 2.0/3.0 MB | 180/307 kB | 0.1/2.2 MB | 27/186 kBProgress (4): 2.0/3.0 MB | 180/307 kB | 0.1/2.2 MB | 30/186 kBProgress (4): 2.0/3.0 MB | 180/307 kB | 0.1/2.2 MB | 32/186 kBProgress (4): 2.0/3.0 MB | 180/307 kB | 0.1/2.2 MB | 32/186 kBProgress (4): 2.0/3.0 MB | 180/307 kB | 0.2/2.2 MB | 32/186 kBProgress (4): 2.0/3.0 MB | 180/307 kB | 0.2/2.2 MB | 32/186 kBProgress (5): 2.0/3.0 MB | 180/307 kB | 0.2/2.2 MB | 32/186 kB | 2.2/234 kBProgress (5): 2.0/3.0 MB | 180/307 kB | 0.2/2.2 MB | 32/186 kB | 5.0/234 kBProgress (5): 2.0/3.0 MB | 180/307 kB | 0.2/2.2 MB | 32/186 kB | 7.7/234 kBProgress (5): 2.0/3.0 MB | 180/307 kB | 0.2/2.2 MB | 32/186 kB | 10/234 kB Progress (5): 2.0/3.0 MB | 180/307 kB | 0.2/2.2 MB | 32/186 kB | 13/234 kBProgress (5): 2.0/3.0 MB | 180/307 kB | 0.2/2.2 MB | 32/186 kB | 16/234 kBProgress (5): 2.0/3.0 MB | 180/307 kB | 0.2/2.2 MB | 32/186 kB | 19/234 kBProgress (5): 2.0/3.0 MB | 180/307 kB | 0.2/2.2 MB | 32/186 kB | 21/234 kBProgress (5): 2.0/3.0 MB | 180/307 kB | 0.2/2.2 MB | 32/186 kB | 24/234 kBProgress (5): 2.0/3.0 MB | 180/307 kB | 0.2/2.2 MB | 32/186 kB | 27/234 kBProgress (5): 2.0/3.0 MB | 180/307 kB | 0.2/2.2 MB | 32/186 kB | 30/234 kBProgress (5): 2.0/3.0 MB | 180/307 kB | 0.2/2.2 MB | 32/186 kB | 32/234 kBProgress (5): 2.0/3.0 MB | 180/307 kB | 0.2/2.2 MB | 32/186 kB | 32/234 kBProgress (5): 2.0/3.0 MB | 180/307 kB | 0.2/2.2 MB | 36/186 kB | 32/234 kBProgress (5): 2.0/3.0 MB | 180/307 kB | 0.2/2.2 MB | 40/186 kB | 32/234 kBProgress (5): 2.0/3.0 MB | 180/307 kB | 0.2/2.2 MB | 45/186 kB | 32/234 kBProgress (5): 2.0/3.0 MB | 180/307 kB | 0.2/2.2 MB | 49/186 kB | 32/234 kBProgress (5): 2.0/3.0 MB | 180/307 kB | 0.2/2.2 MB | 53/186 kB | 32/234 kBProgress (5): 2.0/3.0 MB | 180/307 kB | 0.2/2.2 MB | 57/186 kB | 32/234 kBProgress (5): 2.0/3.0 MB | 180/307 kB | 0.2/2.2 MB | 61/186 kB | 32/234 kBProgress (5): 2.0/3.0 MB | 180/307 kB | 0.2/2.2 MB | 65/186 kB | 32/234 kBProgress (5): 2.0/3.0 MB | 180/307 kB | 0.2/2.2 MB | 65/186 kB | 32/234 kBProgress (5): 2.0/3.0 MB | 180/307 kB | 0.2/2.2 MB | 65/186 kB | 32/234 kBProgress (5): 2.0/3.0 MB | 180/307 kB | 0.2/2.2 MB | 65/186 kB | 32/234 kBProgress (5): 2.0/3.0 MB | 180/307 kB | 0.2/2.2 MB | 65/186 kB | 36/234 kBProgress (5): 2.0/3.0 MB | 180/307 kB | 0.2/2.2 MB | 65/186 kB | 40/234 kBProgress (5): 2.0/3.0 MB | 180/307 kB | 0.2/2.2 MB | 65/186 kB | 45/234 kBProgress (5): 2.0/3.0 MB | 180/307 kB | 0.2/2.2 MB | 65/186 kB | 49/234 kBProgress (5): 2.0/3.0 MB | 180/307 kB | 0.2/2.2 MB | 65/186 kB | 53/234 kBProgress (5): 2.0/3.0 MB | 180/307 kB | 0.2/2.2 MB | 65/186 kB | 57/234 kBProgress (5): 2.0/3.0 MB | 180/307 kB | 0.2/2.2 MB | 65/186 kB | 61/234 kBProgress (5): 2.0/3.0 MB | 180/307 kB | 0.2/2.2 MB | 65/186 kB | 65/234 kBProgress (5): 2.0/3.0 MB | 184/307 kB | 0.2/2.2 MB | 65/186 kB | 65/234 kBProgress (5): 2.0/3.0 MB | 188/307 kB | 0.2/2.2 MB | 65/186 kB | 65/234 kBProgress (5): 2.0/3.0 MB | 192/307 kB | 0.2/2.2 MB | 65/186 kB | 65/234 kBProgress (5): 2.0/3.0 MB | 196/307 kB | 0.2/2.2 MB | 65/186 kB | 65/234 kBProgress (5): 2.0/3.0 MB | 200/307 kB | 0.2/2.2 MB | 65/186 kB | 65/234 kBProgress (5): 2.0/3.0 MB | 204/307 kB | 0.2/2.2 MB | 65/186 kB | 65/234 kBProgress (5): 2.0/3.0 MB | 204/307 kB | 0.2/2.2 MB | 65/186 kB | 65/234 kBProgress (5): 2.0/3.0 MB | 208/307 kB | 0.2/2.2 MB | 65/186 kB | 65/234 kBProgress (5): 2.0/3.0 MB | 208/307 kB | 0.2/2.2 MB | 65/186 kB | 65/234 kBProgress (5): 2.0/3.0 MB | 212/307 kB | 0.2/2.2 MB | 65/186 kB | 65/234 kBProgress (5): 2.0/3.0 MB | 212/307 kB | 0.2/2.2 MB | 65/186 kB | 65/234 kBProgress (5): 2.0/3.0 MB | 212/307 kB | 0.2/2.2 MB | 69/186 kB | 65/234 kBProgress (5): 2.0/3.0 MB | 212/307 kB | 0.2/2.2 MB | 73/186 kB | 65/234 kBProgress (5): 2.0/3.0 MB | 212/307 kB | 0.2/2.2 MB | 77/186 kB | 65/234 kBProgress (5): 2.0/3.0 MB | 212/307 kB | 0.2/2.2 MB | 81/186 kB | 65/234 kBProgress (5): 2.0/3.0 MB | 212/307 kB | 0.2/2.2 MB | 85/186 kB | 65/234 kBProgress (5): 2.0/3.0 MB | 212/307 kB | 0.2/2.2 MB | 90/186 kB | 65/234 kBProgress (5): 2.0/3.0 MB | 212/307 kB | 0.2/2.2 MB | 90/186 kB | 65/234 kBProgress (5): 2.0/3.0 MB | 212/307 kB | 0.2/2.2 MB | 94/186 kB | 65/234 kBProgress (5): 2.0/3.0 MB | 212/307 kB | 0.2/2.2 MB | 98/186 kB | 65/234 kBProgress (5): 2.0/3.0 MB | 212/307 kB | 0.3/2.2 MB | 98/186 kB | 65/234 kBProgress (5): 2.0/3.0 MB | 212/307 kB | 0.3/2.2 MB | 98/186 kB | 69/234 kBProgress (5): 2.0/3.0 MB | 212/307 kB | 0.3/2.2 MB | 98/186 kB | 73/234 kBProgress (5): 2.0/3.0 MB | 212/307 kB | 0.3/2.2 MB | 98/186 kB | 77/234 kBProgress (5): 2.0/3.0 MB | 212/307 kB | 0.3/2.2 MB | 98/186 kB | 81/234 kBProgress (5): 2.0/3.0 MB | 212/307 kB | 0.3/2.2 MB | 98/186 kB | 85/234 kBProgress (5): 2.0/3.0 MB | 212/307 kB | 0.3/2.2 MB | 98/186 kB | 90/234 kBProgress (5): 2.0/3.0 MB | 212/307 kB | 0.3/2.2 MB | 98/186 kB | 94/234 kBProgress (5): 2.0/3.0 MB | 212/307 kB | 0.3/2.2 MB | 98/186 kB | 98/234 kBProgress (5): 2.0/3.0 MB | 212/307 kB | 0.3/2.2 MB | 98/186 kB | 102/234 kBProgress (5): 2.0/3.0 MB | 212/307 kB | 0.3/2.2 MB | 98/186 kB | 106/234 kBProgress (5): 2.0/3.0 MB | 212/307 kB | 0.3/2.2 MB | 98/186 kB | 106/234 kBProgress (5): 2.0/3.0 MB | 212/307 kB | 0.3/2.2 MB | 98/186 kB | 110/234 kBProgress (5): 2.0/3.0 MB | 212/307 kB | 0.3/2.2 MB | 98/186 kB | 114/234 kBProgress (5): 2.0/3.0 MB | 217/307 kB | 0.3/2.2 MB | 98/186 kB | 114/234 kBProgress (5): 2.0/3.0 MB | 221/307 kB | 0.3/2.2 MB | 98/186 kB | 114/234 kBProgress (5): 2.0/3.0 MB | 225/307 kB | 0.3/2.2 MB | 98/186 kB | 114/234 kBProgress (5): 2.0/3.0 MB | 229/307 kB | 0.3/2.2 MB | 98/186 kB | 114/234 kBProgress (5): 2.1/3.0 MB | 229/307 kB | 0.3/2.2 MB | 98/186 kB | 114/234 kBProgress (5): 2.1/3.0 MB | 229/307 kB | 0.3/2.2 MB | 98/186 kB | 114/234 kBProgress (5): 2.1/3.0 MB | 229/307 kB | 0.3/2.2 MB | 102/186 kB | 114/234 kBProgress (5): 2.1/3.0 MB | 229/307 kB | 0.3/2.2 MB | 106/186 kB | 114/234 kBProgress (5): 2.1/3.0 MB | 229/307 kB | 0.3/2.2 MB | 110/186 kB | 114/234 kBProgress (5): 2.1/3.0 MB | 229/307 kB | 0.3/2.2 MB | 114/186 kB | 114/234 kBProgress (5): 2.1/3.0 MB | 229/307 kB | 0.3/2.2 MB | 118/186 kB | 114/234 kBProgress (5): 2.1/3.0 MB | 229/307 kB | 0.3/2.2 MB | 122/186 kB | 114/234 kBProgress (5): 2.1/3.0 MB | 229/307 kB | 0.3/2.2 MB | 126/186 kB | 114/234 kBProgress (5): 2.1/3.0 MB | 229/307 kB | 0.3/2.2 MB | 131/186 kB | 114/234 kBProgress (5): 2.1/3.0 MB | 229/307 kB | 0.3/2.2 MB | 131/186 kB | 114/234 kBProgress (5): 2.1/3.0 MB | 229/307 kB | 0.3/2.2 MB | 131/186 kB | 114/234 kBProgress (5): 2.1/3.0 MB | 229/307 kB | 0.3/2.2 MB | 131/186 kB | 118/234 kBProgress (5): 2.1/3.0 MB | 229/307 kB | 0.3/2.2 MB | 131/186 kB | 122/234 kBProgress (5): 2.1/3.0 MB | 229/307 kB | 0.3/2.2 MB | 131/186 kB | 126/234 kBProgress (5): 2.1/3.0 MB | 229/307 kB | 0.3/2.2 MB | 131/186 kB | 131/234 kBProgress (5): 2.1/3.0 MB | 229/307 kB | 0.3/2.2 MB | 131/186 kB | 135/234 kBProgress (5): 2.1/3.0 MB | 229/307 kB | 0.3/2.2 MB | 131/186 kB | 139/234 kBProgress (5): 2.1/3.0 MB | 229/307 kB | 0.3/2.2 MB | 131/186 kB | 143/234 kBProgress (5): 2.1/3.0 MB | 229/307 kB | 0.3/2.2 MB | 131/186 kB | 147/234 kBProgress (5): 2.1/3.0 MB | 233/307 kB | 0.3/2.2 MB | 131/186 kB | 147/234 kBProgress (5): 2.1/3.0 MB | 237/307 kB | 0.3/2.2 MB | 131/186 kB | 147/234 kBProgress (5): 2.1/3.0 MB | 241/307 kB | 0.3/2.2 MB | 131/186 kB | 147/234 kBProgress (5): 2.1/3.0 MB | 245/307 kB | 0.3/2.2 MB | 131/186 kB | 147/234 kBProgress (5): 2.1/3.0 MB | 245/307 kB | 0.3/2.2 MB | 131/186 kB | 147/234 kBProgress (5): 2.1/3.0 MB | 245/307 kB | 0.3/2.2 MB | 131/186 kB | 151/234 kBProgress (5): 2.1/3.0 MB | 245/307 kB | 0.3/2.2 MB | 131/186 kB | 155/234 kBProgress (5): 2.1/3.0 MB | 245/307 kB | 0.3/2.2 MB | 131/186 kB | 159/234 kBProgress (5): 2.1/3.0 MB | 245/307 kB | 0.3/2.2 MB | 131/186 kB | 163/234 kBProgress (5): 2.1/3.0 MB | 245/307 kB | 0.3/2.2 MB | 131/186 kB | 163/234 kBProgress (5): 2.1/3.0 MB | 245/307 kB | 0.3/2.2 MB | 135/186 kB | 163/234 kBProgress (5): 2.1/3.0 MB | 245/307 kB | 0.3/2.2 MB | 139/186 kB | 163/234 kBProgress (5): 2.1/3.0 MB | 245/307 kB | 0.3/2.2 MB | 143/186 kB | 163/234 kBProgress (5): 2.1/3.0 MB | 245/307 kB | 0.3/2.2 MB | 147/186 kB | 163/234 kBProgress (5): 2.1/3.0 MB | 245/307 kB | 0.3/2.2 MB | 151/186 kB | 163/234 kBProgress (5): 2.1/3.0 MB | 245/307 kB | 0.3/2.2 MB | 155/186 kB | 163/234 kBProgress (5): 2.1/3.0 MB | 245/307 kB | 0.3/2.2 MB | 159/186 kB | 163/234 kBProgress (5): 2.1/3.0 MB | 245/307 kB | 0.3/2.2 MB | 159/186 kB | 163/234 kBProgress (5): 2.1/3.0 MB | 245/307 kB | 0.3/2.2 MB | 163/186 kB | 163/234 kBProgress (5): 2.1/3.0 MB | 245/307 kB | 0.4/2.2 MB | 163/186 kB | 163/234 kBProgress (5): 2.1/3.0 MB | 245/307 kB | 0.4/2.2 MB | 163/186 kB | 163/234 kBProgress (5): 2.1/3.0 MB | 245/307 kB | 0.4/2.2 MB | 163/186 kB | 167/234 kBProgress (5): 2.1/3.0 MB | 245/307 kB | 0.4/2.2 MB | 163/186 kB | 171/234 kBProgress (5): 2.1/3.0 MB | 245/307 kB | 0.4/2.2 MB | 163/186 kB | 176/234 kBProgress (5): 2.1/3.0 MB | 245/307 kB | 0.4/2.2 MB | 163/186 kB | 180/234 kBProgress (5): 2.1/3.0 MB | 245/307 kB | 0.4/2.2 MB | 163/186 kB | 184/234 kBProgress (5): 2.1/3.0 MB | 245/307 kB | 0.4/2.2 MB | 163/186 kB | 188/234 kBProgress (5): 2.1/3.0 MB | 245/307 kB | 0.4/2.2 MB | 163/186 kB | 192/234 kBProgress (5): 2.1/3.0 MB | 245/307 kB | 0.4/2.2 MB | 163/186 kB | 196/234 kBProgress (5): 2.1/3.0 MB | 249/307 kB | 0.4/2.2 MB | 163/186 kB | 196/234 kBProgress (5): 2.1/3.0 MB | 253/307 kB | 0.4/2.2 MB | 163/186 kB | 196/234 kBProgress (5): 2.1/3.0 MB | 258/307 kB | 0.4/2.2 MB | 163/186 kB | 196/234 kBProgress (5): 2.1/3.0 MB | 262/307 kB | 0.4/2.2 MB | 163/186 kB | 196/234 kBProgress (5): 2.1/3.0 MB | 262/307 kB | 0.4/2.2 MB | 163/186 kB | 196/234 kBProgress (5): 2.1/3.0 MB | 262/307 kB | 0.4/2.2 MB | 163/186 kB | 196/234 kBProgress (5): 2.1/3.0 MB | 262/307 kB | 0.4/2.2 MB | 167/186 kB | 196/234 kBProgress (5): 2.1/3.0 MB | 262/307 kB | 0.4/2.2 MB | 171/186 kB | 196/234 kBProgress (5): 2.1/3.0 MB | 262/307 kB | 0.4/2.2 MB | 176/186 kB | 196/234 kBProgress (5): 2.1/3.0 MB | 262/307 kB | 0.4/2.2 MB | 180/186 kB | 196/234 kBProgress (5): 2.1/3.0 MB | 266/307 kB | 0.4/2.2 MB | 180/186 kB | 196/234 kBProgress (5): 2.1/3.0 MB | 270/307 kB | 0.4/2.2 MB | 180/186 kB | 196/234 kBProgress (5): 2.1/3.0 MB | 274/307 kB | 0.4/2.2 MB | 180/186 kB | 196/234 kBProgress (5): 2.1/3.0 MB | 274/307 kB | 0.4/2.2 MB | 184/186 kB | 196/234 kBProgress (5): 2.1/3.0 MB | 278/307 kB | 0.4/2.2 MB | 184/186 kB | 196/234 kBProgress (5): 2.1/3.0 MB | 278/307 kB | 0.4/2.2 MB | 186 kB | 196/234 kB    Progress (5): 2.1/3.0 MB | 278/307 kB | 0.4/2.2 MB | 186 kB | 196/234 kBProgress (5): 2.1/3.0 MB | 278/307 kB | 0.4/2.2 MB | 186 kB | 196/234 kBProgress (5): 2.1/3.0 MB | 278/307 kB | 0.4/2.2 MB | 186 kB | 200/234 kBProgress (5): 2.1/3.0 MB | 278/307 kB | 0.4/2.2 MB | 186 kB | 204/234 kBProgress (5): 2.1/3.0 MB | 278/307 kB | 0.4/2.2 MB | 186 kB | 208/234 kBProgress (5): 2.1/3.0 MB | 278/307 kB | 0.4/2.2 MB | 186 kB | 212/234 kBProgress (5): 2.1/3.0 MB | 278/307 kB | 0.4/2.2 MB | 186 kB | 212/234 kBProgress (5): 2.1/3.0 MB | 278/307 kB | 0.4/2.2 MB | 186 kB | 217/234 kBProgress (5): 2.1/3.0 MB | 278/307 kB | 0.4/2.2 MB | 186 kB | 221/234 kBProgress (5): 2.1/3.0 MB | 278/307 kB | 0.4/2.2 MB | 186 kB | 225/234 kBProgress (5): 2.1/3.0 MB | 278/307 kB | 0.4/2.2 MB | 186 kB | 229/234 kBProgress (5): 2.1/3.0 MB | 278/307 kB | 0.4/2.2 MB | 186 kB | 233/234 kBProgress (5): 2.1/3.0 MB | 278/307 kB | 0.4/2.2 MB | 186 kB | 234 kB    Progress (5): 2.1/3.0 MB | 278/307 kB | 0.4/2.2 MB | 186 kB | 234 kBProgress (5): 2.1/3.0 MB | 278/307 kB | 0.4/2.2 MB | 186 kB | 234 kBProgress (5): 2.1/3.0 MB | 282/307 kB | 0.4/2.2 MB | 186 kB | 234 kBProgress (5): 2.1/3.0 MB | 286/307 kB | 0.4/2.2 MB | 186 kB | 234 kBProgress (5): 2.1/3.0 MB | 290/307 kB | 0.4/2.2 MB | 186 kB | 234 kBProgress (5): 2.1/3.0 MB | 294/307 kB | 0.4/2.2 MB | 186 kB | 234 kBProgress (5): 2.1/3.0 MB | 294/307 kB | 0.4/2.2 MB | 186 kB | 234 kB                                                                    Downloaded from central: https://repo.maven.apache.org/maven2/commons-validator/commons-validator/1.6/commons-validator-1.6.jar (186 kB at 19 kB/s)
Downloading from central: https://repo.maven.apache.org/maven2/commons-digester/commons-digester/1.8.1/commons-digester-1.8.1.jar
Progress (4): 2.1/3.0 MB | 294/307 kB | 0.5/2.2 MB | 234 kBProgress (4): 2.2/3.0 MB | 294/307 kB | 0.5/2.2 MB | 234 kBProgress (4): 2.2/3.0 MB | 298/307 kB | 0.5/2.2 MB | 234 kB                                                           Downloaded from central: https://repo.maven.apache.org/maven2/commons-beanutils/commons-beanutils/1.9.2/commons-beanutils-1.9.2.jar (234 kB at 23 kB/s)
Progress (3): 2.2/3.0 MB | 298/307 kB | 0.5/2.2 MBProgress (3): 2.2/3.0 MB | 303/307 kB | 0.5/2.2 MB                                                  Downloading from central: https://repo.maven.apache.org/maven2/commons-collections/commons-collections/3.2.2/commons-collections-3.2.2.jar
Progress (3): 2.2/3.0 MB | 307/307 kB | 0.5/2.2 MBProgress (3): 2.2/3.0 MB | 307 kB | 0.5/2.2 MB    Progress (3): 2.2/3.0 MB | 307 kB | 0.5/2.2 MBProgress (3): 2.2/3.0 MB | 307 kB | 0.5/2.2 MBProgress (3): 2.2/3.0 MB | 307 kB | 0.5/2.2 MBProgress (4): 2.2/3.0 MB | 307 kB | 0.5/2.2 MB | 2.2/146 kBProgress (4): 2.2/3.0 MB | 307 kB | 0.5/2.2 MB | 5.0/146 kBProgress (4): 2.2/3.0 MB | 307 kB | 0.5/2.2 MB | 7.7/146 kBProgress (4): 2.2/3.0 MB | 307 kB | 0.5/2.2 MB | 10/146 kB Progress (4): 2.2/3.0 MB | 307 kB | 0.5/2.2 MB | 13/146 kBProgress (4): 2.2/3.0 MB | 307 kB | 0.5/2.2 MB | 16/146 kBProgress (4): 2.2/3.0 MB | 307 kB | 0.5/2.2 MB | 19/146 kBProgress (4): 2.2/3.0 MB | 307 kB | 0.5/2.2 MB | 21/146 kBProgress (4): 2.2/3.0 MB | 307 kB | 0.5/2.2 MB | 24/146 kBProgress (4): 2.2/3.0 MB | 307 kB | 0.5/2.2 MB | 27/146 kBProgress (4): 2.2/3.0 MB | 307 kB | 0.5/2.2 MB | 30/146 kBProgress (4): 2.2/3.0 MB | 307 kB | 0.5/2.2 MB | 32/146 kBProgress (4): 2.2/3.0 MB | 307 kB | 0.5/2.2 MB | 32/146 kBProgress (4): 2.2/3.0 MB | 307 kB | 0.5/2.2 MB | 32/146 kBProgress (5): 2.2/3.0 MB | 307 kB | 0.5/2.2 MB | 32/146 kB | 2.2/588 kBProgress (5): 2.2/3.0 MB | 307 kB | 0.5/2.2 MB | 32/146 kB | 5.0/588 kBProgress (5): 2.2/3.0 MB | 307 kB | 0.5/2.2 MB | 32/146 kB | 7.7/588 kBProgress (5): 2.2/3.0 MB | 307 kB | 0.5/2.2 MB | 32/146 kB | 10/588 kB Progress (5): 2.2/3.0 MB | 307 kB | 0.5/2.2 MB | 32/146 kB | 13/588 kBProgress (5): 2.2/3.0 MB | 307 kB | 0.5/2.2 MB | 32/146 kB | 16/588 kBProgress (5): 2.2/3.0 MB | 307 kB | 0.5/2.2 MB | 32/146 kB | 19/588 kBProgress (5): 2.2/3.0 MB | 307 kB | 0.5/2.2 MB | 32/146 kB | 21/588 kB                                                                      Downloaded from central: https://repo.maven.apache.org/maven2/cglib/cglib/3.2.8/cglib-3.2.8.jar (307 kB at 30 kB/s)
Progress (4): 2.2/3.0 MB | 0.5/2.2 MB | 32/146 kB | 21/588 kB                                                             Downloading from central: https://repo.maven.apache.org/maven2/org/apache/commons/commons-lang3/3.8/commons-lang3-3.8.jar
Progress (4): 2.2/3.0 MB | 0.5/2.2 MB | 32/146 kB | 21/588 kBProgress (4): 2.2/3.0 MB | 0.5/2.2 MB | 36/146 kB | 21/588 kBProgress (4): 2.2/3.0 MB | 0.5/2.2 MB | 40/146 kB | 21/588 kBProgress (4): 2.2/3.0 MB | 0.5/2.2 MB | 45/146 kB | 21/588 kBProgress (4): 2.2/3.0 MB | 0.5/2.2 MB | 49/146 kB | 21/588 kBProgress (4): 2.2/3.0 MB | 0.5/2.2 MB | 53/146 kB | 21/588 kBProgress (4): 2.2/3.0 MB | 0.5/2.2 MB | 57/146 kB | 21/588 kBProgress (4): 2.2/3.0 MB | 0.5/2.2 MB | 57/146 kB | 21/588 kBProgress (4): 2.2/3.0 MB | 0.5/2.2 MB | 61/146 kB | 21/588 kBProgress (4): 2.2/3.0 MB | 0.5/2.2 MB | 65/146 kB | 21/588 kBProgress (4): 2.2/3.0 MB | 0.6/2.2 MB | 65/146 kB | 21/588 kBProgress (4): 2.2/3.0 MB | 0.6/2.2 MB | 65/146 kB | 21/588 kBProgress (4): 2.2/3.0 MB | 0.6/2.2 MB | 65/146 kB | 24/588 kBProgress (4): 2.2/3.0 MB | 0.6/2.2 MB | 65/146 kB | 27/588 kBProgress (4): 2.2/3.0 MB | 0.6/2.2 MB | 65/146 kB | 30/588 kBProgress (4): 2.2/3.0 MB | 0.6/2.2 MB | 65/146 kB | 32/588 kBProgress (4): 2.2/3.0 MB | 0.6/2.2 MB | 65/146 kB | 32/588 kBProgress (4): 2.2/3.0 MB | 0.6/2.2 MB | 65/146 kB | 32/588 kBProgress (5): 2.2/3.0 MB | 0.6/2.2 MB | 65/146 kB | 32/588 kB | 2.2/502 kBProgress (5): 2.2/3.0 MB | 0.6/2.2 MB | 65/146 kB | 32/588 kB | 5.0/502 kBProgress (5): 2.2/3.0 MB | 0.6/2.2 MB | 65/146 kB | 32/588 kB | 7.7/502 kBProgress (5): 2.2/3.0 MB | 0.6/2.2 MB | 65/146 kB | 32/588 kB | 10/502 kB Progress (5): 2.2/3.0 MB | 0.6/2.2 MB | 65/146 kB | 32/588 kB | 13/502 kBProgress (5): 2.2/3.0 MB | 0.6/2.2 MB | 65/146 kB | 32/588 kB | 16/502 kBProgress (5): 2.2/3.0 MB | 0.6/2.2 MB | 65/146 kB | 32/588 kB | 19/502 kBProgress (5): 2.2/3.0 MB | 0.6/2.2 MB | 65/146 kB | 32/588 kB | 21/502 kBProgress (5): 2.2/3.0 MB | 0.6/2.2 MB | 65/146 kB | 32/588 kB | 24/502 kBProgress (5): 2.2/3.0 MB | 0.6/2.2 MB | 65/146 kB | 32/588 kB | 27/502 kBProgress (5): 2.2/3.0 MB | 0.6/2.2 MB | 65/146 kB | 32/588 kB | 30/502 kBProgress (5): 2.2/3.0 MB | 0.6/2.2 MB | 65/146 kB | 32/588 kB | 32/502 kBProgress (5): 2.2/3.0 MB | 0.6/2.2 MB | 69/146 kB | 32/588 kB | 32/502 kBProgress (5): 2.2/3.0 MB | 0.6/2.2 MB | 73/146 kB | 32/588 kB | 32/502 kBProgress (5): 2.2/3.0 MB | 0.6/2.2 MB | 77/146 kB | 32/588 kB | 32/502 kBProgress (5): 2.2/3.0 MB | 0.6/2.2 MB | 81/146 kB | 32/588 kB | 32/502 kBProgress (5): 2.2/3.0 MB | 0.6/2.2 MB | 85/146 kB | 32/588 kB | 32/502 kBProgress (5): 2.2/3.0 MB | 0.6/2.2 MB | 90/146 kB | 32/588 kB | 32/502 kBProgress (5): 2.2/3.0 MB | 0.6/2.2 MB | 94/146 kB | 32/588 kB | 32/502 kBProgress (5): 2.2/3.0 MB | 0.6/2.2 MB | 98/146 kB | 32/588 kB | 32/502 kBProgress (5): 2.2/3.0 MB | 0.6/2.2 MB | 98/146 kB | 32/588 kB | 32/502 kBProgress (5): 2.2/3.0 MB | 0.6/2.2 MB | 98/146 kB | 36/588 kB | 32/502 kBProgress (5): 2.2/3.0 MB | 0.6/2.2 MB | 98/146 kB | 40/588 kB | 32/502 kBProgress (5): 2.2/3.0 MB | 0.6/2.2 MB | 98/146 kB | 45/588 kB | 32/502 kBProgress (5): 2.2/3.0 MB | 0.6/2.2 MB | 98/146 kB | 49/588 kB | 32/502 kBProgress (5): 2.2/3.0 MB | 0.6/2.2 MB | 98/146 kB | 53/588 kB | 32/502 kBProgress (5): 2.2/3.0 MB | 0.6/2.2 MB | 98/146 kB | 57/588 kB | 32/502 kBProgress (5): 2.2/3.0 MB | 0.6/2.2 MB | 98/146 kB | 61/588 kB | 32/502 kBProgress (5): 2.2/3.0 MB | 0.6/2.2 MB | 102/146 kB | 61/588 kB | 32/502 kBProgress (5): 2.2/3.0 MB | 0.6/2.2 MB | 106/146 kB | 61/588 kB | 32/502 kBProgress (5): 2.2/3.0 MB | 0.6/2.2 MB | 110/146 kB | 61/588 kB | 32/502 kBProgress (5): 2.2/3.0 MB | 0.6/2.2 MB | 114/146 kB | 61/588 kB | 32/502 kBProgress (5): 2.3/3.0 MB | 0.6/2.2 MB | 114/146 kB | 61/588 kB | 32/502 kBProgress (5): 2.3/3.0 MB | 0.6/2.2 MB | 114/146 kB | 61/588 kB | 32/502 kBProgress (5): 2.3/3.0 MB | 0.6/2.2 MB | 118/146 kB | 61/588 kB | 32/502 kBProgress (5): 2.3/3.0 MB | 0.6/2.2 MB | 122/146 kB | 61/588 kB | 32/502 kBProgress (5): 2.3/3.0 MB | 0.6/2.2 MB | 126/146 kB | 61/588 kB | 32/502 kBProgress (5): 2.3/3.0 MB | 0.6/2.2 MB | 131/146 kB | 61/588 kB | 32/502 kBProgress (5): 2.3/3.0 MB | 0.6/2.2 MB | 131/146 kB | 61/588 kB | 32/502 kBProgress (5): 2.3/3.0 MB | 0.6/2.2 MB | 131/146 kB | 65/588 kB | 32/502 kBProgress (5): 2.3/3.0 MB | 0.6/2.2 MB | 131/146 kB | 69/588 kB | 32/502 kBProgress (5): 2.3/3.0 MB | 0.6/2.2 MB | 131/146 kB | 73/588 kB | 32/502 kBProgress (5): 2.3/3.0 MB | 0.6/2.2 MB | 131/146 kB | 77/588 kB | 32/502 kBProgress (5): 2.3/3.0 MB | 0.6/2.2 MB | 135/146 kB | 77/588 kB | 32/502 kBProgress (5): 2.3/3.0 MB | 0.6/2.2 MB | 139/146 kB | 77/588 kB | 32/502 kBProgress (5): 2.3/3.0 MB | 0.6/2.2 MB | 139/146 kB | 77/588 kB | 32/502 kBProgress (5): 2.3/3.0 MB | 0.6/2.2 MB | 143/146 kB | 77/588 kB | 32/502 kBProgress (5): 2.3/3.0 MB | 0.6/2.2 MB | 146 kB | 77/588 kB | 32/502 kB    Progress (5): 2.3/3.0 MB | 0.6/2.2 MB | 146 kB | 77/588 kB | 32/502 kBProgress (5): 2.3/3.0 MB | 0.7/2.2 MB | 146 kB | 77/588 kB | 32/502 kBProgress (5): 2.3/3.0 MB | 0.7/2.2 MB | 146 kB | 77/588 kB | 32/502 kBProgress (5): 2.3/3.0 MB | 0.7/2.2 MB | 146 kB | 77/588 kB | 36/502 kBProgress (5): 2.3/3.0 MB | 0.7/2.2 MB | 146 kB | 77/588 kB | 40/502 kBProgress (5): 2.3/3.0 MB | 0.7/2.2 MB | 146 kB | 77/588 kB | 45/502 kBProgress (5): 2.3/3.0 MB | 0.7/2.2 MB | 146 kB | 77/588 kB | 49/502 kBProgress (5): 2.3/3.0 MB | 0.7/2.2 MB | 146 kB | 77/588 kB | 53/502 kBProgress (5): 2.3/3.0 MB | 0.7/2.2 MB | 146 kB | 77/588 kB | 57/502 kBProgress (5): 2.3/3.0 MB | 0.7/2.2 MB | 146 kB | 77/588 kB | 61/502 kBProgress (5): 2.3/3.0 MB | 0.7/2.2 MB | 146 kB | 77/588 kB | 65/502 kBProgress (5): 2.3/3.0 MB | 0.7/2.2 MB | 146 kB | 77/588 kB | 69/502 kBProgress (5): 2.3/3.0 MB | 0.7/2.2 MB | 146 kB | 77/588 kB | 73/502 kBProgress (5): 2.3/3.0 MB | 0.7/2.2 MB | 146 kB | 77/588 kB | 77/502 kBProgress (5): 2.3/3.0 MB | 0.7/2.2 MB | 146 kB | 77/588 kB | 81/502 kBProgress (5): 2.3/3.0 MB | 0.7/2.2 MB | 146 kB | 77/588 kB | 85/502 kBProgress (5): 2.3/3.0 MB | 0.7/2.2 MB | 146 kB | 77/588 kB | 90/502 kBProgress (5): 2.3/3.0 MB | 0.7/2.2 MB | 146 kB | 77/588 kB | 94/502 kBProgress (5): 2.3/3.0 MB | 0.7/2.2 MB | 146 kB | 77/588 kB | 98/502 kBProgress (5): 2.3/3.0 MB | 0.7/2.2 MB | 146 kB | 77/588 kB | 98/502 kBProgress (5): 2.3/3.0 MB | 0.7/2.2 MB | 146 kB | 81/588 kB | 98/502 kBProgress (5): 2.3/3.0 MB | 0.7/2.2 MB | 146 kB | 85/588 kB | 98/502 kBProgress (5): 2.3/3.0 MB | 0.7/2.2 MB | 146 kB | 90/588 kB | 98/502 kBProgress (5): 2.3/3.0 MB | 0.7/2.2 MB | 146 kB | 94/588 kB | 98/502 kBProgress (5): 2.3/3.0 MB | 0.7/2.2 MB | 146 kB | 98/588 kB | 98/502 kBProgress (5): 2.3/3.0 MB | 0.7/2.2 MB | 146 kB | 102/588 kB | 98/502 kBProgress (5): 2.3/3.0 MB | 0.7/2.2 MB | 146 kB | 106/588 kB | 98/502 kBProgress (5): 2.3/3.0 MB | 0.7/2.2 MB | 146 kB | 110/588 kB | 98/502 kBProgress (5): 2.3/3.0 MB | 0.7/2.2 MB | 146 kB | 110/588 kB | 98/502 kBProgress (5): 2.3/3.0 MB | 0.7/2.2 MB | 146 kB | 110/588 kB | 98/502 kBProgress (5): 2.3/3.0 MB | 0.7/2.2 MB | 146 kB | 110/588 kB | 102/502 kBProgress (5): 2.3/3.0 MB | 0.7/2.2 MB | 146 kB | 110/588 kB | 106/502 kBProgress (5): 2.3/3.0 MB | 0.7/2.2 MB | 146 kB | 110/588 kB | 110/502 kBProgress (5): 2.3/3.0 MB | 0.7/2.2 MB | 146 kB | 110/588 kB | 114/502 kB                                                                        Downloaded from central: https://repo.maven.apache.org/maven2/commons-digester/commons-digester/1.8.1/commons-digester-1.8.1.jar (146 kB at 13 kB/s)
Downloading from central: https://repo.maven.apache.org/maven2/commons-io/commons-io/2.6/commons-io-2.6.jar
Progress (4): 2.3/3.0 MB | 0.7/2.2 MB | 110/588 kB | 118/502 kBProgress (4): 2.3/3.0 MB | 0.7/2.2 MB | 110/588 kB | 122/502 kBProgress (4): 2.3/3.0 MB | 0.7/2.2 MB | 110/588 kB | 126/502 kBProgress (4): 2.3/3.0 MB | 0.7/2.2 MB | 110/588 kB | 131/502 kBProgress (4): 2.3/3.0 MB | 0.7/2.2 MB | 110/588 kB | 131/502 kBProgress (4): 2.3/3.0 MB | 0.7/2.2 MB | 110/588 kB | 131/502 kBProgress (4): 2.3/3.0 MB | 0.7/2.2 MB | 114/588 kB | 131/502 kBProgress (4): 2.3/3.0 MB | 0.7/2.2 MB | 118/588 kB | 131/502 kBProgress (4): 2.3/3.0 MB | 0.7/2.2 MB | 122/588 kB | 131/502 kBProgress (4): 2.3/3.0 MB | 0.7/2.2 MB | 126/588 kB | 131/502 kBProgress (4): 2.3/3.0 MB | 0.7/2.2 MB | 126/588 kB | 131/502 kBProgress (4): 2.3/3.0 MB | 0.7/2.2 MB | 126/588 kB | 131/502 kBProgress (4): 2.3/3.0 MB | 0.7/2.2 MB | 126/588 kB | 135/502 kBProgress (4): 2.3/3.0 MB | 0.7/2.2 MB | 126/588 kB | 139/502 kBProgress (4): 2.3/3.0 MB | 0.7/2.2 MB | 126/588 kB | 143/502 kBProgress (4): 2.3/3.0 MB | 0.7/2.2 MB | 126/588 kB | 147/502 kBProgress (4): 2.3/3.0 MB | 0.7/2.2 MB | 126/588 kB | 151/502 kBProgress (4): 2.3/3.0 MB | 0.7/2.2 MB | 126/588 kB | 155/502 kBProgress (4): 2.3/3.0 MB | 0.7/2.2 MB | 126/588 kB | 159/502 kBProgress (4): 2.3/3.0 MB | 0.7/2.2 MB | 126/588 kB | 163/502 kBProgress (5): 2.3/3.0 MB | 0.7/2.2 MB | 126/588 kB | 163/502 kB | 4.1/215 kBProgress (5): 2.3/3.0 MB | 0.7/2.2 MB | 126/588 kB | 163/502 kB | 8.2/215 kBProgress (5): 2.3/3.0 MB | 0.7/2.2 MB | 126/588 kB | 163/502 kB | 12/215 kB Progress (5): 2.3/3.0 MB | 0.7/2.2 MB | 126/588 kB | 163/502 kB | 16/215 kBProgress (5): 2.3/3.0 MB | 0.7/2.2 MB | 126/588 kB | 163/502 kB | 20/215 kBProgress (5): 2.3/3.0 MB | 0.7/2.2 MB | 126/588 kB | 163/502 kB | 25/215 kBProgress (5): 2.3/3.0 MB | 0.7/2.2 MB | 126/588 kB | 163/502 kB | 29/215 kBProgress (5): 2.3/3.0 MB | 0.7/2.2 MB | 126/588 kB | 163/502 kB | 33/215 kBProgress (5): 2.4/3.0 MB | 0.7/2.2 MB | 126/588 kB | 163/502 kB | 33/215 kBProgress (5): 2.4/3.0 MB | 0.7/2.2 MB | 131/588 kB | 163/502 kB | 33/215 kBProgress (5): 2.4/3.0 MB | 0.7/2.2 MB | 135/588 kB | 163/502 kB | 33/215 kBProgress (5): 2.4/3.0 MB | 0.7/2.2 MB | 139/588 kB | 163/502 kB | 33/215 kBProgress (5): 2.4/3.0 MB | 0.7/2.2 MB | 143/588 kB | 163/502 kB | 33/215 kBProgress (5): 2.4/3.0 MB | 0.8/2.2 MB | 143/588 kB | 163/502 kB | 33/215 kBProgress (5): 2.4/3.0 MB | 0.8/2.2 MB | 143/588 kB | 163/502 kB | 33/215 kBProgress (5): 2.4/3.0 MB | 0.8/2.2 MB | 143/588 kB | 167/502 kB | 33/215 kBProgress (5): 2.4/3.0 MB | 0.8/2.2 MB | 143/588 kB | 171/502 kB | 33/215 kBProgress (5): 2.4/3.0 MB | 0.8/2.2 MB | 143/588 kB | 176/502 kB | 33/215 kBProgress (5): 2.4/3.0 MB | 0.8/2.2 MB | 143/588 kB | 180/502 kB | 33/215 kBProgress (5): 2.4/3.0 MB | 0.8/2.2 MB | 143/588 kB | 180/502 kB | 33/215 kBProgress (5): 2.4/3.0 MB | 0.8/2.2 MB | 143/588 kB | 184/502 kB | 33/215 kBProgress (5): 2.4/3.0 MB | 0.8/2.2 MB | 143/588 kB | 188/502 kB | 33/215 kBProgress (5): 2.4/3.0 MB | 0.8/2.2 MB | 143/588 kB | 192/502 kB | 33/215 kBProgress (5): 2.4/3.0 MB | 0.8/2.2 MB | 143/588 kB | 196/502 kB | 33/215 kBProgress (5): 2.4/3.0 MB | 0.8/2.2 MB | 143/588 kB | 196/502 kB | 37/215 kBProgress (5): 2.4/3.0 MB | 0.8/2.2 MB | 143/588 kB | 196/502 kB | 41/215 kBProgress (5): 2.4/3.0 MB | 0.8/2.2 MB | 143/588 kB | 196/502 kB | 45/215 kBProgress (5): 2.4/3.0 MB | 0.8/2.2 MB | 143/588 kB | 196/502 kB | 49/215 kBProgress (5): 2.4/3.0 MB | 0.8/2.2 MB | 143/588 kB | 196/502 kB | 53/215 kBProgress (5): 2.4/3.0 MB | 0.8/2.2 MB | 143/588 kB | 196/502 kB | 57/215 kBProgress (5): 2.4/3.0 MB | 0.8/2.2 MB | 143/588 kB | 196/502 kB | 61/215 kBProgress (5): 2.4/3.0 MB | 0.8/2.2 MB | 143/588 kB | 196/502 kB | 66/215 kBProgress (5): 2.4/3.0 MB | 0.8/2.2 MB | 143/588 kB | 196/502 kB | 66/215 kBProgress (5): 2.4/3.0 MB | 0.8/2.2 MB | 147/588 kB | 196/502 kB | 66/215 kBProgress (5): 2.4/3.0 MB | 0.8/2.2 MB | 151/588 kB | 196/502 kB | 66/215 kBProgress (5): 2.4/3.0 MB | 0.8/2.2 MB | 155/588 kB | 196/502 kB | 66/215 kBProgress (5): 2.4/3.0 MB | 0.8/2.2 MB | 159/588 kB | 196/502 kB | 66/215 kBProgress (5): 2.4/3.0 MB | 0.8/2.2 MB | 159/588 kB | 200/502 kB | 66/215 kBProgress (5): 2.4/3.0 MB | 0.8/2.2 MB | 159/588 kB | 204/502 kB | 66/215 kBProgress (5): 2.4/3.0 MB | 0.8/2.2 MB | 159/588 kB | 208/502 kB | 66/215 kBProgress (5): 2.4/3.0 MB | 0.8/2.2 MB | 159/588 kB | 212/502 kB | 66/215 kBProgress (5): 2.4/3.0 MB | 0.8/2.2 MB | 163/588 kB | 212/502 kB | 66/215 kBProgress (5): 2.4/3.0 MB | 0.8/2.2 MB | 167/588 kB | 212/502 kB | 66/215 kBProgress (5): 2.4/3.0 MB | 0.8/2.2 MB | 171/588 kB | 212/502 kB | 66/215 kBProgress (5): 2.4/3.0 MB | 0.8/2.2 MB | 176/588 kB | 212/502 kB | 66/215 kBProgress (5): 2.4/3.0 MB | 0.8/2.2 MB | 176/588 kB | 212/502 kB | 66/215 kBProgress (5): 2.4/3.0 MB | 0.8/2.2 MB | 176/588 kB | 212/502 kB | 66/215 kBProgress (5): 2.4/3.0 MB | 0.8/2.2 MB | 176/588 kB | 217/502 kB | 66/215 kBProgress (5): 2.4/3.0 MB | 0.8/2.2 MB | 176/588 kB | 221/502 kB | 66/215 kBProgress (5): 2.4/3.0 MB | 0.8/2.2 MB | 176/588 kB | 225/502 kB | 66/215 kBProgress (5): 2.4/3.0 MB | 0.8/2.2 MB | 176/588 kB | 229/502 kB | 66/215 kBProgress (5): 2.4/3.0 MB | 0.8/2.2 MB | 176/588 kB | 229/502 kB | 70/215 kBProgress (5): 2.4/3.0 MB | 0.8/2.2 MB | 176/588 kB | 229/502 kB | 74/215 kBProgress (5): 2.4/3.0 MB | 0.8/2.2 MB | 176/588 kB | 229/502 kB | 78/215 kBProgress (5): 2.4/3.0 MB | 0.8/2.2 MB | 176/588 kB | 229/502 kB | 82/215 kBProgress (5): 2.4/3.0 MB | 0.8/2.2 MB | 176/588 kB | 229/502 kB | 82/215 kBProgress (5): 2.4/3.0 MB | 0.8/2.2 MB | 176/588 kB | 229/502 kB | 86/215 kBProgress (5): 2.4/3.0 MB | 0.8/2.2 MB | 176/588 kB | 229/502 kB | 90/215 kBProgress (5): 2.4/3.0 MB | 0.8/2.2 MB | 176/588 kB | 229/502 kB | 94/215 kBProgress (5): 2.4/3.0 MB | 0.8/2.2 MB | 176/588 kB | 229/502 kB | 98/215 kBProgress (5): 2.4/3.0 MB | 0.8/2.2 MB | 176/588 kB | 233/502 kB | 98/215 kBProgress (5): 2.4/3.0 MB | 0.8/2.2 MB | 176/588 kB | 237/502 kB | 98/215 kBProgress (5): 2.4/3.0 MB | 0.8/2.2 MB | 176/588 kB | 241/502 kB | 98/215 kBProgress (5): 2.4/3.0 MB | 0.8/2.2 MB | 176/588 kB | 245/502 kB | 98/215 kBProgress (5): 2.4/3.0 MB | 0.8/2.2 MB | 180/588 kB | 245/502 kB | 98/215 kBProgress (5): 2.4/3.0 MB | 0.8/2.2 MB | 184/588 kB | 245/502 kB | 98/215 kBProgress (5): 2.4/3.0 MB | 0.8/2.2 MB | 188/588 kB | 245/502 kB | 98/215 kBProgress (5): 2.4/3.0 MB | 0.8/2.2 MB | 192/588 kB | 245/502 kB | 98/215 kBProgress (5): 2.4/3.0 MB | 0.8/2.2 MB | 192/588 kB | 245/502 kB | 98/215 kBProgress (5): 2.4/3.0 MB | 0.8/2.2 MB | 192/588 kB | 245/502 kB | 98/215 kBProgress (5): 2.4/3.0 MB | 0.8/2.2 MB | 192/588 kB | 245/502 kB | 102/215 kBProgress (5): 2.4/3.0 MB | 0.8/2.2 MB | 192/588 kB | 245/502 kB | 106/215 kBProgress (5): 2.4/3.0 MB | 0.8/2.2 MB | 192/588 kB | 245/502 kB | 111/215 kBProgress (5): 2.4/3.0 MB | 0.8/2.2 MB | 192/588 kB | 245/502 kB | 115/215 kBProgress (5): 2.4/3.0 MB | 0.8/2.2 MB | 192/588 kB | 245/502 kB | 115/215 kBProgress (5): 2.4/3.0 MB | 0.9/2.2 MB | 192/588 kB | 245/502 kB | 115/215 kBProgress (5): 2.4/3.0 MB | 0.9/2.2 MB | 192/588 kB | 249/502 kB | 115/215 kBProgress (5): 2.4/3.0 MB | 0.9/2.2 MB | 192/588 kB | 253/502 kB | 115/215 kBProgress (5): 2.4/3.0 MB | 0.9/2.2 MB | 192/588 kB | 258/502 kB | 115/215 kBProgress (5): 2.4/3.0 MB | 0.9/2.2 MB | 192/588 kB | 262/502 kB | 115/215 kBProgress (5): 2.4/3.0 MB | 0.9/2.2 MB | 192/588 kB | 262/502 kB | 119/215 kBProgress (5): 2.4/3.0 MB | 0.9/2.2 MB | 192/588 kB | 262/502 kB | 123/215 kBProgress (5): 2.4/3.0 MB | 0.9/2.2 MB | 192/588 kB | 262/502 kB | 127/215 kBProgress (5): 2.4/3.0 MB | 0.9/2.2 MB | 192/588 kB | 262/502 kB | 127/215 kBProgress (5): 2.4/3.0 MB | 0.9/2.2 MB | 192/588 kB | 262/502 kB | 131/215 kBProgress (5): 2.4/3.0 MB | 0.9/2.2 MB | 192/588 kB | 266/502 kB | 131/215 kBProgress (5): 2.4/3.0 MB | 0.9/2.2 MB | 192/588 kB | 270/502 kB | 131/215 kBProgress (5): 2.4/3.0 MB | 0.9/2.2 MB | 192/588 kB | 274/502 kB | 131/215 kBProgress (5): 2.4/3.0 MB | 0.9/2.2 MB | 192/588 kB | 278/502 kB | 131/215 kBProgress (5): 2.4/3.0 MB | 0.9/2.2 MB | 192/588 kB | 278/502 kB | 135/215 kBProgress (5): 2.4/3.0 MB | 0.9/2.2 MB | 192/588 kB | 278/502 kB | 139/215 kBProgress (5): 2.4/3.0 MB | 0.9/2.2 MB | 196/588 kB | 278/502 kB | 139/215 kBProgress (5): 2.4/3.0 MB | 0.9/2.2 MB | 196/588 kB | 278/502 kB | 143/215 kBProgress (5): 2.4/3.0 MB | 0.9/2.2 MB | 200/588 kB | 278/502 kB | 143/215 kBProgress (5): 2.4/3.0 MB | 0.9/2.2 MB | 200/588 kB | 278/502 kB | 147/215 kBProgress (5): 2.4/3.0 MB | 0.9/2.2 MB | 204/588 kB | 278/502 kB | 147/215 kBProgress (5): 2.4/3.0 MB | 0.9/2.2 MB | 208/588 kB | 278/502 kB | 147/215 kBProgress (5): 2.4/3.0 MB | 0.9/2.2 MB | 212/588 kB | 278/502 kB | 147/215 kBProgress (5): 2.4/3.0 MB | 0.9/2.2 MB | 217/588 kB | 278/502 kB | 147/215 kBProgress (5): 2.4/3.0 MB | 0.9/2.2 MB | 221/588 kB | 278/502 kB | 147/215 kBProgress (5): 2.4/3.0 MB | 0.9/2.2 MB | 225/588 kB | 278/502 kB | 147/215 kBProgress (5): 2.4/3.0 MB | 0.9/2.2 MB | 225/588 kB | 278/502 kB | 147/215 kBProgress (5): 2.4/3.0 MB | 0.9/2.2 MB | 225/588 kB | 278/502 kB | 147/215 kBProgress (5): 2.5/3.0 MB | 0.9/2.2 MB | 225/588 kB | 278/502 kB | 147/215 kBProgress (5): 2.5/3.0 MB | 0.9/2.2 MB | 225/588 kB | 282/502 kB | 147/215 kBProgress (5): 2.5/3.0 MB | 0.9/2.2 MB | 225/588 kB | 286/502 kB | 147/215 kBProgress (5): 2.5/3.0 MB | 0.9/2.2 MB | 225/588 kB | 290/502 kB | 147/215 kBProgress (5): 2.5/3.0 MB | 0.9/2.2 MB | 225/588 kB | 294/502 kB | 147/215 kBProgress (5): 2.5/3.0 MB | 0.9/2.2 MB | 225/588 kB | 298/502 kB | 147/215 kBProgress (5): 2.5/3.0 MB | 0.9/2.2 MB | 225/588 kB | 303/502 kB | 147/215 kBProgress (5): 2.5/3.0 MB | 0.9/2.2 MB | 225/588 kB | 307/502 kB | 147/215 kBProgress (5): 2.5/3.0 MB | 0.9/2.2 MB | 225/588 kB | 307/502 kB | 147/215 kBProgress (5): 2.5/3.0 MB | 0.9/2.2 MB | 225/588 kB | 311/502 kB | 147/215 kBProgress (5): 2.5/3.0 MB | 0.9/2.2 MB | 225/588 kB | 311/502 kB | 152/215 kBProgress (5): 2.5/3.0 MB | 0.9/2.2 MB | 225/588 kB | 311/502 kB | 156/215 kBProgress (5): 2.5/3.0 MB | 0.9/2.2 MB | 225/588 kB | 311/502 kB | 160/215 kBProgress (5): 2.5/3.0 MB | 0.9/2.2 MB | 225/588 kB | 311/502 kB | 164/215 kBProgress (5): 2.5/3.0 MB | 0.9/2.2 MB | 225/588 kB | 311/502 kB | 164/215 kBProgress (5): 2.5/3.0 MB | 0.9/2.2 MB | 225/588 kB | 311/502 kB | 168/215 kBProgress (5): 2.5/3.0 MB | 0.9/2.2 MB | 225/588 kB | 311/502 kB | 172/215 kBProgress (5): 2.5/3.0 MB | 0.9/2.2 MB | 225/588 kB | 311/502 kB | 176/215 kBProgress (5): 2.5/3.0 MB | 0.9/2.2 MB | 225/588 kB | 311/502 kB | 180/215 kBProgress (5): 2.5/3.0 MB | 0.9/2.2 MB | 229/588 kB | 311/502 kB | 180/215 kBProgress (5): 2.5/3.0 MB | 0.9/2.2 MB | 233/588 kB | 311/502 kB | 180/215 kBProgress (5): 2.5/3.0 MB | 0.9/2.2 MB | 237/588 kB | 311/502 kB | 180/215 kBProgress (5): 2.5/3.0 MB | 0.9/2.2 MB | 241/588 kB | 311/502 kB | 180/215 kBProgress (5): 2.5/3.0 MB | 0.9/2.2 MB | 241/588 kB | 315/502 kB | 180/215 kBProgress (5): 2.5/3.0 MB | 0.9/2.2 MB | 241/588 kB | 319/502 kB | 180/215 kBProgress (5): 2.5/3.0 MB | 0.9/2.2 MB | 241/588 kB | 323/502 kB | 180/215 kBProgress (5): 2.5/3.0 MB | 0.9/2.2 MB | 241/588 kB | 327/502 kB | 180/215 kBProgress (5): 2.5/3.0 MB | 0.9/2.2 MB | 241/588 kB | 327/502 kB | 184/215 kBProgress (5): 2.5/3.0 MB | 0.9/2.2 MB | 241/588 kB | 327/502 kB | 188/215 kBProgress (5): 2.5/3.0 MB | 0.9/2.2 MB | 241/588 kB | 327/502 kB | 193/215 kBProgress (5): 2.5/3.0 MB | 0.9/2.2 MB | 241/588 kB | 327/502 kB | 197/215 kBProgress (5): 2.5/3.0 MB | 0.9/2.2 MB | 241/588 kB | 327/502 kB | 197/215 kBProgress (5): 2.5/3.0 MB | 0.9/2.2 MB | 241/588 kB | 327/502 kB | 197/215 kBProgress (5): 2.5/3.0 MB | 0.9/2.2 MB | 241/588 kB | 331/502 kB | 197/215 kBProgress (5): 2.5/3.0 MB | 0.9/2.2 MB | 241/588 kB | 335/502 kB | 197/215 kBProgress (5): 2.5/3.0 MB | 0.9/2.2 MB | 241/588 kB | 339/502 kB | 197/215 kBProgress (5): 2.5/3.0 MB | 0.9/2.2 MB | 241/588 kB | 344/502 kB | 197/215 kBProgress (5): 2.5/3.0 MB | 0.9/2.2 MB | 241/588 kB | 344/502 kB | 201/215 kBProgress (5): 2.5/3.0 MB | 0.9/2.2 MB | 241/588 kB | 344/502 kB | 205/215 kBProgress (5): 2.5/3.0 MB | 0.9/2.2 MB | 241/588 kB | 344/502 kB | 209/215 kBProgress (5): 2.5/3.0 MB | 0.9/2.2 MB | 241/588 kB | 344/502 kB | 213/215 kBProgress (5): 2.5/3.0 MB | 0.9/2.2 MB | 241/588 kB | 344/502 kB | 215 kB    Progress (5): 2.5/3.0 MB | 0.9/2.2 MB | 241/588 kB | 348/502 kB | 215 kBProgress (5): 2.5/3.0 MB | 0.9/2.2 MB | 241/588 kB | 352/502 kB | 215 kBProgress (5): 2.5/3.0 MB | 0.9/2.2 MB | 241/588 kB | 356/502 kB | 215 kBProgress (5): 2.5/3.0 MB | 0.9/2.2 MB | 241/588 kB | 360/502 kB | 215 kBProgress (5): 2.5/3.0 MB | 0.9/2.2 MB | 241/588 kB | 360/502 kB | 215 kBProgress (5): 2.5/3.0 MB | 0.9/2.2 MB | 241/588 kB | 360/502 kB | 215 kBProgress (5): 2.5/3.0 MB | 1.0/2.2 MB | 241/588 kB | 360/502 kB | 215 kBProgress (5): 2.5/3.0 MB | 1.0/2.2 MB | 241/588 kB | 360/502 kB | 215 kBProgress (5): 2.5/3.0 MB | 1.0/2.2 MB | 241/588 kB | 364/502 kB | 215 kBProgress (5): 2.5/3.0 MB | 1.0/2.2 MB | 241/588 kB | 368/502 kB | 215 kBProgress (5): 2.5/3.0 MB | 1.0/2.2 MB | 241/588 kB | 372/502 kB | 215 kBProgress (5): 2.5/3.0 MB | 1.0/2.2 MB | 241/588 kB | 376/502 kB | 215 kBProgress (5): 2.5/3.0 MB | 1.0/2.2 MB | 245/588 kB | 376/502 kB | 215 kBProgress (5): 2.5/3.0 MB | 1.0/2.2 MB | 249/588 kB | 376/502 kB | 215 kBProgress (5): 2.5/3.0 MB | 1.0/2.2 MB | 253/588 kB | 376/502 kB | 215 kBProgress (5): 2.5/3.0 MB | 1.0/2.2 MB | 258/588 kB | 376/502 kB | 215 kBProgress (5): 2.5/3.0 MB | 1.0/2.2 MB | 258/588 kB | 380/502 kB | 215 kBProgress (5): 2.5/3.0 MB | 1.0/2.2 MB | 262/588 kB | 380/502 kB | 215 kBProgress (5): 2.5/3.0 MB | 1.0/2.2 MB | 262/588 kB | 384/502 kB | 215 kBProgress (5): 2.5/3.0 MB | 1.0/2.2 MB | 266/588 kB | 384/502 kB | 215 kBProgress (5): 2.5/3.0 MB | 1.0/2.2 MB | 266/588 kB | 389/502 kB | 215 kBProgress (5): 2.5/3.0 MB | 1.0/2.2 MB | 270/588 kB | 389/502 kB | 215 kBProgress (5): 2.5/3.0 MB | 1.0/2.2 MB | 270/588 kB | 393/502 kB | 215 kBProgress (5): 2.5/3.0 MB | 1.0/2.2 MB | 274/588 kB | 393/502 kB | 215 kBProgress (5): 2.5/3.0 MB | 1.0/2.2 MB | 274/588 kB | 393/502 kB | 215 kBProgress (5): 2.5/3.0 MB | 1.0/2.2 MB | 274/588 kB | 393/502 kB | 215 kBProgress (5): 2.5/3.0 MB | 1.0/2.2 MB | 274/588 kB | 393/502 kB | 215 kB                                                                        Downloaded from central: https://repo.maven.apache.org/maven2/commons-io/commons-io/2.6/commons-io-2.6.jar (215 kB at 17 kB/s)
Downloading from central: https://repo.maven.apache.org/maven2/org/springframework/spring-context/5.1.0.RELEASE/spring-context-5.1.0.RELEASE.jar
Progress (4): 2.5/3.0 MB | 1.0/2.2 MB | 278/588 kB | 393/502 kBProgress (4): 2.5/3.0 MB | 1.0/2.2 MB | 282/588 kB | 393/502 kBProgress (4): 2.5/3.0 MB | 1.0/2.2 MB | 286/588 kB | 393/502 kBProgress (4): 2.5/3.0 MB | 1.0/2.2 MB | 290/588 kB | 393/502 kBProgress (4): 2.5/3.0 MB | 1.0/2.2 MB | 290/588 kB | 397/502 kBProgress (4): 2.5/3.0 MB | 1.0/2.2 MB | 290/588 kB | 401/502 kBProgress (4): 2.5/3.0 MB | 1.0/2.2 MB | 290/588 kB | 405/502 kBProgress (4): 2.5/3.0 MB | 1.0/2.2 MB | 290/588 kB | 409/502 kBProgress (4): 2.5/3.0 MB | 1.0/2.2 MB | 290/588 kB | 409/502 kBProgress (4): 2.5/3.0 MB | 1.0/2.2 MB | 290/588 kB | 413/502 kBProgress (4): 2.5/3.0 MB | 1.0/2.2 MB | 290/588 kB | 417/502 kBProgress (4): 2.5/3.0 MB | 1.0/2.2 MB | 290/588 kB | 421/502 kBProgress (4): 2.5/3.0 MB | 1.0/2.2 MB | 290/588 kB | 425/502 kBProgress (4): 2.5/3.0 MB | 1.0/2.2 MB | 290/588 kB | 425/502 kBProgress (4): 2.6/3.0 MB | 1.0/2.2 MB | 290/588 kB | 425/502 kBProgress (4): 2.6/3.0 MB | 1.0/2.2 MB | 290/588 kB | 430/502 kBProgress (4): 2.6/3.0 MB | 1.0/2.2 MB | 290/588 kB | 434/502 kBProgress (4): 2.6/3.0 MB | 1.0/2.2 MB | 290/588 kB | 438/502 kBProgress (4): 2.6/3.0 MB | 1.0/2.2 MB | 290/588 kB | 442/502 kBProgress (4): 2.6/3.0 MB | 1.0/2.2 MB | 294/588 kB | 442/502 kBProgress (4): 2.6/3.0 MB | 1.0/2.2 MB | 298/588 kB | 442/502 kBProgress (4): 2.6/3.0 MB | 1.0/2.2 MB | 303/588 kB | 442/502 kBProgress (4): 2.6/3.0 MB | 1.0/2.2 MB | 307/588 kB | 442/502 kBProgress (5): 2.6/3.0 MB | 1.0/2.2 MB | 307/588 kB | 442/502 kB | 0/1.1 MBProgress (5): 2.6/3.0 MB | 1.0/2.2 MB | 307/588 kB | 442/502 kB | 0/1.1 MBProgress (5): 2.6/3.0 MB | 1.0/2.2 MB | 307/588 kB | 442/502 kB | 0/1.1 MBProgress (5): 2.6/3.0 MB | 1.0/2.2 MB | 307/588 kB | 442/502 kB | 0/1.1 MBProgress (5): 2.6/3.0 MB | 1.0/2.2 MB | 307/588 kB | 442/502 kB | 0/1.1 MBProgress (5): 2.6/3.0 MB | 1.0/2.2 MB | 307/588 kB | 442/502 kB | 0/1.1 MBProgress (5): 2.6/3.0 MB | 1.0/2.2 MB | 307/588 kB | 442/502 kB | 0/1.1 MBProgress (5): 2.6/3.0 MB | 1.0/2.2 MB | 307/588 kB | 446/502 kB | 0/1.1 MBProgress (5): 2.6/3.0 MB | 1.0/2.2 MB | 307/588 kB | 450/502 kB | 0/1.1 MBProgress (5): 2.6/3.0 MB | 1.0/2.2 MB | 307/588 kB | 454/502 kB | 0/1.1 MBProgress (5): 2.6/3.0 MB | 1.0/2.2 MB | 307/588 kB | 458/502 kB | 0/1.1 MBProgress (5): 2.6/3.0 MB | 1.0/2.2 MB | 307/588 kB | 458/502 kB | 0/1.1 MBProgress (5): 2.6/3.0 MB | 1.0/2.2 MB | 307/588 kB | 458/502 kB | 0/1.1 MBProgress (5): 2.6/3.0 MB | 1.0/2.2 MB | 307/588 kB | 462/502 kB | 0/1.1 MBProgress (5): 2.6/3.0 MB | 1.0/2.2 MB | 307/588 kB | 466/502 kB | 0/1.1 MBProgress (5): 2.6/3.0 MB | 1.0/2.2 MB | 307/588 kB | 470/502 kB | 0/1.1 MBProgress (5): 2.6/3.0 MB | 1.0/2.2 MB | 307/588 kB | 475/502 kB | 0/1.1 MBProgress (5): 2.6/3.0 MB | 1.0/2.2 MB | 307/588 kB | 475/502 kB | 0/1.1 MBProgress (5): 2.6/3.0 MB | 1.0/2.2 MB | 311/588 kB | 475/502 kB | 0/1.1 MBProgress (5): 2.6/3.0 MB | 1.0/2.2 MB | 315/588 kB | 475/502 kB | 0/1.1 MBProgress (5): 2.6/3.0 MB | 1.0/2.2 MB | 319/588 kB | 475/502 kB | 0/1.1 MBProgress (5): 2.6/3.0 MB | 1.0/2.2 MB | 323/588 kB | 475/502 kB | 0/1.1 MBProgress (5): 2.6/3.0 MB | 1.0/2.2 MB | 323/588 kB | 479/502 kB | 0/1.1 MBProgress (5): 2.6/3.0 MB | 1.0/2.2 MB | 323/588 kB | 483/502 kB | 0/1.1 MBProgress (5): 2.6/3.0 MB | 1.0/2.2 MB | 323/588 kB | 487/502 kB | 0/1.1 MBProgress (5): 2.6/3.0 MB | 1.0/2.2 MB | 323/588 kB | 491/502 kB | 0/1.1 MBProgress (5): 2.6/3.0 MB | 1.0/2.2 MB | 323/588 kB | 491/502 kB | 0/1.1 MBProgress (5): 2.6/3.0 MB | 1.0/2.2 MB | 323/588 kB | 491/502 kB | 0/1.1 MBProgress (5): 2.6/3.0 MB | 1.0/2.2 MB | 323/588 kB | 491/502 kB | 0.1/1.1 MBProgress (5): 2.6/3.0 MB | 1.0/2.2 MB | 323/588 kB | 491/502 kB | 0.1/1.1 MBProgress (5): 2.6/3.0 MB | 1.0/2.2 MB | 323/588 kB | 491/502 kB | 0.1/1.1 MBProgress (5): 2.6/3.0 MB | 1.0/2.2 MB | 323/588 kB | 491/502 kB | 0.1/1.1 MBProgress (5): 2.6/3.0 MB | 1.1/2.2 MB | 323/588 kB | 491/502 kB | 0.1/1.1 MBProgress (5): 2.6/3.0 MB | 1.1/2.2 MB | 323/588 kB | 491/502 kB | 0.1/1.1 MBProgress (5): 2.6/3.0 MB | 1.1/2.2 MB | 323/588 kB | 495/502 kB | 0.1/1.1 MBProgress (5): 2.6/3.0 MB | 1.1/2.2 MB | 323/588 kB | 499/502 kB | 0.1/1.1 MBProgress (5): 2.6/3.0 MB | 1.1/2.2 MB | 323/588 kB | 502 kB | 0.1/1.1 MB    Progress (5): 2.6/3.0 MB | 1.1/2.2 MB | 323/588 kB | 502 kB | 0.1/1.1 MBProgress (5): 2.6/3.0 MB | 1.1/2.2 MB | 327/588 kB | 502 kB | 0.1/1.1 MBProgress (5): 2.6/3.0 MB | 1.1/2.2 MB | 331/588 kB | 502 kB | 0.1/1.1 MBProgress (5): 2.6/3.0 MB | 1.1/2.2 MB | 335/588 kB | 502 kB | 0.1/1.1 MBProgress (5): 2.6/3.0 MB | 1.1/2.2 MB | 339/588 kB | 502 kB | 0.1/1.1 MBProgress (5): 2.6/3.0 MB | 1.1/2.2 MB | 339/588 kB | 502 kB | 0.1/1.1 MBProgress (5): 2.6/3.0 MB | 1.1/2.2 MB | 339/588 kB | 502 kB | 0.1/1.1 MBProgress (5): 2.6/3.0 MB | 1.1/2.2 MB | 339/588 kB | 502 kB | 0.1/1.1 MBProgress (5): 2.6/3.0 MB | 1.1/2.2 MB | 339/588 kB | 502 kB | 0.1/1.1 MBProgress (5): 2.6/3.0 MB | 1.1/2.2 MB | 339/588 kB | 502 kB | 0.1/1.1 MBProgress (5): 2.6/3.0 MB | 1.1/2.2 MB | 344/588 kB | 502 kB | 0.1/1.1 MBProgress (5): 2.6/3.0 MB | 1.1/2.2 MB | 348/588 kB | 502 kB | 0.1/1.1 MBProgress (5): 2.6/3.0 MB | 1.1/2.2 MB | 352/588 kB | 502 kB | 0.1/1.1 MBProgress (5): 2.6/3.0 MB | 1.1/2.2 MB | 356/588 kB | 502 kB | 0.1/1.1 MBProgress (5): 2.6/3.0 MB | 1.1/2.2 MB | 356/588 kB | 502 kB | 0.1/1.1 MBProgress (5): 2.6/3.0 MB | 1.1/2.2 MB | 356/588 kB | 502 kB | 0.1/1.1 MBProgress (5): 2.6/3.0 MB | 1.1/2.2 MB | 356/588 kB | 502 kB | 0.1/1.1 MB                                                                        Downloaded from central: https://repo.maven.apache.org/maven2/org/apache/commons/commons-lang3/3.8/commons-lang3-3.8.jar (502 kB at 39 kB/s)
Downloading from central: https://repo.maven.apache.org/maven2/org/springframework/spring-aop/5.1.0.RELEASE/spring-aop-5.1.0.RELEASE.jar
Progress (4): 2.6/3.0 MB | 1.1/2.2 MB | 360/588 kB | 0.1/1.1 MBProgress (4): 2.6/3.0 MB | 1.1/2.2 MB | 364/588 kB | 0.1/1.1 MBProgress (4): 2.6/3.0 MB | 1.1/2.2 MB | 368/588 kB | 0.1/1.1 MBProgress (4): 2.6/3.0 MB | 1.1/2.2 MB | 372/588 kB | 0.1/1.1 MBProgress (4): 2.6/3.0 MB | 1.1/2.2 MB | 372/588 kB | 0.1/1.1 MBProgress (4): 2.6/3.0 MB | 1.1/2.2 MB | 372/588 kB | 0.1/1.1 MBProgress (4): 2.6/3.0 MB | 1.1/2.2 MB | 372/588 kB | 0.1/1.1 MBProgress (4): 2.6/3.0 MB | 1.1/2.2 MB | 372/588 kB | 0.1/1.1 MBProgress (4): 2.6/3.0 MB | 1.1/2.2 MB | 372/588 kB | 0.1/1.1 MBProgress (4): 2.6/3.0 MB | 1.1/2.2 MB | 372/588 kB | 0.2/1.1 MBProgress (4): 2.6/3.0 MB | 1.1/2.2 MB | 372/588 kB | 0.2/1.1 MBProgress (4): 2.6/3.0 MB | 1.1/2.2 MB | 372/588 kB | 0.2/1.1 MBProgress (4): 2.7/3.0 MB | 1.1/2.2 MB | 372/588 kB | 0.2/1.1 MBProgress (4): 2.7/3.0 MB | 1.2/2.2 MB | 372/588 kB | 0.2/1.1 MBProgress (4): 2.7/3.0 MB | 1.2/2.2 MB | 376/588 kB | 0.2/1.1 MBProgress (4): 2.7/3.0 MB | 1.2/2.2 MB | 380/588 kB | 0.2/1.1 MBProgress (4): 2.7/3.0 MB | 1.2/2.2 MB | 384/588 kB | 0.2/1.1 MBProgress (4): 2.7/3.0 MB | 1.2/2.2 MB | 389/588 kB | 0.2/1.1 MBProgress (5): 2.7/3.0 MB | 1.2/2.2 MB | 389/588 kB | 0.2/1.1 MB | 4.1/369 kBProgress (5): 2.7/3.0 MB | 1.2/2.2 MB | 389/588 kB | 0.2/1.1 MB | 7.7/369 kBProgress (5): 2.7/3.0 MB | 1.2/2.2 MB | 389/588 kB | 0.2/1.1 MB | 12/369 kB Progress (5): 2.7/3.0 MB | 1.2/2.2 MB | 389/588 kB | 0.2/1.1 MB | 16/369 kBProgress (5): 2.7/3.0 MB | 1.2/2.2 MB | 389/588 kB | 0.2/1.1 MB | 20/369 kBProgress (5): 2.7/3.0 MB | 1.2/2.2 MB | 389/588 kB | 0.2/1.1 MB | 24/369 kBProgress (5): 2.7/3.0 MB | 1.2/2.2 MB | 389/588 kB | 0.2/1.1 MB | 28/369 kBProgress (5): 2.7/3.0 MB | 1.2/2.2 MB | 389/588 kB | 0.2/1.1 MB | 32/369 kBProgress (5): 2.7/3.0 MB | 1.2/2.2 MB | 389/588 kB | 0.2/1.1 MB | 32/369 kBProgress (5): 2.7/3.0 MB | 1.2/2.2 MB | 389/588 kB | 0.2/1.1 MB | 32/369 kBProgress (5): 2.7/3.0 MB | 1.2/2.2 MB | 389/588 kB | 0.2/1.1 MB | 32/369 kBProgress (5): 2.7/3.0 MB | 1.2/2.2 MB | 389/588 kB | 0.2/1.1 MB | 32/369 kBProgress (5): 2.7/3.0 MB | 1.2/2.2 MB | 389/588 kB | 0.2/1.1 MB | 32/369 kBProgress (5): 2.7/3.0 MB | 1.2/2.2 MB | 389/588 kB | 0.2/1.1 MB | 32/369 kBProgress (5): 2.7/3.0 MB | 1.2/2.2 MB | 389/588 kB | 0.2/1.1 MB | 32/369 kBProgress (5): 2.7/3.0 MB | 1.2/2.2 MB | 389/588 kB | 0.2/1.1 MB | 32/369 kBProgress (5): 2.7/3.0 MB | 1.2/2.2 MB | 389/588 kB | 0.2/1.1 MB | 32/369 kBProgress (5): 2.7/3.0 MB | 1.2/2.2 MB | 393/588 kB | 0.2/1.1 MB | 32/369 kBProgress (5): 2.7/3.0 MB | 1.2/2.2 MB | 397/588 kB | 0.2/1.1 MB | 32/369 kBProgress (5): 2.7/3.0 MB | 1.2/2.2 MB | 401/588 kB | 0.2/1.1 MB | 32/369 kBProgress (5): 2.7/3.0 MB | 1.2/2.2 MB | 405/588 kB | 0.2/1.1 MB | 32/369 kBProgress (5): 2.7/3.0 MB | 1.2/2.2 MB | 405/588 kB | 0.2/1.1 MB | 32/369 kBProgress (5): 2.7/3.0 MB | 1.2/2.2 MB | 405/588 kB | 0.2/1.1 MB | 36/369 kBProgress (5): 2.7/3.0 MB | 1.2/2.2 MB | 405/588 kB | 0.2/1.1 MB | 40/369 kBProgress (5): 2.7/3.0 MB | 1.2/2.2 MB | 405/588 kB | 0.2/1.1 MB | 45/369 kBProgress (5): 2.7/3.0 MB | 1.2/2.2 MB | 405/588 kB | 0.2/1.1 MB | 49/369 kBProgress (5): 2.7/3.0 MB | 1.2/2.2 MB | 405/588 kB | 0.2/1.1 MB | 53/369 kBProgress (5): 2.7/3.0 MB | 1.2/2.2 MB | 405/588 kB | 0.2/1.1 MB | 57/369 kBProgress (5): 2.7/3.0 MB | 1.2/2.2 MB | 405/588 kB | 0.2/1.1 MB | 61/369 kBProgress (5): 2.7/3.0 MB | 1.2/2.2 MB | 405/588 kB | 0.2/1.1 MB | 65/369 kBProgress (5): 2.7/3.0 MB | 1.2/2.2 MB | 409/588 kB | 0.2/1.1 MB | 65/369 kBProgress (5): 2.7/3.0 MB | 1.2/2.2 MB | 413/588 kB | 0.2/1.1 MB | 65/369 kBProgress (5): 2.7/3.0 MB | 1.2/2.2 MB | 417/588 kB | 0.2/1.1 MB | 65/369 kBProgress (5): 2.7/3.0 MB | 1.2/2.2 MB | 421/588 kB | 0.2/1.1 MB | 65/369 kBProgress (5): 2.7/3.0 MB | 1.2/2.2 MB | 421/588 kB | 0.2/1.1 MB | 65/369 kBProgress (5): 2.7/3.0 MB | 1.2/2.2 MB | 421/588 kB | 0.2/1.1 MB | 65/369 kBProgress (5): 2.7/3.0 MB | 1.2/2.2 MB | 421/588 kB | 0.2/1.1 MB | 65/369 kBProgress (5): 2.7/3.0 MB | 1.2/2.2 MB | 421/588 kB | 0.2/1.1 MB | 65/369 kBProgress (5): 2.7/3.0 MB | 1.2/2.2 MB | 421/588 kB | 0.2/1.1 MB | 65/369 kBProgress (5): 2.7/3.0 MB | 1.2/2.2 MB | 421/588 kB | 0.2/1.1 MB | 65/369 kBProgress (5): 2.7/3.0 MB | 1.2/2.2 MB | 421/588 kB | 0.2/1.1 MB | 65/369 kBProgress (5): 2.7/3.0 MB | 1.2/2.2 MB | 421/588 kB | 0.3/1.1 MB | 65/369 kBProgress (5): 2.7/3.0 MB | 1.2/2.2 MB | 421/588 kB | 0.3/1.1 MB | 65/369 kBProgress (5): 2.7/3.0 MB | 1.2/2.2 MB | 421/588 kB | 0.3/1.1 MB | 65/369 kBProgress (5): 2.7/3.0 MB | 1.2/2.2 MB | 425/588 kB | 0.3/1.1 MB | 65/369 kBProgress (5): 2.7/3.0 MB | 1.2/2.2 MB | 430/588 kB | 0.3/1.1 MB | 65/369 kBProgress (5): 2.7/3.0 MB | 1.2/2.2 MB | 434/588 kB | 0.3/1.1 MB | 65/369 kBProgress (5): 2.7/3.0 MB | 1.2/2.2 MB | 438/588 kB | 0.3/1.1 MB | 65/369 kBProgress (5): 2.7/3.0 MB | 1.2/2.2 MB | 438/588 kB | 0.3/1.1 MB | 69/369 kBProgress (5): 2.7/3.0 MB | 1.2/2.2 MB | 438/588 kB | 0.3/1.1 MB | 73/369 kBProgress (5): 2.7/3.0 MB | 1.2/2.2 MB | 438/588 kB | 0.3/1.1 MB | 77/369 kBProgress (5): 2.7/3.0 MB | 1.2/2.2 MB | 438/588 kB | 0.3/1.1 MB | 81/369 kBProgress (5): 2.7/3.0 MB | 1.2/2.2 MB | 438/588 kB | 0.3/1.1 MB | 85/369 kBProgress (5): 2.7/3.0 MB | 1.2/2.2 MB | 438/588 kB | 0.3/1.1 MB | 90/369 kBProgress (5): 2.7/3.0 MB | 1.2/2.2 MB | 438/588 kB | 0.3/1.1 MB | 94/369 kBProgress (5): 2.7/3.0 MB | 1.2/2.2 MB | 438/588 kB | 0.3/1.1 MB | 98/369 kBProgress (5): 2.7/3.0 MB | 1.2/2.2 MB | 438/588 kB | 0.3/1.1 MB | 102/369 kBProgress (5): 2.7/3.0 MB | 1.2/2.2 MB | 438/588 kB | 0.3/1.1 MB | 106/369 kBProgress (5): 2.7/3.0 MB | 1.2/2.2 MB | 438/588 kB | 0.3/1.1 MB | 110/369 kBProgress (5): 2.7/3.0 MB | 1.2/2.2 MB | 438/588 kB | 0.3/1.1 MB | 114/369 kBProgress (5): 2.7/3.0 MB | 1.2/2.2 MB | 438/588 kB | 0.3/1.1 MB | 114/369 kBProgress (5): 2.7/3.0 MB | 1.2/2.2 MB | 438/588 kB | 0.3/1.1 MB | 114/369 kBProgress (5): 2.7/3.0 MB | 1.2/2.2 MB | 438/588 kB | 0.3/1.1 MB | 114/369 kBProgress (5): 2.7/3.0 MB | 1.2/2.2 MB | 438/588 kB | 0.3/1.1 MB | 114/369 kBProgress (5): 2.7/3.0 MB | 1.2/2.2 MB | 438/588 kB | 0.3/1.1 MB | 114/369 kBProgress (5): 2.7/3.0 MB | 1.2/2.2 MB | 438/588 kB | 0.3/1.1 MB | 114/369 kBProgress (5): 2.7/3.0 MB | 1.2/2.2 MB | 442/588 kB | 0.3/1.1 MB | 114/369 kBProgress (5): 2.7/3.0 MB | 1.2/2.2 MB | 446/588 kB | 0.3/1.1 MB | 114/369 kBProgress (5): 2.7/3.0 MB | 1.2/2.2 MB | 450/588 kB | 0.3/1.1 MB | 114/369 kBProgress (5): 2.7/3.0 MB | 1.2/2.2 MB | 454/588 kB | 0.3/1.1 MB | 114/369 kBProgress (5): 2.7/3.0 MB | 1.3/2.2 MB | 454/588 kB | 0.3/1.1 MB | 114/369 kBProgress (5): 2.8/3.0 MB | 1.3/2.2 MB | 454/588 kB | 0.3/1.1 MB | 114/369 kBProgress (5): 2.8/3.0 MB | 1.3/2.2 MB | 454/588 kB | 0.3/1.1 MB | 118/369 kBProgress (5): 2.8/3.0 MB | 1.3/2.2 MB | 454/588 kB | 0.3/1.1 MB | 122/369 kBProgress (5): 2.8/3.0 MB | 1.3/2.2 MB | 454/588 kB | 0.3/1.1 MB | 126/369 kBProgress (5): 2.8/3.0 MB | 1.3/2.2 MB | 454/588 kB | 0.3/1.1 MB | 131/369 kBProgress (5): 2.8/3.0 MB | 1.3/2.2 MB | 454/588 kB | 0.3/1.1 MB | 135/369 kBProgress (5): 2.8/3.0 MB | 1.3/2.2 MB | 454/588 kB | 0.3/1.1 MB | 139/369 kBProgress (5): 2.8/3.0 MB | 1.3/2.2 MB | 454/588 kB | 0.3/1.1 MB | 143/369 kBProgress (5): 2.8/3.0 MB | 1.3/2.2 MB | 454/588 kB | 0.3/1.1 MB | 147/369 kBProgress (5): 2.8/3.0 MB | 1.3/2.2 MB | 454/588 kB | 0.3/1.1 MB | 147/369 kBProgress (5): 2.8/3.0 MB | 1.3/2.2 MB | 454/588 kB | 0.3/1.1 MB | 147/369 kBProgress (5): 2.8/3.0 MB | 1.3/2.2 MB | 454/588 kB | 0.3/1.1 MB | 147/369 kBProgress (5): 2.8/3.0 MB | 1.3/2.2 MB | 454/588 kB | 0.3/1.1 MB | 147/369 kBProgress (5): 2.8/3.0 MB | 1.3/2.2 MB | 454/588 kB | 0.3/1.1 MB | 147/369 kBProgress (5): 2.8/3.0 MB | 1.3/2.2 MB | 454/588 kB | 0.3/1.1 MB | 147/369 kBProgress (5): 2.8/3.0 MB | 1.3/2.2 MB | 454/588 kB | 0.3/1.1 MB | 147/369 kBProgress (5): 2.8/3.0 MB | 1.3/2.2 MB | 454/588 kB | 0.3/1.1 MB | 147/369 kBProgress (5): 2.8/3.0 MB | 1.3/2.2 MB | 454/588 kB | 0.4/1.1 MB | 147/369 kBProgress (5): 2.8/3.0 MB | 1.3/2.2 MB | 454/588 kB | 0.4/1.1 MB | 147/369 kBProgress (5): 2.8/3.0 MB | 1.3/2.2 MB | 458/588 kB | 0.4/1.1 MB | 147/369 kBProgress (5): 2.8/3.0 MB | 1.3/2.2 MB | 462/588 kB | 0.4/1.1 MB | 147/369 kBProgress (5): 2.8/3.0 MB | 1.3/2.2 MB | 466/588 kB | 0.4/1.1 MB | 147/369 kBProgress (5): 2.8/3.0 MB | 1.3/2.2 MB | 470/588 kB | 0.4/1.1 MB | 147/369 kBProgress (5): 2.8/3.0 MB | 1.3/2.2 MB | 475/588 kB | 0.4/1.1 MB | 147/369 kBProgress (5): 2.8/3.0 MB | 1.3/2.2 MB | 479/588 kB | 0.4/1.1 MB | 147/369 kBProgress (5): 2.8/3.0 MB | 1.3/2.2 MB | 483/588 kB | 0.4/1.1 MB | 147/369 kBProgress (5): 2.8/3.0 MB | 1.3/2.2 MB | 487/588 kB | 0.4/1.1 MB | 147/369 kBProgress (5): 2.8/3.0 MB | 1.3/2.2 MB | 487/588 kB | 0.4/1.1 MB | 151/369 kBProgress (5): 2.8/3.0 MB | 1.3/2.2 MB | 487/588 kB | 0.4/1.1 MB | 155/369 kBProgress (5): 2.8/3.0 MB | 1.3/2.2 MB | 487/588 kB | 0.4/1.1 MB | 159/369 kBProgress (5): 2.8/3.0 MB | 1.3/2.2 MB | 487/588 kB | 0.4/1.1 MB | 163/369 kBProgress (5): 2.8/3.0 MB | 1.3/2.2 MB | 487/588 kB | 0.4/1.1 MB | 167/369 kBProgress (5): 2.8/3.0 MB | 1.3/2.2 MB | 487/588 kB | 0.4/1.1 MB | 171/369 kBProgress (5): 2.8/3.0 MB | 1.3/2.2 MB | 487/588 kB | 0.4/1.1 MB | 176/369 kBProgress (5): 2.8/3.0 MB | 1.3/2.2 MB | 487/588 kB | 0.4/1.1 MB | 180/369 kBProgress (5): 2.8/3.0 MB | 1.3/2.2 MB | 487/588 kB | 0.4/1.1 MB | 184/369 kBProgress (5): 2.8/3.0 MB | 1.3/2.2 MB | 487/588 kB | 0.4/1.1 MB | 188/369 kBProgress (5): 2.8/3.0 MB | 1.3/2.2 MB | 487/588 kB | 0.4/1.1 MB | 192/369 kBProgress (5): 2.8/3.0 MB | 1.3/2.2 MB | 487/588 kB | 0.4/1.1 MB | 196/369 kBProgress (5): 2.8/3.0 MB | 1.3/2.2 MB | 487/588 kB | 0.4/1.1 MB | 196/369 kBProgress (5): 2.8/3.0 MB | 1.3/2.2 MB | 491/588 kB | 0.4/1.1 MB | 196/369 kBProgress (5): 2.8/3.0 MB | 1.3/2.2 MB | 495/588 kB | 0.4/1.1 MB | 196/369 kBProgress (5): 2.8/3.0 MB | 1.3/2.2 MB | 499/588 kB | 0.4/1.1 MB | 196/369 kBProgress (5): 2.8/3.0 MB | 1.3/2.2 MB | 503/588 kB | 0.4/1.1 MB | 196/369 kBProgress (5): 2.8/3.0 MB | 1.3/2.2 MB | 503/588 kB | 0.4/1.1 MB | 196/369 kBProgress (5): 2.8/3.0 MB | 1.3/2.2 MB | 503/588 kB | 0.4/1.1 MB | 196/369 kBProgress (5): 2.8/3.0 MB | 1.3/2.2 MB | 503/588 kB | 0.4/1.1 MB | 196/369 kBProgress (5): 2.8/3.0 MB | 1.3/2.2 MB | 503/588 kB | 0.4/1.1 MB | 196/369 kBProgress (5): 2.8/3.0 MB | 1.3/2.2 MB | 503/588 kB | 0.4/1.1 MB | 196/369 kBProgress (5): 2.8/3.0 MB | 1.3/2.2 MB | 503/588 kB | 0.4/1.1 MB | 196/369 kBProgress (5): 2.8/3.0 MB | 1.3/2.2 MB | 503/588 kB | 0.4/1.1 MB | 196/369 kBProgress (5): 2.8/3.0 MB | 1.3/2.2 MB | 503/588 kB | 0.4/1.1 MB | 200/369 kBProgress (5): 2.8/3.0 MB | 1.3/2.2 MB | 503/588 kB | 0.4/1.1 MB | 204/369 kBProgress (5): 2.8/3.0 MB | 1.3/2.2 MB | 503/588 kB | 0.4/1.1 MB | 208/369 kBProgress (5): 2.8/3.0 MB | 1.3/2.2 MB | 503/588 kB | 0.4/1.1 MB | 212/369 kBProgress (5): 2.8/3.0 MB | 1.3/2.2 MB | 503/588 kB | 0.4/1.1 MB | 212/369 kBProgress (5): 2.8/3.0 MB | 1.3/2.2 MB | 503/588 kB | 0.4/1.1 MB | 212/369 kBProgress (5): 2.8/3.0 MB | 1.3/2.2 MB | 503/588 kB | 0.4/1.1 MB | 217/369 kBProgress (5): 2.8/3.0 MB | 1.3/2.2 MB | 503/588 kB | 0.4/1.1 MB | 221/369 kBProgress (5): 2.8/3.0 MB | 1.3/2.2 MB | 503/588 kB | 0.4/1.1 MB | 225/369 kBProgress (5): 2.8/3.0 MB | 1.3/2.2 MB | 503/588 kB | 0.4/1.1 MB | 229/369 kBProgress (5): 2.8/3.0 MB | 1.4/2.2 MB | 503/588 kB | 0.4/1.1 MB | 229/369 kBProgress (5): 2.8/3.0 MB | 1.4/2.2 MB | 503/588 kB | 0.4/1.1 MB | 229/369 kBProgress (5): 2.8/3.0 MB | 1.4/2.2 MB | 507/588 kB | 0.4/1.1 MB | 229/369 kBProgress (5): 2.8/3.0 MB | 1.4/2.2 MB | 511/588 kB | 0.4/1.1 MB | 229/369 kBProgress (5): 2.8/3.0 MB | 1.4/2.2 MB | 516/588 kB | 0.4/1.1 MB | 229/369 kBProgress (5): 2.8/3.0 MB | 1.4/2.2 MB | 520/588 kB | 0.4/1.1 MB | 229/369 kBProgress (5): 2.8/3.0 MB | 1.4/2.2 MB | 520/588 kB | 0.4/1.1 MB | 229/369 kBProgress (5): 2.8/3.0 MB | 1.4/2.2 MB | 520/588 kB | 0.4/1.1 MB | 229/369 kBProgress (5): 2.8/3.0 MB | 1.4/2.2 MB | 520/588 kB | 0.4/1.1 MB | 229/369 kBProgress (5): 2.8/3.0 MB | 1.4/2.2 MB | 520/588 kB | 0.4/1.1 MB | 229/369 kBProgress (5): 2.8/3.0 MB | 1.4/2.2 MB | 520/588 kB | 0.4/1.1 MB | 233/369 kBProgress (5): 2.8/3.0 MB | 1.4/2.2 MB | 520/588 kB | 0.4/1.1 MB | 237/369 kBProgress (5): 2.8/3.0 MB | 1.4/2.2 MB | 520/588 kB | 0.4/1.1 MB | 241/369 kBProgress (5): 2.8/3.0 MB | 1.4/2.2 MB | 520/588 kB | 0.4/1.1 MB | 245/369 kBProgress (5): 2.8/3.0 MB | 1.4/2.2 MB | 520/588 kB | 0.4/1.1 MB | 245/369 kBProgress (5): 2.8/3.0 MB | 1.4/2.2 MB | 520/588 kB | 0.4/1.1 MB | 245/369 kBProgress (5): 2.8/3.0 MB | 1.4/2.2 MB | 520/588 kB | 0.4/1.1 MB | 245/369 kBProgress (5): 2.8/3.0 MB | 1.4/2.2 MB | 520/588 kB | 0.4/1.1 MB | 245/369 kBProgress (5): 2.8/3.0 MB | 1.4/2.2 MB | 520/588 kB | 0.4/1.1 MB | 245/369 kBProgress (5): 2.8/3.0 MB | 1.4/2.2 MB | 520/588 kB | 0.4/1.1 MB | 249/369 kBProgress (5): 2.8/3.0 MB | 1.4/2.2 MB | 520/588 kB | 0.4/1.1 MB | 253/369 kBProgress (5): 2.8/3.0 MB | 1.4/2.2 MB | 520/588 kB | 0.4/1.1 MB | 258/369 kBProgress (5): 2.8/3.0 MB | 1.4/2.2 MB | 520/588 kB | 0.4/1.1 MB | 262/369 kBProgress (5): 2.8/3.0 MB | 1.4/2.2 MB | 524/588 kB | 0.4/1.1 MB | 262/369 kBProgress (5): 2.8/3.0 MB | 1.4/2.2 MB | 528/588 kB | 0.4/1.1 MB | 262/369 kBProgress (5): 2.8/3.0 MB | 1.4/2.2 MB | 532/588 kB | 0.4/1.1 MB | 262/369 kBProgress (5): 2.8/3.0 MB | 1.4/2.2 MB | 536/588 kB | 0.4/1.1 MB | 262/369 kBProgress (5): 2.8/3.0 MB | 1.4/2.2 MB | 536/588 kB | 0.5/1.1 MB | 262/369 kBProgress (5): 2.8/3.0 MB | 1.4/2.2 MB | 536/588 kB | 0.5/1.1 MB | 262/369 kBProgress (5): 2.8/3.0 MB | 1.4/2.2 MB | 536/588 kB | 0.5/1.1 MB | 262/369 kBProgress (5): 2.8/3.0 MB | 1.4/2.2 MB | 536/588 kB | 0.5/1.1 MB | 262/369 kBProgress (5): 2.8/3.0 MB | 1.4/2.2 MB | 536/588 kB | 0.5/1.1 MB | 266/369 kBProgress (5): 2.8/3.0 MB | 1.4/2.2 MB | 536/588 kB | 0.5/1.1 MB | 270/369 kBProgress (5): 2.8/3.0 MB | 1.4/2.2 MB | 536/588 kB | 0.5/1.1 MB | 274/369 kBProgress (5): 2.9/3.0 MB | 1.4/2.2 MB | 536/588 kB | 0.5/1.1 MB | 274/369 kBProgress (5): 2.9/3.0 MB | 1.4/2.2 MB | 536/588 kB | 0.5/1.1 MB | 278/369 kBProgress (5): 2.9/3.0 MB | 1.4/2.2 MB | 536/588 kB | 0.5/1.1 MB | 282/369 kBProgress (5): 2.9/3.0 MB | 1.4/2.2 MB | 536/588 kB | 0.5/1.1 MB | 286/369 kBProgress (5): 2.9/3.0 MB | 1.4/2.2 MB | 536/588 kB | 0.5/1.1 MB | 290/369 kBProgress (5): 2.9/3.0 MB | 1.4/2.2 MB | 536/588 kB | 0.5/1.1 MB | 294/369 kBProgress (5): 2.9/3.0 MB | 1.4/2.2 MB | 536/588 kB | 0.5/1.1 MB | 294/369 kBProgress (5): 2.9/3.0 MB | 1.4/2.2 MB | 540/588 kB | 0.5/1.1 MB | 294/369 kBProgress (5): 2.9/3.0 MB | 1.4/2.2 MB | 544/588 kB | 0.5/1.1 MB | 294/369 kBProgress (5): 2.9/3.0 MB | 1.4/2.2 MB | 548/588 kB | 0.5/1.1 MB | 294/369 kBProgress (5): 2.9/3.0 MB | 1.4/2.2 MB | 552/588 kB | 0.5/1.1 MB | 294/369 kBProgress (5): 2.9/3.0 MB | 1.4/2.2 MB | 552/588 kB | 0.5/1.1 MB | 294/369 kBProgress (5): 2.9/3.0 MB | 1.4/2.2 MB | 552/588 kB | 0.5/1.1 MB | 294/369 kBProgress (5): 2.9/3.0 MB | 1.4/2.2 MB | 552/588 kB | 0.5/1.1 MB | 294/369 kBProgress (5): 2.9/3.0 MB | 1.4/2.2 MB | 552/588 kB | 0.5/1.1 MB | 294/369 kBProgress (5): 2.9/3.0 MB | 1.4/2.2 MB | 552/588 kB | 0.5/1.1 MB | 294/369 kBProgress (5): 2.9/3.0 MB | 1.4/2.2 MB | 552/588 kB | 0.5/1.1 MB | 294/369 kBProgress (5): 2.9/3.0 MB | 1.4/2.2 MB | 557/588 kB | 0.5/1.1 MB | 294/369 kBProgress (5): 2.9/3.0 MB | 1.4/2.2 MB | 561/588 kB | 0.5/1.1 MB | 294/369 kBProgress (5): 2.9/3.0 MB | 1.4/2.2 MB | 565/588 kB | 0.5/1.1 MB | 294/369 kBProgress (5): 2.9/3.0 MB | 1.4/2.2 MB | 565/588 kB | 0.5/1.1 MB | 298/369 kBProgress (5): 2.9/3.0 MB | 1.4/2.2 MB | 569/588 kB | 0.5/1.1 MB | 298/369 kBProgress (5): 2.9/3.0 MB | 1.4/2.2 MB | 569/588 kB | 0.5/1.1 MB | 303/369 kBProgress (5): 2.9/3.0 MB | 1.4/2.2 MB | 569/588 kB | 0.5/1.1 MB | 307/369 kBProgress (5): 2.9/3.0 MB | 1.4/2.2 MB | 569/588 kB | 0.5/1.1 MB | 311/369 kBProgress (5): 2.9/3.0 MB | 1.4/2.2 MB | 569/588 kB | 0.5/1.1 MB | 311/369 kBProgress (5): 2.9/3.0 MB | 1.4/2.2 MB | 569/588 kB | 0.5/1.1 MB | 311/369 kBProgress (5): 2.9/3.0 MB | 1.4/2.2 MB | 569/588 kB | 0.5/1.1 MB | 315/369 kBProgress (5): 2.9/3.0 MB | 1.4/2.2 MB | 569/588 kB | 0.5/1.1 MB | 319/369 kBProgress (5): 2.9/3.0 MB | 1.4/2.2 MB | 569/588 kB | 0.5/1.1 MB | 323/369 kBProgress (5): 2.9/3.0 MB | 1.4/2.2 MB | 569/588 kB | 0.5/1.1 MB | 327/369 kBProgress (5): 2.9/3.0 MB | 1.4/2.2 MB | 569/588 kB | 0.5/1.1 MB | 327/369 kBProgress (5): 2.9/3.0 MB | 1.4/2.2 MB | 569/588 kB | 0.5/1.1 MB | 327/369 kBProgress (5): 2.9/3.0 MB | 1.5/2.2 MB | 569/588 kB | 0.5/1.1 MB | 327/369 kBProgress (5): 2.9/3.0 MB | 1.5/2.2 MB | 569/588 kB | 0.5/1.1 MB | 327/369 kBProgress (5): 2.9/3.0 MB | 1.5/2.2 MB | 569/588 kB | 0.5/1.1 MB | 327/369 kBProgress (5): 2.9/3.0 MB | 1.5/2.2 MB | 573/588 kB | 0.5/1.1 MB | 327/369 kBProgress (5): 2.9/3.0 MB | 1.5/2.2 MB | 577/588 kB | 0.5/1.1 MB | 327/369 kBProgress (5): 2.9/3.0 MB | 1.5/2.2 MB | 581/588 kB | 0.5/1.1 MB | 327/369 kBProgress (5): 2.9/3.0 MB | 1.5/2.2 MB | 585/588 kB | 0.5/1.1 MB | 327/369 kBProgress (5): 2.9/3.0 MB | 1.5/2.2 MB | 588 kB | 0.5/1.1 MB | 327/369 kB    Progress (5): 2.9/3.0 MB | 1.5/2.2 MB | 588 kB | 0.5/1.1 MB | 327/369 kBProgress (5): 2.9/3.0 MB | 1.5/2.2 MB | 588 kB | 0.6/1.1 MB | 327/369 kBProgress (5): 2.9/3.0 MB | 1.5/2.2 MB | 588 kB | 0.6/1.1 MB | 331/369 kBProgress (5): 2.9/3.0 MB | 1.5/2.2 MB | 588 kB | 0.6/1.1 MB | 335/369 kBProgress (5): 2.9/3.0 MB | 1.5/2.2 MB | 588 kB | 0.6/1.1 MB | 339/369 kBProgress (5): 2.9/3.0 MB | 1.5/2.2 MB | 588 kB | 0.6/1.1 MB | 344/369 kBProgress (5): 2.9/3.0 MB | 1.5/2.2 MB | 588 kB | 0.6/1.1 MB | 344/369 kBProgress (5): 2.9/3.0 MB | 1.5/2.2 MB | 588 kB | 0.6/1.1 MB | 344/369 kBProgress (5): 2.9/3.0 MB | 1.5/2.2 MB | 588 kB | 0.6/1.1 MB | 348/369 kBProgress (5): 2.9/3.0 MB | 1.5/2.2 MB | 588 kB | 0.6/1.1 MB | 348/369 kBProgress (5): 2.9/3.0 MB | 1.5/2.2 MB | 588 kB | 0.6/1.1 MB | 352/369 kBProgress (5): 2.9/3.0 MB | 1.5/2.2 MB | 588 kB | 0.6/1.1 MB | 356/369 kBProgress (5): 2.9/3.0 MB | 1.5/2.2 MB | 588 kB | 0.6/1.1 MB | 360/369 kBProgress (5): 2.9/3.0 MB | 1.5/2.2 MB | 588 kB | 0.6/1.1 MB | 360/369 kBProgress (5): 2.9/3.0 MB | 1.5/2.2 MB | 588 kB | 0.6/1.1 MB | 360/369 kBProgress (5): 2.9/3.0 MB | 1.5/2.2 MB | 588 kB | 0.6/1.1 MB | 364/369 kBProgress (5): 2.9/3.0 MB | 1.5/2.2 MB | 588 kB | 0.6/1.1 MB | 368/369 kBProgress (5): 2.9/3.0 MB | 1.5/2.2 MB | 588 kB | 0.6/1.1 MB | 369 kB    Progress (5): 2.9/3.0 MB | 1.5/2.2 MB | 588 kB | 0.6/1.1 MB | 369 kBProgress (5): 2.9/3.0 MB | 1.5/2.2 MB | 588 kB | 0.6/1.1 MB | 369 kBProgress (5): 2.9/3.0 MB | 1.5/2.2 MB | 588 kB | 0.6/1.1 MB | 369 kB                                                                    Downloaded from central: https://repo.maven.apache.org/maven2/commons-collections/commons-collections/3.2.2/commons-collections-3.2.2.jar (588 kB at 39 kB/s)
Downloading from central: https://repo.maven.apache.org/maven2/org/springframework/spring-beans/5.1.0.RELEASE/spring-beans-5.1.0.RELEASE.jar
Progress (4): 2.9/3.0 MB | 1.5/2.2 MB | 0.6/1.1 MB | 369 kBProgress (4): 2.9/3.0 MB | 1.5/2.2 MB | 0.6/1.1 MB | 369 kBProgress (4): 2.9/3.0 MB | 1.5/2.2 MB | 0.6/1.1 MB | 369 kBProgress (4): 2.9/3.0 MB | 1.5/2.2 MB | 0.6/1.1 MB | 369 kBProgress (4): 2.9/3.0 MB | 1.5/2.2 MB | 0.6/1.1 MB | 369 kBProgress (4): 2.9/3.0 MB | 1.5/2.2 MB | 0.6/1.1 MB | 369 kBProgress (4): 2.9/3.0 MB | 1.5/2.2 MB | 0.6/1.1 MB | 369 kBProgress (4): 2.9/3.0 MB | 1.5/2.2 MB | 0.6/1.1 MB | 369 kB                                                           Downloaded from central: https://repo.maven.apache.org/maven2/org/springframework/spring-aop/5.1.0.RELEASE/spring-aop-5.1.0.RELEASE.jar (369 kB at 25 kB/s)
Downloading from central: https://repo.maven.apache.org/maven2/org/springframework/spring-core/5.1.0.RELEASE/spring-core-5.1.0.RELEASE.jar
Progress (3): 2.9/3.0 MB | 1.5/2.2 MB | 0.6/1.1 MBProgress (3): 2.9/3.0 MB | 1.5/2.2 MB | 0.6/1.1 MBProgress (3): 2.9/3.0 MB | 1.5/2.2 MB | 0.6/1.1 MBProgress (3): 2.9/3.0 MB | 1.5/2.2 MB | 0.7/1.1 MBProgress (4): 2.9/3.0 MB | 1.5/2.2 MB | 0.7/1.1 MB | 2.8/671 kBProgress (4): 2.9/3.0 MB | 1.5/2.2 MB | 0.7/1.1 MB | 5.5/671 kBProgress (4): 2.9/3.0 MB | 1.5/2.2 MB | 0.7/1.1 MB | 8.3/671 kBProgress (4): 2.9/3.0 MB | 1.5/2.2 MB | 0.7/1.1 MB | 11/671 kB Progress (4): 2.9/3.0 MB | 1.5/2.2 MB | 0.7/1.1 MB | 14/671 kBProgress (4): 2.9/3.0 MB | 1.5/2.2 MB | 0.7/1.1 MB | 16/671 kBProgress (4): 2.9/3.0 MB | 1.5/2.2 MB | 0.7/1.1 MB | 19/671 kBProgress (4): 2.9/3.0 MB | 1.5/2.2 MB | 0.7/1.1 MB | 22/671 kBProgress (4): 2.9/3.0 MB | 1.5/2.2 MB | 0.7/1.1 MB | 22/671 kBProgress (4): 3.0/3.0 MB | 1.5/2.2 MB | 0.7/1.1 MB | 22/671 kBProgress (4): 3.0/3.0 MB | 1.5/2.2 MB | 0.7/1.1 MB | 22/671 kBProgress (4): 3.0/3.0 MB | 1.5/2.2 MB | 0.7/1.1 MB | 22/671 kBProgress (4): 3.0/3.0 MB | 1.6/2.2 MB | 0.7/1.1 MB | 22/671 kBProgress (4): 3.0/3.0 MB | 1.6/2.2 MB | 0.7/1.1 MB | 22/671 kBProgress (4): 3.0/3.0 MB | 1.6/2.2 MB | 0.7/1.1 MB | 22/671 kBProgress (4): 3.0/3.0 MB | 1.6/2.2 MB | 0.7/1.1 MB | 22/671 kBProgress (5): 3.0/3.0 MB | 1.6/2.2 MB | 0.7/1.1 MB | 22/671 kB | 0/1.3 MBProgress (5): 3.0/3.0 MB | 1.6/2.2 MB | 0.7/1.1 MB | 22/671 kB | 0/1.3 MBProgress (5): 3.0/3.0 MB | 1.6/2.2 MB | 0.7/1.1 MB | 22/671 kB | 0/1.3 MBProgress (5): 3.0/3.0 MB | 1.6/2.2 MB | 0.7/1.1 MB | 22/671 kB | 0/1.3 MBProgress (5): 3.0/3.0 MB | 1.6/2.2 MB | 0.7/1.1 MB | 25/671 kB | 0/1.3 MBProgress (5): 3.0/3.0 MB | 1.6/2.2 MB | 0.7/1.1 MB | 27/671 kB | 0/1.3 MBProgress (5): 3.0/3.0 MB | 1.6/2.2 MB | 0.7/1.1 MB | 27/671 kB | 0/1.3 MBProgress (5): 3.0/3.0 MB | 1.6/2.2 MB | 0.7/1.1 MB | 27/671 kB | 0/1.3 MBProgress (5): 3.0/3.0 MB | 1.6/2.2 MB | 0.7/1.1 MB | 30/671 kB | 0/1.3 MBProgress (5): 3.0/3.0 MB | 1.6/2.2 MB | 0.7/1.1 MB | 33/671 kB | 0/1.3 MBProgress (5): 3.0 MB | 1.6/2.2 MB | 0.7/1.1 MB | 33/671 kB | 0/1.3 MB    Progress (5): 3.0 MB | 1.6/2.2 MB | 0.7/1.1 MB | 33/671 kB | 0/1.3 MBProgress (5): 3.0 MB | 1.6/2.2 MB | 0.7/1.1 MB | 33/671 kB | 0/1.3 MBProgress (5): 3.0 MB | 1.6/2.2 MB | 0.7/1.1 MB | 33/671 kB | 0/1.3 MBProgress (5): 3.0 MB | 1.6/2.2 MB | 0.7/1.1 MB | 33/671 kB | 0/1.3 MBProgress (5): 3.0 MB | 1.6/2.2 MB | 0.7/1.1 MB | 33/671 kB | 0/1.3 MBProgress (5): 3.0 MB | 1.6/2.2 MB | 0.7/1.1 MB | 33/671 kB | 0/1.3 MBProgress (5): 3.0 MB | 1.6/2.2 MB | 0.7/1.1 MB | 33/671 kB | 0/1.3 MBProgress (5): 3.0 MB | 1.6/2.2 MB | 0.7/1.1 MB | 33/671 kB | 0/1.3 MBProgress (5): 3.0 MB | 1.6/2.2 MB | 0.7/1.1 MB | 33/671 kB | 0.1/1.3 MBProgress (5): 3.0 MB | 1.6/2.2 MB | 0.7/1.1 MB | 33/671 kB | 0.1/1.3 MBProgress (5): 3.0 MB | 1.6/2.2 MB | 0.7/1.1 MB | 37/671 kB | 0.1/1.3 MBProgress (5): 3.0 MB | 1.6/2.2 MB | 0.7/1.1 MB | 41/671 kB | 0.1/1.3 MBProgress (5): 3.0 MB | 1.6/2.2 MB | 0.7/1.1 MB | 45/671 kB | 0.1/1.3 MBProgress (5): 3.0 MB | 1.6/2.2 MB | 0.7/1.1 MB | 49/671 kB | 0.1/1.3 MBProgress (5): 3.0 MB | 1.6/2.2 MB | 0.7/1.1 MB | 49/671 kB | 0.1/1.3 MBProgress (5): 3.0 MB | 1.6/2.2 MB | 0.8/1.1 MB | 49/671 kB | 0.1/1.3 MBProgress (5): 3.0 MB | 1.6/2.2 MB | 0.8/1.1 MB | 53/671 kB | 0.1/1.3 MBProgress (5): 3.0 MB | 1.6/2.2 MB | 0.8/1.1 MB | 57/671 kB | 0.1/1.3 MBProgress (5): 3.0 MB | 1.6/2.2 MB | 0.8/1.1 MB | 61/671 kB | 0.1/1.3 MBProgress (5): 3.0 MB | 1.6/2.2 MB | 0.8/1.1 MB | 61/671 kB | 0.1/1.3 MB                                                                       Downloaded from central: https://repo.maven.apache.org/maven2/net/bytebuddy/byte-buddy/1.8.15/byte-buddy-1.8.15.jar (3.0 MB at 193 kB/s)
Downloading from central: https://repo.maven.apache.org/maven2/org/springframework/spring-jcl/5.1.0.RELEASE/spring-jcl-5.1.0.RELEASE.jar
Progress (4): 1.6/2.2 MB | 0.8/1.1 MB | 61/671 kB | 0.1/1.3 MBProgress (4): 1.6/2.2 MB | 0.8/1.1 MB | 61/671 kB | 0.1/1.3 MBProgress (4): 1.6/2.2 MB | 0.8/1.1 MB | 61/671 kB | 0.1/1.3 MBProgress (4): 1.6/2.2 MB | 0.8/1.1 MB | 61/671 kB | 0.1/1.3 MBProgress (4): 1.6/2.2 MB | 0.8/1.1 MB | 61/671 kB | 0.1/1.3 MBProgress (4): 1.6/2.2 MB | 0.8/1.1 MB | 61/671 kB | 0.1/1.3 MBProgress (4): 1.6/2.2 MB | 0.8/1.1 MB | 61/671 kB | 0.1/1.3 MBProgress (4): 1.6/2.2 MB | 0.8/1.1 MB | 61/671 kB | 0.1/1.3 MBProgress (4): 1.6/2.2 MB | 0.8/1.1 MB | 61/671 kB | 0.1/1.3 MBProgress (4): 1.6/2.2 MB | 0.8/1.1 MB | 61/671 kB | 0.1/1.3 MBProgress (4): 1.6/2.2 MB | 0.8/1.1 MB | 61/671 kB | 0.1/1.3 MBProgress (4): 1.6/2.2 MB | 0.8/1.1 MB | 61/671 kB | 0.1/1.3 MBProgress (4): 1.6/2.2 MB | 0.8/1.1 MB | 66/671 kB | 0.1/1.3 MBProgress (4): 1.6/2.2 MB | 0.8/1.1 MB | 70/671 kB | 0.1/1.3 MBProgress (4): 1.6/2.2 MB | 0.8/1.1 MB | 74/671 kB | 0.1/1.3 MBProgress (4): 1.6/2.2 MB | 0.8/1.1 MB | 78/671 kB | 0.1/1.3 MBProgress (4): 1.6/2.2 MB | 0.8/1.1 MB | 78/671 kB | 0.1/1.3 MBProgress (4): 1.6/2.2 MB | 0.8/1.1 MB | 78/671 kB | 0.1/1.3 MBProgress (4): 1.7/2.2 MB | 0.8/1.1 MB | 78/671 kB | 0.1/1.3 MBProgress (5): 1.7/2.2 MB | 0.8/1.1 MB | 78/671 kB | 0.1/1.3 MB | 2.8/23 kBProgress (5): 1.7/2.2 MB | 0.8/1.1 MB | 78/671 kB | 0.1/1.3 MB | 5.5/23 kBProgress (5): 1.7/2.2 MB | 0.8/1.1 MB | 78/671 kB | 0.1/1.3 MB | 8.3/23 kBProgress (5): 1.7/2.2 MB | 0.8/1.1 MB | 78/671 kB | 0.1/1.3 MB | 11/23 kB Progress (5): 1.7/2.2 MB | 0.8/1.1 MB | 78/671 kB | 0.1/1.3 MB | 14/23 kBProgress (5): 1.7/2.2 MB | 0.8/1.1 MB | 78/671 kB | 0.1/1.3 MB | 16/23 kBProgress (5): 1.7/2.2 MB | 0.8/1.1 MB | 78/671 kB | 0.1/1.3 MB | 19/23 kBProgress (5): 1.7/2.2 MB | 0.8/1.1 MB | 78/671 kB | 0.1/1.3 MB | 22/23 kBProgress (5): 1.7/2.2 MB | 0.8/1.1 MB | 78/671 kB | 0.1/1.3 MB | 23 kB   Progress (5): 1.7/2.2 MB | 0.8/1.1 MB | 82/671 kB | 0.1/1.3 MB | 23 kBProgress (5): 1.7/2.2 MB | 0.8/1.1 MB | 86/671 kB | 0.1/1.3 MB | 23 kBProgress (5): 1.7/2.2 MB | 0.8/1.1 MB | 90/671 kB | 0.1/1.3 MB | 23 kBProgress (5): 1.7/2.2 MB | 0.8/1.1 MB | 94/671 kB | 0.1/1.3 MB | 23 kBProgress (5): 1.7/2.2 MB | 0.8/1.1 MB | 94/671 kB | 0.1/1.3 MB | 23 kBProgress (5): 1.7/2.2 MB | 0.8/1.1 MB | 94/671 kB | 0.1/1.3 MB | 23 kBProgress (5): 1.7/2.2 MB | 0.8/1.1 MB | 94/671 kB | 0.1/1.3 MB | 23 kBProgress (5): 1.7/2.2 MB | 0.8/1.1 MB | 94/671 kB | 0.1/1.3 MB | 23 kBProgress (5): 1.7/2.2 MB | 0.8/1.1 MB | 94/671 kB | 0.1/1.3 MB | 23 kBProgress (5): 1.7/2.2 MB | 0.8/1.1 MB | 94/671 kB | 0.1/1.3 MB | 23 kBProgress (5): 1.7/2.2 MB | 0.9/1.1 MB | 94/671 kB | 0.1/1.3 MB | 23 kBProgress (5): 1.7/2.2 MB | 0.9/1.1 MB | 94/671 kB | 0.1/1.3 MB | 23 kBProgress (5): 1.7/2.2 MB | 0.9/1.1 MB | 94/671 kB | 0.1/1.3 MB | 23 kBProgress (5): 1.7/2.2 MB | 0.9/1.1 MB | 94/671 kB | 0.1/1.3 MB | 23 kBProgress (5): 1.7/2.2 MB | 0.9/1.1 MB | 94/671 kB | 0.1/1.3 MB | 23 kBProgress (5): 1.7/2.2 MB | 0.9/1.1 MB | 98/671 kB | 0.1/1.3 MB | 23 kBProgress (5): 1.7/2.2 MB | 0.9/1.1 MB | 102/671 kB | 0.1/1.3 MB | 23 kBProgress (5): 1.7/2.2 MB | 0.9/1.1 MB | 106/671 kB | 0.1/1.3 MB | 23 kBProgress (5): 1.7/2.2 MB | 0.9/1.1 MB | 111/671 kB | 0.1/1.3 MB | 23 kBProgress (5): 1.7/2.2 MB | 0.9/1.1 MB | 111/671 kB | 0.1/1.3 MB | 23 kBProgress (5): 1.7/2.2 MB | 0.9/1.1 MB | 111/671 kB | 0.1/1.3 MB | 23 kB                                                                       Downloaded from central: https://repo.maven.apache.org/maven2/org/springframework/spring-jcl/5.1.0.RELEASE/spring-jcl-5.1.0.RELEASE.jar (23 kB at 1.5 kB/s)
Progress (4): 1.7/2.2 MB | 0.9/1.1 MB | 111/671 kB | 0.1/1.3 MB                                                               Downloading from central: https://repo.maven.apache.org/maven2/org/springframework/spring-expression/5.1.0.RELEASE/spring-expression-5.1.0.RELEASE.jar
Progress (4): 1.7/2.2 MB | 0.9/1.1 MB | 111/671 kB | 0.1/1.3 MBProgress (4): 1.7/2.2 MB | 0.9/1.1 MB | 111/671 kB | 0.1/1.3 MBProgress (4): 1.7/2.2 MB | 0.9/1.1 MB | 111/671 kB | 0.1/1.3 MBProgress (4): 1.7/2.2 MB | 0.9/1.1 MB | 111/671 kB | 0.2/1.3 MBProgress (4): 1.7/2.2 MB | 0.9/1.1 MB | 111/671 kB | 0.2/1.3 MBProgress (4): 1.7/2.2 MB | 0.9/1.1 MB | 111/671 kB | 0.2/1.3 MBProgress (4): 1.7/2.2 MB | 0.9/1.1 MB | 111/671 kB | 0.2/1.3 MBProgress (4): 1.7/2.2 MB | 0.9/1.1 MB | 111/671 kB | 0.2/1.3 MBProgress (4): 1.7/2.2 MB | 0.9/1.1 MB | 111/671 kB | 0.2/1.3 MBProgress (4): 1.7/2.2 MB | 0.9/1.1 MB | 115/671 kB | 0.2/1.3 MBProgress (4): 1.7/2.2 MB | 0.9/1.1 MB | 119/671 kB | 0.2/1.3 MBProgress (4): 1.7/2.2 MB | 0.9/1.1 MB | 119/671 kB | 0.2/1.3 MBProgress (4): 1.7/2.2 MB | 0.9/1.1 MB | 123/671 kB | 0.2/1.3 MBProgress (4): 1.7/2.2 MB | 0.9/1.1 MB | 123/671 kB | 0.2/1.3 MBProgress (4): 1.7/2.2 MB | 0.9/1.1 MB | 127/671 kB | 0.2/1.3 MBProgress (4): 1.7/2.2 MB | 0.9/1.1 MB | 127/671 kB | 0.2/1.3 MBProgress (4): 1.7/2.2 MB | 0.9/1.1 MB | 131/671 kB | 0.2/1.3 MBProgress (4): 1.7/2.2 MB | 0.9/1.1 MB | 135/671 kB | 0.2/1.3 MBProgress (4): 1.7/2.2 MB | 0.9/1.1 MB | 139/671 kB | 0.2/1.3 MBProgress (4): 1.7/2.2 MB | 0.9/1.1 MB | 143/671 kB | 0.2/1.3 MBProgress (4): 1.7/2.2 MB | 0.9/1.1 MB | 143/671 kB | 0.2/1.3 MBProgress (4): 1.7/2.2 MB | 0.9/1.1 MB | 143/671 kB | 0.2/1.3 MBProgress (4): 1.7/2.2 MB | 0.9/1.1 MB | 143/671 kB | 0.2/1.3 MBProgress (5): 1.7/2.2 MB | 0.9/1.1 MB | 143/671 kB | 0.2/1.3 MB | 2.2/280 kBProgress (5): 1.7/2.2 MB | 0.9/1.1 MB | 143/671 kB | 0.2/1.3 MB | 5.0/280 kBProgress (5): 1.7/2.2 MB | 0.9/1.1 MB | 143/671 kB | 0.2/1.3 MB | 7.7/280 kBProgress (5): 1.7/2.2 MB | 0.9/1.1 MB | 143/671 kB | 0.2/1.3 MB | 10/280 kB Progress (5): 1.7/2.2 MB | 0.9/1.1 MB | 143/671 kB | 0.2/1.3 MB | 13/280 kBProgress (5): 1.7/2.2 MB | 0.9/1.1 MB | 143/671 kB | 0.2/1.3 MB | 16/280 kBProgress (5): 1.7/2.2 MB | 0.9/1.1 MB | 143/671 kB | 0.2/1.3 MB | 19/280 kBProgress (5): 1.7/2.2 MB | 0.9/1.1 MB | 143/671 kB | 0.2/1.3 MB | 21/280 kBProgress (5): 1.7/2.2 MB | 0.9/1.1 MB | 143/671 kB | 0.2/1.3 MB | 24/280 kBProgress (5): 1.7/2.2 MB | 0.9/1.1 MB | 143/671 kB | 0.2/1.3 MB | 27/280 kBProgress (5): 1.7/2.2 MB | 0.9/1.1 MB | 143/671 kB | 0.2/1.3 MB | 27/280 kBProgress (5): 1.7/2.2 MB | 0.9/1.1 MB | 143/671 kB | 0.2/1.3 MB | 27/280 kBProgress (5): 1.7/2.2 MB | 0.9/1.1 MB | 143/671 kB | 0.2/1.3 MB | 27/280 kBProgress (5): 1.7/2.2 MB | 0.9/1.1 MB | 143/671 kB | 0.2/1.3 MB | 27/280 kBProgress (5): 1.8/2.2 MB | 0.9/1.1 MB | 143/671 kB | 0.2/1.3 MB | 27/280 kBProgress (5): 1.8/2.2 MB | 0.9/1.1 MB | 143/671 kB | 0.2/1.3 MB | 27/280 kBProgress (5): 1.8/2.2 MB | 0.9/1.1 MB | 143/671 kB | 0.2/1.3 MB | 27/280 kBProgress (5): 1.8/2.2 MB | 0.9/1.1 MB | 143/671 kB | 0.2/1.3 MB | 30/280 kBProgress (5): 1.8/2.2 MB | 0.9/1.1 MB | 143/671 kB | 0.2/1.3 MB | 32/280 kBProgress (5): 1.8/2.2 MB | 0.9/1.1 MB | 143/671 kB | 0.2/1.3 MB | 32/280 kBProgress (5): 1.8/2.2 MB | 0.9/1.1 MB | 143/671 kB | 0.2/1.3 MB | 32/280 kBProgress (5): 1.8/2.2 MB | 1.0/1.1 MB | 143/671 kB | 0.2/1.3 MB | 32/280 kBProgress (5): 1.8/2.2 MB | 1.0/1.1 MB | 143/671 kB | 0.2/1.3 MB | 32/280 kBProgress (5): 1.8/2.2 MB | 1.0/1.1 MB | 143/671 kB | 0.2/1.3 MB | 32/280 kBProgress (5): 1.8/2.2 MB | 1.0/1.1 MB | 143/671 kB | 0.2/1.3 MB | 32/280 kBProgress (5): 1.8/2.2 MB | 1.0/1.1 MB | 143/671 kB | 0.2/1.3 MB | 32/280 kBProgress (5): 1.8/2.2 MB | 1.0/1.1 MB | 143/671 kB | 0.2/1.3 MB | 32/280 kBProgress (5): 1.8/2.2 MB | 1.0/1.1 MB | 143/671 kB | 0.2/1.3 MB | 32/280 kBProgress (5): 1.8/2.2 MB | 1.0/1.1 MB | 143/671 kB | 0.2/1.3 MB | 32/280 kBProgress (5): 1.8/2.2 MB | 1.0/1.1 MB | 143/671 kB | 0.2/1.3 MB | 32/280 kBProgress (5): 1.8/2.2 MB | 1.0/1.1 MB | 143/671 kB | 0.2/1.3 MB | 32/280 kBProgress (5): 1.8/2.2 MB | 1.0/1.1 MB | 143/671 kB | 0.3/1.3 MB | 32/280 kBProgress (5): 1.8/2.2 MB | 1.0/1.1 MB | 143/671 kB | 0.3/1.3 MB | 32/280 kBProgress (5): 1.8/2.2 MB | 1.0/1.1 MB | 143/671 kB | 0.3/1.3 MB | 32/280 kBProgress (5): 1.8/2.2 MB | 1.0/1.1 MB | 143/671 kB | 0.3/1.3 MB | 32/280 kBProgress (5): 1.8/2.2 MB | 1.0/1.1 MB | 147/671 kB | 0.3/1.3 MB | 32/280 kBProgress (5): 1.8/2.2 MB | 1.0/1.1 MB | 152/671 kB | 0.3/1.3 MB | 32/280 kBProgress (5): 1.8/2.2 MB | 1.0/1.1 MB | 156/671 kB | 0.3/1.3 MB | 32/280 kBProgress (5): 1.8/2.2 MB | 1.0/1.1 MB | 160/671 kB | 0.3/1.3 MB | 32/280 kBProgress (5): 1.8/2.2 MB | 1.0/1.1 MB | 164/671 kB | 0.3/1.3 MB | 32/280 kBProgress (5): 1.8/2.2 MB | 1.0/1.1 MB | 168/671 kB | 0.3/1.3 MB | 32/280 kBProgress (5): 1.8/2.2 MB | 1.0/1.1 MB | 172/671 kB | 0.3/1.3 MB | 32/280 kBProgress (5): 1.8/2.2 MB | 1.0/1.1 MB | 176/671 kB | 0.3/1.3 MB | 32/280 kBProgress (5): 1.8/2.2 MB | 1.0/1.1 MB | 176/671 kB | 0.3/1.3 MB | 32/280 kBProgress (5): 1.8/2.2 MB | 1.0/1.1 MB | 176/671 kB | 0.3/1.3 MB | 32/280 kBProgress (5): 1.8/2.2 MB | 1.0/1.1 MB | 176/671 kB | 0.3/1.3 MB | 36/280 kBProgress (5): 1.8/2.2 MB | 1.0/1.1 MB | 176/671 kB | 0.3/1.3 MB | 40/280 kBProgress (5): 1.8/2.2 MB | 1.0/1.1 MB | 176/671 kB | 0.3/1.3 MB | 45/280 kBProgress (5): 1.8/2.2 MB | 1.0/1.1 MB | 176/671 kB | 0.3/1.3 MB | 49/280 kBProgress (5): 1.8/2.2 MB | 1.0/1.1 MB | 176/671 kB | 0.3/1.3 MB | 53/280 kBProgress (5): 1.8/2.2 MB | 1.0/1.1 MB | 176/671 kB | 0.3/1.3 MB | 57/280 kBProgress (5): 1.8/2.2 MB | 1.0/1.1 MB | 176/671 kB | 0.3/1.3 MB | 61/280 kBProgress (5): 1.8/2.2 MB | 1.0/1.1 MB | 176/671 kB | 0.3/1.3 MB | 65/280 kBProgress (5): 1.8/2.2 MB | 1.0/1.1 MB | 176/671 kB | 0.3/1.3 MB | 69/280 kBProgress (5): 1.8/2.2 MB | 1.0/1.1 MB | 176/671 kB | 0.3/1.3 MB | 73/280 kBProgress (5): 1.8/2.2 MB | 1.0/1.1 MB | 176/671 kB | 0.3/1.3 MB | 77/280 kBProgress (5): 1.8/2.2 MB | 1.0/1.1 MB | 176/671 kB | 0.3/1.3 MB | 81/280 kBProgress (5): 1.8/2.2 MB | 1.0/1.1 MB | 176/671 kB | 0.3/1.3 MB | 81/280 kBProgress (5): 1.8/2.2 MB | 1.0/1.1 MB | 176/671 kB | 0.3/1.3 MB | 81/280 kBProgress (5): 1.8/2.2 MB | 1.0/1.1 MB | 176/671 kB | 0.3/1.3 MB | 81/280 kBProgress (5): 1.8/2.2 MB | 1.0/1.1 MB | 176/671 kB | 0.3/1.3 MB | 81/280 kBProgress (5): 1.8/2.2 MB | 1.0/1.1 MB | 176/671 kB | 0.3/1.3 MB | 81/280 kBProgress (5): 1.8/2.2 MB | 1.0/1.1 MB | 176/671 kB | 0.3/1.3 MB | 81/280 kBProgress (5): 1.8/2.2 MB | 1.0/1.1 MB | 180/671 kB | 0.3/1.3 MB | 81/280 kBProgress (5): 1.8/2.2 MB | 1.0/1.1 MB | 184/671 kB | 0.3/1.3 MB | 81/280 kBProgress (5): 1.8/2.2 MB | 1.0/1.1 MB | 188/671 kB | 0.3/1.3 MB | 81/280 kBProgress (5): 1.8/2.2 MB | 1.0/1.1 MB | 193/671 kB | 0.3/1.3 MB | 81/280 kBProgress (5): 1.8/2.2 MB | 1.0/1.1 MB | 193/671 kB | 0.3/1.3 MB | 81/280 kBProgress (5): 1.8/2.2 MB | 1.0/1.1 MB | 193/671 kB | 0.3/1.3 MB | 81/280 kBProgress (5): 1.8/2.2 MB | 1.0/1.1 MB | 193/671 kB | 0.3/1.3 MB | 81/280 kBProgress (5): 1.8/2.2 MB | 1.0/1.1 MB | 193/671 kB | 0.3/1.3 MB | 81/280 kBProgress (5): 1.8/2.2 MB | 1.0/1.1 MB | 193/671 kB | 0.3/1.3 MB | 81/280 kBProgress (5): 1.9/2.2 MB | 1.0/1.1 MB | 193/671 kB | 0.3/1.3 MB | 81/280 kBProgress (5): 1.9/2.2 MB | 1.0/1.1 MB | 193/671 kB | 0.3/1.3 MB | 85/280 kBProgress (5): 1.9/2.2 MB | 1.0/1.1 MB | 193/671 kB | 0.3/1.3 MB | 90/280 kBProgress (5): 1.9/2.2 MB | 1.0/1.1 MB | 193/671 kB | 0.3/1.3 MB | 94/280 kBProgress (5): 1.9/2.2 MB | 1.0/1.1 MB | 193/671 kB | 0.3/1.3 MB | 98/280 kBProgress (5): 1.9/2.2 MB | 1.1/1.1 MB | 193/671 kB | 0.3/1.3 MB | 98/280 kBProgress (5): 1.9/2.2 MB | 1.1/1.1 MB | 193/671 kB | 0.3/1.3 MB | 98/280 kBProgress (5): 1.9/2.2 MB | 1.1/1.1 MB | 193/671 kB | 0.3/1.3 MB | 98/280 kBProgress (5): 1.9/2.2 MB | 1.1/1.1 MB | 197/671 kB | 0.3/1.3 MB | 98/280 kBProgress (5): 1.9/2.2 MB | 1.1/1.1 MB | 201/671 kB | 0.3/1.3 MB | 98/280 kBProgress (5): 1.9/2.2 MB | 1.1/1.1 MB | 201/671 kB | 0.3/1.3 MB | 98/280 kBProgress (5): 1.9/2.2 MB | 1.1/1.1 MB | 205/671 kB | 0.3/1.3 MB | 98/280 kBProgress (5): 1.9/2.2 MB | 1.1/1.1 MB | 205/671 kB | 0.3/1.3 MB | 98/280 kBProgress (5): 1.9/2.2 MB | 1.1/1.1 MB | 209/671 kB | 0.3/1.3 MB | 98/280 kBProgress (5): 1.9/2.2 MB | 1.1/1.1 MB | 209/671 kB | 0.3/1.3 MB | 98/280 kBProgress (5): 1.9/2.2 MB | 1.1/1.1 MB | 209/671 kB | 0.3/1.3 MB | 98/280 kBProgress (5): 1.9/2.2 MB | 1.1/1.1 MB | 209/671 kB | 0.3/1.3 MB | 98/280 kBProgress (5): 1.9/2.2 MB | 1.1/1.1 MB | 209/671 kB | 0.3/1.3 MB | 98/280 kBProgress (5): 1.9/2.2 MB | 1.1/1.1 MB | 209/671 kB | 0.3/1.3 MB | 98/280 kBProgress (5): 1.9/2.2 MB | 1.1/1.1 MB | 213/671 kB | 0.3/1.3 MB | 98/280 kBProgress (5): 1.9/2.2 MB | 1.1/1.1 MB | 217/671 kB | 0.3/1.3 MB | 98/280 kBProgress (5): 1.9/2.2 MB | 1.1/1.1 MB | 221/671 kB | 0.3/1.3 MB | 98/280 kBProgress (5): 1.9/2.2 MB | 1.1/1.1 MB | 225/671 kB | 0.3/1.3 MB | 98/280 kBProgress (5): 1.9/2.2 MB | 1.1/1.1 MB | 225/671 kB | 0.3/1.3 MB | 98/280 kBProgress (5): 1.9/2.2 MB | 1.1/1.1 MB | 225/671 kB | 0.3/1.3 MB | 102/280 kBProgress (5): 1.9/2.2 MB | 1.1/1.1 MB | 225/671 kB | 0.3/1.3 MB | 106/280 kBProgress (5): 1.9/2.2 MB | 1.1/1.1 MB | 225/671 kB | 0.3/1.3 MB | 110/280 kBProgress (5): 1.9/2.2 MB | 1.1/1.1 MB | 225/671 kB | 0.3/1.3 MB | 114/280 kBProgress (5): 1.9/2.2 MB | 1.1/1.1 MB | 225/671 kB | 0.3/1.3 MB | 118/280 kBProgress (5): 1.9/2.2 MB | 1.1/1.1 MB | 225/671 kB | 0.3/1.3 MB | 122/280 kBProgress (5): 1.9/2.2 MB | 1.1/1.1 MB | 225/671 kB | 0.3/1.3 MB | 126/280 kBProgress (5): 1.9/2.2 MB | 1.1/1.1 MB | 225/671 kB | 0.3/1.3 MB | 131/280 kBProgress (5): 1.9/2.2 MB | 1.1/1.1 MB | 225/671 kB | 0.3/1.3 MB | 131/280 kBProgress (5): 1.9/2.2 MB | 1.1 MB | 225/671 kB | 0.3/1.3 MB | 131/280 kB    Progress (5): 1.9/2.2 MB | 1.1 MB | 225/671 kB | 0.4/1.3 MB | 131/280 kBProgress (5): 1.9/2.2 MB | 1.1 MB | 225/671 kB | 0.4/1.3 MB | 131/280 kBProgress (5): 1.9/2.2 MB | 1.1 MB | 229/671 kB | 0.4/1.3 MB | 131/280 kBProgress (5): 1.9/2.2 MB | 1.1 MB | 233/671 kB | 0.4/1.3 MB | 131/280 kBProgress (5): 1.9/2.2 MB | 1.1 MB | 238/671 kB | 0.4/1.3 MB | 131/280 kBProgress (5): 1.9/2.2 MB | 1.1 MB | 242/671 kB | 0.4/1.3 MB | 131/280 kBProgress (5): 1.9/2.2 MB | 1.1 MB | 242/671 kB | 0.4/1.3 MB | 131/280 kBProgress (5): 1.9/2.2 MB | 1.1 MB | 242/671 kB | 0.4/1.3 MB | 131/280 kBProgress (5): 1.9/2.2 MB | 1.1 MB | 242/671 kB | 0.4/1.3 MB | 131/280 kBProgress (5): 1.9/2.2 MB | 1.1 MB | 242/671 kB | 0.4/1.3 MB | 131/280 kBProgress (5): 1.9/2.2 MB | 1.1 MB | 242/671 kB | 0.4/1.3 MB | 135/280 kBProgress (5): 1.9/2.2 MB | 1.1 MB | 242/671 kB | 0.4/1.3 MB | 139/280 kBProgress (5): 1.9/2.2 MB | 1.1 MB | 242/671 kB | 0.4/1.3 MB | 143/280 kBProgress (5): 1.9/2.2 MB | 1.1 MB | 242/671 kB | 0.4/1.3 MB | 147/280 kBProgress (5): 1.9/2.2 MB | 1.1 MB | 242/671 kB | 0.4/1.3 MB | 147/280 kBProgress (5): 1.9/2.2 MB | 1.1 MB | 242/671 kB | 0.4/1.3 MB | 147/280 kB                                                                        Downloaded from central: https://repo.maven.apache.org/maven2/org/springframework/spring-context/5.1.0.RELEASE/spring-context-5.1.0.RELEASE.jar (1.1 MB at 64 kB/s)
Progress (4): 1.9/2.2 MB | 246/671 kB | 0.4/1.3 MB | 147/280 kB                                                               Downloading from central: https://repo.maven.apache.org/maven2/org/aspectj/aspectjweaver/1.9.1/aspectjweaver-1.9.1.jar
Progress (4): 1.9/2.2 MB | 250/671 kB | 0.4/1.3 MB | 147/280 kBProgress (4): 1.9/2.2 MB | 254/671 kB | 0.4/1.3 MB | 147/280 kBProgress (4): 1.9/2.2 MB | 258/671 kB | 0.4/1.3 MB | 147/280 kBProgress (4): 1.9/2.2 MB | 258/671 kB | 0.4/1.3 MB | 147/280 kBProgress (4): 1.9/2.2 MB | 258/671 kB | 0.4/1.3 MB | 147/280 kBProgress (4): 1.9/2.2 MB | 258/671 kB | 0.4/1.3 MB | 147/280 kBProgress (4): 2.0/2.2 MB | 258/671 kB | 0.4/1.3 MB | 147/280 kBProgress (4): 2.0/2.2 MB | 258/671 kB | 0.4/1.3 MB | 151/280 kBProgress (4): 2.0/2.2 MB | 258/671 kB | 0.4/1.3 MB | 155/280 kBProgress (4): 2.0/2.2 MB | 258/671 kB | 0.4/1.3 MB | 159/280 kBProgress (4): 2.0/2.2 MB | 258/671 kB | 0.4/1.3 MB | 163/280 kBProgress (4): 2.0/2.2 MB | 258/671 kB | 0.4/1.3 MB | 167/280 kBProgress (4): 2.0/2.2 MB | 258/671 kB | 0.4/1.3 MB | 171/280 kBProgress (4): 2.0/2.2 MB | 258/671 kB | 0.4/1.3 MB | 176/280 kBProgress (4): 2.0/2.2 MB | 258/671 kB | 0.4/1.3 MB | 180/280 kBProgress (4): 2.0/2.2 MB | 258/671 kB | 0.4/1.3 MB | 180/280 kBProgress (4): 2.0/2.2 MB | 258/671 kB | 0.4/1.3 MB | 180/280 kBProgress (4): 2.0/2.2 MB | 258/671 kB | 0.4/1.3 MB | 180/280 kBProgress (4): 2.0/2.2 MB | 262/671 kB | 0.4/1.3 MB | 180/280 kBProgress (4): 2.0/2.2 MB | 266/671 kB | 0.4/1.3 MB | 180/280 kBProgress (4): 2.0/2.2 MB | 270/671 kB | 0.4/1.3 MB | 180/280 kBProgress (4): 2.0/2.2 MB | 274/671 kB | 0.4/1.3 MB | 180/280 kBProgress (4): 2.0/2.2 MB | 274/671 kB | 0.4/1.3 MB | 180/280 kBProgress (4): 2.0/2.2 MB | 274/671 kB | 0.4/1.3 MB | 180/280 kBProgress (5): 2.0/2.2 MB | 274/671 kB | 0.4/1.3 MB | 180/280 kB | 0/2.0 MBProgress (5): 2.0/2.2 MB | 274/671 kB | 0.4/1.3 MB | 180/280 kB | 0/2.0 MBProgress (5): 2.0/2.2 MB | 274/671 kB | 0.4/1.3 MB | 180/280 kB | 0/2.0 MBProgress (5): 2.0/2.2 MB | 274/671 kB | 0.4/1.3 MB | 180/280 kB | 0/2.0 MBProgress (5): 2.0/2.2 MB | 274/671 kB | 0.4/1.3 MB | 180/280 kB | 0/2.0 MBProgress (5): 2.0/2.2 MB | 279/671 kB | 0.4/1.3 MB | 180/280 kB | 0/2.0 MBProgress (5): 2.0/2.2 MB | 283/671 kB | 0.4/1.3 MB | 180/280 kB | 0/2.0 MBProgress (5): 2.0/2.2 MB | 287/671 kB | 0.4/1.3 MB | 180/280 kB | 0/2.0 MBProgress (5): 2.0/2.2 MB | 291/671 kB | 0.4/1.3 MB | 180/280 kB | 0/2.0 MBProgress (5): 2.0/2.2 MB | 291/671 kB | 0.4/1.3 MB | 180/280 kB | 0/2.0 MBProgress (5): 2.0/2.2 MB | 291/671 kB | 0.5/1.3 MB | 180/280 kB | 0/2.0 MBProgress (5): 2.0/2.2 MB | 291/671 kB | 0.5/1.3 MB | 180/280 kB | 0/2.0 MBProgress (5): 2.0/2.2 MB | 291/671 kB | 0.5/1.3 MB | 180/280 kB | 0/2.0 MBProgress (5): 2.0/2.2 MB | 291/671 kB | 0.5/1.3 MB | 180/280 kB | 0/2.0 MBProgress (5): 2.0/2.2 MB | 295/671 kB | 0.5/1.3 MB | 180/280 kB | 0/2.0 MBProgress (5): 2.0/2.2 MB | 299/671 kB | 0.5/1.3 MB | 180/280 kB | 0/2.0 MBProgress (5): 2.0/2.2 MB | 303/671 kB | 0.5/1.3 MB | 180/280 kB | 0/2.0 MBProgress (5): 2.0/2.2 MB | 307/671 kB | 0.5/1.3 MB | 180/280 kB | 0/2.0 MBProgress (5): 2.0/2.2 MB | 307/671 kB | 0.5/1.3 MB | 180/280 kB | 0/2.0 MBProgress (5): 2.0/2.2 MB | 307/671 kB | 0.5/1.3 MB | 180/280 kB | 0/2.0 MBProgress (5): 2.0/2.2 MB | 307/671 kB | 0.5/1.3 MB | 180/280 kB | 0.1/2.0 MBProgress (5): 2.0/2.2 MB | 307/671 kB | 0.5/1.3 MB | 180/280 kB | 0.1/2.0 MBProgress (5): 2.0/2.2 MB | 307/671 kB | 0.5/1.3 MB | 180/280 kB | 0.1/2.0 MBProgress (5): 2.0/2.2 MB | 307/671 kB | 0.5/1.3 MB | 180/280 kB | 0.1/2.0 MBProgress (5): 2.0/2.2 MB | 307/671 kB | 0.5/1.3 MB | 180/280 kB | 0.1/2.0 MBProgress (5): 2.0/2.2 MB | 307/671 kB | 0.5/1.3 MB | 184/280 kB | 0.1/2.0 MBProgress (5): 2.0/2.2 MB | 307/671 kB | 0.5/1.3 MB | 188/280 kB | 0.1/2.0 MBProgress (5): 2.0/2.2 MB | 307/671 kB | 0.5/1.3 MB | 192/280 kB | 0.1/2.0 MBProgress (5): 2.0/2.2 MB | 307/671 kB | 0.5/1.3 MB | 196/280 kB | 0.1/2.0 MBProgress (5): 2.0/2.2 MB | 307/671 kB | 0.5/1.3 MB | 200/280 kB | 0.1/2.0 MBProgress (5): 2.0/2.2 MB | 307/671 kB | 0.5/1.3 MB | 204/280 kB | 0.1/2.0 MBProgress (5): 2.0/2.2 MB | 307/671 kB | 0.5/1.3 MB | 208/280 kB | 0.1/2.0 MBProgress (5): 2.0/2.2 MB | 307/671 kB | 0.5/1.3 MB | 212/280 kB | 0.1/2.0 MBProgress (5): 2.0/2.2 MB | 307/671 kB | 0.5/1.3 MB | 217/280 kB | 0.1/2.0 MBProgress (5): 2.0/2.2 MB | 307/671 kB | 0.5/1.3 MB | 221/280 kB | 0.1/2.0 MBProgress (5): 2.0/2.2 MB | 307/671 kB | 0.5/1.3 MB | 225/280 kB | 0.1/2.0 MBProgress (5): 2.0/2.2 MB | 307/671 kB | 0.5/1.3 MB | 229/280 kB | 0.1/2.0 MBProgress (5): 2.0/2.2 MB | 307/671 kB | 0.5/1.3 MB | 229/280 kB | 0.1/2.0 MBProgress (5): 2.0/2.2 MB | 307/671 kB | 0.5/1.3 MB | 229/280 kB | 0.1/2.0 MBProgress (5): 2.0/2.2 MB | 311/671 kB | 0.5/1.3 MB | 229/280 kB | 0.1/2.0 MBProgress (5): 2.0/2.2 MB | 315/671 kB | 0.5/1.3 MB | 229/280 kB | 0.1/2.0 MBProgress (5): 2.0/2.2 MB | 319/671 kB | 0.5/1.3 MB | 229/280 kB | 0.1/2.0 MBProgress (5): 2.0/2.2 MB | 324/671 kB | 0.5/1.3 MB | 229/280 kB | 0.1/2.0 MBProgress (5): 2.0/2.2 MB | 324/671 kB | 0.5/1.3 MB | 229/280 kB | 0.1/2.0 MBProgress (5): 2.0/2.2 MB | 324/671 kB | 0.5/1.3 MB | 229/280 kB | 0.1/2.0 MBProgress (5): 2.0/2.2 MB | 328/671 kB | 0.5/1.3 MB | 229/280 kB | 0.1/2.0 MBProgress (5): 2.0/2.2 MB | 332/671 kB | 0.5/1.3 MB | 229/280 kB | 0.1/2.0 MBProgress (5): 2.0/2.2 MB | 336/671 kB | 0.5/1.3 MB | 229/280 kB | 0.1/2.0 MBProgress (5): 2.0/2.2 MB | 340/671 kB | 0.5/1.3 MB | 229/280 kB | 0.1/2.0 MBProgress (5): 2.0/2.2 MB | 340/671 kB | 0.5/1.3 MB | 229/280 kB | 0.1/2.0 MBProgress (5): 2.0/2.2 MB | 340/671 kB | 0.5/1.3 MB | 229/280 kB | 0.1/2.0 MBProgress (5): 2.0/2.2 MB | 340/671 kB | 0.5/1.3 MB | 229/280 kB | 0.1/2.0 MBProgress (5): 2.0/2.2 MB | 340/671 kB | 0.5/1.3 MB | 229/280 kB | 0.1/2.0 MBProgress (5): 2.1/2.2 MB | 340/671 kB | 0.5/1.3 MB | 229/280 kB | 0.1/2.0 MBProgress (5): 2.1/2.2 MB | 340/671 kB | 0.5/1.3 MB | 229/280 kB | 0.1/2.0 MBProgress (5): 2.1/2.2 MB | 340/671 kB | 0.5/1.3 MB | 229/280 kB | 0.1/2.0 MBProgress (5): 2.1/2.2 MB | 340/671 kB | 0.5/1.3 MB | 229/280 kB | 0.1/2.0 MBProgress (5): 2.1/2.2 MB | 340/671 kB | 0.5/1.3 MB | 229/280 kB | 0.1/2.0 MBProgress (5): 2.1/2.2 MB | 340/671 kB | 0.5/1.3 MB | 229/280 kB | 0.1/2.0 MBProgress (5): 2.1/2.2 MB | 340/671 kB | 0.5/1.3 MB | 233/280 kB | 0.1/2.0 MBProgress (5): 2.1/2.2 MB | 340/671 kB | 0.5/1.3 MB | 237/280 kB | 0.1/2.0 MBProgress (5): 2.1/2.2 MB | 340/671 kB | 0.5/1.3 MB | 241/280 kB | 0.1/2.0 MBProgress (5): 2.1/2.2 MB | 340/671 kB | 0.5/1.3 MB | 245/280 kB | 0.1/2.0 MBProgress (5): 2.1/2.2 MB | 340/671 kB | 0.5/1.3 MB | 245/280 kB | 0.1/2.0 MBProgress (5): 2.1/2.2 MB | 340/671 kB | 0.5/1.3 MB | 245/280 kB | 0.1/2.0 MBProgress (5): 2.1/2.2 MB | 340/671 kB | 0.5/1.3 MB | 245/280 kB | 0.1/2.0 MBProgress (5): 2.1/2.2 MB | 344/671 kB | 0.5/1.3 MB | 245/280 kB | 0.1/2.0 MBProgress (5): 2.1/2.2 MB | 348/671 kB | 0.5/1.3 MB | 245/280 kB | 0.1/2.0 MBProgress (5): 2.1/2.2 MB | 352/671 kB | 0.5/1.3 MB | 245/280 kB | 0.1/2.0 MBProgress (5): 2.1/2.2 MB | 352/671 kB | 0.5/1.3 MB | 245/280 kB | 0.1/2.0 MBProgress (5): 2.1/2.2 MB | 356/671 kB | 0.5/1.3 MB | 245/280 kB | 0.1/2.0 MBProgress (5): 2.1/2.2 MB | 356/671 kB | 0.6/1.3 MB | 245/280 kB | 0.1/2.0 MBProgress (5): 2.1/2.2 MB | 356/671 kB | 0.6/1.3 MB | 245/280 kB | 0.1/2.0 MBProgress (5): 2.1/2.2 MB | 356/671 kB | 0.6/1.3 MB | 245/280 kB | 0.1/2.0 MBProgress (5): 2.1/2.2 MB | 356/671 kB | 0.6/1.3 MB | 245/280 kB | 0.2/2.0 MBProgress (5): 2.1/2.2 MB | 356/671 kB | 0.6/1.3 MB | 245/280 kB | 0.2/2.0 MBProgress (5): 2.1/2.2 MB | 356/671 kB | 0.6/1.3 MB | 245/280 kB | 0.2/2.0 MBProgress (5): 2.1/2.2 MB | 356/671 kB | 0.6/1.3 MB | 249/280 kB | 0.2/2.0 MBProgress (5): 2.1/2.2 MB | 356/671 kB | 0.6/1.3 MB | 253/280 kB | 0.2/2.0 MBProgress (5): 2.1/2.2 MB | 356/671 kB | 0.6/1.3 MB | 258/280 kB | 0.2/2.0 MBProgress (5): 2.1/2.2 MB | 356/671 kB | 0.6/1.3 MB | 262/280 kB | 0.2/2.0 MBProgress (5): 2.1/2.2 MB | 356/671 kB | 0.6/1.3 MB | 262/280 kB | 0.2/2.0 MBProgress (5): 2.1/2.2 MB | 356/671 kB | 0.6/1.3 MB | 262/280 kB | 0.2/2.0 MBProgress (5): 2.1/2.2 MB | 356/671 kB | 0.6/1.3 MB | 262/280 kB | 0.2/2.0 MBProgress (5): 2.1/2.2 MB | 356/671 kB | 0.6/1.3 MB | 266/280 kB | 0.2/2.0 MBProgress (5): 2.1/2.2 MB | 356/671 kB | 0.6/1.3 MB | 270/280 kB | 0.2/2.0 MBProgress (5): 2.1/2.2 MB | 356/671 kB | 0.6/1.3 MB | 274/280 kB | 0.2/2.0 MBProgress (5): 2.1/2.2 MB | 356/671 kB | 0.6/1.3 MB | 278/280 kB | 0.2/2.0 MBProgress (5): 2.1/2.2 MB | 360/671 kB | 0.6/1.3 MB | 278/280 kB | 0.2/2.0 MBProgress (5): 2.1/2.2 MB | 365/671 kB | 0.6/1.3 MB | 278/280 kB | 0.2/2.0 MBProgress (5): 2.1/2.2 MB | 369/671 kB | 0.6/1.3 MB | 278/280 kB | 0.2/2.0 MBProgress (5): 2.1/2.2 MB | 373/671 kB | 0.6/1.3 MB | 278/280 kB | 0.2/2.0 MBProgress (5): 2.1/2.2 MB | 373/671 kB | 0.6/1.3 MB | 278/280 kB | 0.2/2.0 MBProgress (5): 2.1/2.2 MB | 373/671 kB | 0.6/1.3 MB | 278/280 kB | 0.2/2.0 MBProgress (5): 2.1/2.2 MB | 373/671 kB | 0.6/1.3 MB | 278/280 kB | 0.2/2.0 MBProgress (5): 2.1/2.2 MB | 373/671 kB | 0.6/1.3 MB | 278/280 kB | 0.2/2.0 MBProgress (5): 2.1/2.2 MB | 377/671 kB | 0.6/1.3 MB | 278/280 kB | 0.2/2.0 MBProgress (5): 2.1/2.2 MB | 381/671 kB | 0.6/1.3 MB | 278/280 kB | 0.2/2.0 MBProgress (5): 2.1/2.2 MB | 385/671 kB | 0.6/1.3 MB | 278/280 kB | 0.2/2.0 MBProgress (5): 2.1/2.2 MB | 389/671 kB | 0.6/1.3 MB | 278/280 kB | 0.2/2.0 MBProgress (5): 2.1/2.2 MB | 389/671 kB | 0.6/1.3 MB | 278/280 kB | 0.2/2.0 MBProgress (5): 2.1/2.2 MB | 389/671 kB | 0.6/1.3 MB | 278/280 kB | 0.2/2.0 MBProgress (5): 2.1/2.2 MB | 389/671 kB | 0.6/1.3 MB | 278/280 kB | 0.2/2.0 MBProgress (5): 2.1/2.2 MB | 389/671 kB | 0.6/1.3 MB | 278/280 kB | 0.2/2.0 MBProgress (5): 2.1/2.2 MB | 389/671 kB | 0.6/1.3 MB | 278/280 kB | 0.2/2.0 MBProgress (5): 2.1/2.2 MB | 389/671 kB | 0.6/1.3 MB | 278/280 kB | 0.2/2.0 MBProgress (5): 2.1/2.2 MB | 389/671 kB | 0.6/1.3 MB | 278/280 kB | 0.2/2.0 MBProgress (5): 2.2/2.2 MB | 389/671 kB | 0.6/1.3 MB | 278/280 kB | 0.2/2.0 MBProgress (5): 2.2/2.2 MB | 389/671 kB | 0.6/1.3 MB | 280 kB | 0.2/2.0 MB    Progress (5): 2.2/2.2 MB | 389/671 kB | 0.6/1.3 MB | 280 kB | 0.2/2.0 MBProgress (5): 2.2/2.2 MB | 389/671 kB | 0.6/1.3 MB | 280 kB | 0.2/2.0 MBProgress (5): 2.2/2.2 MB | 389/671 kB | 0.6/1.3 MB | 280 kB | 0.2/2.0 MBProgress (5): 2.2/2.2 MB | 389/671 kB | 0.6/1.3 MB | 280 kB | 0.2/2.0 MBProgress (5): 2.2/2.2 MB | 389/671 kB | 0.6/1.3 MB | 280 kB | 0.2/2.0 MBProgress (5): 2.2/2.2 MB | 389/671 kB | 0.6/1.3 MB | 280 kB | 0.2/2.0 MBProgress (5): 2.2/2.2 MB | 389/671 kB | 0.6/1.3 MB | 280 kB | 0.2/2.0 MBProgress (5): 2.2/2.2 MB | 393/671 kB | 0.6/1.3 MB | 280 kB | 0.2/2.0 MBProgress (5): 2.2/2.2 MB | 397/671 kB | 0.6/1.3 MB | 280 kB | 0.2/2.0 MBProgress (5): 2.2/2.2 MB | 401/671 kB | 0.6/1.3 MB | 280 kB | 0.2/2.0 MBProgress (5): 2.2/2.2 MB | 406/671 kB | 0.6/1.3 MB | 280 kB | 0.2/2.0 MBProgress (5): 2.2/2.2 MB | 410/671 kB | 0.6/1.3 MB | 280 kB | 0.2/2.0 MBProgress (5): 2.2/2.2 MB | 410/671 kB | 0.6/1.3 MB | 280 kB | 0.2/2.0 MBProgress (5): 2.2/2.2 MB | 410/671 kB | 0.6/1.3 MB | 280 kB | 0.2/2.0 MBProgress (5): 2.2/2.2 MB | 410/671 kB | 0.6/1.3 MB | 280 kB | 0.3/2.0 MBProgress (5): 2.2/2.2 MB | 410/671 kB | 0.6/1.3 MB | 280 kB | 0.3/2.0 MBProgress (5): 2.2/2.2 MB | 410/671 kB | 0.6/1.3 MB | 280 kB | 0.3/2.0 MBProgress (5): 2.2/2.2 MB | 410/671 kB | 0.6/1.3 MB | 280 kB | 0.3/2.0 MBProgress (5): 2.2/2.2 MB | 410/671 kB | 0.7/1.3 MB | 280 kB | 0.3/2.0 MBProgress (5): 2.2 MB | 410/671 kB | 0.7/1.3 MB | 280 kB | 0.3/2.0 MB                                                                        Downloaded from central: https://repo.maven.apache.org/maven2/org/springframework/spring-expression/5.1.0.RELEASE/spring-expression-5.1.0.RELEASE.jar (280 kB at 15 kB/s)
Downloading from central: https://repo.maven.apache.org/maven2/org/slf4j/slf4j-api/1.7.25/slf4j-api-1.7.25.jar
Progress (4): 2.2 MB | 410/671 kB | 0.7/1.3 MB | 0.3/2.0 MBProgress (4): 2.2 MB | 410/671 kB | 0.7/1.3 MB | 0.3/2.0 MBProgress (4): 2.2 MB | 414/671 kB | 0.7/1.3 MB | 0.3/2.0 MBProgress (4): 2.2 MB | 418/671 kB | 0.7/1.3 MB | 0.3/2.0 MBProgress (4): 2.2 MB | 422/671 kB | 0.7/1.3 MB | 0.3/2.0 MBProgress (4): 2.2 MB | 426/671 kB | 0.7/1.3 MB | 0.3/2.0 MBProgress (4): 2.2 MB | 426/671 kB | 0.7/1.3 MB | 0.3/2.0 MBProgress (4): 2.2 MB | 426/671 kB | 0.7/1.3 MB | 0.3/2.0 MBProgress (4): 2.2 MB | 426/671 kB | 0.7/1.3 MB | 0.3/2.0 MBProgress (4): 2.2 MB | 426/671 kB | 0.7/1.3 MB | 0.3/2.0 MBProgress (4): 2.2 MB | 426/671 kB | 0.7/1.3 MB | 0.3/2.0 MBProgress (4): 2.2 MB | 426/671 kB | 0.7/1.3 MB | 0.3/2.0 MBProgress (4): 2.2 MB | 426/671 kB | 0.7/1.3 MB | 0.3/2.0 MBProgress (4): 2.2 MB | 426/671 kB | 0.7/1.3 MB | 0.3/2.0 MBProgress (4): 2.2 MB | 430/671 kB | 0.7/1.3 MB | 0.3/2.0 MBProgress (4): 2.2 MB | 434/671 kB | 0.7/1.3 MB | 0.3/2.0 MBProgress (4): 2.2 MB | 438/671 kB | 0.7/1.3 MB | 0.3/2.0 MBProgress (4): 2.2 MB | 442/671 kB | 0.7/1.3 MB | 0.3/2.0 MBProgress (4): 2.2 MB | 442/671 kB | 0.7/1.3 MB | 0.3/2.0 MBProgress (4): 2.2 MB | 442/671 kB | 0.7/1.3 MB | 0.3/2.0 MB                                                           Downloaded from central: https://repo.maven.apache.org/maven2/org/apache/ant/ant/1.10.3/ant-1.10.3.jar (2.2 MB at 120 kB/s)
Downloading from central: https://repo.maven.apache.org/maven2/com/aventstack/extentreports/3.1.5/extentreports-3.1.5.jar
Progress (4): 442/671 kB | 0.7/1.3 MB | 0.3/2.0 MB | 4.1/41 kBProgress (4): 442/671 kB | 0.7/1.3 MB | 0.3/2.0 MB | 7.6/41 kBProgress (4): 442/671 kB | 0.7/1.3 MB | 0.3/2.0 MB | 12/41 kB Progress (4): 442/671 kB | 0.7/1.3 MB | 0.3/2.0 MB | 16/41 kBProgress (4): 442/671 kB | 0.7/1.3 MB | 0.3/2.0 MB | 20/41 kBProgress (4): 442/671 kB | 0.7/1.3 MB | 0.3/2.0 MB | 24/41 kBProgress (4): 442/671 kB | 0.7/1.3 MB | 0.3/2.0 MB | 28/41 kBProgress (4): 442/671 kB | 0.7/1.3 MB | 0.3/2.0 MB | 32/41 kBProgress (4): 446/671 kB | 0.7/1.3 MB | 0.3/2.0 MB | 32/41 kBProgress (4): 451/671 kB | 0.7/1.3 MB | 0.3/2.0 MB | 32/41 kBProgress (4): 455/671 kB | 0.7/1.3 MB | 0.3/2.0 MB | 32/41 kBProgress (4): 455/671 kB | 0.7/1.3 MB | 0.3/2.0 MB | 32/41 kBProgress (4): 455/671 kB | 0.7/1.3 MB | 0.3/2.0 MB | 32/41 kBProgress (4): 455/671 kB | 0.7/1.3 MB | 0.3/2.0 MB | 32/41 kBProgress (4): 455/671 kB | 0.7/1.3 MB | 0.3/2.0 MB | 32/41 kBProgress (4): 455/671 kB | 0.7/1.3 MB | 0.3/2.0 MB | 32/41 kBProgress (4): 455/671 kB | 0.7/1.3 MB | 0.3/2.0 MB | 32/41 kBProgress (4): 455/671 kB | 0.7/1.3 MB | 0.3/2.0 MB | 32/41 kBProgress (4): 455/671 kB | 0.7/1.3 MB | 0.3/2.0 MB | 32/41 kBProgress (4): 455/671 kB | 0.7/1.3 MB | 0.4/2.0 MB | 32/41 kBProgress (4): 455/671 kB | 0.7/1.3 MB | 0.4/2.0 MB | 32/41 kBProgress (4): 459/671 kB | 0.7/1.3 MB | 0.4/2.0 MB | 32/41 kBProgress (4): 463/671 kB | 0.7/1.3 MB | 0.4/2.0 MB | 32/41 kBProgress (4): 467/671 kB | 0.7/1.3 MB | 0.4/2.0 MB | 32/41 kBProgress (4): 471/671 kB | 0.7/1.3 MB | 0.4/2.0 MB | 32/41 kBProgress (4): 471/671 kB | 0.7/1.3 MB | 0.4/2.0 MB | 36/41 kBProgress (4): 471/671 kB | 0.7/1.3 MB | 0.4/2.0 MB | 40/41 kBProgress (4): 471/671 kB | 0.7/1.3 MB | 0.4/2.0 MB | 41 kB   Progress (5): 471/671 kB | 0.7/1.3 MB | 0.4/2.0 MB | 41 kB | 2.2/173 kBProgress (5): 471/671 kB | 0.7/1.3 MB | 0.4/2.0 MB | 41 kB | 5.0/173 kBProgress (5): 471/671 kB | 0.7/1.3 MB | 0.4/2.0 MB | 41 kB | 7.7/173 kBProgress (5): 471/671 kB | 0.7/1.3 MB | 0.4/2.0 MB | 41 kB | 10/173 kB Progress (5): 471/671 kB | 0.7/1.3 MB | 0.4/2.0 MB | 41 kB | 13/173 kBProgress (5): 471/671 kB | 0.7/1.3 MB | 0.4/2.0 MB | 41 kB | 16/173 kBProgress (5): 471/671 kB | 0.7/1.3 MB | 0.4/2.0 MB | 41 kB | 19/173 kBProgress (5): 471/671 kB | 0.7/1.3 MB | 0.4/2.0 MB | 41 kB | 21/173 kBProgress (5): 471/671 kB | 0.7/1.3 MB | 0.4/2.0 MB | 41 kB | 21/173 kBProgress (5): 471/671 kB | 0.7/1.3 MB | 0.4/2.0 MB | 41 kB | 21/173 kBProgress (5): 471/671 kB | 0.7/1.3 MB | 0.4/2.0 MB | 41 kB | 21/173 kBProgress (5): 471/671 kB | 0.8/1.3 MB | 0.4/2.0 MB | 41 kB | 21/173 kBProgress (5): 471/671 kB | 0.8/1.3 MB | 0.4/2.0 MB | 41 kB | 21/173 kBProgress (5): 471/671 kB | 0.8/1.3 MB | 0.4/2.0 MB | 41 kB | 21/173 kBProgress (5): 475/671 kB | 0.8/1.3 MB | 0.4/2.0 MB | 41 kB | 21/173 kBProgress (5): 479/671 kB | 0.8/1.3 MB | 0.4/2.0 MB | 41 kB | 21/173 kBProgress (5): 483/671 kB | 0.8/1.3 MB | 0.4/2.0 MB | 41 kB | 21/173 kBProgress (5): 487/671 kB | 0.8/1.3 MB | 0.4/2.0 MB | 41 kB | 21/173 kBProgress (5): 487/671 kB | 0.8/1.3 MB | 0.4/2.0 MB | 41 kB | 21/173 kBProgress (5): 487/671 kB | 0.8/1.3 MB | 0.4/2.0 MB | 41 kB | 21/173 kBProgress (5): 487/671 kB | 0.8/1.3 MB | 0.4/2.0 MB | 41 kB | 21/173 kBProgress (5): 487/671 kB | 0.8/1.3 MB | 0.4/2.0 MB | 41 kB | 21/173 kBProgress (5): 487/671 kB | 0.8/1.3 MB | 0.4/2.0 MB | 41 kB | 21/173 kBProgress (5): 487/671 kB | 0.8/1.3 MB | 0.4/2.0 MB | 41 kB | 21/173 kBProgress (5): 487/671 kB | 0.8/1.3 MB | 0.4/2.0 MB | 41 kB | 24/173 kBProgress (5): 487/671 kB | 0.8/1.3 MB | 0.4/2.0 MB | 41 kB | 24/173 kBProgress (5): 487/671 kB | 0.8/1.3 MB | 0.4/2.0 MB | 41 kB | 24/173 kBProgress (5): 487/671 kB | 0.8/1.3 MB | 0.4/2.0 MB | 41 kB | 27/173 kB                                                                      Downloaded from central: https://repo.maven.apache.org/maven2/org/slf4j/slf4j-api/1.7.25/slf4j-api-1.7.25.jar (41 kB at 2.2 kB/s)
Progress (4): 487/671 kB | 0.8/1.3 MB | 0.4/2.0 MB | 30/173 kB                                                              Downloading from central: https://repo.maven.apache.org/maven2/org/freemarker/freemarker/2.3.23/freemarker-2.3.23.jar
Progress (4): 487/671 kB | 0.8/1.3 MB | 0.4/2.0 MB | 32/173 kBProgress (4): 492/671 kB | 0.8/1.3 MB | 0.4/2.0 MB | 32/173 kBProgress (4): 496/671 kB | 0.8/1.3 MB | 0.4/2.0 MB | 32/173 kBProgress (4): 500/671 kB | 0.8/1.3 MB | 0.4/2.0 MB | 32/173 kBProgress (4): 504/671 kB | 0.8/1.3 MB | 0.4/2.0 MB | 32/173 kBProgress (4): 504/671 kB | 0.8/1.3 MB | 0.4/2.0 MB | 32/173 kBProgress (4): 504/671 kB | 0.8/1.3 MB | 0.4/2.0 MB | 32/173 kBProgress (4): 504/671 kB | 0.8/1.3 MB | 0.4/2.0 MB | 32/173 kBProgress (4): 504/671 kB | 0.8/1.3 MB | 0.4/2.0 MB | 32/173 kBProgress (4): 504/671 kB | 0.8/1.3 MB | 0.4/2.0 MB | 32/173 kBProgress (4): 504/671 kB | 0.8/1.3 MB | 0.4/2.0 MB | 32/173 kBProgress (4): 504/671 kB | 0.8/1.3 MB | 0.4/2.0 MB | 32/173 kBProgress (4): 504/671 kB | 0.8/1.3 MB | 0.5/2.0 MB | 32/173 kBProgress (4): 508/671 kB | 0.8/1.3 MB | 0.5/2.0 MB | 32/173 kBProgress (4): 512/671 kB | 0.8/1.3 MB | 0.5/2.0 MB | 32/173 kBProgress (4): 516/671 kB | 0.8/1.3 MB | 0.5/2.0 MB | 32/173 kBProgress (4): 520/671 kB | 0.8/1.3 MB | 0.5/2.0 MB | 32/173 kBProgress (4): 520/671 kB | 0.8/1.3 MB | 0.5/2.0 MB | 36/173 kBProgress (4): 520/671 kB | 0.8/1.3 MB | 0.5/2.0 MB | 40/173 kBProgress (4): 520/671 kB | 0.8/1.3 MB | 0.5/2.0 MB | 45/173 kBProgress (4): 520/671 kB | 0.8/1.3 MB | 0.5/2.0 MB | 49/173 kBProgress (4): 520/671 kB | 0.8/1.3 MB | 0.5/2.0 MB | 49/173 kBProgress (4): 520/671 kB | 0.8/1.3 MB | 0.5/2.0 MB | 49/173 kBProgress (4): 520/671 kB | 0.8/1.3 MB | 0.5/2.0 MB | 49/173 kBProgress (4): 520/671 kB | 0.8/1.3 MB | 0.5/2.0 MB | 49/173 kBProgress (5): 520/671 kB | 0.8/1.3 MB | 0.5/2.0 MB | 49/173 kB | 0/1.4 MBProgress (5): 520/671 kB | 0.8/1.3 MB | 0.5/2.0 MB | 49/173 kB | 0/1.4 MBProgress (5): 520/671 kB | 0.8/1.3 MB | 0.5/2.0 MB | 49/173 kB | 0/1.4 MBProgress (5): 520/671 kB | 0.8/1.3 MB | 0.5/2.0 MB | 49/173 kB | 0/1.4 MBProgress (5): 520/671 kB | 0.8/1.3 MB | 0.5/2.0 MB | 53/173 kB | 0/1.4 MBProgress (5): 520/671 kB | 0.8/1.3 MB | 0.5/2.0 MB | 57/173 kB | 0/1.4 MBProgress (5): 520/671 kB | 0.8/1.3 MB | 0.5/2.0 MB | 61/173 kB | 0/1.4 MBProgress (5): 520/671 kB | 0.8/1.3 MB | 0.5/2.0 MB | 65/173 kB | 0/1.4 MBProgress (5): 520/671 kB | 0.8/1.3 MB | 0.5/2.0 MB | 65/173 kB | 0/1.4 MBProgress (5): 520/671 kB | 0.9/1.3 MB | 0.5/2.0 MB | 65/173 kB | 0/1.4 MBProgress (5): 520/671 kB | 0.9/1.3 MB | 0.5/2.0 MB | 65/173 kB | 0/1.4 MBProgress (5): 520/671 kB | 0.9/1.3 MB | 0.5/2.0 MB | 65/173 kB | 0/1.4 MBProgress (5): 520/671 kB | 0.9/1.3 MB | 0.5/2.0 MB | 65/173 kB | 0/1.4 MBProgress (5): 520/671 kB | 0.9/1.3 MB | 0.5/2.0 MB | 65/173 kB | 0/1.4 MBProgress (5): 520/671 kB | 0.9/1.3 MB | 0.5/2.0 MB | 65/173 kB | 0/1.4 MBProgress (5): 520/671 kB | 0.9/1.3 MB | 0.5/2.0 MB | 65/173 kB | 0/1.4 MBProgress (5): 520/671 kB | 0.9/1.3 MB | 0.5/2.0 MB | 65/173 kB | 0/1.4 MBProgress (5): 520/671 kB | 0.9/1.3 MB | 0.5/2.0 MB | 65/173 kB | 0/1.4 MBProgress (5): 520/671 kB | 0.9/1.3 MB | 0.5/2.0 MB | 69/173 kB | 0/1.4 MBProgress (5): 520/671 kB | 0.9/1.3 MB | 0.5/2.0 MB | 73/173 kB | 0/1.4 MBProgress (5): 520/671 kB | 0.9/1.3 MB | 0.5/2.0 MB | 77/173 kB | 0/1.4 MBProgress (5): 520/671 kB | 0.9/1.3 MB | 0.5/2.0 MB | 81/173 kB | 0/1.4 MBProgress (5): 520/671 kB | 0.9/1.3 MB | 0.5/2.0 MB | 81/173 kB | 0/1.4 MBProgress (5): 520/671 kB | 0.9/1.3 MB | 0.5/2.0 MB | 81/173 kB | 0/1.4 MBProgress (5): 520/671 kB | 0.9/1.3 MB | 0.5/2.0 MB | 81/173 kB | 0/1.4 MBProgress (5): 520/671 kB | 0.9/1.3 MB | 0.5/2.0 MB | 81/173 kB | 0/1.4 MBProgress (5): 524/671 kB | 0.9/1.3 MB | 0.5/2.0 MB | 81/173 kB | 0/1.4 MBProgress (5): 528/671 kB | 0.9/1.3 MB | 0.5/2.0 MB | 81/173 kB | 0/1.4 MBProgress (5): 532/671 kB | 0.9/1.3 MB | 0.5/2.0 MB | 81/173 kB | 0/1.4 MBProgress (5): 537/671 kB | 0.9/1.3 MB | 0.5/2.0 MB | 81/173 kB | 0/1.4 MBProgress (5): 541/671 kB | 0.9/1.3 MB | 0.5/2.0 MB | 81/173 kB | 0/1.4 MBProgress (5): 545/671 kB | 0.9/1.3 MB | 0.5/2.0 MB | 81/173 kB | 0/1.4 MBProgress (5): 549/671 kB | 0.9/1.3 MB | 0.5/2.0 MB | 81/173 kB | 0/1.4 MBProgress (5): 553/671 kB | 0.9/1.3 MB | 0.5/2.0 MB | 81/173 kB | 0/1.4 MBProgress (5): 553/671 kB | 0.9/1.3 MB | 0.5/2.0 MB | 81/173 kB | 0/1.4 MBProgress (5): 553/671 kB | 0.9/1.3 MB | 0.5/2.0 MB | 81/173 kB | 0/1.4 MBProgress (5): 553/671 kB | 0.9/1.3 MB | 0.5/2.0 MB | 81/173 kB | 0/1.4 MBProgress (5): 553/671 kB | 0.9/1.3 MB | 0.5/2.0 MB | 81/173 kB | 0/1.4 MBProgress (5): 553/671 kB | 0.9/1.3 MB | 0.5/2.0 MB | 81/173 kB | 0/1.4 MBProgress (5): 553/671 kB | 0.9/1.3 MB | 0.6/2.0 MB | 81/173 kB | 0/1.4 MBProgress (5): 557/671 kB | 0.9/1.3 MB | 0.6/2.0 MB | 81/173 kB | 0/1.4 MBProgress (5): 561/671 kB | 0.9/1.3 MB | 0.6/2.0 MB | 81/173 kB | 0/1.4 MBProgress (5): 565/671 kB | 0.9/1.3 MB | 0.6/2.0 MB | 81/173 kB | 0/1.4 MBProgress (5): 569/671 kB | 0.9/1.3 MB | 0.6/2.0 MB | 81/173 kB | 0/1.4 MBProgress (5): 569/671 kB | 0.9/1.3 MB | 0.6/2.0 MB | 81/173 kB | 0/1.4 MBProgress (5): 569/671 kB | 0.9/1.3 MB | 0.6/2.0 MB | 81/173 kB | 0/1.4 MBProgress (5): 569/671 kB | 0.9/1.3 MB | 0.6/2.0 MB | 81/173 kB | 0/1.4 MBProgress (5): 569/671 kB | 0.9/1.3 MB | 0.6/2.0 MB | 81/173 kB | 0/1.4 MBProgress (5): 569/671 kB | 0.9/1.3 MB | 0.6/2.0 MB | 81/173 kB | 0.1/1.4 MBProgress (5): 569/671 kB | 0.9/1.3 MB | 0.6/2.0 MB | 81/173 kB | 0.1/1.4 MBProgress (5): 569/671 kB | 0.9/1.3 MB | 0.6/2.0 MB | 81/173 kB | 0.1/1.4 MBProgress (5): 569/671 kB | 0.9/1.3 MB | 0.6/2.0 MB | 81/173 kB | 0.1/1.4 MBProgress (5): 569/671 kB | 0.9/1.3 MB | 0.6/2.0 MB | 81/173 kB | 0.1/1.4 MBProgress (5): 569/671 kB | 0.9/1.3 MB | 0.6/2.0 MB | 81/173 kB | 0.1/1.4 MBProgress (5): 569/671 kB | 0.9/1.3 MB | 0.6/2.0 MB | 81/173 kB | 0.1/1.4 MBProgress (5): 569/671 kB | 0.9/1.3 MB | 0.6/2.0 MB | 81/173 kB | 0.1/1.4 MBProgress (5): 569/671 kB | 0.9/1.3 MB | 0.6/2.0 MB | 81/173 kB | 0.1/1.4 MBProgress (5): 569/671 kB | 0.9/1.3 MB | 0.6/2.0 MB | 81/173 kB | 0.1/1.4 MBProgress (5): 573/671 kB | 0.9/1.3 MB | 0.6/2.0 MB | 81/173 kB | 0.1/1.4 MBProgress (5): 578/671 kB | 0.9/1.3 MB | 0.6/2.0 MB | 81/173 kB | 0.1/1.4 MBProgress (5): 582/671 kB | 0.9/1.3 MB | 0.6/2.0 MB | 81/173 kB | 0.1/1.4 MBProgress (5): 586/671 kB | 0.9/1.3 MB | 0.6/2.0 MB | 81/173 kB | 0.1/1.4 MBProgress (5): 586/671 kB | 0.9/1.3 MB | 0.6/2.0 MB | 81/173 kB | 0.1/1.4 MBProgress (5): 586/671 kB | 0.9/1.3 MB | 0.6/2.0 MB | 81/173 kB | 0.1/1.4 MBProgress (5): 586/671 kB | 0.9/1.3 MB | 0.6/2.0 MB | 85/173 kB | 0.1/1.4 MBProgress (5): 586/671 kB | 0.9/1.3 MB | 0.6/2.0 MB | 90/173 kB | 0.1/1.4 MBProgress (5): 586/671 kB | 0.9/1.3 MB | 0.6/2.0 MB | 94/173 kB | 0.1/1.4 MBProgress (5): 586/671 kB | 0.9/1.3 MB | 0.6/2.0 MB | 98/173 kB | 0.1/1.4 MBProgress (5): 586/671 kB | 0.9/1.3 MB | 0.6/2.0 MB | 102/173 kB | 0.1/1.4 MBProgress (5): 586/671 kB | 0.9/1.3 MB | 0.6/2.0 MB | 106/173 kB | 0.1/1.4 MBProgress (5): 586/671 kB | 0.9/1.3 MB | 0.6/2.0 MB | 110/173 kB | 0.1/1.4 MBProgress (5): 586/671 kB | 0.9/1.3 MB | 0.6/2.0 MB | 114/173 kB | 0.1/1.4 MBProgress (5): 586/671 kB | 0.9/1.3 MB | 0.6/2.0 MB | 114/173 kB | 0.1/1.4 MBProgress (5): 586/671 kB | 0.9/1.3 MB | 0.6/2.0 MB | 114/173 kB | 0.1/1.4 MBProgress (5): 586/671 kB | 0.9/1.3 MB | 0.6/2.0 MB | 114/173 kB | 0.1/1.4 MBProgress (5): 586/671 kB | 0.9/1.3 MB | 0.6/2.0 MB | 114/173 kB | 0.1/1.4 MBProgress (5): 586/671 kB | 1.0/1.3 MB | 0.6/2.0 MB | 114/173 kB | 0.1/1.4 MBProgress (5): 586/671 kB | 1.0/1.3 MB | 0.6/2.0 MB | 114/173 kB | 0.1/1.4 MBProgress (5): 586/671 kB | 1.0/1.3 MB | 0.6/2.0 MB | 114/173 kB | 0.1/1.4 MBProgress (5): 586/671 kB | 1.0/1.3 MB | 0.6/2.0 MB | 114/173 kB | 0.1/1.4 MBProgress (5): 586/671 kB | 1.0/1.3 MB | 0.6/2.0 MB | 114/173 kB | 0.1/1.4 MBProgress (5): 586/671 kB | 1.0/1.3 MB | 0.6/2.0 MB | 114/173 kB | 0.1/1.4 MBProgress (5): 586/671 kB | 1.0/1.3 MB | 0.6/2.0 MB | 114/173 kB | 0.1/1.4 MBProgress (5): 586/671 kB | 1.0/1.3 MB | 0.6/2.0 MB | 114/173 kB | 0.1/1.4 MBProgress (5): 590/671 kB | 1.0/1.3 MB | 0.6/2.0 MB | 114/173 kB | 0.1/1.4 MBProgress (5): 594/671 kB | 1.0/1.3 MB | 0.6/2.0 MB | 114/173 kB | 0.1/1.4 MBProgress (5): 598/671 kB | 1.0/1.3 MB | 0.6/2.0 MB | 114/173 kB | 0.1/1.4 MBProgress (5): 598/671 kB | 1.0/1.3 MB | 0.6/2.0 MB | 114/173 kB | 0.1/1.4 MBProgress (5): 602/671 kB | 1.0/1.3 MB | 0.6/2.0 MB | 114/173 kB | 0.1/1.4 MBProgress (5): 602/671 kB | 1.0/1.3 MB | 0.6/2.0 MB | 114/173 kB | 0.1/1.4 MBProgress (5): 602/671 kB | 1.0/1.3 MB | 0.6/2.0 MB | 114/173 kB | 0.1/1.4 MBProgress (5): 602/671 kB | 1.0/1.3 MB | 0.6/2.0 MB | 114/173 kB | 0.1/1.4 MBProgress (5): 602/671 kB | 1.0/1.3 MB | 0.6/2.0 MB | 114/173 kB | 0.1/1.4 MBProgress (5): 602/671 kB | 1.0/1.3 MB | 0.7/2.0 MB | 114/173 kB | 0.1/1.4 MBProgress (5): 602/671 kB | 1.0/1.3 MB | 0.7/2.0 MB | 118/173 kB | 0.1/1.4 MBProgress (5): 602/671 kB | 1.0/1.3 MB | 0.7/2.0 MB | 122/173 kB | 0.1/1.4 MBProgress (5): 602/671 kB | 1.0/1.3 MB | 0.7/2.0 MB | 126/173 kB | 0.1/1.4 MBProgress (5): 602/671 kB | 1.0/1.3 MB | 0.7/2.0 MB | 131/173 kB | 0.1/1.4 MBProgress (5): 602/671 kB | 1.0/1.3 MB | 0.7/2.0 MB | 131/173 kB | 0.1/1.4 MBProgress (5): 602/671 kB | 1.0/1.3 MB | 0.7/2.0 MB | 131/173 kB | 0.1/1.4 MBProgress (5): 602/671 kB | 1.0/1.3 MB | 0.7/2.0 MB | 131/173 kB | 0.1/1.4 MBProgress (5): 602/671 kB | 1.0/1.3 MB | 0.7/2.0 MB | 131/173 kB | 0.1/1.4 MBProgress (5): 602/671 kB | 1.0/1.3 MB | 0.7/2.0 MB | 131/173 kB | 0.1/1.4 MBProgress (5): 602/671 kB | 1.0/1.3 MB | 0.7/2.0 MB | 131/173 kB | 0.1/1.4 MBProgress (5): 602/671 kB | 1.0/1.3 MB | 0.7/2.0 MB | 131/173 kB | 0.2/1.4 MBProgress (5): 602/671 kB | 1.0/1.3 MB | 0.7/2.0 MB | 131/173 kB | 0.2/1.4 MBProgress (5): 606/671 kB | 1.0/1.3 MB | 0.7/2.0 MB | 131/173 kB | 0.2/1.4 MBProgress (5): 610/671 kB | 1.0/1.3 MB | 0.7/2.0 MB | 131/173 kB | 0.2/1.4 MBProgress (5): 614/671 kB | 1.0/1.3 MB | 0.7/2.0 MB | 131/173 kB | 0.2/1.4 MBProgress (5): 618/671 kB | 1.0/1.3 MB | 0.7/2.0 MB | 131/173 kB | 0.2/1.4 MBProgress (5): 618/671 kB | 1.0/1.3 MB | 0.7/2.0 MB | 131/173 kB | 0.2/1.4 MBProgress (5): 618/671 kB | 1.0/1.3 MB | 0.7/2.0 MB | 131/173 kB | 0.2/1.4 MBProgress (5): 618/671 kB | 1.0/1.3 MB | 0.7/2.0 MB | 131/173 kB | 0.2/1.4 MBProgress (5): 618/671 kB | 1.0/1.3 MB | 0.7/2.0 MB | 131/173 kB | 0.2/1.4 MBProgress (5): 618/671 kB | 1.0/1.3 MB | 0.7/2.0 MB | 135/173 kB | 0.2/1.4 MBProgress (5): 618/671 kB | 1.0/1.3 MB | 0.7/2.0 MB | 139/173 kB | 0.2/1.4 MBProgress (5): 618/671 kB | 1.0/1.3 MB | 0.7/2.0 MB | 143/173 kB | 0.2/1.4 MBProgress (5): 618/671 kB | 1.0/1.3 MB | 0.7/2.0 MB | 147/173 kB | 0.2/1.4 MBProgress (5): 618/671 kB | 1.0/1.3 MB | 0.7/2.0 MB | 147/173 kB | 0.2/1.4 MBProgress (5): 618/671 kB | 1.0/1.3 MB | 0.7/2.0 MB | 147/173 kB | 0.2/1.4 MBProgress (5): 618/671 kB | 1.0/1.3 MB | 0.7/2.0 MB | 147/173 kB | 0.2/1.4 MBProgress (5): 618/671 kB | 1.0/1.3 MB | 0.7/2.0 MB | 147/173 kB | 0.2/1.4 MBProgress (5): 618/671 kB | 1.0/1.3 MB | 0.7/2.0 MB | 147/173 kB | 0.2/1.4 MBProgress (5): 618/671 kB | 1.0/1.3 MB | 0.7/2.0 MB | 147/173 kB | 0.2/1.4 MBProgress (5): 623/671 kB | 1.0/1.3 MB | 0.7/2.0 MB | 147/173 kB | 0.2/1.4 MBProgress (5): 627/671 kB | 1.0/1.3 MB | 0.7/2.0 MB | 147/173 kB | 0.2/1.4 MBProgress (5): 631/671 kB | 1.0/1.3 MB | 0.7/2.0 MB | 147/173 kB | 0.2/1.4 MBProgress (5): 635/671 kB | 1.0/1.3 MB | 0.7/2.0 MB | 147/173 kB | 0.2/1.4 MBProgress (5): 635/671 kB | 1.0/1.3 MB | 0.7/2.0 MB | 147/173 kB | 0.2/1.4 MBProgress (5): 635/671 kB | 1.0/1.3 MB | 0.7/2.0 MB | 147/173 kB | 0.2/1.4 MBProgress (5): 635/671 kB | 1.0/1.3 MB | 0.7/2.0 MB | 147/173 kB | 0.2/1.4 MBProgress (5): 635/671 kB | 1.0/1.3 MB | 0.7/2.0 MB | 147/173 kB | 0.2/1.4 MBProgress (5): 635/671 kB | 1.0/1.3 MB | 0.7/2.0 MB | 147/173 kB | 0.2/1.4 MBProgress (5): 635/671 kB | 1.0/1.3 MB | 0.7/2.0 MB | 147/173 kB | 0.2/1.4 MBProgress (5): 635/671 kB | 1.0/1.3 MB | 0.7/2.0 MB | 151/173 kB | 0.2/1.4 MBProgress (5): 635/671 kB | 1.0/1.3 MB | 0.7/2.0 MB | 155/173 kB | 0.2/1.4 MBProgress (5): 635/671 kB | 1.0/1.3 MB | 0.7/2.0 MB | 159/173 kB | 0.2/1.4 MBProgress (5): 635/671 kB | 1.0/1.3 MB | 0.7/2.0 MB | 163/173 kB | 0.2/1.4 MBProgress (5): 635/671 kB | 1.1/1.3 MB | 0.7/2.0 MB | 163/173 kB | 0.2/1.4 MBProgress (5): 635/671 kB | 1.1/1.3 MB | 0.7/2.0 MB | 163/173 kB | 0.2/1.4 MBProgress (5): 635/671 kB | 1.1/1.3 MB | 0.7/2.0 MB | 163/173 kB | 0.2/1.4 MBProgress (5): 635/671 kB | 1.1/1.3 MB | 0.7/2.0 MB | 163/173 kB | 0.2/1.4 MBProgress (5): 639/671 kB | 1.1/1.3 MB | 0.7/2.0 MB | 163/173 kB | 0.2/1.4 MBProgress (5): 643/671 kB | 1.1/1.3 MB | 0.7/2.0 MB | 163/173 kB | 0.2/1.4 MBProgress (5): 647/671 kB | 1.1/1.3 MB | 0.7/2.0 MB | 163/173 kB | 0.2/1.4 MBProgress (5): 651/671 kB | 1.1/1.3 MB | 0.7/2.0 MB | 163/173 kB | 0.2/1.4 MBProgress (5): 651/671 kB | 1.1/1.3 MB | 0.7/2.0 MB | 163/173 kB | 0.2/1.4 MBProgress (5): 651/671 kB | 1.1/1.3 MB | 0.8/2.0 MB | 163/173 kB | 0.2/1.4 MBProgress (5): 651/671 kB | 1.1/1.3 MB | 0.8/2.0 MB | 167/173 kB | 0.2/1.4 MBProgress (5): 651/671 kB | 1.1/1.3 MB | 0.8/2.0 MB | 171/173 kB | 0.2/1.4 MBProgress (5): 651/671 kB | 1.1/1.3 MB | 0.8/2.0 MB | 173 kB | 0.2/1.4 MB    Progress (5): 651/671 kB | 1.1/1.3 MB | 0.8/2.0 MB | 173 kB | 0.2/1.4 MBProgress (5): 651/671 kB | 1.1/1.3 MB | 0.8/2.0 MB | 173 kB | 0.2/1.4 MBProgress (5): 651/671 kB | 1.1/1.3 MB | 0.8/2.0 MB | 173 kB | 0.2/1.4 MBProgress (5): 651/671 kB | 1.1/1.3 MB | 0.8/2.0 MB | 173 kB | 0.2/1.4 MBProgress (5): 651/671 kB | 1.1/1.3 MB | 0.8/2.0 MB | 173 kB | 0.2/1.4 MBProgress (5): 651/671 kB | 1.1/1.3 MB | 0.8/2.0 MB | 173 kB | 0.2/1.4 MBProgress (5): 651/671 kB | 1.1/1.3 MB | 0.8/2.0 MB | 173 kB | 0.2/1.4 MBProgress (5): 651/671 kB | 1.1/1.3 MB | 0.8/2.0 MB | 173 kB | 0.2/1.4 MBProgress (5): 651/671 kB | 1.1/1.3 MB | 0.8/2.0 MB | 173 kB | 0.2/1.4 MBProgress (5): 651/671 kB | 1.1/1.3 MB | 0.8/2.0 MB | 173 kB | 0.2/1.4 MBProgress (5): 651/671 kB | 1.1/1.3 MB | 0.8/2.0 MB | 173 kB | 0.2/1.4 MBProgress (5): 651/671 kB | 1.1/1.3 MB | 0.8/2.0 MB | 173 kB | 0.2/1.4 MBProgress (5): 655/671 kB | 1.1/1.3 MB | 0.8/2.0 MB | 173 kB | 0.2/1.4 MBProgress (5): 659/671 kB | 1.1/1.3 MB | 0.8/2.0 MB | 173 kB | 0.2/1.4 MBProgress (5): 664/671 kB | 1.1/1.3 MB | 0.8/2.0 MB | 173 kB | 0.2/1.4 MBProgress (5): 668/671 kB | 1.1/1.3 MB | 0.8/2.0 MB | 173 kB | 0.2/1.4 MBProgress (5): 671 kB | 1.1/1.3 MB | 0.8/2.0 MB | 173 kB | 0.2/1.4 MB    Progress (5): 671 kB | 1.1/1.3 MB | 0.8/2.0 MB | 173 kB | 0.2/1.4 MBProgress (5): 671 kB | 1.1/1.3 MB | 0.8/2.0 MB | 173 kB | 0.2/1.4 MBProgress (5): 671 kB | 1.1/1.3 MB | 0.8/2.0 MB | 173 kB | 0.2/1.4 MBProgress (5): 671 kB | 1.1/1.3 MB | 0.8/2.0 MB | 173 kB | 0.2/1.4 MBProgress (5): 671 kB | 1.1/1.3 MB | 0.8/2.0 MB | 173 kB | 0.2/1.4 MBProgress (5): 671 kB | 1.1/1.3 MB | 0.8/2.0 MB | 173 kB | 0.2/1.4 MBProgress (5): 671 kB | 1.1/1.3 MB | 0.8/2.0 MB | 173 kB | 0.2/1.4 MB                                                                    Downloaded from central: https://repo.maven.apache.org/maven2/com/aventstack/extentreports/3.1.5/extentreports-3.1.5.jar (173 kB at 8.6 kB/s)
Progress (4): 671 kB | 1.1/1.3 MB | 0.8/2.0 MB | 0.2/1.4 MB                                                           Downloading from central: https://repo.maven.apache.org/maven2/org/mongodb/mongodb-driver/3.3.0/mongodb-driver-3.3.0.jar
Progress (4): 671 kB | 1.1/1.3 MB | 0.8/2.0 MB | 0.2/1.4 MBProgress (4): 671 kB | 1.1/1.3 MB | 0.8/2.0 MB | 0.2/1.4 MBProgress (4): 671 kB | 1.1/1.3 MB | 0.8/2.0 MB | 0.3/1.4 MBProgress (4): 671 kB | 1.1/1.3 MB | 0.8/2.0 MB | 0.3/1.4 MBProgress (4): 671 kB | 1.1/1.3 MB | 0.8/2.0 MB | 0.3/1.4 MBProgress (4): 671 kB | 1.1/1.3 MB | 0.8/2.0 MB | 0.3/1.4 MBProgress (4): 671 kB | 1.1/1.3 MB | 0.8/2.0 MB | 0.3/1.4 MBProgress (4): 671 kB | 1.1/1.3 MB | 0.8/2.0 MB | 0.3/1.4 MB                                                           Downloaded from central: https://repo.maven.apache.org/maven2/org/springframework/spring-beans/5.1.0.RELEASE/spring-beans-5.1.0.RELEASE.jar (671 kB at 33 kB/s)
Downloading from central: https://repo.maven.apache.org/maven2/org/mongodb/bson/3.3.0/bson-3.3.0.jar
Progress (3): 1.2/1.3 MB | 0.8/2.0 MB | 0.3/1.4 MBProgress (3): 1.2/1.3 MB | 0.8/2.0 MB | 0.3/1.4 MBProgress (3): 1.2/1.3 MB | 0.8/2.0 MB | 0.3/1.4 MBProgress (3): 1.2/1.3 MB | 0.8/2.0 MB | 0.3/1.4 MBProgress (3): 1.2/1.3 MB | 0.9/2.0 MB | 0.3/1.4 MBProgress (3): 1.2/1.3 MB | 0.9/2.0 MB | 0.3/1.4 MBProgress (3): 1.2/1.3 MB | 0.9/2.0 MB | 0.3/1.4 MBProgress (3): 1.2/1.3 MB | 0.9/2.0 MB | 0.3/1.4 MBProgress (4): 1.2/1.3 MB | 0.9/2.0 MB | 0.3/1.4 MB | 2.2/346 kBProgress (4): 1.2/1.3 MB | 0.9/2.0 MB | 0.3/1.4 MB | 5.0/346 kBProgress (4): 1.2/1.3 MB | 0.9/2.0 MB | 0.3/1.4 MB | 7.7/346 kBProgress (4): 1.2/1.3 MB | 0.9/2.0 MB | 0.3/1.4 MB | 10/346 kB Progress (4): 1.2/1.3 MB | 0.9/2.0 MB | 0.3/1.4 MB | 13/346 kBProgress (4): 1.2/1.3 MB | 0.9/2.0 MB | 0.3/1.4 MB | 16/346 kBProgress (4): 1.2/1.3 MB | 0.9/2.0 MB | 0.3/1.4 MB | 19/346 kBProgress (4): 1.2/1.3 MB | 0.9/2.0 MB | 0.3/1.4 MB | 19/346 kBProgress (4): 1.2/1.3 MB | 0.9/2.0 MB | 0.3/1.4 MB | 19/346 kBProgress (4): 1.2/1.3 MB | 0.9/2.0 MB | 0.3/1.4 MB | 19/346 kBProgress (4): 1.2/1.3 MB | 0.9/2.0 MB | 0.3/1.4 MB | 19/346 kBProgress (4): 1.2/1.3 MB | 0.9/2.0 MB | 0.3/1.4 MB | 19/346 kBProgress (4): 1.2/1.3 MB | 0.9/2.0 MB | 0.3/1.4 MB | 19/346 kBProgress (4): 1.2/1.3 MB | 0.9/2.0 MB | 0.3/1.4 MB | 19/346 kBProgress (4): 1.2/1.3 MB | 0.9/2.0 MB | 0.3/1.4 MB | 19/346 kBProgress (4): 1.2/1.3 MB | 0.9/2.0 MB | 0.3/1.4 MB | 19/346 kBProgress (4): 1.2/1.3 MB | 0.9/2.0 MB | 0.3/1.4 MB | 19/346 kBProgress (5): 1.2/1.3 MB | 0.9/2.0 MB | 0.3/1.4 MB | 19/346 kB | 4.1/234 kBProgress (5): 1.2/1.3 MB | 0.9/2.0 MB | 0.3/1.4 MB | 19/346 kB | 7.7/234 kBProgress (5): 1.2/1.3 MB | 0.9/2.0 MB | 0.3/1.4 MB | 19/346 kB | 12/234 kB Progress (5): 1.2/1.3 MB | 0.9/2.0 MB | 0.3/1.4 MB | 19/346 kB | 16/234 kBProgress (5): 1.2/1.3 MB | 0.9/2.0 MB | 0.3/1.4 MB | 19/346 kB | 16/234 kBProgress (5): 1.2/1.3 MB | 0.9/2.0 MB | 0.3/1.4 MB | 19/346 kB | 16/234 kBProgress (5): 1.2/1.3 MB | 0.9/2.0 MB | 0.3/1.4 MB | 19/346 kB | 16/234 kBProgress (5): 1.2/1.3 MB | 0.9/2.0 MB | 0.3/1.4 MB | 19/346 kB | 16/234 kBProgress (5): 1.2/1.3 MB | 0.9/2.0 MB | 0.3/1.4 MB | 21/346 kB | 16/234 kBProgress (5): 1.2/1.3 MB | 0.9/2.0 MB | 0.3/1.4 MB | 24/346 kB | 16/234 kBProgress (5): 1.2/1.3 MB | 0.9/2.0 MB | 0.3/1.4 MB | 27/346 kB | 16/234 kBProgress (5): 1.2/1.3 MB | 0.9/2.0 MB | 0.3/1.4 MB | 30/346 kB | 16/234 kBProgress (5): 1.2/1.3 MB | 0.9/2.0 MB | 0.3/1.4 MB | 32/346 kB | 16/234 kBProgress (5): 1.2/1.3 MB | 0.9/2.0 MB | 0.3/1.4 MB | 32/346 kB | 16/234 kBProgress (5): 1.2/1.3 MB | 0.9/2.0 MB | 0.3/1.4 MB | 32/346 kB | 16/234 kBProgress (5): 1.2/1.3 MB | 0.9/2.0 MB | 0.3/1.4 MB | 32/346 kB | 16/234 kBProgress (5): 1.2/1.3 MB | 0.9/2.0 MB | 0.3/1.4 MB | 32/346 kB | 16/234 kBProgress (5): 1.2/1.3 MB | 0.9/2.0 MB | 0.3/1.4 MB | 32/346 kB | 16/234 kBProgress (5): 1.2/1.3 MB | 0.9/2.0 MB | 0.3/1.4 MB | 32/346 kB | 16/234 kBProgress (5): 1.2/1.3 MB | 0.9/2.0 MB | 0.3/1.4 MB | 32/346 kB | 16/234 kBProgress (5): 1.2/1.3 MB | 0.9/2.0 MB | 0.3/1.4 MB | 32/346 kB | 16/234 kBProgress (5): 1.2/1.3 MB | 0.9/2.0 MB | 0.4/1.4 MB | 32/346 kB | 16/234 kBProgress (5): 1.2/1.3 MB | 0.9/2.0 MB | 0.4/1.4 MB | 32/346 kB | 16/234 kBProgress (5): 1.2/1.3 MB | 0.9/2.0 MB | 0.4/1.4 MB | 32/346 kB | 20/234 kBProgress (5): 1.2/1.3 MB | 0.9/2.0 MB | 0.4/1.4 MB | 32/346 kB | 24/234 kBProgress (5): 1.2/1.3 MB | 0.9/2.0 MB | 0.4/1.4 MB | 32/346 kB | 28/234 kBProgress (5): 1.2/1.3 MB | 0.9/2.0 MB | 0.4/1.4 MB | 32/346 kB | 32/234 kBProgress (5): 1.2/1.3 MB | 0.9/2.0 MB | 0.4/1.4 MB | 32/346 kB | 36/234 kBProgress (5): 1.2/1.3 MB | 0.9/2.0 MB | 0.4/1.4 MB | 32/346 kB | 40/234 kBProgress (5): 1.2/1.3 MB | 0.9/2.0 MB | 0.4/1.4 MB | 32/346 kB | 45/234 kBProgress (5): 1.2/1.3 MB | 0.9/2.0 MB | 0.4/1.4 MB | 32/346 kB | 49/234 kBProgress (5): 1.2/1.3 MB | 1.0/2.0 MB | 0.4/1.4 MB | 32/346 kB | 49/234 kBProgress (5): 1.2/1.3 MB | 1.0/2.0 MB | 0.4/1.4 MB | 32/346 kB | 49/234 kBProgress (5): 1.2/1.3 MB | 1.0/2.0 MB | 0.4/1.4 MB | 32/346 kB | 49/234 kBProgress (5): 1.2/1.3 MB | 1.0/2.0 MB | 0.4/1.4 MB | 32/346 kB | 49/234 kBProgress (5): 1.2/1.3 MB | 1.0/2.0 MB | 0.4/1.4 MB | 32/346 kB | 49/234 kBProgress (5): 1.2/1.3 MB | 1.0/2.0 MB | 0.4/1.4 MB | 32/346 kB | 49/234 kBProgress (5): 1.2/1.3 MB | 1.0/2.0 MB | 0.4/1.4 MB | 32/346 kB | 49/234 kBProgress (5): 1.2/1.3 MB | 1.0/2.0 MB | 0.4/1.4 MB | 32/346 kB | 49/234 kBProgress (5): 1.2/1.3 MB | 1.0/2.0 MB | 0.4/1.4 MB | 36/346 kB | 49/234 kBProgress (5): 1.2/1.3 MB | 1.0/2.0 MB | 0.4/1.4 MB | 36/346 kB | 49/234 kBProgress (5): 1.2/1.3 MB | 1.0/2.0 MB | 0.4/1.4 MB | 40/346 kB | 49/234 kBProgress (5): 1.2/1.3 MB | 1.0/2.0 MB | 0.4/1.4 MB | 40/346 kB | 49/234 kBProgress (5): 1.2/1.3 MB | 1.0/2.0 MB | 0.4/1.4 MB | 45/346 kB | 49/234 kBProgress (5): 1.3/1.3 MB | 1.0/2.0 MB | 0.4/1.4 MB | 45/346 kB | 49/234 kBProgress (5): 1.3/1.3 MB | 1.0/2.0 MB | 0.4/1.4 MB | 49/346 kB | 49/234 kBProgress (5): 1.3/1.3 MB | 1.0/2.0 MB | 0.4/1.4 MB | 49/346 kB | 49/234 kBProgress (5): 1.3/1.3 MB | 1.0/2.0 MB | 0.4/1.4 MB | 49/346 kB | 49/234 kBProgress (5): 1.3/1.3 MB | 1.0/2.0 MB | 0.4/1.4 MB | 49/346 kB | 49/234 kBProgress (5): 1.3/1.3 MB | 1.0/2.0 MB | 0.4/1.4 MB | 49/346 kB | 49/234 kBProgress (5): 1.3/1.3 MB | 1.0/2.0 MB | 0.4/1.4 MB | 49/346 kB | 49/234 kBProgress (5): 1.3 MB | 1.0/2.0 MB | 0.4/1.4 MB | 49/346 kB | 49/234 kB    Progress (5): 1.3 MB | 1.0/2.0 MB | 0.4/1.4 MB | 49/346 kB | 49/234 kBProgress (5): 1.3 MB | 1.0/2.0 MB | 0.4/1.4 MB | 49/346 kB | 49/234 kBProgress (5): 1.3 MB | 1.0/2.0 MB | 0.4/1.4 MB | 49/346 kB | 53/234 kBProgress (5): 1.3 MB | 1.0/2.0 MB | 0.4/1.4 MB | 49/346 kB | 57/234 kBProgress (5): 1.3 MB | 1.0/2.0 MB | 0.4/1.4 MB | 49/346 kB | 61/234 kBProgress (5): 1.3 MB | 1.0/2.0 MB | 0.4/1.4 MB | 49/346 kB | 65/234 kBProgress (5): 1.3 MB | 1.0/2.0 MB | 0.4/1.4 MB | 49/346 kB | 65/234 kBProgress (5): 1.3 MB | 1.0/2.0 MB | 0.4/1.4 MB | 49/346 kB | 65/234 kBProgress (5): 1.3 MB | 1.0/2.0 MB | 0.4/1.4 MB | 49/346 kB | 65/234 kBProgress (5): 1.3 MB | 1.0/2.0 MB | 0.4/1.4 MB | 49/346 kB | 65/234 kBProgress (5): 1.3 MB | 1.0/2.0 MB | 0.4/1.4 MB | 53/346 kB | 65/234 kBProgress (5): 1.3 MB | 1.0/2.0 MB | 0.4/1.4 MB | 57/346 kB | 65/234 kBProgress (5): 1.3 MB | 1.0/2.0 MB | 0.4/1.4 MB | 61/346 kB | 65/234 kBProgress (5): 1.3 MB | 1.0/2.0 MB | 0.4/1.4 MB | 65/346 kB | 65/234 kBProgress (5): 1.3 MB | 1.0/2.0 MB | 0.4/1.4 MB | 65/346 kB | 65/234 kBProgress (5): 1.3 MB | 1.0/2.0 MB | 0.4/1.4 MB | 65/346 kB | 65/234 kBProgress (5): 1.3 MB | 1.0/2.0 MB | 0.4/1.4 MB | 65/346 kB | 65/234 kBProgress (5): 1.3 MB | 1.0/2.0 MB | 0.4/1.4 MB | 65/346 kB | 65/234 kBProgress (5): 1.3 MB | 1.0/2.0 MB | 0.4/1.4 MB | 65/346 kB | 65/234 kBProgress (5): 1.3 MB | 1.0/2.0 MB | 0.4/1.4 MB | 65/346 kB | 65/234 kBProgress (5): 1.3 MB | 1.0/2.0 MB | 0.4/1.4 MB | 65/346 kB | 65/234 kBProgress (5): 1.3 MB | 1.0/2.0 MB | 0.4/1.4 MB | 65/346 kB | 65/234 kBProgress (5): 1.3 MB | 1.0/2.0 MB | 0.4/1.4 MB | 65/346 kB | 69/234 kBProgress (5): 1.3 MB | 1.0/2.0 MB | 0.4/1.4 MB | 65/346 kB | 73/234 kBProgress (5): 1.3 MB | 1.0/2.0 MB | 0.4/1.4 MB | 65/346 kB | 77/234 kBProgress (5): 1.3 MB | 1.0/2.0 MB | 0.4/1.4 MB | 65/346 kB | 81/234 kB                                                                      Downloaded from central: https://repo.maven.apache.org/maven2/org/springframework/spring-core/5.1.0.RELEASE/spring-core-5.1.0.RELEASE.jar (1.3 MB at 61 kB/s)
Downloading from central: https://repo.maven.apache.org/maven2/org/mongodb/mongodb-driver-core/3.3.0/mongodb-driver-core-3.3.0.jar
Progress (4): 1.0/2.0 MB | 0.4/1.4 MB | 65/346 kB | 85/234 kBProgress (4): 1.0/2.0 MB | 0.4/1.4 MB | 65/346 kB | 90/234 kBProgress (4): 1.0/2.0 MB | 0.4/1.4 MB | 65/346 kB | 94/234 kBProgress (4): 1.0/2.0 MB | 0.4/1.4 MB | 65/346 kB | 98/234 kBProgress (4): 1.1/2.0 MB | 0.4/1.4 MB | 65/346 kB | 98/234 kBProgress (4): 1.1/2.0 MB | 0.4/1.4 MB | 65/346 kB | 98/234 kBProgress (4): 1.1/2.0 MB | 0.4/1.4 MB | 69/346 kB | 98/234 kBProgress (4): 1.1/2.0 MB | 0.4/1.4 MB | 73/346 kB | 98/234 kBProgress (4): 1.1/2.0 MB | 0.4/1.4 MB | 77/346 kB | 98/234 kBProgress (4): 1.1/2.0 MB | 0.4/1.4 MB | 81/346 kB | 98/234 kBProgress (4): 1.1/2.0 MB | 0.4/1.4 MB | 81/346 kB | 98/234 kBProgress (4): 1.1/2.0 MB | 0.5/1.4 MB | 81/346 kB | 98/234 kBProgress (4): 1.1/2.0 MB | 0.5/1.4 MB | 81/346 kB | 98/234 kBProgress (4): 1.1/2.0 MB | 0.5/1.4 MB | 81/346 kB | 98/234 kBProgress (4): 1.1/2.0 MB | 0.5/1.4 MB | 81/346 kB | 98/234 kBProgress (4): 1.1/2.0 MB | 0.5/1.4 MB | 81/346 kB | 98/234 kBProgress (4): 1.1/2.0 MB | 0.5/1.4 MB | 81/346 kB | 98/234 kBProgress (4): 1.1/2.0 MB | 0.5/1.4 MB | 81/346 kB | 98/234 kBProgress (4): 1.1/2.0 MB | 0.5/1.4 MB | 81/346 kB | 98/234 kBProgress (4): 1.1/2.0 MB | 0.5/1.4 MB | 81/346 kB | 98/234 kBProgress (4): 1.1/2.0 MB | 0.5/1.4 MB | 81/346 kB | 102/234 kBProgress (4): 1.1/2.0 MB | 0.5/1.4 MB | 81/346 kB | 106/234 kBProgress (4): 1.1/2.0 MB | 0.5/1.4 MB | 81/346 kB | 110/234 kBProgress (4): 1.1/2.0 MB | 0.5/1.4 MB | 81/346 kB | 114/234 kBProgress (5): 1.1/2.0 MB | 0.5/1.4 MB | 81/346 kB | 114/234 kB | 7.7/963 kBProgress (5): 1.1/2.0 MB | 0.5/1.4 MB | 81/346 kB | 114/234 kB | 16/963 kB Progress (5): 1.1/2.0 MB | 0.5/1.4 MB | 81/346 kB | 114/234 kB | 16/963 kBProgress (5): 1.1/2.0 MB | 0.5/1.4 MB | 81/346 kB | 114/234 kB | 16/963 kBProgress (5): 1.1/2.0 MB | 0.5/1.4 MB | 85/346 kB | 114/234 kB | 16/963 kBProgress (5): 1.1/2.0 MB | 0.5/1.4 MB | 90/346 kB | 114/234 kB | 16/963 kBProgress (5): 1.1/2.0 MB | 0.5/1.4 MB | 94/346 kB | 114/234 kB | 16/963 kBProgress (5): 1.1/2.0 MB | 0.5/1.4 MB | 98/346 kB | 114/234 kB | 16/963 kBProgress (5): 1.1/2.0 MB | 0.5/1.4 MB | 98/346 kB | 118/234 kB | 16/963 kBProgress (5): 1.1/2.0 MB | 0.5/1.4 MB | 98/346 kB | 122/234 kB | 16/963 kBProgress (5): 1.1/2.0 MB | 0.5/1.4 MB | 98/346 kB | 126/234 kB | 16/963 kBProgress (5): 1.1/2.0 MB | 0.5/1.4 MB | 98/346 kB | 131/234 kB | 16/963 kBProgress (5): 1.1/2.0 MB | 0.5/1.4 MB | 98/346 kB | 131/234 kB | 16/963 kBProgress (5): 1.1/2.0 MB | 0.5/1.4 MB | 98/346 kB | 131/234 kB | 16/963 kBProgress (5): 1.1/2.0 MB | 0.5/1.4 MB | 98/346 kB | 131/234 kB | 16/963 kBProgress (5): 1.1/2.0 MB | 0.5/1.4 MB | 98/346 kB | 131/234 kB | 16/963 kBProgress (5): 1.1/2.0 MB | 0.5/1.4 MB | 98/346 kB | 131/234 kB | 16/963 kBProgress (5): 1.1/2.0 MB | 0.5/1.4 MB | 98/346 kB | 131/234 kB | 16/963 kBProgress (5): 1.1/2.0 MB | 0.5/1.4 MB | 98/346 kB | 131/234 kB | 16/963 kBProgress (5): 1.1/2.0 MB | 0.5/1.4 MB | 98/346 kB | 131/234 kB | 16/963 kBProgress (5): 1.1/2.0 MB | 0.5/1.4 MB | 98/346 kB | 135/234 kB | 16/963 kBProgress (5): 1.1/2.0 MB | 0.5/1.4 MB | 98/346 kB | 139/234 kB | 16/963 kBProgress (5): 1.1/2.0 MB | 0.5/1.4 MB | 98/346 kB | 143/234 kB | 16/963 kBProgress (5): 1.1/2.0 MB | 0.5/1.4 MB | 98/346 kB | 147/234 kB | 16/963 kBProgress (5): 1.2/2.0 MB | 0.5/1.4 MB | 98/346 kB | 147/234 kB | 16/963 kBProgress (5): 1.2/2.0 MB | 0.5/1.4 MB | 98/346 kB | 147/234 kB | 16/963 kBProgress (5): 1.2/2.0 MB | 0.5/1.4 MB | 98/346 kB | 147/234 kB | 24/963 kBProgress (5): 1.2/2.0 MB | 0.5/1.4 MB | 98/346 kB | 147/234 kB | 32/963 kBProgress (5): 1.2/2.0 MB | 0.5/1.4 MB | 98/346 kB | 147/234 kB | 40/963 kBProgress (5): 1.2/2.0 MB | 0.5/1.4 MB | 98/346 kB | 147/234 kB | 49/963 kBProgress (5): 1.2/2.0 MB | 0.5/1.4 MB | 98/346 kB | 147/234 kB | 57/963 kBProgress (5): 1.2/2.0 MB | 0.5/1.4 MB | 98/346 kB | 147/234 kB | 65/963 kBProgress (5): 1.2/2.0 MB | 0.5/1.4 MB | 98/346 kB | 147/234 kB | 65/963 kBProgress (5): 1.2/2.0 MB | 0.5/1.4 MB | 98/346 kB | 147/234 kB | 65/963 kBProgress (5): 1.2/2.0 MB | 0.5/1.4 MB | 102/346 kB | 147/234 kB | 65/963 kBProgress (5): 1.2/2.0 MB | 0.5/1.4 MB | 106/346 kB | 147/234 kB | 65/963 kBProgress (5): 1.2/2.0 MB | 0.5/1.4 MB | 110/346 kB | 147/234 kB | 65/963 kBProgress (5): 1.2/2.0 MB | 0.5/1.4 MB | 114/346 kB | 147/234 kB | 65/963 kBProgress (5): 1.2/2.0 MB | 0.5/1.4 MB | 114/346 kB | 147/234 kB | 65/963 kBProgress (5): 1.2/2.0 MB | 0.5/1.4 MB | 114/346 kB | 147/234 kB | 65/963 kBProgress (5): 1.2/2.0 MB | 0.5/1.4 MB | 114/346 kB | 147/234 kB | 65/963 kBProgress (5): 1.2/2.0 MB | 0.6/1.4 MB | 114/346 kB | 147/234 kB | 65/963 kBProgress (5): 1.2/2.0 MB | 0.6/1.4 MB | 114/346 kB | 147/234 kB | 65/963 kBProgress (5): 1.2/2.0 MB | 0.6/1.4 MB | 114/346 kB | 147/234 kB | 65/963 kBProgress (5): 1.2/2.0 MB | 0.6/1.4 MB | 114/346 kB | 147/234 kB | 65/963 kBProgress (5): 1.2/2.0 MB | 0.6/1.4 MB | 114/346 kB | 147/234 kB | 65/963 kBProgress (5): 1.2/2.0 MB | 0.6/1.4 MB | 114/346 kB | 151/234 kB | 65/963 kBProgress (5): 1.2/2.0 MB | 0.6/1.4 MB | 114/346 kB | 155/234 kB | 65/963 kBProgress (5): 1.2/2.0 MB | 0.6/1.4 MB | 114/346 kB | 159/234 kB | 65/963 kBProgress (5): 1.2/2.0 MB | 0.6/1.4 MB | 114/346 kB | 163/234 kB | 65/963 kBProgress (5): 1.2/2.0 MB | 0.6/1.4 MB | 114/346 kB | 163/234 kB | 65/963 kBProgress (5): 1.2/2.0 MB | 0.6/1.4 MB | 114/346 kB | 163/234 kB | 65/963 kBProgress (5): 1.2/2.0 MB | 0.6/1.4 MB | 114/346 kB | 167/234 kB | 65/963 kBProgress (5): 1.2/2.0 MB | 0.6/1.4 MB | 114/346 kB | 171/234 kB | 65/963 kBProgress (5): 1.2/2.0 MB | 0.6/1.4 MB | 114/346 kB | 176/234 kB | 65/963 kBProgress (5): 1.2/2.0 MB | 0.6/1.4 MB | 114/346 kB | 180/234 kB | 65/963 kBProgress (5): 1.2/2.0 MB | 0.6/1.4 MB | 114/346 kB | 180/234 kB | 73/963 kBProgress (5): 1.2/2.0 MB | 0.6/1.4 MB | 114/346 kB | 180/234 kB | 81/963 kBProgress (5): 1.2/2.0 MB | 0.6/1.4 MB | 114/346 kB | 180/234 kB | 90/963 kBProgress (5): 1.2/2.0 MB | 0.6/1.4 MB | 114/346 kB | 180/234 kB | 98/963 kBProgress (5): 1.2/2.0 MB | 0.6/1.4 MB | 118/346 kB | 180/234 kB | 98/963 kBProgress (5): 1.2/2.0 MB | 0.6/1.4 MB | 122/346 kB | 180/234 kB | 98/963 kBProgress (5): 1.2/2.0 MB | 0.6/1.4 MB | 126/346 kB | 180/234 kB | 98/963 kBProgress (5): 1.2/2.0 MB | 0.6/1.4 MB | 131/346 kB | 180/234 kB | 98/963 kBProgress (5): 1.2/2.0 MB | 0.6/1.4 MB | 131/346 kB | 180/234 kB | 98/963 kBProgress (5): 1.2/2.0 MB | 0.6/1.4 MB | 131/346 kB | 180/234 kB | 98/963 kBProgress (5): 1.2/2.0 MB | 0.6/1.4 MB | 131/346 kB | 180/234 kB | 98/963 kBProgress (5): 1.2/2.0 MB | 0.6/1.4 MB | 131/346 kB | 180/234 kB | 98/963 kBProgress (5): 1.2/2.0 MB | 0.6/1.4 MB | 131/346 kB | 180/234 kB | 98/963 kBProgress (5): 1.2/2.0 MB | 0.6/1.4 MB | 131/346 kB | 180/234 kB | 98/963 kBProgress (5): 1.2/2.0 MB | 0.6/1.4 MB | 131/346 kB | 180/234 kB | 98/963 kBProgress (5): 1.2/2.0 MB | 0.6/1.4 MB | 131/346 kB | 180/234 kB | 98/963 kBProgress (5): 1.2/2.0 MB | 0.6/1.4 MB | 131/346 kB | 180/234 kB | 98/963 kBProgress (5): 1.2/2.0 MB | 0.6/1.4 MB | 131/346 kB | 180/234 kB | 98/963 kBProgress (5): 1.2/2.0 MB | 0.6/1.4 MB | 131/346 kB | 184/234 kB | 98/963 kBProgress (5): 1.2/2.0 MB | 0.6/1.4 MB | 131/346 kB | 188/234 kB | 98/963 kBProgress (5): 1.2/2.0 MB | 0.6/1.4 MB | 131/346 kB | 192/234 kB | 98/963 kBProgress (5): 1.2/2.0 MB | 0.6/1.4 MB | 131/346 kB | 196/234 kB | 98/963 kBProgress (5): 1.3/2.0 MB | 0.6/1.4 MB | 131/346 kB | 196/234 kB | 98/963 kBProgress (5): 1.3/2.0 MB | 0.6/1.4 MB | 131/346 kB | 196/234 kB | 98/963 kBProgress (5): 1.3/2.0 MB | 0.6/1.4 MB | 131/346 kB | 196/234 kB | 106/963 kBProgress (5): 1.3/2.0 MB | 0.6/1.4 MB | 131/346 kB | 196/234 kB | 114/963 kBProgress (5): 1.3/2.0 MB | 0.6/1.4 MB | 131/346 kB | 196/234 kB | 122/963 kBProgress (5): 1.3/2.0 MB | 0.6/1.4 MB | 131/346 kB | 196/234 kB | 131/963 kBProgress (5): 1.3/2.0 MB | 0.6/1.4 MB | 135/346 kB | 196/234 kB | 131/963 kBProgress (5): 1.3/2.0 MB | 0.6/1.4 MB | 139/346 kB | 196/234 kB | 131/963 kBProgress (5): 1.3/2.0 MB | 0.6/1.4 MB | 143/346 kB | 196/234 kB | 131/963 kBProgress (5): 1.3/2.0 MB | 0.6/1.4 MB | 147/346 kB | 196/234 kB | 131/963 kBProgress (5): 1.3/2.0 MB | 0.6/1.4 MB | 147/346 kB | 196/234 kB | 131/963 kBProgress (5): 1.3/2.0 MB | 0.6/1.4 MB | 147/346 kB | 196/234 kB | 131/963 kBProgress (5): 1.3/2.0 MB | 0.6/1.4 MB | 147/346 kB | 196/234 kB | 131/963 kBProgress (5): 1.3/2.0 MB | 0.6/1.4 MB | 147/346 kB | 196/234 kB | 131/963 kBProgress (5): 1.3/2.0 MB | 0.6/1.4 MB | 147/346 kB | 196/234 kB | 131/963 kBProgress (5): 1.3/2.0 MB | 0.6/1.4 MB | 147/346 kB | 196/234 kB | 131/963 kBProgress (5): 1.3/2.0 MB | 0.6/1.4 MB | 147/346 kB | 200/234 kB | 131/963 kBProgress (5): 1.3/2.0 MB | 0.6/1.4 MB | 147/346 kB | 204/234 kB | 131/963 kBProgress (5): 1.3/2.0 MB | 0.6/1.4 MB | 147/346 kB | 208/234 kB | 131/963 kBProgress (5): 1.3/2.0 MB | 0.6/1.4 MB | 147/346 kB | 212/234 kB | 131/963 kBProgress (5): 1.3/2.0 MB | 0.6/1.4 MB | 147/346 kB | 212/234 kB | 139/963 kBProgress (5): 1.3/2.0 MB | 0.6/1.4 MB | 147/346 kB | 212/234 kB | 147/963 kBProgress (5): 1.3/2.0 MB | 0.6/1.4 MB | 147/346 kB | 212/234 kB | 147/963 kBProgress (5): 1.3/2.0 MB | 0.7/1.4 MB | 147/346 kB | 212/234 kB | 147/963 kBProgress (5): 1.3/2.0 MB | 0.7/1.4 MB | 151/346 kB | 212/234 kB | 147/963 kBProgress (5): 1.3/2.0 MB | 0.7/1.4 MB | 155/346 kB | 212/234 kB | 147/963 kBProgress (5): 1.3/2.0 MB | 0.7/1.4 MB | 159/346 kB | 212/234 kB | 147/963 kBProgress (5): 1.3/2.0 MB | 0.7/1.4 MB | 163/346 kB | 212/234 kB | 147/963 kBProgress (5): 1.3/2.0 MB | 0.7/1.4 MB | 163/346 kB | 212/234 kB | 147/963 kBProgress (5): 1.3/2.0 MB | 0.7/1.4 MB | 163/346 kB | 212/234 kB | 147/963 kBProgress (5): 1.3/2.0 MB | 0.7/1.4 MB | 163/346 kB | 217/234 kB | 147/963 kBProgress (5): 1.3/2.0 MB | 0.7/1.4 MB | 163/346 kB | 221/234 kB | 147/963 kBProgress (5): 1.3/2.0 MB | 0.7/1.4 MB | 163/346 kB | 225/234 kB | 147/963 kBProgress (5): 1.3/2.0 MB | 0.7/1.4 MB | 163/346 kB | 229/234 kB | 147/963 kBProgress (5): 1.3/2.0 MB | 0.7/1.4 MB | 163/346 kB | 233/234 kB | 147/963 kBProgress (5): 1.3/2.0 MB | 0.7/1.4 MB | 163/346 kB | 234 kB | 147/963 kB    Progress (5): 1.3/2.0 MB | 0.7/1.4 MB | 163/346 kB | 234 kB | 155/963 kBProgress (5): 1.3/2.0 MB | 0.7/1.4 MB | 163/346 kB | 234 kB | 163/963 kBProgress (5): 1.3/2.0 MB | 0.7/1.4 MB | 163/346 kB | 234 kB | 163/963 kBProgress (5): 1.3/2.0 MB | 0.7/1.4 MB | 163/346 kB | 234 kB | 163/963 kBProgress (5): 1.3/2.0 MB | 0.7/1.4 MB | 163/346 kB | 234 kB | 171/963 kBProgress (5): 1.3/2.0 MB | 0.7/1.4 MB | 163/346 kB | 234 kB | 180/963 kBProgress (5): 1.3/2.0 MB | 0.7/1.4 MB | 163/346 kB | 234 kB | 180/963 kBProgress (5): 1.3/2.0 MB | 0.7/1.4 MB | 163/346 kB | 234 kB | 180/963 kBProgress (5): 1.3/2.0 MB | 0.7/1.4 MB | 163/346 kB | 234 kB | 180/963 kBProgress (5): 1.3/2.0 MB | 0.7/1.4 MB | 163/346 kB | 234 kB | 180/963 kBProgress (5): 1.3/2.0 MB | 0.7/1.4 MB | 163/346 kB | 234 kB | 180/963 kBProgress (5): 1.3/2.0 MB | 0.7/1.4 MB | 163/346 kB | 234 kB | 180/963 kBProgress (5): 1.3/2.0 MB | 0.7/1.4 MB | 163/346 kB | 234 kB | 180/963 kBProgress (5): 1.3/2.0 MB | 0.7/1.4 MB | 163/346 kB | 234 kB | 180/963 kBProgress (5): 1.3/2.0 MB | 0.7/1.4 MB | 163/346 kB | 234 kB | 180/963 kBProgress (5): 1.4/2.0 MB | 0.7/1.4 MB | 163/346 kB | 234 kB | 180/963 kBProgress (5): 1.4/2.0 MB | 0.7/1.4 MB | 163/346 kB | 234 kB | 180/963 kBProgress (5): 1.4/2.0 MB | 0.7/1.4 MB | 163/346 kB | 234 kB | 180/963 kB                                                                        Downloaded from central: https://repo.maven.apache.org/maven2/org/mongodb/bson/3.3.0/bson-3.3.0.jar (234 kB at 11 kB/s)
Downloading from central: https://repo.maven.apache.org/maven2/org/apache/httpcomponents/httpmime/4.5.2/httpmime-4.5.2.jar
Progress (4): 1.4/2.0 MB | 0.7/1.4 MB | 167/346 kB | 180/963 kBProgress (4): 1.4/2.0 MB | 0.7/1.4 MB | 171/346 kB | 180/963 kBProgress (4): 1.4/2.0 MB | 0.7/1.4 MB | 176/346 kB | 180/963 kBProgress (4): 1.4/2.0 MB | 0.7/1.4 MB | 180/346 kB | 180/963 kBProgress (4): 1.4/2.0 MB | 0.7/1.4 MB | 180/346 kB | 180/963 kBProgress (4): 1.4/2.0 MB | 0.7/1.4 MB | 180/346 kB | 180/963 kBProgress (4): 1.4/2.0 MB | 0.7/1.4 MB | 180/346 kB | 188/963 kBProgress (4): 1.4/2.0 MB | 0.7/1.4 MB | 180/346 kB | 196/963 kBProgress (4): 1.4/2.0 MB | 0.7/1.4 MB | 180/346 kB | 204/963 kBProgress (4): 1.4/2.0 MB | 0.7/1.4 MB | 180/346 kB | 212/963 kBProgress (4): 1.4/2.0 MB | 0.7/1.4 MB | 180/346 kB | 221/963 kBProgress (4): 1.4/2.0 MB | 0.7/1.4 MB | 180/346 kB | 229/963 kBProgress (4): 1.4/2.0 MB | 0.7/1.4 MB | 180/346 kB | 229/963 kBProgress (4): 1.4/2.0 MB | 0.7/1.4 MB | 180/346 kB | 229/963 kBProgress (4): 1.4/2.0 MB | 0.7/1.4 MB | 184/346 kB | 229/963 kBProgress (4): 1.4/2.0 MB | 0.7/1.4 MB | 188/346 kB | 229/963 kBProgress (4): 1.4/2.0 MB | 0.7/1.4 MB | 192/346 kB | 229/963 kBProgress (4): 1.4/2.0 MB | 0.7/1.4 MB | 196/346 kB | 229/963 kBProgress (4): 1.4/2.0 MB | 0.7/1.4 MB | 196/346 kB | 229/963 kBProgress (4): 1.4/2.0 MB | 0.8/1.4 MB | 196/346 kB | 229/963 kBProgress (4): 1.4/2.0 MB | 0.8/1.4 MB | 196/346 kB | 229/963 kBProgress (4): 1.4/2.0 MB | 0.8/1.4 MB | 196/346 kB | 229/963 kBProgress (4): 1.4/2.0 MB | 0.8/1.4 MB | 196/346 kB | 229/963 kBProgress (4): 1.4/2.0 MB | 0.8/1.4 MB | 196/346 kB | 229/963 kBProgress (5): 1.4/2.0 MB | 0.8/1.4 MB | 196/346 kB | 229/963 kB | 4.1/41 kBProgress (5): 1.4/2.0 MB | 0.8/1.4 MB | 196/346 kB | 229/963 kB | 7.7/41 kBProgress (5): 1.4/2.0 MB | 0.8/1.4 MB | 196/346 kB | 229/963 kB | 12/41 kB Progress (5): 1.4/2.0 MB | 0.8/1.4 MB | 196/346 kB | 229/963 kB | 16/41 kBProgress (5): 1.4/2.0 MB | 0.8/1.4 MB | 196/346 kB | 237/963 kB | 16/41 kBProgress (5): 1.4/2.0 MB | 0.8/1.4 MB | 196/346 kB | 245/963 kB | 16/41 kBProgress (5): 1.4/2.0 MB | 0.8/1.4 MB | 196/346 kB | 245/963 kB | 16/41 kBProgress (5): 1.4/2.0 MB | 0.8/1.4 MB | 196/346 kB | 245/963 kB | 16/41 kBProgress (5): 1.4/2.0 MB | 0.8/1.4 MB | 196/346 kB | 245/963 kB | 16/41 kBProgress (5): 1.4/2.0 MB | 0.8/1.4 MB | 196/346 kB | 245/963 kB | 16/41 kBProgress (5): 1.4/2.0 MB | 0.8/1.4 MB | 196/346 kB | 245/963 kB | 16/41 kBProgress (5): 1.4/2.0 MB | 0.8/1.4 MB | 196/346 kB | 245/963 kB | 16/41 kBProgress (5): 1.4/2.0 MB | 0.8/1.4 MB | 196/346 kB | 253/963 kB | 16/41 kBProgress (5): 1.4/2.0 MB | 0.8/1.4 MB | 196/346 kB | 262/963 kB | 16/41 kBProgress (5): 1.4/2.0 MB | 0.8/1.4 MB | 196/346 kB | 262/963 kB | 16/41 kBProgress (5): 1.5/2.0 MB | 0.8/1.4 MB | 196/346 kB | 262/963 kB | 16/41 kBProgress (5): 1.5/2.0 MB | 0.8/1.4 MB | 196/346 kB | 270/963 kB | 16/41 kBProgress (5): 1.5/2.0 MB | 0.8/1.4 MB | 196/346 kB | 278/963 kB | 16/41 kBProgress (5): 1.5/2.0 MB | 0.8/1.4 MB | 196/346 kB | 278/963 kB | 16/41 kBProgress (5): 1.5/2.0 MB | 0.8/1.4 MB | 196/346 kB | 278/963 kB | 16/41 kBProgress (5): 1.5/2.0 MB | 0.8/1.4 MB | 196/346 kB | 278/963 kB | 16/41 kBProgress (5): 1.5/2.0 MB | 0.8/1.4 MB | 196/346 kB | 278/963 kB | 16/41 kBProgress (5): 1.5/2.0 MB | 0.8/1.4 MB | 196/346 kB | 278/963 kB | 16/41 kBProgress (5): 1.5/2.0 MB | 0.8/1.4 MB | 200/346 kB | 278/963 kB | 16/41 kBProgress (5): 1.5/2.0 MB | 0.8/1.4 MB | 204/346 kB | 278/963 kB | 16/41 kBProgress (5): 1.5/2.0 MB | 0.8/1.4 MB | 208/346 kB | 278/963 kB | 16/41 kBProgress (5): 1.5/2.0 MB | 0.8/1.4 MB | 212/346 kB | 278/963 kB | 16/41 kBProgress (5): 1.5/2.0 MB | 0.8/1.4 MB | 212/346 kB | 278/963 kB | 16/41 kBProgress (5): 1.5/2.0 MB | 0.8/1.4 MB | 212/346 kB | 278/963 kB | 16/41 kBProgress (5): 1.5/2.0 MB | 0.8/1.4 MB | 212/346 kB | 278/963 kB | 16/41 kBProgress (5): 1.5/2.0 MB | 0.8/1.4 MB | 212/346 kB | 278/963 kB | 16/41 kBProgress (5): 1.5/2.0 MB | 0.8/1.4 MB | 212/346 kB | 286/963 kB | 16/41 kBProgress (5): 1.5/2.0 MB | 0.8/1.4 MB | 212/346 kB | 294/963 kB | 16/41 kBProgress (5): 1.5/2.0 MB | 0.8/1.4 MB | 212/346 kB | 294/963 kB | 20/41 kBProgress (5): 1.5/2.0 MB | 0.8/1.4 MB | 212/346 kB | 294/963 kB | 24/41 kBProgress (5): 1.5/2.0 MB | 0.8/1.4 MB | 212/346 kB | 294/963 kB | 24/41 kBProgress (5): 1.5/2.0 MB | 0.8/1.4 MB | 212/346 kB | 294/963 kB | 28/41 kBProgress (5): 1.5/2.0 MB | 0.8/1.4 MB | 212/346 kB | 294/963 kB | 28/41 kBProgress (5): 1.5/2.0 MB | 0.8/1.4 MB | 212/346 kB | 294/963 kB | 32/41 kBProgress (5): 1.5/2.0 MB | 0.8/1.4 MB | 212/346 kB | 294/963 kB | 36/41 kBProgress (5): 1.5/2.0 MB | 0.8/1.4 MB | 212/346 kB | 294/963 kB | 40/41 kBProgress (5): 1.5/2.0 MB | 0.8/1.4 MB | 212/346 kB | 294/963 kB | 41 kB   Progress (5): 1.5/2.0 MB | 0.8/1.4 MB | 212/346 kB | 294/963 kB | 41 kBProgress (5): 1.5/2.0 MB | 0.8/1.4 MB | 212/346 kB | 294/963 kB | 41 kBProgress (5): 1.5/2.0 MB | 0.8/1.4 MB | 212/346 kB | 303/963 kB | 41 kBProgress (5): 1.5/2.0 MB | 0.8/1.4 MB | 212/346 kB | 311/963 kB | 41 kBProgress (5): 1.5/2.0 MB | 0.8/1.4 MB | 212/346 kB | 311/963 kB | 41 kBProgress (5): 1.5/2.0 MB | 0.9/1.4 MB | 212/346 kB | 311/963 kB | 41 kBProgress (5): 1.5/2.0 MB | 0.9/1.4 MB | 212/346 kB | 311/963 kB | 41 kBProgress (5): 1.5/2.0 MB | 0.9/1.4 MB | 212/346 kB | 311/963 kB | 41 kBProgress (5): 1.5/2.0 MB | 0.9/1.4 MB | 212/346 kB | 311/963 kB | 41 kBProgress (5): 1.5/2.0 MB | 0.9/1.4 MB | 212/346 kB | 311/963 kB | 41 kBProgress (5): 1.5/2.0 MB | 0.9/1.4 MB | 212/346 kB | 319/963 kB | 41 kBProgress (5): 1.5/2.0 MB | 0.9/1.4 MB | 212/346 kB | 327/963 kB | 41 kBProgress (5): 1.5/2.0 MB | 0.9/1.4 MB | 212/346 kB | 327/963 kB | 41 kBProgress (5): 1.6/2.0 MB | 0.9/1.4 MB | 212/346 kB | 327/963 kB | 41 kBProgress (5): 1.6/2.0 MB | 0.9/1.4 MB | 217/346 kB | 327/963 kB | 41 kBProgress (5): 1.6/2.0 MB | 0.9/1.4 MB | 221/346 kB | 327/963 kB | 41 kBProgress (5): 1.6/2.0 MB | 0.9/1.4 MB | 225/346 kB | 327/963 kB | 41 kBProgress (5): 1.6/2.0 MB | 0.9/1.4 MB | 229/346 kB | 327/963 kB | 41 kB                                                                       Downloaded from central: https://repo.maven.apache.org/maven2/org/apache/httpcomponents/httpmime/4.5.2/httpmime-4.5.2.jar (41 kB at 1.8 kB/s)
Downloading from central: https://repo.maven.apache.org/maven2/org/jsoup/jsoup/1.9.2/jsoup-1.9.2.jar
Progress (4): 1.6/2.0 MB | 0.9/1.4 MB | 229/346 kB | 327/963 kBProgress (4): 1.6/2.0 MB | 0.9/1.4 MB | 229/346 kB | 327/963 kBProgress (4): 1.6/2.0 MB | 0.9/1.4 MB | 229/346 kB | 335/963 kBProgress (4): 1.6/2.0 MB | 0.9/1.4 MB | 229/346 kB | 344/963 kBProgress (4): 1.6/2.0 MB | 0.9/1.4 MB | 229/346 kB | 344/963 kBProgress (4): 1.6/2.0 MB | 0.9/1.4 MB | 229/346 kB | 344/963 kBProgress (4): 1.6/2.0 MB | 0.9/1.4 MB | 229/346 kB | 344/963 kBProgress (4): 1.6/2.0 MB | 0.9/1.4 MB | 229/346 kB | 344/963 kBProgress (4): 1.6/2.0 MB | 0.9/1.4 MB | 229/346 kB | 352/963 kBProgress (4): 1.6/2.0 MB | 0.9/1.4 MB | 229/346 kB | 360/963 kBProgress (4): 1.6/2.0 MB | 0.9/1.4 MB | 229/346 kB | 360/963 kBProgress (4): 1.6/2.0 MB | 0.9/1.4 MB | 229/346 kB | 360/963 kBProgress (4): 1.6/2.0 MB | 0.9/1.4 MB | 229/346 kB | 360/963 kBProgress (4): 1.6/2.0 MB | 0.9/1.4 MB | 229/346 kB | 360/963 kBProgress (4): 1.6/2.0 MB | 0.9/1.4 MB | 229/346 kB | 360/963 kBProgress (4): 1.6/2.0 MB | 0.9/1.4 MB | 229/346 kB | 360/963 kBProgress (5): 1.6/2.0 MB | 0.9/1.4 MB | 229/346 kB | 360/963 kB | 4.1/319 kBProgress (5): 1.6/2.0 MB | 0.9/1.4 MB | 229/346 kB | 360/963 kB | 7.7/319 kBProgress (5): 1.6/2.0 MB | 0.9/1.4 MB | 229/346 kB | 360/963 kB | 12/319 kB Progress (5): 1.6/2.0 MB | 0.9/1.4 MB | 229/346 kB | 360/963 kB | 16/319 kBProgress (5): 1.6/2.0 MB | 0.9/1.4 MB | 229/346 kB | 368/963 kB | 16/319 kBProgress (5): 1.6/2.0 MB | 0.9/1.4 MB | 229/346 kB | 376/963 kB | 16/319 kBProgress (5): 1.6/2.0 MB | 0.9/1.4 MB | 233/346 kB | 376/963 kB | 16/319 kBProgress (5): 1.6/2.0 MB | 0.9/1.4 MB | 237/346 kB | 376/963 kB | 16/319 kBProgress (5): 1.6/2.0 MB | 0.9/1.4 MB | 241/346 kB | 376/963 kB | 16/319 kBProgress (5): 1.6/2.0 MB | 0.9/1.4 MB | 245/346 kB | 376/963 kB | 16/319 kBProgress (5): 1.6/2.0 MB | 0.9/1.4 MB | 245/346 kB | 376/963 kB | 16/319 kBProgress (5): 1.6/2.0 MB | 0.9/1.4 MB | 245/346 kB | 376/963 kB | 16/319 kBProgress (5): 1.6/2.0 MB | 0.9/1.4 MB | 245/346 kB | 384/963 kB | 16/319 kBProgress (5): 1.6/2.0 MB | 0.9/1.4 MB | 245/346 kB | 393/963 kB | 16/319 kBProgress (5): 1.6/2.0 MB | 0.9/1.4 MB | 245/346 kB | 393/963 kB | 16/319 kBProgress (5): 1.6/2.0 MB | 0.9/1.4 MB | 245/346 kB | 393/963 kB | 16/319 kBProgress (5): 1.6/2.0 MB | 0.9/1.4 MB | 245/346 kB | 393/963 kB | 16/319 kBProgress (5): 1.6/2.0 MB | 0.9/1.4 MB | 245/346 kB | 393/963 kB | 16/319 kBProgress (5): 1.6/2.0 MB | 0.9/1.4 MB | 245/346 kB | 393/963 kB | 16/319 kBProgress (5): 1.6/2.0 MB | 0.9/1.4 MB | 245/346 kB | 393/963 kB | 16/319 kBProgress (5): 1.6/2.0 MB | 0.9/1.4 MB | 245/346 kB | 393/963 kB | 16/319 kBProgress (5): 1.7/2.0 MB | 0.9/1.4 MB | 245/346 kB | 393/963 kB | 16/319 kBProgress (5): 1.7/2.0 MB | 0.9/1.4 MB | 245/346 kB | 393/963 kB | 20/319 kBProgress (5): 1.7/2.0 MB | 0.9/1.4 MB | 245/346 kB | 393/963 kB | 24/319 kBProgress (5): 1.7/2.0 MB | 0.9/1.4 MB | 245/346 kB | 393/963 kB | 28/319 kBProgress (5): 1.7/2.0 MB | 0.9/1.4 MB | 245/346 kB | 393/963 kB | 32/319 kBProgress (5): 1.7/2.0 MB | 0.9/1.4 MB | 245/346 kB | 401/963 kB | 32/319 kBProgress (5): 1.7/2.0 MB | 0.9/1.4 MB | 245/346 kB | 409/963 kB | 32/319 kBProgress (5): 1.7/2.0 MB | 0.9/1.4 MB | 245/346 kB | 417/963 kB | 32/319 kBProgress (5): 1.7/2.0 MB | 0.9/1.4 MB | 245/346 kB | 425/963 kB | 32/319 kBProgress (5): 1.7/2.0 MB | 0.9/1.4 MB | 245/346 kB | 425/963 kB | 32/319 kBProgress (5): 1.7/2.0 MB | 0.9/1.4 MB | 245/346 kB | 425/963 kB | 32/319 kBProgress (5): 1.7/2.0 MB | 1.0/1.4 MB | 245/346 kB | 425/963 kB | 32/319 kBProgress (5): 1.7/2.0 MB | 1.0/1.4 MB | 245/346 kB | 425/963 kB | 32/319 kBProgress (5): 1.7/2.0 MB | 1.0/1.4 MB | 249/346 kB | 425/963 kB | 32/319 kBProgress (5): 1.7/2.0 MB | 1.0/1.4 MB | 253/346 kB | 425/963 kB | 32/319 kBProgress (5): 1.7/2.0 MB | 1.0/1.4 MB | 258/346 kB | 425/963 kB | 32/319 kBProgress (5): 1.7/2.0 MB | 1.0/1.4 MB | 262/346 kB | 425/963 kB | 32/319 kBProgress (5): 1.7/2.0 MB | 1.0/1.4 MB | 262/346 kB | 425/963 kB | 32/319 kBProgress (5): 1.7/2.0 MB | 1.0/1.4 MB | 262/346 kB | 425/963 kB | 32/319 kBProgress (5): 1.7/2.0 MB | 1.0/1.4 MB | 262/346 kB | 425/963 kB | 32/319 kBProgress (5): 1.7/2.0 MB | 1.0/1.4 MB | 262/346 kB | 425/963 kB | 32/319 kBProgress (5): 1.7/2.0 MB | 1.0/1.4 MB | 262/346 kB | 425/963 kB | 32/319 kBProgress (5): 1.7/2.0 MB | 1.0/1.4 MB | 262/346 kB | 425/963 kB | 32/319 kBProgress (5): 1.7/2.0 MB | 1.0/1.4 MB | 262/346 kB | 434/963 kB | 32/319 kBProgress (5): 1.7/2.0 MB | 1.0/1.4 MB | 262/346 kB | 442/963 kB | 32/319 kBProgress (5): 1.7/2.0 MB | 1.0/1.4 MB | 262/346 kB | 442/963 kB | 36/319 kBProgress (5): 1.7/2.0 MB | 1.0/1.4 MB | 262/346 kB | 442/963 kB | 40/319 kBProgress (5): 1.7/2.0 MB | 1.0/1.4 MB | 262/346 kB | 442/963 kB | 45/319 kBProgress (5): 1.7/2.0 MB | 1.0/1.4 MB | 262/346 kB | 442/963 kB | 49/319 kBProgress (5): 1.7/2.0 MB | 1.0/1.4 MB | 262/346 kB | 442/963 kB | 53/319 kBProgress (5): 1.7/2.0 MB | 1.0/1.4 MB | 262/346 kB | 442/963 kB | 57/319 kBProgress (5): 1.7/2.0 MB | 1.0/1.4 MB | 262/346 kB | 442/963 kB | 61/319 kBProgress (5): 1.7/2.0 MB | 1.0/1.4 MB | 262/346 kB | 442/963 kB | 65/319 kBProgress (5): 1.7/2.0 MB | 1.0/1.4 MB | 262/346 kB | 442/963 kB | 65/319 kBProgress (5): 1.7/2.0 MB | 1.0/1.4 MB | 262/346 kB | 442/963 kB | 65/319 kBProgress (5): 1.7/2.0 MB | 1.0/1.4 MB | 262/346 kB | 450/963 kB | 65/319 kBProgress (5): 1.7/2.0 MB | 1.0/1.4 MB | 262/346 kB | 458/963 kB | 65/319 kBProgress (5): 1.7/2.0 MB | 1.0/1.4 MB | 262/346 kB | 458/963 kB | 65/319 kBProgress (5): 1.7/2.0 MB | 1.0/1.4 MB | 262/346 kB | 458/963 kB | 65/319 kBProgress (5): 1.7/2.0 MB | 1.0/1.4 MB | 262/346 kB | 458/963 kB | 65/319 kBProgress (5): 1.7/2.0 MB | 1.0/1.4 MB | 262/346 kB | 458/963 kB | 65/319 kBProgress (5): 1.7/2.0 MB | 1.0/1.4 MB | 262/346 kB | 458/963 kB | 65/319 kBProgress (5): 1.7/2.0 MB | 1.0/1.4 MB | 262/346 kB | 458/963 kB | 65/319 kBProgress (5): 1.7/2.0 MB | 1.0/1.4 MB | 262/346 kB | 466/963 kB | 65/319 kBProgress (5): 1.7/2.0 MB | 1.0/1.4 MB | 262/346 kB | 475/963 kB | 65/319 kBProgress (5): 1.7/2.0 MB | 1.0/1.4 MB | 262/346 kB | 475/963 kB | 65/319 kBProgress (5): 1.8/2.0 MB | 1.0/1.4 MB | 262/346 kB | 475/963 kB | 65/319 kBProgress (5): 1.8/2.0 MB | 1.0/1.4 MB | 262/346 kB | 475/963 kB | 65/319 kBProgress (5): 1.8/2.0 MB | 1.0/1.4 MB | 262/346 kB | 475/963 kB | 65/319 kBProgress (5): 1.8/2.0 MB | 1.0/1.4 MB | 262/346 kB | 475/963 kB | 69/319 kBProgress (5): 1.8/2.0 MB | 1.0/1.4 MB | 262/346 kB | 475/963 kB | 73/319 kBProgress (5): 1.8/2.0 MB | 1.0/1.4 MB | 262/346 kB | 475/963 kB | 77/319 kBProgress (5): 1.8/2.0 MB | 1.0/1.4 MB | 262/346 kB | 475/963 kB | 81/319 kBProgress (5): 1.8/2.0 MB | 1.0/1.4 MB | 266/346 kB | 475/963 kB | 81/319 kBProgress (5): 1.8/2.0 MB | 1.0/1.4 MB | 270/346 kB | 475/963 kB | 81/319 kBProgress (5): 1.8/2.0 MB | 1.0/1.4 MB | 274/346 kB | 475/963 kB | 81/319 kBProgress (5): 1.8/2.0 MB | 1.0/1.4 MB | 278/346 kB | 475/963 kB | 81/319 kBProgress (5): 1.8/2.0 MB | 1.0/1.4 MB | 278/346 kB | 483/963 kB | 81/319 kBProgress (5): 1.8/2.0 MB | 1.0/1.4 MB | 278/346 kB | 491/963 kB | 81/319 kBProgress (5): 1.8/2.0 MB | 1.0/1.4 MB | 278/346 kB | 491/963 kB | 81/319 kBProgress (5): 1.8/2.0 MB | 1.0/1.4 MB | 278/346 kB | 491/963 kB | 81/319 kBProgress (5): 1.8/2.0 MB | 1.0/1.4 MB | 278/346 kB | 491/963 kB | 81/319 kBProgress (5): 1.8/2.0 MB | 1.0/1.4 MB | 278/346 kB | 491/963 kB | 81/319 kBProgress (5): 1.8/2.0 MB | 1.0/1.4 MB | 278/346 kB | 491/963 kB | 81/319 kBProgress (5): 1.8/2.0 MB | 1.0/1.4 MB | 278/346 kB | 491/963 kB | 81/319 kBProgress (5): 1.8/2.0 MB | 1.0/1.4 MB | 278/346 kB | 491/963 kB | 81/319 kBProgress (5): 1.8/2.0 MB | 1.0/1.4 MB | 278/346 kB | 491/963 kB | 81/319 kBProgress (5): 1.8/2.0 MB | 1.0/1.4 MB | 278/346 kB | 499/963 kB | 81/319 kBProgress (5): 1.8/2.0 MB | 1.0/1.4 MB | 278/346 kB | 507/963 kB | 81/319 kBProgress (5): 1.8/2.0 MB | 1.0/1.4 MB | 278/346 kB | 507/963 kB | 81/319 kBProgress (5): 1.8/2.0 MB | 1.0/1.4 MB | 278/346 kB | 507/963 kB | 81/319 kBProgress (5): 1.8/2.0 MB | 1.0/1.4 MB | 278/346 kB | 507/963 kB | 85/319 kBProgress (5): 1.8/2.0 MB | 1.0/1.4 MB | 278/346 kB | 507/963 kB | 90/319 kBProgress (5): 1.8/2.0 MB | 1.0/1.4 MB | 278/346 kB | 507/963 kB | 94/319 kBProgress (5): 1.8/2.0 MB | 1.0/1.4 MB | 278/346 kB | 507/963 kB | 98/319 kBProgress (5): 1.8/2.0 MB | 1.0/1.4 MB | 278/346 kB | 507/963 kB | 98/319 kBProgress (5): 1.8/2.0 MB | 1.0/1.4 MB | 278/346 kB | 507/963 kB | 98/319 kBProgress (5): 1.8/2.0 MB | 1.0/1.4 MB | 278/346 kB | 507/963 kB | 102/319 kBProgress (5): 1.8/2.0 MB | 1.0/1.4 MB | 278/346 kB | 507/963 kB | 106/319 kBProgress (5): 1.8/2.0 MB | 1.0/1.4 MB | 278/346 kB | 507/963 kB | 110/319 kBProgress (5): 1.8/2.0 MB | 1.0/1.4 MB | 278/346 kB | 507/963 kB | 114/319 kBProgress (5): 1.8/2.0 MB | 1.0/1.4 MB | 282/346 kB | 507/963 kB | 114/319 kBProgress (5): 1.8/2.0 MB | 1.0/1.4 MB | 286/346 kB | 507/963 kB | 114/319 kBProgress (5): 1.8/2.0 MB | 1.0/1.4 MB | 290/346 kB | 507/963 kB | 114/319 kBProgress (5): 1.8/2.0 MB | 1.0/1.4 MB | 294/346 kB | 507/963 kB | 114/319 kBProgress (5): 1.8/2.0 MB | 1.1/1.4 MB | 294/346 kB | 507/963 kB | 114/319 kBProgress (5): 1.8/2.0 MB | 1.1/1.4 MB | 294/346 kB | 507/963 kB | 114/319 kBProgress (5): 1.8/2.0 MB | 1.1/1.4 MB | 294/346 kB | 516/963 kB | 114/319 kBProgress (5): 1.8/2.0 MB | 1.1/1.4 MB | 294/346 kB | 524/963 kB | 114/319 kBProgress (5): 1.8/2.0 MB | 1.1/1.4 MB | 294/346 kB | 524/963 kB | 114/319 kBProgress (5): 1.8/2.0 MB | 1.1/1.4 MB | 294/346 kB | 524/963 kB | 114/319 kBProgress (5): 1.8/2.0 MB | 1.1/1.4 MB | 294/346 kB | 524/963 kB | 114/319 kBProgress (5): 1.8/2.0 MB | 1.1/1.4 MB | 294/346 kB | 524/963 kB | 114/319 kBProgress (5): 1.8/2.0 MB | 1.1/1.4 MB | 294/346 kB | 524/963 kB | 114/319 kBProgress (5): 1.8/2.0 MB | 1.1/1.4 MB | 294/346 kB | 524/963 kB | 114/319 kBProgress (5): 1.8/2.0 MB | 1.1/1.4 MB | 294/346 kB | 532/963 kB | 114/319 kBProgress (5): 1.8/2.0 MB | 1.1/1.4 MB | 294/346 kB | 540/963 kB | 114/319 kBProgress (5): 1.9/2.0 MB | 1.1/1.4 MB | 294/346 kB | 540/963 kB | 114/319 kBProgress (5): 1.9/2.0 MB | 1.1/1.4 MB | 294/346 kB | 540/963 kB | 114/319 kBProgress (5): 1.9/2.0 MB | 1.1/1.4 MB | 294/346 kB | 540/963 kB | 118/319 kBProgress (5): 1.9/2.0 MB | 1.1/1.4 MB | 294/346 kB | 540/963 kB | 122/319 kBProgress (5): 1.9/2.0 MB | 1.1/1.4 MB | 294/346 kB | 540/963 kB | 126/319 kBProgress (5): 1.9/2.0 MB | 1.1/1.4 MB | 294/346 kB | 540/963 kB | 131/319 kBProgress (5): 1.9/2.0 MB | 1.1/1.4 MB | 294/346 kB | 540/963 kB | 131/319 kBProgress (5): 1.9/2.0 MB | 1.1/1.4 MB | 294/346 kB | 540/963 kB | 131/319 kBProgress (5): 1.9/2.0 MB | 1.1/1.4 MB | 298/346 kB | 540/963 kB | 131/319 kBProgress (5): 1.9/2.0 MB | 1.1/1.4 MB | 303/346 kB | 540/963 kB | 131/319 kBProgress (5): 1.9/2.0 MB | 1.1/1.4 MB | 307/346 kB | 540/963 kB | 131/319 kBProgress (5): 1.9/2.0 MB | 1.1/1.4 MB | 307/346 kB | 548/963 kB | 131/319 kBProgress (5): 1.9/2.0 MB | 1.1/1.4 MB | 311/346 kB | 548/963 kB | 131/319 kBProgress (5): 1.9/2.0 MB | 1.1/1.4 MB | 311/346 kB | 557/963 kB | 131/319 kBProgress (5): 1.9/2.0 MB | 1.1/1.4 MB | 311/346 kB | 557/963 kB | 131/319 kBProgress (5): 1.9/2.0 MB | 1.1/1.4 MB | 311/346 kB | 557/963 kB | 131/319 kBProgress (5): 1.9/2.0 MB | 1.1/1.4 MB | 311/346 kB | 557/963 kB | 135/319 kBProgress (5): 1.9/2.0 MB | 1.1/1.4 MB | 311/346 kB | 557/963 kB | 139/319 kBProgress (5): 1.9/2.0 MB | 1.1/1.4 MB | 311/346 kB | 557/963 kB | 143/319 kBProgress (5): 1.9/2.0 MB | 1.1/1.4 MB | 311/346 kB | 557/963 kB | 143/319 kBProgress (5): 1.9/2.0 MB | 1.1/1.4 MB | 311/346 kB | 557/963 kB | 147/319 kBProgress (5): 1.9/2.0 MB | 1.1/1.4 MB | 311/346 kB | 557/963 kB | 147/319 kBProgress (5): 1.9/2.0 MB | 1.1/1.4 MB | 311/346 kB | 557/963 kB | 147/319 kBProgress (5): 1.9/2.0 MB | 1.1/1.4 MB | 311/346 kB | 557/963 kB | 147/319 kBProgress (5): 1.9/2.0 MB | 1.1/1.4 MB | 311/346 kB | 565/963 kB | 147/319 kBProgress (5): 1.9/2.0 MB | 1.1/1.4 MB | 311/346 kB | 573/963 kB | 147/319 kBProgress (5): 1.9/2.0 MB | 1.1/1.4 MB | 311/346 kB | 573/963 kB | 147/319 kBProgress (5): 1.9/2.0 MB | 1.1/1.4 MB | 311/346 kB | 573/963 kB | 147/319 kBProgress (5): 1.9/2.0 MB | 1.1/1.4 MB | 311/346 kB | 573/963 kB | 147/319 kBProgress (5): 1.9/2.0 MB | 1.1/1.4 MB | 311/346 kB | 573/963 kB | 147/319 kBProgress (5): 1.9/2.0 MB | 1.1/1.4 MB | 311/346 kB | 573/963 kB | 151/319 kBProgress (5): 1.9/2.0 MB | 1.1/1.4 MB | 311/346 kB | 573/963 kB | 155/319 kBProgress (5): 1.9/2.0 MB | 1.1/1.4 MB | 311/346 kB | 573/963 kB | 159/319 kBProgress (5): 1.9/2.0 MB | 1.1/1.4 MB | 311/346 kB | 573/963 kB | 163/319 kBProgress (5): 1.9/2.0 MB | 1.1/1.4 MB | 311/346 kB | 573/963 kB | 163/319 kBProgress (5): 1.9/2.0 MB | 1.1/1.4 MB | 311/346 kB | 573/963 kB | 163/319 kBProgress (5): 1.9/2.0 MB | 1.1/1.4 MB | 311/346 kB | 573/963 kB | 163/319 kBProgress (5): 1.9/2.0 MB | 1.2/1.4 MB | 311/346 kB | 573/963 kB | 163/319 kBProgress (5): 1.9/2.0 MB | 1.2/1.4 MB | 315/346 kB | 573/963 kB | 163/319 kBProgress (5): 1.9/2.0 MB | 1.2/1.4 MB | 315/346 kB | 581/963 kB | 163/319 kBProgress (5): 1.9/2.0 MB | 1.2/1.4 MB | 319/346 kB | 581/963 kB | 163/319 kBProgress (5): 1.9/2.0 MB | 1.2/1.4 MB | 319/346 kB | 589/963 kB | 163/319 kBProgress (5): 1.9/2.0 MB | 1.2/1.4 MB | 323/346 kB | 589/963 kB | 163/319 kBProgress (5): 1.9/2.0 MB | 1.2/1.4 MB | 327/346 kB | 589/963 kB | 163/319 kBProgress (5): 1.9/2.0 MB | 1.2/1.4 MB | 327/346 kB | 589/963 kB | 163/319 kBProgress (5): 1.9/2.0 MB | 1.2/1.4 MB | 327/346 kB | 589/963 kB | 163/319 kBProgress (5): 1.9/2.0 MB | 1.2/1.4 MB | 327/346 kB | 597/963 kB | 163/319 kBProgress (5): 1.9/2.0 MB | 1.2/1.4 MB | 327/346 kB | 606/963 kB | 163/319 kBProgress (5): 1.9/2.0 MB | 1.2/1.4 MB | 327/346 kB | 606/963 kB | 163/319 kBProgress (5): 1.9/2.0 MB | 1.2/1.4 MB | 327/346 kB | 606/963 kB | 163/319 kBProgress (5): 2.0/2.0 MB | 1.2/1.4 MB | 327/346 kB | 606/963 kB | 163/319 kBProgress (5): 2.0/2.0 MB | 1.2/1.4 MB | 327/346 kB | 606/963 kB | 163/319 kBProgress (5): 2.0/2.0 MB | 1.2/1.4 MB | 327/346 kB | 606/963 kB | 167/319 kBProgress (5): 2.0/2.0 MB | 1.2/1.4 MB | 327/346 kB | 606/963 kB | 171/319 kBProgress (5): 2.0/2.0 MB | 1.2/1.4 MB | 327/346 kB | 606/963 kB | 176/319 kBProgress (5): 2.0/2.0 MB | 1.2/1.4 MB | 327/346 kB | 606/963 kB | 180/319 kBProgress (5): 2.0/2.0 MB | 1.2/1.4 MB | 327/346 kB | 606/963 kB | 180/319 kBProgress (5): 2.0/2.0 MB | 1.2/1.4 MB | 327/346 kB | 606/963 kB | 180/319 kBProgress (5): 2.0/2.0 MB | 1.2/1.4 MB | 327/346 kB | 606/963 kB | 184/319 kBProgress (5): 2.0/2.0 MB | 1.2/1.4 MB | 327/346 kB | 606/963 kB | 188/319 kBProgress (5): 2.0/2.0 MB | 1.2/1.4 MB | 327/346 kB | 606/963 kB | 192/319 kBProgress (5): 2.0/2.0 MB | 1.2/1.4 MB | 327/346 kB | 606/963 kB | 196/319 kBProgress (5): 2.0/2.0 MB | 1.2/1.4 MB | 327/346 kB | 606/963 kB | 196/319 kBProgress (5): 2.0/2.0 MB | 1.2/1.4 MB | 327/346 kB | 606/963 kB | 196/319 kBProgress (5): 2.0/2.0 MB | 1.2/1.4 MB | 327/346 kB | 614/963 kB | 196/319 kBProgress (5): 2.0/2.0 MB | 1.2/1.4 MB | 327/346 kB | 622/963 kB | 196/319 kBProgress (5): 2.0/2.0 MB | 1.2/1.4 MB | 327/346 kB | 622/963 kB | 196/319 kBProgress (5): 2.0/2.0 MB | 1.2/1.4 MB | 327/346 kB | 622/963 kB | 196/319 kBProgress (5): 2.0/2.0 MB | 1.2/1.4 MB | 331/346 kB | 622/963 kB | 196/319 kBProgress (5): 2.0/2.0 MB | 1.2/1.4 MB | 335/346 kB | 622/963 kB | 196/319 kBProgress (5): 2.0/2.0 MB | 1.2/1.4 MB | 339/346 kB | 622/963 kB | 196/319 kBProgress (5): 2.0/2.0 MB | 1.2/1.4 MB | 344/346 kB | 622/963 kB | 196/319 kBProgress (5): 2.0/2.0 MB | 1.2/1.4 MB | 344/346 kB | 622/963 kB | 196/319 kBProgress (5): 2.0/2.0 MB | 1.2/1.4 MB | 346 kB | 622/963 kB | 196/319 kB    Progress (5): 2.0/2.0 MB | 1.2/1.4 MB | 346 kB | 622/963 kB | 196/319 kBProgress (5): 2.0/2.0 MB | 1.2/1.4 MB | 346 kB | 630/963 kB | 196/319 kBProgress (5): 2.0/2.0 MB | 1.2/1.4 MB | 346 kB | 638/963 kB | 196/319 kBProgress (5): 2.0/2.0 MB | 1.2/1.4 MB | 346 kB | 638/963 kB | 196/319 kBProgress (5): 2.0/2.0 MB | 1.2/1.4 MB | 346 kB | 638/963 kB | 196/319 kBProgress (5): 2.0/2.0 MB | 1.2/1.4 MB | 346 kB | 638/963 kB | 196/319 kBProgress (5): 2.0/2.0 MB | 1.2/1.4 MB | 346 kB | 638/963 kB | 196/319 kBProgress (5): 2.0/2.0 MB | 1.2/1.4 MB | 346 kB | 647/963 kB | 196/319 kBProgress (5): 2.0/2.0 MB | 1.2/1.4 MB | 346 kB | 655/963 kB | 196/319 kBProgress (5): 2.0/2.0 MB | 1.2/1.4 MB | 346 kB | 655/963 kB | 200/319 kBProgress (5): 2.0/2.0 MB | 1.2/1.4 MB | 346 kB | 655/963 kB | 204/319 kBProgress (5): 2.0/2.0 MB | 1.2/1.4 MB | 346 kB | 655/963 kB | 208/319 kBProgress (5): 2.0/2.0 MB | 1.2/1.4 MB | 346 kB | 655/963 kB | 212/319 kBProgress (5): 2.0/2.0 MB | 1.2/1.4 MB | 346 kB | 655/963 kB | 212/319 kBProgress (5): 2.0/2.0 MB | 1.2/1.4 MB | 346 kB | 655/963 kB | 212/319 kBProgress (5): 2.0 MB | 1.2/1.4 MB | 346 kB | 655/963 kB | 212/319 kB    Progress (5): 2.0 MB | 1.2/1.4 MB | 346 kB | 655/963 kB | 212/319 kBProgress (5): 2.0 MB | 1.2/1.4 MB | 346 kB | 655/963 kB | 212/319 kBProgress (5): 2.0 MB | 1.2/1.4 MB | 346 kB | 655/963 kB | 217/319 kBProgress (5): 2.0 MB | 1.2/1.4 MB | 346 kB | 655/963 kB | 221/319 kBProgress (5): 2.0 MB | 1.2/1.4 MB | 346 kB | 655/963 kB | 225/319 kBProgress (5): 2.0 MB | 1.2/1.4 MB | 346 kB | 655/963 kB | 229/319 kBProgress (5): 2.0 MB | 1.2/1.4 MB | 346 kB | 663/963 kB | 229/319 kBProgress (5): 2.0 MB | 1.2/1.4 MB | 346 kB | 671/963 kB | 229/319 kBProgress (5): 2.0 MB | 1.2/1.4 MB | 346 kB | 671/963 kB | 229/319 kBProgress (5): 2.0 MB | 1.2/1.4 MB | 346 kB | 671/963 kB | 229/319 kB                                                                    Downloaded from central: https://repo.maven.apache.org/maven2/org/mongodb/mongodb-driver/3.3.0/mongodb-driver-3.3.0.jar (346 kB at 14 kB/s)
Downloading from central: https://repo.maven.apache.org/maven2/joda-time/joda-time/2.10/joda-time-2.10.jar
Progress (4): 2.0 MB | 1.3/1.4 MB | 671/963 kB | 229/319 kBProgress (4): 2.0 MB | 1.3/1.4 MB | 671/963 kB | 229/319 kBProgress (4): 2.0 MB | 1.3/1.4 MB | 679/963 kB | 229/319 kBProgress (4): 2.0 MB | 1.3/1.4 MB | 688/963 kB | 229/319 kBProgress (4): 2.0 MB | 1.3/1.4 MB | 688/963 kB | 233/319 kBProgress (4): 2.0 MB | 1.3/1.4 MB | 688/963 kB | 237/319 kBProgress (4): 2.0 MB | 1.3/1.4 MB | 688/963 kB | 241/319 kBProgress (4): 2.0 MB | 1.3/1.4 MB | 688/963 kB | 245/319 kB                                                           Downloaded from central: https://repo.maven.apache.org/maven2/org/aspectj/aspectjweaver/1.9.1/aspectjweaver-1.9.1.jar (2.0 MB at 82 kB/s)
Downloading from central: https://repo.maven.apache.org/maven2/io/github/bonigarcia/webdrivermanager/3.3.0/webdrivermanager-3.3.0.jar
Progress (3): 1.3/1.4 MB | 688/963 kB | 245/319 kBProgress (3): 1.3/1.4 MB | 688/963 kB | 245/319 kBProgress (3): 1.3/1.4 MB | 696/963 kB | 245/319 kBProgress (3): 1.3/1.4 MB | 704/963 kB | 245/319 kBProgress (3): 1.3/1.4 MB | 704/963 kB | 245/319 kBProgress (3): 1.3/1.4 MB | 704/963 kB | 245/319 kBProgress (3): 1.3/1.4 MB | 704/963 kB | 249/319 kBProgress (3): 1.3/1.4 MB | 704/963 kB | 253/319 kBProgress (3): 1.3/1.4 MB | 704/963 kB | 258/319 kBProgress (3): 1.3/1.4 MB | 704/963 kB | 262/319 kBProgress (3): 1.3/1.4 MB | 712/963 kB | 262/319 kBProgress (3): 1.3/1.4 MB | 720/963 kB | 262/319 kBProgress (4): 1.3/1.4 MB | 720/963 kB | 262/319 kB | 2.2/641 kBProgress (4): 1.3/1.4 MB | 720/963 kB | 262/319 kB | 5.0/641 kBProgress (4): 1.3/1.4 MB | 720/963 kB | 262/319 kB | 7.7/641 kBProgress (4): 1.3/1.4 MB | 720/963 kB | 262/319 kB | 10/641 kB Progress (4): 1.3/1.4 MB | 720/963 kB | 262/319 kB | 13/641 kBProgress (4): 1.3/1.4 MB | 720/963 kB | 262/319 kB | 16/641 kBProgress (4): 1.3/1.4 MB | 720/963 kB | 266/319 kB | 16/641 kBProgress (4): 1.3/1.4 MB | 720/963 kB | 270/319 kB | 16/641 kBProgress (4): 1.3/1.4 MB | 720/963 kB | 274/319 kB | 16/641 kBProgress (4): 1.3/1.4 MB | 720/963 kB | 278/319 kB | 16/641 kBProgress (4): 1.3/1.4 MB | 720/963 kB | 278/319 kB | 16/641 kBProgress (4): 1.3/1.4 MB | 720/963 kB | 278/319 kB | 16/641 kBProgress (5): 1.3/1.4 MB | 720/963 kB | 278/319 kB | 16/641 kB | 4.1/80 kBProgress (5): 1.3/1.4 MB | 720/963 kB | 278/319 kB | 16/641 kB | 7.7/80 kBProgress (5): 1.3/1.4 MB | 720/963 kB | 278/319 kB | 16/641 kB | 12/80 kB Progress (5): 1.3/1.4 MB | 720/963 kB | 278/319 kB | 16/641 kB | 16/80 kBProgress (5): 1.3/1.4 MB | 720/963 kB | 278/319 kB | 16/641 kB | 20/80 kBProgress (5): 1.3/1.4 MB | 720/963 kB | 278/319 kB | 16/641 kB | 24/80 kBProgress (5): 1.3/1.4 MB | 720/963 kB | 278/319 kB | 16/641 kB | 28/80 kBProgress (5): 1.3/1.4 MB | 720/963 kB | 278/319 kB | 16/641 kB | 32/80 kBProgress (5): 1.3/1.4 MB | 720/963 kB | 278/319 kB | 16/641 kB | 36/80 kBProgress (5): 1.3/1.4 MB | 720/963 kB | 278/319 kB | 16/641 kB | 40/80 kBProgress (5): 1.3/1.4 MB | 720/963 kB | 278/319 kB | 16/641 kB | 45/80 kBProgress (5): 1.3/1.4 MB | 720/963 kB | 278/319 kB | 16/641 kB | 49/80 kBProgress (5): 1.3/1.4 MB | 729/963 kB | 278/319 kB | 16/641 kB | 49/80 kBProgress (5): 1.3/1.4 MB | 737/963 kB | 278/319 kB | 16/641 kB | 49/80 kBProgress (5): 1.3/1.4 MB | 737/963 kB | 278/319 kB | 16/641 kB | 49/80 kBProgress (5): 1.3/1.4 MB | 737/963 kB | 278/319 kB | 16/641 kB | 49/80 kBProgress (5): 1.3/1.4 MB | 745/963 kB | 278/319 kB | 16/641 kB | 49/80 kBProgress (5): 1.3/1.4 MB | 753/963 kB | 278/319 kB | 16/641 kB | 49/80 kBProgress (5): 1.3/1.4 MB | 761/963 kB | 278/319 kB | 16/641 kB | 49/80 kBProgress (5): 1.3/1.4 MB | 770/963 kB | 278/319 kB | 16/641 kB | 49/80 kBProgress (5): 1.3/1.4 MB | 778/963 kB | 278/319 kB | 16/641 kB | 49/80 kBProgress (5): 1.3/1.4 MB | 786/963 kB | 278/319 kB | 16/641 kB | 49/80 kBProgress (5): 1.3/1.4 MB | 786/963 kB | 278/319 kB | 16/641 kB | 49/80 kBProgress (5): 1.3/1.4 MB | 786/963 kB | 278/319 kB | 16/641 kB | 49/80 kBProgress (5): 1.4 MB | 786/963 kB | 278/319 kB | 16/641 kB | 49/80 kB    Progress (5): 1.4 MB | 786/963 kB | 278/319 kB | 19/641 kB | 49/80 kBProgress (5): 1.4 MB | 786/963 kB | 278/319 kB | 21/641 kB | 49/80 kBProgress (5): 1.4 MB | 786/963 kB | 278/319 kB | 24/641 kB | 49/80 kBProgress (5): 1.4 MB | 786/963 kB | 278/319 kB | 27/641 kB | 49/80 kBProgress (5): 1.4 MB | 786/963 kB | 278/319 kB | 30/641 kB | 49/80 kBProgress (5): 1.4 MB | 786/963 kB | 282/319 kB | 30/641 kB | 49/80 kBProgress (5): 1.4 MB | 786/963 kB | 286/319 kB | 30/641 kB | 49/80 kBProgress (5): 1.4 MB | 786/963 kB | 290/319 kB | 30/641 kB | 49/80 kBProgress (5): 1.4 MB | 786/963 kB | 294/319 kB | 30/641 kB | 49/80 kBProgress (5): 1.4 MB | 786/963 kB | 298/319 kB | 30/641 kB | 49/80 kBProgress (5): 1.4 MB | 786/963 kB | 303/319 kB | 30/641 kB | 49/80 kBProgress (5): 1.4 MB | 786/963 kB | 307/319 kB | 30/641 kB | 49/80 kBProgress (5): 1.4 MB | 786/963 kB | 311/319 kB | 30/641 kB | 49/80 kBProgress (5): 1.4 MB | 786/963 kB | 315/319 kB | 30/641 kB | 49/80 kBProgress (5): 1.4 MB | 786/963 kB | 319/319 kB | 30/641 kB | 49/80 kBProgress (5): 1.4 MB | 786/963 kB | 319 kB | 30/641 kB | 49/80 kB    Progress (5): 1.4 MB | 794/963 kB | 319 kB | 30/641 kB | 49/80 kBProgress (5): 1.4 MB | 802/963 kB | 319 kB | 30/641 kB | 49/80 kBProgress (5): 1.4 MB | 802/963 kB | 319 kB | 30/641 kB | 53/80 kBProgress (5): 1.4 MB | 802/963 kB | 319 kB | 30/641 kB | 57/80 kBProgress (5): 1.4 MB | 802/963 kB | 319 kB | 30/641 kB | 61/80 kBProgress (5): 1.4 MB | 802/963 kB | 319 kB | 30/641 kB | 65/80 kBProgress (5): 1.4 MB | 802/963 kB | 319 kB | 30/641 kB | 69/80 kBProgress (5): 1.4 MB | 802/963 kB | 319 kB | 30/641 kB | 73/80 kBProgress (5): 1.4 MB | 802/963 kB | 319 kB | 30/641 kB | 77/80 kBProgress (5): 1.4 MB | 802/963 kB | 319 kB | 30/641 kB | 80 kB   Progress (5): 1.4 MB | 810/963 kB | 319 kB | 30/641 kB | 80 kBProgress (5): 1.4 MB | 819/963 kB | 319 kB | 30/641 kB | 80 kBProgress (5): 1.4 MB | 819/963 kB | 319 kB | 32/641 kB | 80 kB                                                              Downloaded from central: https://repo.maven.apache.org/maven2/org/freemarker/freemarker/2.3.23/freemarker-2.3.23.jar (1.4 MB at 53 kB/s)
Downloading from central: https://repo.maven.apache.org/maven2/org/rauschig/jarchivelib/1.0.0/jarchivelib-1.0.0.jar
Progress (4): 819/963 kB | 319 kB | 36/641 kB | 80 kBProgress (4): 819/963 kB | 319 kB | 40/641 kB | 80 kBProgress (4): 819/963 kB | 319 kB | 45/641 kB | 80 kBProgress (4): 819/963 kB | 319 kB | 49/641 kB | 80 kB                                                     Downloaded from central: https://repo.maven.apache.org/maven2/org/jsoup/jsoup/1.9.2/jsoup-1.9.2.jar (319 kB at 13 kB/s)
Downloading from central: https://repo.maven.apache.org/maven2/org/apache/commons/commons-compress/1.18/commons-compress-1.18.jar
Downloaded from central: https://repo.maven.apache.org/maven2/io/github/bonigarcia/webdrivermanager/3.3.0/webdrivermanager-3.3.0.jar (80 kB at 3.1 kB/s)
Downloading from central: https://repo.maven.apache.org/maven2/org/testng/testng/6.14.3/testng-6.14.3.jar
Progress (2): 827/963 kB | 49/641 kBProgress (2): 835/963 kB | 49/641 kBProgress (3): 835/963 kB | 49/641 kB | 4.1/41 kBProgress (3): 835/963 kB | 49/641 kB | 7.7/41 kBProgress (3): 835/963 kB | 49/641 kB | 12/41 kB Progress (3): 835/963 kB | 49/641 kB | 16/41 kBProgress (3): 843/963 kB | 49/641 kB | 16/41 kBProgress (3): 851/963 kB | 49/641 kB | 16/41 kBProgress (4): 851/963 kB | 49/641 kB | 16/41 kB | 4.1/592 kBProgress (4): 851/963 kB | 49/641 kB | 16/41 kB | 7.7/592 kBProgress (4): 851/963 kB | 49/641 kB | 16/41 kB | 12/592 kB Progress (4): 851/963 kB | 49/641 kB | 16/41 kB | 16/592 kBProgress (5): 851/963 kB | 49/641 kB | 16/41 kB | 16/592 kB | 7.7/840 kBProgress (5): 851/963 kB | 49/641 kB | 16/41 kB | 16/592 kB | 16/840 kB Progress (5): 851/963 kB | 49/641 kB | 16/41 kB | 16/592 kB | 24/840 kBProgress (5): 851/963 kB | 49/641 kB | 16/41 kB | 16/592 kB | 32/840 kBProgress (5): 860/963 kB | 49/641 kB | 16/41 kB | 16/592 kB | 32/840 kBProgress (5): 868/963 kB | 49/641 kB | 16/41 kB | 16/592 kB | 32/840 kBProgress (5): 868/963 kB | 53/641 kB | 16/41 kB | 16/592 kB | 32/840 kBProgress (5): 868/963 kB | 57/641 kB | 16/41 kB | 16/592 kB | 32/840 kBProgress (5): 868/963 kB | 61/641 kB | 16/41 kB | 16/592 kB | 32/840 kBProgress (5): 868/963 kB | 65/641 kB | 16/41 kB | 16/592 kB | 32/840 kBProgress (5): 868/963 kB | 65/641 kB | 20/41 kB | 16/592 kB | 32/840 kBProgress (5): 868/963 kB | 65/641 kB | 24/41 kB | 16/592 kB | 32/840 kBProgress (5): 868/963 kB | 65/641 kB | 28/41 kB | 16/592 kB | 32/840 kBProgress (5): 868/963 kB | 65/641 kB | 32/41 kB | 16/592 kB | 32/840 kBProgress (5): 868/963 kB | 65/641 kB | 36/41 kB | 16/592 kB | 32/840 kBProgress (5): 868/963 kB | 65/641 kB | 40/41 kB | 16/592 kB | 32/840 kBProgress (5): 868/963 kB | 65/641 kB | 41 kB | 16/592 kB | 32/840 kB   Progress (5): 876/963 kB | 65/641 kB | 41 kB | 16/592 kB | 32/840 kBProgress (5): 884/963 kB | 65/641 kB | 41 kB | 16/592 kB | 32/840 kBProgress (5): 884/963 kB | 65/641 kB | 41 kB | 20/592 kB | 32/840 kBProgress (5): 884/963 kB | 65/641 kB | 41 kB | 24/592 kB | 32/840 kBProgress (5): 884/963 kB | 65/641 kB | 41 kB | 28/592 kB | 32/840 kBProgress (5): 884/963 kB | 65/641 kB | 41 kB | 32/592 kB | 32/840 kBProgress (5): 884/963 kB | 65/641 kB | 41 kB | 32/592 kB | 40/840 kBProgress (5): 884/963 kB | 65/641 kB | 41 kB | 32/592 kB | 49/840 kBProgress (5): 884/963 kB | 65/641 kB | 41 kB | 32/592 kB | 57/840 kBProgress (5): 884/963 kB | 65/641 kB | 41 kB | 32/592 kB | 65/840 kBProgress (5): 884/963 kB | 69/641 kB | 41 kB | 32/592 kB | 65/840 kBProgress (5): 884/963 kB | 73/641 kB | 41 kB | 32/592 kB | 65/840 kBProgress (5): 884/963 kB | 77/641 kB | 41 kB | 32/592 kB | 65/840 kBProgress (5): 884/963 kB | 81/641 kB | 41 kB | 32/592 kB | 65/840 kBProgress (5): 892/963 kB | 81/641 kB | 41 kB | 32/592 kB | 65/840 kBProgress (5): 901/963 kB | 81/641 kB | 41 kB | 32/592 kB | 65/840 kBProgress (5): 901/963 kB | 81/641 kB | 41 kB | 32/592 kB | 73/840 kBProgress (5): 901/963 kB | 81/641 kB | 41 kB | 32/592 kB | 81/840 kBProgress (5): 909/963 kB | 81/641 kB | 41 kB | 32/592 kB | 81/840 kBProgress (5): 917/963 kB | 81/641 kB | 41 kB | 32/592 kB | 81/840 kB                                                                    Downloaded from central: https://repo.maven.apache.org/maven2/org/rauschig/jarchivelib/1.0.0/jarchivelib-1.0.0.jar (41 kB at 1.6 kB/s)
Downloading from central: https://repo.maven.apache.org/maven2/com/beust/jcommander/1.72/jcommander-1.72.jar
Progress (4): 917/963 kB | 81/641 kB | 36/592 kB | 81/840 kBProgress (4): 917/963 kB | 81/641 kB | 40/592 kB | 81/840 kBProgress (4): 917/963 kB | 81/641 kB | 45/592 kB | 81/840 kBProgress (4): 917/963 kB | 81/641 kB | 49/592 kB | 81/840 kBProgress (4): 917/963 kB | 81/641 kB | 53/592 kB | 81/840 kBProgress (4): 917/963 kB | 81/641 kB | 57/592 kB | 81/840 kBProgress (4): 917/963 kB | 81/641 kB | 61/592 kB | 81/840 kBProgress (4): 917/963 kB | 81/641 kB | 65/592 kB | 81/840 kBProgress (4): 917/963 kB | 81/641 kB | 65/592 kB | 90/840 kBProgress (4): 917/963 kB | 81/641 kB | 65/592 kB | 98/840 kBProgress (4): 917/963 kB | 85/641 kB | 65/592 kB | 98/840 kBProgress (4): 917/963 kB | 90/641 kB | 65/592 kB | 98/840 kBProgress (4): 917/963 kB | 94/641 kB | 65/592 kB | 98/840 kBProgress (4): 917/963 kB | 94/641 kB | 65/592 kB | 106/840 kBProgress (4): 917/963 kB | 98/641 kB | 65/592 kB | 106/840 kBProgress (4): 917/963 kB | 98/641 kB | 65/592 kB | 114/840 kBProgress (4): 925/963 kB | 98/641 kB | 65/592 kB | 114/840 kBProgress (4): 933/963 kB | 98/641 kB | 65/592 kB | 114/840 kBProgress (4): 942/963 kB | 98/641 kB | 65/592 kB | 114/840 kBProgress (4): 950/963 kB | 98/641 kB | 65/592 kB | 114/840 kBProgress (5): 950/963 kB | 98/641 kB | 65/592 kB | 114/840 kB | 4.1/69 kBProgress (5): 950/963 kB | 98/641 kB | 65/592 kB | 114/840 kB | 7.7/69 kBProgress (5): 950/963 kB | 98/641 kB | 65/592 kB | 114/840 kB | 12/69 kB Progress (5): 950/963 kB | 98/641 kB | 65/592 kB | 114/840 kB | 16/69 kBProgress (5): 950/963 kB | 98/641 kB | 65/592 kB | 114/840 kB | 20/69 kBProgress (5): 950/963 kB | 98/641 kB | 65/592 kB | 114/840 kB | 24/69 kBProgress (5): 950/963 kB | 98/641 kB | 65/592 kB | 114/840 kB | 28/69 kBProgress (5): 950/963 kB | 98/641 kB | 65/592 kB | 114/840 kB | 32/69 kBProgress (5): 958/963 kB | 98/641 kB | 65/592 kB | 114/840 kB | 32/69 kBProgress (5): 963 kB | 98/641 kB | 65/592 kB | 114/840 kB | 32/69 kB    Progress (5): 963 kB | 98/641 kB | 69/592 kB | 114/840 kB | 32/69 kBProgress (5): 963 kB | 98/641 kB | 73/592 kB | 114/840 kB | 32/69 kBProgress (5): 963 kB | 98/641 kB | 77/592 kB | 114/840 kB | 32/69 kBProgress (5): 963 kB | 98/641 kB | 81/592 kB | 114/840 kB | 32/69 kBProgress (5): 963 kB | 98/641 kB | 81/592 kB | 122/840 kB | 32/69 kBProgress (5): 963 kB | 98/641 kB | 81/592 kB | 131/840 kB | 32/69 kBProgress (5): 963 kB | 98/641 kB | 81/592 kB | 139/840 kB | 32/69 kBProgress (5): 963 kB | 98/641 kB | 81/592 kB | 147/840 kB | 32/69 kBProgress (5): 963 kB | 102/641 kB | 81/592 kB | 147/840 kB | 32/69 kBProgress (5): 963 kB | 106/641 kB | 81/592 kB | 147/840 kB | 32/69 kBProgress (5): 963 kB | 110/641 kB | 81/592 kB | 147/840 kB | 32/69 kBProgress (5): 963 kB | 114/641 kB | 81/592 kB | 147/840 kB | 32/69 kBProgress (5): 963 kB | 114/641 kB | 81/592 kB | 155/840 kB | 32/69 kBProgress (5): 963 kB | 114/641 kB | 81/592 kB | 163/840 kB | 32/69 kBProgress (5): 963 kB | 114/641 kB | 81/592 kB | 163/840 kB | 36/69 kBProgress (5): 963 kB | 114/641 kB | 81/592 kB | 163/840 kB | 40/69 kBProgress (5): 963 kB | 114/641 kB | 81/592 kB | 163/840 kB | 45/69 kBProgress (5): 963 kB | 114/641 kB | 81/592 kB | 163/840 kB | 49/69 kBProgress (5): 963 kB | 114/641 kB | 81/592 kB | 171/840 kB | 49/69 kBProgress (5): 963 kB | 114/641 kB | 81/592 kB | 180/840 kB | 49/69 kBProgress (5): 963 kB | 114/641 kB | 81/592 kB | 180/840 kB | 53/69 kBProgress (5): 963 kB | 114/641 kB | 81/592 kB | 180/840 kB | 57/69 kBProgress (5): 963 kB | 114/641 kB | 81/592 kB | 180/840 kB | 61/69 kBProgress (5): 963 kB | 114/641 kB | 81/592 kB | 180/840 kB | 65/69 kBProgress (5): 963 kB | 114/641 kB | 85/592 kB | 180/840 kB | 65/69 kBProgress (5): 963 kB | 114/641 kB | 90/592 kB | 180/840 kB | 65/69 kBProgress (5): 963 kB | 114/641 kB | 94/592 kB | 180/840 kB | 65/69 kBProgress (5): 963 kB | 114/641 kB | 98/592 kB | 180/840 kB | 65/69 kB                                                                     Downloaded from central: https://repo.maven.apache.org/maven2/org/mongodb/mongodb-driver-core/3.3.0/mongodb-driver-core-3.3.0.jar (963 kB at 37 kB/s)
Progress (4): 114/641 kB | 102/592 kB | 180/840 kB | 65/69 kB                                                             Downloading from central: https://repo.maven.apache.org/maven2/org/apache-extras/beanshell/bsh/2.0b6/bsh-2.0b6.jar
Progress (4): 114/641 kB | 106/592 kB | 180/840 kB | 65/69 kBProgress (4): 114/641 kB | 110/592 kB | 180/840 kB | 65/69 kBProgress (4): 114/641 kB | 114/592 kB | 180/840 kB | 65/69 kBProgress (4): 114/641 kB | 114/592 kB | 188/840 kB | 65/69 kBProgress (4): 114/641 kB | 114/592 kB | 196/840 kB | 65/69 kBProgress (4): 118/641 kB | 114/592 kB | 196/840 kB | 65/69 kBProgress (4): 122/641 kB | 114/592 kB | 196/840 kB | 65/69 kBProgress (4): 126/641 kB | 114/592 kB | 196/840 kB | 65/69 kBProgress (4): 131/641 kB | 114/592 kB | 196/840 kB | 65/69 kBProgress (4): 131/641 kB | 114/592 kB | 204/840 kB | 65/69 kBProgress (4): 131/641 kB | 114/592 kB | 212/840 kB | 65/69 kBProgress (4): 131/641 kB | 114/592 kB | 212/840 kB | 69/69 kBProgress (4): 131/641 kB | 114/592 kB | 212/840 kB | 69 kB   Progress (4): 131/641 kB | 114/592 kB | 221/840 kB | 69 kBProgress (4): 131/641 kB | 114/592 kB | 229/840 kB | 69 kBProgress (4): 131/641 kB | 118/592 kB | 229/840 kB | 69 kBProgress (4): 131/641 kB | 122/592 kB | 229/840 kB | 69 kBProgress (4): 131/641 kB | 126/592 kB | 229/840 kB | 69 kBProgress (4): 131/641 kB | 131/592 kB | 229/840 kB | 69 kBProgress (5): 131/641 kB | 131/592 kB | 229/840 kB | 69 kB | 2.2/389 kBProgress (5): 131/641 kB | 131/592 kB | 229/840 kB | 69 kB | 5.0/389 kBProgress (5): 131/641 kB | 131/592 kB | 229/840 kB | 69 kB | 7.7/389 kBProgress (5): 131/641 kB | 131/592 kB | 229/840 kB | 69 kB | 10/389 kB Progress (5): 131/641 kB | 131/592 kB | 229/840 kB | 69 kB | 13/389 kBProgress (5): 131/641 kB | 131/592 kB | 229/840 kB | 69 kB | 16/389 kBProgress (5): 131/641 kB | 131/592 kB | 229/840 kB | 69 kB | 19/389 kBProgress (5): 131/641 kB | 131/592 kB | 229/840 kB | 69 kB | 21/389 kBProgress (5): 131/641 kB | 131/592 kB | 229/840 kB | 69 kB | 24/389 kBProgress (5): 131/641 kB | 131/592 kB | 229/840 kB | 69 kB | 27/389 kBProgress (5): 131/641 kB | 131/592 kB | 229/840 kB | 69 kB | 30/389 kBProgress (5): 131/641 kB | 131/592 kB | 229/840 kB | 69 kB | 32/389 kBProgress (5): 131/641 kB | 131/592 kB | 237/840 kB | 69 kB | 32/389 kBProgress (5): 131/641 kB | 131/592 kB | 245/840 kB | 69 kB | 32/389 kBProgress (5): 135/641 kB | 131/592 kB | 245/840 kB | 69 kB | 32/389 kBProgress (5): 139/641 kB | 131/592 kB | 245/840 kB | 69 kB | 32/389 kBProgress (5): 143/641 kB | 131/592 kB | 245/840 kB | 69 kB | 32/389 kBProgress (5): 147/641 kB | 131/592 kB | 245/840 kB | 69 kB | 32/389 kBProgress (5): 147/641 kB | 135/592 kB | 245/840 kB | 69 kB | 32/389 kBProgress (5): 147/641 kB | 139/592 kB | 245/840 kB | 69 kB | 32/389 kBProgress (5): 147/641 kB | 143/592 kB | 245/840 kB | 69 kB | 32/389 kBProgress (5): 147/641 kB | 147/592 kB | 245/840 kB | 69 kB | 32/389 kBProgress (5): 147/641 kB | 147/592 kB | 253/840 kB | 69 kB | 32/389 kBProgress (5): 147/641 kB | 147/592 kB | 262/840 kB | 69 kB | 32/389 kBProgress (5): 147/641 kB | 147/592 kB | 270/840 kB | 69 kB | 32/389 kBProgress (5): 147/641 kB | 147/592 kB | 278/840 kB | 69 kB | 32/389 kB                                                                      Downloaded from central: https://repo.maven.apache.org/maven2/com/beust/jcommander/1.72/jcommander-1.72.jar (69 kB at 2.6 kB/s)
Downloading from central: https://repo.maven.apache.org/maven2/net/lightbody/bmp/browsermob-core/2.1.5/browsermob-core-2.1.5.jar
Progress (4): 147/641 kB | 151/592 kB | 278/840 kB | 32/389 kBProgress (4): 147/641 kB | 155/592 kB | 278/840 kB | 32/389 kBProgress (4): 147/641 kB | 159/592 kB | 278/840 kB | 32/389 kBProgress (4): 147/641 kB | 163/592 kB | 278/840 kB | 32/389 kBProgress (4): 147/641 kB | 163/592 kB | 278/840 kB | 36/389 kBProgress (4): 147/641 kB | 163/592 kB | 278/840 kB | 40/389 kBProgress (4): 147/641 kB | 163/592 kB | 278/840 kB | 45/389 kBProgress (4): 147/641 kB | 163/592 kB | 278/840 kB | 49/389 kBProgress (4): 147/641 kB | 163/592 kB | 278/840 kB | 53/389 kBProgress (4): 147/641 kB | 163/592 kB | 278/840 kB | 57/389 kBProgress (4): 147/641 kB | 163/592 kB | 278/840 kB | 61/389 kBProgress (4): 147/641 kB | 163/592 kB | 278/840 kB | 65/389 kBProgress (4): 151/641 kB | 163/592 kB | 278/840 kB | 65/389 kBProgress (4): 155/641 kB | 163/592 kB | 278/840 kB | 65/389 kBProgress (4): 159/641 kB | 163/592 kB | 278/840 kB | 65/389 kBProgress (4): 163/641 kB | 163/592 kB | 278/840 kB | 65/389 kBProgress (4): 163/641 kB | 163/592 kB | 286/840 kB | 65/389 kBProgress (4): 163/641 kB | 163/592 kB | 294/840 kB | 65/389 kBProgress (4): 163/641 kB | 163/592 kB | 303/840 kB | 65/389 kBProgress (4): 163/641 kB | 163/592 kB | 311/840 kB | 65/389 kBProgress (4): 163/641 kB | 163/592 kB | 319/840 kB | 65/389 kBProgress (4): 163/641 kB | 163/592 kB | 327/840 kB | 65/389 kBProgress (4): 163/641 kB | 167/592 kB | 327/840 kB | 65/389 kBProgress (4): 163/641 kB | 171/592 kB | 327/840 kB | 65/389 kBProgress (4): 163/641 kB | 176/592 kB | 327/840 kB | 65/389 kBProgress (4): 163/641 kB | 180/592 kB | 327/840 kB | 65/389 kBProgress (5): 163/641 kB | 180/592 kB | 327/840 kB | 65/389 kB | 4.1/136 kBProgress (5): 163/641 kB | 180/592 kB | 327/840 kB | 65/389 kB | 7.7/136 kBProgress (5): 163/641 kB | 180/592 kB | 327/840 kB | 65/389 kB | 12/136 kB Progress (5): 163/641 kB | 180/592 kB | 327/840 kB | 65/389 kB | 16/136 kBProgress (5): 163/641 kB | 180/592 kB | 327/840 kB | 65/389 kB | 20/136 kBProgress (5): 163/641 kB | 180/592 kB | 327/840 kB | 65/389 kB | 24/136 kBProgress (5): 163/641 kB | 180/592 kB | 327/840 kB | 65/389 kB | 28/136 kBProgress (5): 163/641 kB | 180/592 kB | 327/840 kB | 65/389 kB | 32/136 kBProgress (5): 163/641 kB | 184/592 kB | 327/840 kB | 65/389 kB | 32/136 kBProgress (5): 163/641 kB | 188/592 kB | 327/840 kB | 65/389 kB | 32/136 kBProgress (5): 163/641 kB | 192/592 kB | 327/840 kB | 65/389 kB | 32/136 kBProgress (5): 163/641 kB | 196/592 kB | 327/840 kB | 65/389 kB | 32/136 kBProgress (5): 163/641 kB | 196/592 kB | 327/840 kB | 69/389 kB | 32/136 kBProgress (5): 163/641 kB | 196/592 kB | 327/840 kB | 73/389 kB | 32/136 kBProgress (5): 163/641 kB | 196/592 kB | 327/840 kB | 77/389 kB | 32/136 kBProgress (5): 163/641 kB | 196/592 kB | 327/840 kB | 81/389 kB | 32/136 kBProgress (5): 163/641 kB | 196/592 kB | 327/840 kB | 85/389 kB | 32/136 kBProgress (5): 163/641 kB | 196/592 kB | 327/840 kB | 90/389 kB | 32/136 kBProgress (5): 163/641 kB | 196/592 kB | 327/840 kB | 94/389 kB | 32/136 kBProgress (5): 163/641 kB | 196/592 kB | 327/840 kB | 98/389 kB | 32/136 kBProgress (5): 167/641 kB | 196/592 kB | 327/840 kB | 98/389 kB | 32/136 kBProgress (5): 171/641 kB | 196/592 kB | 327/840 kB | 98/389 kB | 32/136 kBProgress (5): 176/641 kB | 196/592 kB | 327/840 kB | 98/389 kB | 32/136 kBProgress (5): 180/641 kB | 196/592 kB | 327/840 kB | 98/389 kB | 32/136 kBProgress (5): 180/641 kB | 196/592 kB | 335/840 kB | 98/389 kB | 32/136 kBProgress (5): 180/641 kB | 196/592 kB | 344/840 kB | 98/389 kB | 32/136 kBProgress (5): 180/641 kB | 196/592 kB | 352/840 kB | 98/389 kB | 32/136 kBProgress (5): 180/641 kB | 196/592 kB | 360/840 kB | 98/389 kB | 32/136 kBProgress (5): 180/641 kB | 196/592 kB | 368/840 kB | 98/389 kB | 32/136 kBProgress (5): 180/641 kB | 196/592 kB | 376/840 kB | 98/389 kB | 32/136 kBProgress (5): 180/641 kB | 200/592 kB | 376/840 kB | 98/389 kB | 32/136 kBProgress (5): 180/641 kB | 204/592 kB | 376/840 kB | 98/389 kB | 32/136 kBProgress (5): 180/641 kB | 208/592 kB | 376/840 kB | 98/389 kB | 32/136 kBProgress (5): 180/641 kB | 212/592 kB | 376/840 kB | 98/389 kB | 32/136 kBProgress (5): 180/641 kB | 212/592 kB | 376/840 kB | 98/389 kB | 36/136 kBProgress (5): 180/641 kB | 212/592 kB | 376/840 kB | 98/389 kB | 40/136 kBProgress (5): 180/641 kB | 212/592 kB | 376/840 kB | 98/389 kB | 45/136 kBProgress (5): 180/641 kB | 212/592 kB | 376/840 kB | 98/389 kB | 49/136 kBProgress (5): 180/641 kB | 212/592 kB | 376/840 kB | 98/389 kB | 53/136 kBProgress (5): 180/641 kB | 212/592 kB | 376/840 kB | 98/389 kB | 57/136 kBProgress (5): 180/641 kB | 212/592 kB | 376/840 kB | 98/389 kB | 61/136 kBProgress (5): 180/641 kB | 212/592 kB | 376/840 kB | 98/389 kB | 65/136 kBProgress (5): 180/641 kB | 217/592 kB | 376/840 kB | 98/389 kB | 65/136 kBProgress (5): 180/641 kB | 221/592 kB | 376/840 kB | 98/389 kB | 65/136 kBProgress (5): 180/641 kB | 225/592 kB | 376/840 kB | 98/389 kB | 65/136 kBProgress (5): 180/641 kB | 229/592 kB | 376/840 kB | 98/389 kB | 65/136 kBProgress (5): 180/641 kB | 229/592 kB | 376/840 kB | 102/389 kB | 65/136 kBProgress (5): 180/641 kB | 229/592 kB | 376/840 kB | 106/389 kB | 65/136 kBProgress (5): 180/641 kB | 229/592 kB | 376/840 kB | 110/389 kB | 65/136 kBProgress (5): 180/641 kB | 229/592 kB | 376/840 kB | 114/389 kB | 65/136 kBProgress (5): 180/641 kB | 229/592 kB | 376/840 kB | 118/389 kB | 65/136 kBProgress (5): 180/641 kB | 229/592 kB | 376/840 kB | 122/389 kB | 65/136 kBProgress (5): 180/641 kB | 229/592 kB | 376/840 kB | 126/389 kB | 65/136 kBProgress (5): 180/641 kB | 229/592 kB | 376/840 kB | 131/389 kB | 65/136 kBProgress (5): 184/641 kB | 229/592 kB | 376/840 kB | 131/389 kB | 65/136 kBProgress (5): 188/641 kB | 229/592 kB | 376/840 kB | 131/389 kB | 65/136 kBProgress (5): 192/641 kB | 229/592 kB | 376/840 kB | 131/389 kB | 65/136 kBProgress (5): 196/641 kB | 229/592 kB | 376/840 kB | 131/389 kB | 65/136 kBProgress (5): 196/641 kB | 229/592 kB | 376/840 kB | 135/389 kB | 65/136 kBProgress (5): 196/641 kB | 229/592 kB | 376/840 kB | 139/389 kB | 65/136 kBProgress (5): 196/641 kB | 229/592 kB | 376/840 kB | 143/389 kB | 65/136 kBProgress (5): 196/641 kB | 229/592 kB | 376/840 kB | 147/389 kB | 65/136 kBProgress (5): 196/641 kB | 229/592 kB | 384/840 kB | 147/389 kB | 65/136 kBProgress (5): 196/641 kB | 229/592 kB | 393/840 kB | 147/389 kB | 65/136 kBProgress (5): 196/641 kB | 229/592 kB | 401/840 kB | 147/389 kB | 65/136 kBProgress (5): 196/641 kB | 229/592 kB | 409/840 kB | 147/389 kB | 65/136 kBProgress (5): 200/641 kB | 229/592 kB | 409/840 kB | 147/389 kB | 65/136 kBProgress (5): 204/641 kB | 229/592 kB | 409/840 kB | 147/389 kB | 65/136 kBProgress (5): 208/641 kB | 229/592 kB | 409/840 kB | 147/389 kB | 65/136 kBProgress (5): 212/641 kB | 229/592 kB | 409/840 kB | 147/389 kB | 65/136 kBProgress (5): 212/641 kB | 229/592 kB | 417/840 kB | 147/389 kB | 65/136 kBProgress (5): 212/641 kB | 229/592 kB | 425/840 kB | 147/389 kB | 65/136 kBProgress (5): 212/641 kB | 229/592 kB | 425/840 kB | 147/389 kB | 69/136 kBProgress (5): 212/641 kB | 229/592 kB | 425/840 kB | 147/389 kB | 73/136 kBProgress (5): 212/641 kB | 229/592 kB | 425/840 kB | 147/389 kB | 77/136 kBProgress (5): 212/641 kB | 229/592 kB | 425/840 kB | 147/389 kB | 81/136 kBProgress (5): 212/641 kB | 229/592 kB | 434/840 kB | 147/389 kB | 81/136 kBProgress (5): 212/641 kB | 229/592 kB | 442/840 kB | 147/389 kB | 81/136 kBProgress (5): 212/641 kB | 233/592 kB | 442/840 kB | 147/389 kB | 81/136 kBProgress (5): 212/641 kB | 237/592 kB | 442/840 kB | 147/389 kB | 81/136 kBProgress (5): 212/641 kB | 241/592 kB | 442/840 kB | 147/389 kB | 81/136 kBProgress (5): 212/641 kB | 245/592 kB | 442/840 kB | 147/389 kB | 81/136 kBProgress (5): 212/641 kB | 245/592 kB | 442/840 kB | 151/389 kB | 81/136 kBProgress (5): 212/641 kB | 245/592 kB | 442/840 kB | 155/389 kB | 81/136 kBProgress (5): 212/641 kB | 245/592 kB | 442/840 kB | 159/389 kB | 81/136 kBProgress (5): 212/641 kB | 245/592 kB | 442/840 kB | 163/389 kB | 81/136 kBProgress (5): 212/641 kB | 245/592 kB | 442/840 kB | 167/389 kB | 81/136 kBProgress (5): 212/641 kB | 245/592 kB | 442/840 kB | 171/389 kB | 81/136 kBProgress (5): 212/641 kB | 245/592 kB | 442/840 kB | 176/389 kB | 81/136 kBProgress (5): 212/641 kB | 245/592 kB | 442/840 kB | 180/389 kB | 81/136 kBProgress (5): 212/641 kB | 245/592 kB | 450/840 kB | 180/389 kB | 81/136 kBProgress (5): 212/641 kB | 245/592 kB | 458/840 kB | 180/389 kB | 81/136 kBProgress (5): 217/641 kB | 245/592 kB | 458/840 kB | 180/389 kB | 81/136 kBProgress (5): 221/641 kB | 245/592 kB | 458/840 kB | 180/389 kB | 81/136 kBProgress (5): 225/641 kB | 245/592 kB | 458/840 kB | 180/389 kB | 81/136 kBProgress (5): 229/641 kB | 245/592 kB | 458/840 kB | 180/389 kB | 81/136 kBProgress (5): 229/641 kB | 245/592 kB | 466/840 kB | 180/389 kB | 81/136 kBProgress (5): 229/641 kB | 245/592 kB | 475/840 kB | 180/389 kB | 81/136 kBProgress (5): 229/641 kB | 245/592 kB | 483/840 kB | 180/389 kB | 81/136 kBProgress (5): 229/641 kB | 245/592 kB | 491/840 kB | 180/389 kB | 81/136 kBProgress (5): 229/641 kB | 245/592 kB | 499/840 kB | 180/389 kB | 81/136 kBProgress (5): 229/641 kB | 245/592 kB | 507/840 kB | 180/389 kB | 81/136 kBProgress (5): 229/641 kB | 245/592 kB | 507/840 kB | 180/389 kB | 85/136 kBProgress (5): 229/641 kB | 245/592 kB | 507/840 kB | 180/389 kB | 90/136 kBProgress (5): 229/641 kB | 245/592 kB | 507/840 kB | 180/389 kB | 94/136 kBProgress (5): 229/641 kB | 245/592 kB | 507/840 kB | 180/389 kB | 98/136 kBProgress (5): 229/641 kB | 245/592 kB | 507/840 kB | 180/389 kB | 102/136 kBProgress (5): 229/641 kB | 245/592 kB | 507/840 kB | 180/389 kB | 106/136 kBProgress (5): 229/641 kB | 245/592 kB | 507/840 kB | 180/389 kB | 110/136 kBProgress (5): 229/641 kB | 245/592 kB | 507/840 kB | 180/389 kB | 114/136 kBProgress (5): 229/641 kB | 245/592 kB | 507/840 kB | 180/389 kB | 118/136 kBProgress (5): 229/641 kB | 245/592 kB | 507/840 kB | 180/389 kB | 122/136 kBProgress (5): 229/641 kB | 245/592 kB | 507/840 kB | 180/389 kB | 126/136 kBProgress (5): 229/641 kB | 245/592 kB | 507/840 kB | 180/389 kB | 131/136 kBProgress (5): 229/641 kB | 245/592 kB | 507/840 kB | 180/389 kB | 135/136 kBProgress (5): 229/641 kB | 245/592 kB | 507/840 kB | 180/389 kB | 136 kB    Progress (5): 229/641 kB | 249/592 kB | 507/840 kB | 180/389 kB | 136 kBProgress (5): 229/641 kB | 253/592 kB | 507/840 kB | 180/389 kB | 136 kBProgress (5): 229/641 kB | 258/592 kB | 507/840 kB | 180/389 kB | 136 kBProgress (5): 229/641 kB | 262/592 kB | 507/840 kB | 180/389 kB | 136 kBProgress (5): 229/641 kB | 266/592 kB | 507/840 kB | 180/389 kB | 136 kBProgress (5): 229/641 kB | 270/592 kB | 507/840 kB | 180/389 kB | 136 kBProgress (5): 229/641 kB | 274/592 kB | 507/840 kB | 180/389 kB | 136 kBProgress (5): 229/641 kB | 278/592 kB | 507/840 kB | 180/389 kB | 136 kBProgress (5): 229/641 kB | 278/592 kB | 507/840 kB | 184/389 kB | 136 kBProgress (5): 229/641 kB | 278/592 kB | 507/840 kB | 188/389 kB | 136 kBProgress (5): 229/641 kB | 278/592 kB | 507/840 kB | 192/389 kB | 136 kBProgress (5): 229/641 kB | 278/592 kB | 507/840 kB | 196/389 kB | 136 kBProgress (5): 229/641 kB | 278/592 kB | 507/840 kB | 200/389 kB | 136 kBProgress (5): 229/641 kB | 278/592 kB | 507/840 kB | 204/389 kB | 136 kBProgress (5): 229/641 kB | 278/592 kB | 507/840 kB | 208/389 kB | 136 kBProgress (5): 229/641 kB | 278/592 kB | 507/840 kB | 212/389 kB | 136 kBProgress (5): 233/641 kB | 278/592 kB | 507/840 kB | 212/389 kB | 136 kBProgress (5): 237/641 kB | 278/592 kB | 507/840 kB | 212/389 kB | 136 kBProgress (5): 241/641 kB | 278/592 kB | 507/840 kB | 212/389 kB | 136 kBProgress (5): 245/641 kB | 278/592 kB | 507/840 kB | 212/389 kB | 136 kBProgress (5): 245/641 kB | 278/592 kB | 507/840 kB | 217/389 kB | 136 kBProgress (5): 245/641 kB | 278/592 kB | 507/840 kB | 221/389 kB | 136 kBProgress (5): 245/641 kB | 278/592 kB | 507/840 kB | 225/389 kB | 136 kBProgress (5): 245/641 kB | 278/592 kB | 507/840 kB | 229/389 kB | 136 kBProgress (5): 245/641 kB | 278/592 kB | 516/840 kB | 229/389 kB | 136 kBProgress (5): 245/641 kB | 278/592 kB | 524/840 kB | 229/389 kB | 136 kBProgress (5): 245/641 kB | 278/592 kB | 532/840 kB | 229/389 kB | 136 kBProgress (5): 245/641 kB | 278/592 kB | 540/840 kB | 229/389 kB | 136 kBProgress (5): 245/641 kB | 278/592 kB | 548/840 kB | 229/389 kB | 136 kBProgress (5): 245/641 kB | 278/592 kB | 557/840 kB | 229/389 kB | 136 kBProgress (5): 245/641 kB | 282/592 kB | 557/840 kB | 229/389 kB | 136 kBProgress (5): 245/641 kB | 286/592 kB | 557/840 kB | 229/389 kB | 136 kBProgress (5): 245/641 kB | 290/592 kB | 557/840 kB | 229/389 kB | 136 kBProgress (5): 245/641 kB | 294/592 kB | 557/840 kB | 229/389 kB | 136 kB                                                                        Downloaded from central: https://repo.maven.apache.org/maven2/net/lightbody/bmp/browsermob-core/2.1.5/browsermob-core-2.1.5.jar (136 kB at 5.0 kB/s)
Downloading from central: https://repo.maven.apache.org/maven2/net/lightbody/bmp/littleproxy/1.1.0-beta-bmp-17/littleproxy-1.1.0-beta-bmp-17.jar
Progress (4): 245/641 kB | 294/592 kB | 557/840 kB | 233/389 kBProgress (4): 245/641 kB | 294/592 kB | 557/840 kB | 237/389 kBProgress (4): 245/641 kB | 294/592 kB | 557/840 kB | 241/389 kBProgress (4): 245/641 kB | 294/592 kB | 557/840 kB | 245/389 kBProgress (4): 249/641 kB | 294/592 kB | 557/840 kB | 245/389 kBProgress (4): 253/641 kB | 294/592 kB | 557/840 kB | 245/389 kBProgress (4): 258/641 kB | 294/592 kB | 557/840 kB | 245/389 kBProgress (4): 262/641 kB | 294/592 kB | 557/840 kB | 245/389 kBProgress (4): 262/641 kB | 294/592 kB | 557/840 kB | 249/389 kBProgress (4): 262/641 kB | 294/592 kB | 557/840 kB | 253/389 kBProgress (4): 262/641 kB | 294/592 kB | 557/840 kB | 258/389 kBProgress (4): 262/641 kB | 294/592 kB | 557/840 kB | 262/389 kBProgress (4): 262/641 kB | 294/592 kB | 565/840 kB | 262/389 kBProgress (4): 262/641 kB | 294/592 kB | 573/840 kB | 262/389 kBProgress (4): 262/641 kB | 298/592 kB | 573/840 kB | 262/389 kBProgress (4): 262/641 kB | 303/592 kB | 573/840 kB | 262/389 kBProgress (4): 262/641 kB | 307/592 kB | 573/840 kB | 262/389 kBProgress (4): 262/641 kB | 311/592 kB | 573/840 kB | 262/389 kBProgress (4): 262/641 kB | 311/592 kB | 581/840 kB | 262/389 kBProgress (4): 262/641 kB | 311/592 kB | 589/840 kB | 262/389 kBProgress (4): 262/641 kB | 311/592 kB | 597/840 kB | 262/389 kBProgress (4): 262/641 kB | 311/592 kB | 606/840 kB | 262/389 kBProgress (4): 262/641 kB | 311/592 kB | 614/840 kB | 262/389 kBProgress (4): 262/641 kB | 311/592 kB | 622/840 kB | 262/389 kBProgress (4): 262/641 kB | 315/592 kB | 622/840 kB | 262/389 kBProgress (4): 262/641 kB | 319/592 kB | 622/840 kB | 262/389 kBProgress (4): 262/641 kB | 323/592 kB | 622/840 kB | 262/389 kBProgress (4): 262/641 kB | 327/592 kB | 622/840 kB | 262/389 kBProgress (4): 262/641 kB | 327/592 kB | 622/840 kB | 266/389 kBProgress (4): 262/641 kB | 327/592 kB | 622/840 kB | 270/389 kBProgress (4): 262/641 kB | 327/592 kB | 622/840 kB | 274/389 kBProgress (4): 262/641 kB | 327/592 kB | 622/840 kB | 278/389 kBProgress (5): 262/641 kB | 327/592 kB | 622/840 kB | 278/389 kB | 4.1/130 kBProgress (5): 262/641 kB | 327/592 kB | 622/840 kB | 278/389 kB | 7.7/130 kBProgress (5): 262/641 kB | 327/592 kB | 622/840 kB | 278/389 kB | 12/130 kB Progress (5): 262/641 kB | 327/592 kB | 622/840 kB | 278/389 kB | 16/130 kBProgress (5): 266/641 kB | 327/592 kB | 622/840 kB | 278/389 kB | 16/130 kBProgress (5): 270/641 kB | 327/592 kB | 622/840 kB | 278/389 kB | 16/130 kBProgress (5): 274/641 kB | 327/592 kB | 622/840 kB | 278/389 kB | 16/130 kBProgress (5): 278/641 kB | 327/592 kB | 622/840 kB | 278/389 kB | 16/130 kBProgress (5): 278/641 kB | 327/592 kB | 622/840 kB | 282/389 kB | 16/130 kBProgress (5): 278/641 kB | 327/592 kB | 622/840 kB | 286/389 kB | 16/130 kBProgress (5): 278/641 kB | 327/592 kB | 622/840 kB | 290/389 kB | 16/130 kBProgress (5): 278/641 kB | 327/592 kB | 622/840 kB | 294/389 kB | 16/130 kBProgress (5): 278/641 kB | 327/592 kB | 630/840 kB | 294/389 kB | 16/130 kBProgress (5): 278/641 kB | 327/592 kB | 638/840 kB | 294/389 kB | 16/130 kBProgress (5): 278/641 kB | 327/592 kB | 647/840 kB | 294/389 kB | 16/130 kBProgress (5): 278/641 kB | 327/592 kB | 655/840 kB | 294/389 kB | 16/130 kBProgress (5): 278/641 kB | 327/592 kB | 655/840 kB | 298/389 kB | 16/130 kBProgress (5): 278/641 kB | 327/592 kB | 655/840 kB | 303/389 kB | 16/130 kBProgress (5): 278/641 kB | 327/592 kB | 655/840 kB | 307/389 kB | 16/130 kBProgress (5): 278/641 kB | 327/592 kB | 655/840 kB | 311/389 kB | 16/130 kBProgress (5): 278/641 kB | 327/592 kB | 663/840 kB | 311/389 kB | 16/130 kBProgress (5): 278/641 kB | 327/592 kB | 671/840 kB | 311/389 kB | 16/130 kBProgress (5): 278/641 kB | 331/592 kB | 671/840 kB | 311/389 kB | 16/130 kBProgress (5): 278/641 kB | 335/592 kB | 671/840 kB | 311/389 kB | 16/130 kBProgress (5): 278/641 kB | 339/592 kB | 671/840 kB | 311/389 kB | 16/130 kBProgress (5): 278/641 kB | 344/592 kB | 671/840 kB | 311/389 kB | 16/130 kBProgress (5): 282/641 kB | 344/592 kB | 671/840 kB | 311/389 kB | 16/130 kBProgress (5): 286/641 kB | 344/592 kB | 671/840 kB | 311/389 kB | 16/130 kBProgress (5): 290/641 kB | 344/592 kB | 671/840 kB | 311/389 kB | 16/130 kBProgress (5): 294/641 kB | 344/592 kB | 671/840 kB | 311/389 kB | 16/130 kBProgress (5): 294/641 kB | 344/592 kB | 671/840 kB | 311/389 kB | 20/130 kBProgress (5): 294/641 kB | 344/592 kB | 671/840 kB | 311/389 kB | 24/130 kBProgress (5): 294/641 kB | 344/592 kB | 671/840 kB | 311/389 kB | 28/130 kBProgress (5): 294/641 kB | 344/592 kB | 671/840 kB | 311/389 kB | 32/130 kBProgress (5): 294/641 kB | 344/592 kB | 671/840 kB | 311/389 kB | 36/130 kBProgress (5): 294/641 kB | 344/592 kB | 671/840 kB | 311/389 kB | 40/130 kBProgress (5): 294/641 kB | 344/592 kB | 671/840 kB | 311/389 kB | 45/130 kBProgress (5): 294/641 kB | 344/592 kB | 671/840 kB | 311/389 kB | 49/130 kBProgress (5): 294/641 kB | 344/592 kB | 671/840 kB | 315/389 kB | 49/130 kBProgress (5): 294/641 kB | 344/592 kB | 671/840 kB | 319/389 kB | 49/130 kBProgress (5): 294/641 kB | 344/592 kB | 671/840 kB | 323/389 kB | 49/130 kBProgress (5): 294/641 kB | 344/592 kB | 671/840 kB | 327/389 kB | 49/130 kBProgress (5): 294/641 kB | 344/592 kB | 671/840 kB | 331/389 kB | 49/130 kBProgress (5): 294/641 kB | 344/592 kB | 671/840 kB | 335/389 kB | 49/130 kBProgress (5): 294/641 kB | 344/592 kB | 671/840 kB | 339/389 kB | 49/130 kBProgress (5): 294/641 kB | 344/592 kB | 671/840 kB | 344/389 kB | 49/130 kBProgress (5): 298/641 kB | 344/592 kB | 671/840 kB | 344/389 kB | 49/130 kBProgress (5): 303/641 kB | 344/592 kB | 671/840 kB | 344/389 kB | 49/130 kBProgress (5): 307/641 kB | 344/592 kB | 671/840 kB | 344/389 kB | 49/130 kBProgress (5): 311/641 kB | 344/592 kB | 671/840 kB | 344/389 kB | 49/130 kBProgress (5): 311/641 kB | 344/592 kB | 679/840 kB | 344/389 kB | 49/130 kBProgress (5): 311/641 kB | 344/592 kB | 688/840 kB | 344/389 kB | 49/130 kBProgress (5): 311/641 kB | 344/592 kB | 696/840 kB | 344/389 kB | 49/130 kBProgress (5): 311/641 kB | 344/592 kB | 704/840 kB | 344/389 kB | 49/130 kBProgress (5): 311/641 kB | 348/592 kB | 704/840 kB | 344/389 kB | 49/130 kBProgress (5): 311/641 kB | 352/592 kB | 704/840 kB | 344/389 kB | 49/130 kBProgress (5): 311/641 kB | 356/592 kB | 704/840 kB | 344/389 kB | 49/130 kBProgress (5): 311/641 kB | 360/592 kB | 704/840 kB | 344/389 kB | 49/130 kBProgress (5): 311/641 kB | 360/592 kB | 712/840 kB | 344/389 kB | 49/130 kBProgress (5): 311/641 kB | 360/592 kB | 720/840 kB | 344/389 kB | 49/130 kBProgress (5): 311/641 kB | 360/592 kB | 729/840 kB | 344/389 kB | 49/130 kBProgress (5): 311/641 kB | 360/592 kB | 737/840 kB | 344/389 kB | 49/130 kBProgress (5): 311/641 kB | 360/592 kB | 737/840 kB | 348/389 kB | 49/130 kBProgress (5): 311/641 kB | 360/592 kB | 737/840 kB | 352/389 kB | 49/130 kBProgress (5): 311/641 kB | 360/592 kB | 737/840 kB | 356/389 kB | 49/130 kBProgress (5): 311/641 kB | 360/592 kB | 737/840 kB | 360/389 kB | 49/130 kBProgress (5): 311/641 kB | 360/592 kB | 737/840 kB | 360/389 kB | 53/130 kBProgress (5): 311/641 kB | 360/592 kB | 737/840 kB | 360/389 kB | 57/130 kBProgress (5): 311/641 kB | 360/592 kB | 737/840 kB | 360/389 kB | 61/130 kBProgress (5): 311/641 kB | 360/592 kB | 737/840 kB | 360/389 kB | 65/130 kBProgress (5): 311/641 kB | 364/592 kB | 737/840 kB | 360/389 kB | 65/130 kBProgress (5): 311/641 kB | 368/592 kB | 737/840 kB | 360/389 kB | 65/130 kBProgress (5): 311/641 kB | 372/592 kB | 737/840 kB | 360/389 kB | 65/130 kBProgress (5): 311/641 kB | 372/592 kB | 737/840 kB | 360/389 kB | 69/130 kBProgress (5): 311/641 kB | 376/592 kB | 737/840 kB | 360/389 kB | 69/130 kBProgress (5): 311/641 kB | 376/592 kB | 737/840 kB | 360/389 kB | 73/130 kBProgress (5): 311/641 kB | 376/592 kB | 737/840 kB | 360/389 kB | 77/130 kBProgress (5): 311/641 kB | 376/592 kB | 737/840 kB | 360/389 kB | 81/130 kBProgress (5): 315/641 kB | 376/592 kB | 737/840 kB | 360/389 kB | 81/130 kBProgress (5): 319/641 kB | 376/592 kB | 737/840 kB | 360/389 kB | 81/130 kBProgress (5): 323/641 kB | 376/592 kB | 737/840 kB | 360/389 kB | 81/130 kBProgress (5): 327/641 kB | 376/592 kB | 737/840 kB | 360/389 kB | 81/130 kBProgress (5): 327/641 kB | 376/592 kB | 737/840 kB | 364/389 kB | 81/130 kBProgress (5): 327/641 kB | 376/592 kB | 737/840 kB | 368/389 kB | 81/130 kBProgress (5): 327/641 kB | 376/592 kB | 737/840 kB | 372/389 kB | 81/130 kBProgress (5): 327/641 kB | 376/592 kB | 737/840 kB | 376/389 kB | 81/130 kBProgress (5): 327/641 kB | 376/592 kB | 737/840 kB | 380/389 kB | 81/130 kBProgress (5): 327/641 kB | 376/592 kB | 737/840 kB | 384/389 kB | 81/130 kBProgress (5): 327/641 kB | 376/592 kB | 737/840 kB | 389/389 kB | 81/130 kBProgress (5): 327/641 kB | 376/592 kB | 737/840 kB | 389 kB | 81/130 kB    Progress (5): 327/641 kB | 376/592 kB | 745/840 kB | 389 kB | 81/130 kBProgress (5): 327/641 kB | 376/592 kB | 753/840 kB | 389 kB | 81/130 kBProgress (5): 327/641 kB | 376/592 kB | 761/840 kB | 389 kB | 81/130 kBProgress (5): 327/641 kB | 376/592 kB | 770/840 kB | 389 kB | 81/130 kBProgress (5): 327/641 kB | 376/592 kB | 778/840 kB | 389 kB | 81/130 kBProgress (5): 327/641 kB | 376/592 kB | 786/840 kB | 389 kB | 81/130 kBProgress (5): 327/641 kB | 380/592 kB | 786/840 kB | 389 kB | 81/130 kBProgress (5): 327/641 kB | 384/592 kB | 786/840 kB | 389 kB | 81/130 kBProgress (5): 327/641 kB | 389/592 kB | 786/840 kB | 389 kB | 81/130 kBProgress (5): 327/641 kB | 393/592 kB | 786/840 kB | 389 kB | 81/130 kBProgress (5): 327/641 kB | 393/592 kB | 786/840 kB | 389 kB | 85/130 kBProgress (5): 327/641 kB | 393/592 kB | 786/840 kB | 389 kB | 90/130 kBProgress (5): 327/641 kB | 393/592 kB | 786/840 kB | 389 kB | 94/130 kBProgress (5): 327/641 kB | 393/592 kB | 786/840 kB | 389 kB | 98/130 kBProgress (5): 327/641 kB | 393/592 kB | 786/840 kB | 389 kB | 102/130 kBProgress (5): 327/641 kB | 393/592 kB | 786/840 kB | 389 kB | 106/130 kBProgress (5): 327/641 kB | 393/592 kB | 786/840 kB | 389 kB | 110/130 kBProgress (5): 327/641 kB | 393/592 kB | 786/840 kB | 389 kB | 114/130 kBProgress (5): 331/641 kB | 393/592 kB | 786/840 kB | 389 kB | 114/130 kBProgress (5): 335/641 kB | 393/592 kB | 786/840 kB | 389 kB | 114/130 kBProgress (5): 339/641 kB | 393/592 kB | 786/840 kB | 389 kB | 114/130 kBProgress (5): 344/641 kB | 393/592 kB | 786/840 kB | 389 kB | 114/130 kBProgress (5): 344/641 kB | 393/592 kB | 794/840 kB | 389 kB | 114/130 kBProgress (5): 344/641 kB | 393/592 kB | 802/840 kB | 389 kB | 114/130 kBProgress (5): 344/641 kB | 397/592 kB | 802/840 kB | 389 kB | 114/130 kBProgress (5): 344/641 kB | 401/592 kB | 802/840 kB | 389 kB | 114/130 kBProgress (5): 344/641 kB | 405/592 kB | 802/840 kB | 389 kB | 114/130 kBProgress (5): 344/641 kB | 409/592 kB | 802/840 kB | 389 kB | 114/130 kB                                                                        Downloaded from central: https://repo.maven.apache.org/maven2/org/apache-extras/beanshell/bsh/2.0b6/bsh-2.0b6.jar (389 kB at 14 kB/s)
Downloading from central: https://repo.maven.apache.org/maven2/com/fasterxml/jackson/core/jackson-core/2.8.9/jackson-core-2.8.9.jar
Progress (4): 344/641 kB | 409/592 kB | 810/840 kB | 114/130 kBProgress (4): 344/641 kB | 409/592 kB | 819/840 kB | 114/130 kBProgress (4): 348/641 kB | 409/592 kB | 819/840 kB | 114/130 kBProgress (4): 352/641 kB | 409/592 kB | 819/840 kB | 114/130 kBProgress (4): 356/641 kB | 409/592 kB | 819/840 kB | 114/130 kBProgress (4): 360/641 kB | 409/592 kB | 819/840 kB | 114/130 kBProgress (4): 360/641 kB | 409/592 kB | 827/840 kB | 114/130 kBProgress (4): 360/641 kB | 409/592 kB | 835/840 kB | 114/130 kBProgress (4): 360/641 kB | 409/592 kB | 840 kB | 114/130 kB    Progress (4): 360/641 kB | 409/592 kB | 840 kB | 118/130 kBProgress (4): 360/641 kB | 409/592 kB | 840 kB | 122/130 kBProgress (4): 360/641 kB | 409/592 kB | 840 kB | 126/130 kBProgress (4): 360/641 kB | 409/592 kB | 840 kB | 130 kB    Progress (4): 360/641 kB | 413/592 kB | 840 kB | 130 kBProgress (4): 360/641 kB | 417/592 kB | 840 kB | 130 kBProgress (4): 360/641 kB | 421/592 kB | 840 kB | 130 kBProgress (4): 360/641 kB | 425/592 kB | 840 kB | 130 kBProgress (4): 364/641 kB | 425/592 kB | 840 kB | 130 kBProgress (4): 368/641 kB | 425/592 kB | 840 kB | 130 kBProgress (4): 372/641 kB | 425/592 kB | 840 kB | 130 kBProgress (4): 376/641 kB | 425/592 kB | 840 kB | 130 kBProgress (5): 376/641 kB | 425/592 kB | 840 kB | 130 kB | 4.1/283 kBProgress (5): 376/641 kB | 425/592 kB | 840 kB | 130 kB | 7.7/283 kBProgress (5): 376/641 kB | 425/592 kB | 840 kB | 130 kB | 12/283 kB Progress (5): 376/641 kB | 425/592 kB | 840 kB | 130 kB | 16/283 kBProgress (5): 376/641 kB | 425/592 kB | 840 kB | 130 kB | 20/283 kBProgress (5): 376/641 kB | 425/592 kB | 840 kB | 130 kB | 24/283 kBProgress (5): 376/641 kB | 425/592 kB | 840 kB | 130 kB | 28/283 kBProgress (5): 376/641 kB | 425/592 kB | 840 kB | 130 kB | 32/283 kBProgress (5): 376/641 kB | 430/592 kB | 840 kB | 130 kB | 32/283 kBProgress (5): 376/641 kB | 434/592 kB | 840 kB | 130 kB | 32/283 kBProgress (5): 376/641 kB | 438/592 kB | 840 kB | 130 kB | 32/283 kBProgress (5): 376/641 kB | 442/592 kB | 840 kB | 130 kB | 32/283 kB                                                                   Downloaded from central: https://repo.maven.apache.org/maven2/org/testng/testng/6.14.3/testng-6.14.3.jar (840 kB at 29 kB/s)
Downloading from central: https://repo.maven.apache.org/maven2/com/fasterxml/jackson/core/jackson-databind/2.8.9/jackson-databind-2.8.9.jar
Downloaded from central: https://repo.maven.apache.org/maven2/net/lightbody/bmp/littleproxy/1.1.0-beta-bmp-17/littleproxy-1.1.0-beta-bmp-17.jar (130 kB at 4.6 kB/s)
Downloading from central: https://repo.maven.apache.org/maven2/com/fasterxml/jackson/core/jackson-annotations/2.8.9/jackson-annotations-2.8.9.jar
Progress (3): 380/641 kB | 442/592 kB | 32/283 kBProgress (3): 384/641 kB | 442/592 kB | 32/283 kBProgress (3): 389/641 kB | 442/592 kB | 32/283 kBProgress (3): 393/641 kB | 442/592 kB | 32/283 kBProgress (3): 393/641 kB | 446/592 kB | 32/283 kBProgress (3): 393/641 kB | 450/592 kB | 32/283 kBProgress (3): 393/641 kB | 454/592 kB | 32/283 kBProgress (3): 393/641 kB | 458/592 kB | 32/283 kBProgress (3): 393/641 kB | 458/592 kB | 36/283 kBProgress (3): 393/641 kB | 458/592 kB | 40/283 kBProgress (3): 393/641 kB | 458/592 kB | 45/283 kBProgress (3): 393/641 kB | 458/592 kB | 49/283 kBProgress (3): 393/641 kB | 458/592 kB | 53/283 kBProgress (3): 393/641 kB | 458/592 kB | 57/283 kBProgress (3): 393/641 kB | 458/592 kB | 61/283 kBProgress (3): 393/641 kB | 458/592 kB | 65/283 kBProgress (3): 397/641 kB | 458/592 kB | 65/283 kBProgress (3): 401/641 kB | 458/592 kB | 65/283 kBProgress (3): 401/641 kB | 462/592 kB | 65/283 kBProgress (3): 405/641 kB | 462/592 kB | 65/283 kBProgress (3): 405/641 kB | 466/592 kB | 65/283 kBProgress (3): 409/641 kB | 466/592 kB | 65/283 kBProgress (3): 409/641 kB | 470/592 kB | 65/283 kBProgress (3): 409/641 kB | 475/592 kB | 65/283 kBProgress (3): 412/641 kB | 475/592 kB | 65/283 kBProgress (4): 412/641 kB | 475/592 kB | 65/283 kB | 0/1.2 MBProgress (4): 412/641 kB | 475/592 kB | 65/283 kB | 0/1.2 MBProgress (4): 412/641 kB | 475/592 kB | 65/283 kB | 0/1.2 MBProgress (4): 412/641 kB | 475/592 kB | 65/283 kB | 0/1.2 MBProgress (4): 415/641 kB | 475/592 kB | 65/283 kB | 0/1.2 MBProgress (4): 417/641 kB | 475/592 kB | 65/283 kB | 0/1.2 MBProgress (5): 417/641 kB | 475/592 kB | 65/283 kB | 0/1.2 MB | 4.1/56 kBProgress (5): 417/641 kB | 475/592 kB | 65/283 kB | 0/1.2 MB | 7.7/56 kBProgress (5): 417/641 kB | 475/592 kB | 65/283 kB | 0/1.2 MB | 12/56 kB Progress (5): 417/641 kB | 475/592 kB | 65/283 kB | 0/1.2 MB | 16/56 kBProgress (5): 417/641 kB | 475/592 kB | 69/283 kB | 0/1.2 MB | 16/56 kBProgress (5): 417/641 kB | 475/592 kB | 73/283 kB | 0/1.2 MB | 16/56 kBProgress (5): 417/641 kB | 475/592 kB | 77/283 kB | 0/1.2 MB | 16/56 kBProgress (5): 417/641 kB | 475/592 kB | 81/283 kB | 0/1.2 MB | 16/56 kBProgress (5): 417/641 kB | 475/592 kB | 85/283 kB | 0/1.2 MB | 16/56 kBProgress (5): 417/641 kB | 475/592 kB | 90/283 kB | 0/1.2 MB | 16/56 kBProgress (5): 417/641 kB | 475/592 kB | 94/283 kB | 0/1.2 MB | 16/56 kBProgress (5): 417/641 kB | 475/592 kB | 98/283 kB | 0/1.2 MB | 16/56 kBProgress (5): 417/641 kB | 475/592 kB | 102/283 kB | 0/1.2 MB | 16/56 kBProgress (5): 417/641 kB | 475/592 kB | 106/283 kB | 0/1.2 MB | 16/56 kBProgress (5): 417/641 kB | 475/592 kB | 110/283 kB | 0/1.2 MB | 16/56 kBProgress (5): 417/641 kB | 475/592 kB | 114/283 kB | 0/1.2 MB | 16/56 kBProgress (5): 417/641 kB | 475/592 kB | 114/283 kB | 0/1.2 MB | 16/56 kBProgress (5): 417/641 kB | 475/592 kB | 114/283 kB | 0/1.2 MB | 16/56 kBProgress (5): 417/641 kB | 475/592 kB | 114/283 kB | 0.1/1.2 MB | 16/56 kBProgress (5): 417/641 kB | 475/592 kB | 114/283 kB | 0.1/1.2 MB | 16/56 kBProgress (5): 417/641 kB | 475/592 kB | 114/283 kB | 0.1/1.2 MB | 20/56 kBProgress (5): 417/641 kB | 475/592 kB | 114/283 kB | 0.1/1.2 MB | 24/56 kBProgress (5): 417/641 kB | 475/592 kB | 114/283 kB | 0.1/1.2 MB | 28/56 kBProgress (5): 417/641 kB | 475/592 kB | 114/283 kB | 0.1/1.2 MB | 32/56 kBProgress (5): 420/641 kB | 475/592 kB | 114/283 kB | 0.1/1.2 MB | 32/56 kBProgress (5): 423/641 kB | 475/592 kB | 114/283 kB | 0.1/1.2 MB | 32/56 kBProgress (5): 423/641 kB | 475/592 kB | 114/283 kB | 0.1/1.2 MB | 36/56 kBProgress (5): 423/641 kB | 475/592 kB | 114/283 kB | 0.1/1.2 MB | 40/56 kBProgress (5): 423/641 kB | 475/592 kB | 114/283 kB | 0.1/1.2 MB | 45/56 kBProgress (5): 425/641 kB | 475/592 kB | 114/283 kB | 0.1/1.2 MB | 45/56 kBProgress (5): 425/641 kB | 475/592 kB | 114/283 kB | 0.1/1.2 MB | 49/56 kBProgress (5): 428/641 kB | 475/592 kB | 114/283 kB | 0.1/1.2 MB | 49/56 kBProgress (5): 428/641 kB | 475/592 kB | 114/283 kB | 0.1/1.2 MB | 53/56 kBProgress (5): 428/641 kB | 475/592 kB | 114/283 kB | 0.1/1.2 MB | 56 kB   Progress (5): 428/641 kB | 479/592 kB | 114/283 kB | 0.1/1.2 MB | 56 kBProgress (5): 428/641 kB | 483/592 kB | 114/283 kB | 0.1/1.2 MB | 56 kBProgress (5): 428/641 kB | 487/592 kB | 114/283 kB | 0.1/1.2 MB | 56 kBProgress (5): 428/641 kB | 491/592 kB | 114/283 kB | 0.1/1.2 MB | 56 kBProgress (5): 428/641 kB | 491/592 kB | 118/283 kB | 0.1/1.2 MB | 56 kBProgress (5): 428/641 kB | 495/592 kB | 118/283 kB | 0.1/1.2 MB | 56 kBProgress (5): 428/641 kB | 495/592 kB | 122/283 kB | 0.1/1.2 MB | 56 kBProgress (5): 428/641 kB | 499/592 kB | 122/283 kB | 0.1/1.2 MB | 56 kBProgress (5): 428/641 kB | 499/592 kB | 126/283 kB | 0.1/1.2 MB | 56 kBProgress (5): 428/641 kB | 503/592 kB | 126/283 kB | 0.1/1.2 MB | 56 kBProgress (5): 428/641 kB | 503/592 kB | 131/283 kB | 0.1/1.2 MB | 56 kBProgress (5): 428/641 kB | 507/592 kB | 131/283 kB | 0.1/1.2 MB | 56 kBProgress (5): 431/641 kB | 507/592 kB | 131/283 kB | 0.1/1.2 MB | 56 kBProgress (5): 434/641 kB | 507/592 kB | 131/283 kB | 0.1/1.2 MB | 56 kBProgress (5): 436/641 kB | 507/592 kB | 131/283 kB | 0.1/1.2 MB | 56 kBProgress (5): 439/641 kB | 507/592 kB | 131/283 kB | 0.1/1.2 MB | 56 kBProgress (5): 442/641 kB | 507/592 kB | 131/283 kB | 0.1/1.2 MB | 56 kBProgress (5): 442/641 kB | 507/592 kB | 135/283 kB | 0.1/1.2 MB | 56 kBProgress (5): 442/641 kB | 507/592 kB | 139/283 kB | 0.1/1.2 MB | 56 kBProgress (5): 442/641 kB | 507/592 kB | 143/283 kB | 0.1/1.2 MB | 56 kBProgress (5): 442/641 kB | 507/592 kB | 147/283 kB | 0.1/1.2 MB | 56 kBProgress (5): 442/641 kB | 511/592 kB | 147/283 kB | 0.1/1.2 MB | 56 kBProgress (5): 442/641 kB | 516/592 kB | 147/283 kB | 0.1/1.2 MB | 56 kBProgress (5): 442/641 kB | 520/592 kB | 147/283 kB | 0.1/1.2 MB | 56 kBProgress (5): 442/641 kB | 524/592 kB | 147/283 kB | 0.1/1.2 MB | 56 kBProgress (5): 442/641 kB | 524/592 kB | 147/283 kB | 0.1/1.2 MB | 56 kBProgress (5): 442/641 kB | 524/592 kB | 147/283 kB | 0.1/1.2 MB | 56 kBProgress (5): 442/641 kB | 524/592 kB | 147/283 kB | 0.1/1.2 MB | 56 kBProgress (5): 442/641 kB | 524/592 kB | 147/283 kB | 0.1/1.2 MB | 56 kBProgress (5): 446/641 kB | 524/592 kB | 147/283 kB | 0.1/1.2 MB | 56 kBProgress (5): 450/641 kB | 524/592 kB | 147/283 kB | 0.1/1.2 MB | 56 kBProgress (5): 454/641 kB | 524/592 kB | 147/283 kB | 0.1/1.2 MB | 56 kBProgress (5): 458/641 kB | 524/592 kB | 147/283 kB | 0.1/1.2 MB | 56 kBProgress (5): 458/641 kB | 524/592 kB | 151/283 kB | 0.1/1.2 MB | 56 kBProgress (5): 458/641 kB | 524/592 kB | 155/283 kB | 0.1/1.2 MB | 56 kBProgress (5): 458/641 kB | 524/592 kB | 159/283 kB | 0.1/1.2 MB | 56 kBProgress (5): 458/641 kB | 524/592 kB | 163/283 kB | 0.1/1.2 MB | 56 kB                                                                       Downloaded from central: https://repo.maven.apache.org/maven2/com/fasterxml/jackson/core/jackson-annotations/2.8.9/jackson-annotations-2.8.9.jar (56 kB at 1.9 kB/s)
Downloading from central: https://repo.maven.apache.org/maven2/dnsjava/dnsjava/2.1.8/dnsjava-2.1.8.jar
Progress (4): 458/641 kB | 524/592 kB | 167/283 kB | 0.1/1.2 MBProgress (4): 458/641 kB | 524/592 kB | 171/283 kB | 0.1/1.2 MBProgress (4): 458/641 kB | 524/592 kB | 176/283 kB | 0.1/1.2 MBProgress (4): 458/641 kB | 524/592 kB | 180/283 kB | 0.1/1.2 MBProgress (4): 458/641 kB | 524/592 kB | 184/283 kB | 0.1/1.2 MBProgress (4): 458/641 kB | 524/592 kB | 188/283 kB | 0.1/1.2 MBProgress (4): 458/641 kB | 524/592 kB | 192/283 kB | 0.1/1.2 MBProgress (4): 458/641 kB | 524/592 kB | 196/283 kB | 0.1/1.2 MBProgress (4): 458/641 kB | 528/592 kB | 196/283 kB | 0.1/1.2 MBProgress (4): 458/641 kB | 532/592 kB | 196/283 kB | 0.1/1.2 MBProgress (4): 458/641 kB | 536/592 kB | 196/283 kB | 0.1/1.2 MBProgress (4): 458/641 kB | 540/592 kB | 196/283 kB | 0.1/1.2 MBProgress (4): 458/641 kB | 540/592 kB | 196/283 kB | 0.1/1.2 MBProgress (4): 458/641 kB | 540/592 kB | 196/283 kB | 0.1/1.2 MBProgress (4): 458/641 kB | 540/592 kB | 196/283 kB | 0.1/1.2 MBProgress (4): 458/641 kB | 540/592 kB | 196/283 kB | 0.1/1.2 MBProgress (4): 462/641 kB | 540/592 kB | 196/283 kB | 0.1/1.2 MBProgress (4): 466/641 kB | 540/592 kB | 196/283 kB | 0.1/1.2 MBProgress (4): 470/641 kB | 540/592 kB | 196/283 kB | 0.1/1.2 MBProgress (4): 475/641 kB | 540/592 kB | 196/283 kB | 0.1/1.2 MBProgress (4): 475/641 kB | 540/592 kB | 200/283 kB | 0.1/1.2 MBProgress (4): 475/641 kB | 540/592 kB | 204/283 kB | 0.1/1.2 MBProgress (4): 475/641 kB | 540/592 kB | 208/283 kB | 0.1/1.2 MBProgress (4): 475/641 kB | 540/592 kB | 212/283 kB | 0.1/1.2 MBProgress (4): 475/641 kB | 540/592 kB | 217/283 kB | 0.1/1.2 MBProgress (4): 475/641 kB | 540/592 kB | 221/283 kB | 0.1/1.2 MBProgress (4): 475/641 kB | 540/592 kB | 225/283 kB | 0.1/1.2 MBProgress (4): 475/641 kB | 540/592 kB | 229/283 kB | 0.1/1.2 MBProgress (5): 475/641 kB | 540/592 kB | 229/283 kB | 0.1/1.2 MB | 2.8/315 kBProgress (5): 475/641 kB | 540/592 kB | 229/283 kB | 0.1/1.2 MB | 5.5/315 kBProgress (5): 475/641 kB | 540/592 kB | 229/283 kB | 0.1/1.2 MB | 8.3/315 kBProgress (5): 475/641 kB | 540/592 kB | 229/283 kB | 0.1/1.2 MB | 11/315 kB Progress (5): 475/641 kB | 540/592 kB | 229/283 kB | 0.1/1.2 MB | 14/315 kBProgress (5): 475/641 kB | 540/592 kB | 229/283 kB | 0.1/1.2 MB | 16/315 kBProgress (5): 475/641 kB | 540/592 kB | 229/283 kB | 0.1/1.2 MB | 19/315 kBProgress (5): 475/641 kB | 540/592 kB | 229/283 kB | 0.1/1.2 MB | 22/315 kBProgress (5): 475/641 kB | 540/592 kB | 229/283 kB | 0.1/1.2 MB | 25/315 kBProgress (5): 475/641 kB | 540/592 kB | 229/283 kB | 0.1/1.2 MB | 27/315 kBProgress (5): 475/641 kB | 540/592 kB | 229/283 kB | 0.1/1.2 MB | 30/315 kBProgress (5): 475/641 kB | 540/592 kB | 229/283 kB | 0.1/1.2 MB | 33/315 kBProgress (5): 475/641 kB | 544/592 kB | 229/283 kB | 0.1/1.2 MB | 33/315 kBProgress (5): 475/641 kB | 548/592 kB | 229/283 kB | 0.1/1.2 MB | 33/315 kBProgress (5): 475/641 kB | 552/592 kB | 229/283 kB | 0.1/1.2 MB | 33/315 kBProgress (5): 475/641 kB | 557/592 kB | 229/283 kB | 0.1/1.2 MB | 33/315 kBProgress (5): 475/641 kB | 557/592 kB | 229/283 kB | 0.1/1.2 MB | 33/315 kBProgress (5): 475/641 kB | 557/592 kB | 229/283 kB | 0.1/1.2 MB | 33/315 kBProgress (5): 475/641 kB | 557/592 kB | 229/283 kB | 0.2/1.2 MB | 33/315 kBProgress (5): 475/641 kB | 557/592 kB | 229/283 kB | 0.2/1.2 MB | 33/315 kBProgress (5): 479/641 kB | 557/592 kB | 229/283 kB | 0.2/1.2 MB | 33/315 kBProgress (5): 483/641 kB | 557/592 kB | 229/283 kB | 0.2/1.2 MB | 33/315 kBProgress (5): 487/641 kB | 557/592 kB | 229/283 kB | 0.2/1.2 MB | 33/315 kBProgress (5): 491/641 kB | 557/592 kB | 229/283 kB | 0.2/1.2 MB | 33/315 kBProgress (5): 491/641 kB | 561/592 kB | 229/283 kB | 0.2/1.2 MB | 33/315 kBProgress (5): 491/641 kB | 565/592 kB | 229/283 kB | 0.2/1.2 MB | 33/315 kBProgress (5): 491/641 kB | 569/592 kB | 229/283 kB | 0.2/1.2 MB | 33/315 kBProgress (5): 491/641 kB | 573/592 kB | 229/283 kB | 0.2/1.2 MB | 33/315 kBProgress (5): 491/641 kB | 573/592 kB | 233/283 kB | 0.2/1.2 MB | 33/315 kBProgress (5): 491/641 kB | 573/592 kB | 237/283 kB | 0.2/1.2 MB | 33/315 kBProgress (5): 491/641 kB | 573/592 kB | 241/283 kB | 0.2/1.2 MB | 33/315 kBProgress (5): 491/641 kB | 573/592 kB | 245/283 kB | 0.2/1.2 MB | 33/315 kBProgress (5): 491/641 kB | 573/592 kB | 249/283 kB | 0.2/1.2 MB | 33/315 kBProgress (5): 491/641 kB | 573/592 kB | 253/283 kB | 0.2/1.2 MB | 33/315 kBProgress (5): 491/641 kB | 573/592 kB | 258/283 kB | 0.2/1.2 MB | 33/315 kBProgress (5): 491/641 kB | 573/592 kB | 262/283 kB | 0.2/1.2 MB | 33/315 kBProgress (5): 491/641 kB | 573/592 kB | 262/283 kB | 0.2/1.2 MB | 37/315 kBProgress (5): 491/641 kB | 573/592 kB | 262/283 kB | 0.2/1.2 MB | 41/315 kBProgress (5): 491/641 kB | 573/592 kB | 262/283 kB | 0.2/1.2 MB | 45/315 kBProgress (5): 491/641 kB | 573/592 kB | 262/283 kB | 0.2/1.2 MB | 49/315 kBProgress (5): 491/641 kB | 573/592 kB | 262/283 kB | 0.2/1.2 MB | 53/315 kBProgress (5): 491/641 kB | 573/592 kB | 262/283 kB | 0.2/1.2 MB | 57/315 kBProgress (5): 491/641 kB | 573/592 kB | 262/283 kB | 0.2/1.2 MB | 61/315 kBProgress (5): 491/641 kB | 573/592 kB | 262/283 kB | 0.2/1.2 MB | 66/315 kBProgress (5): 491/641 kB | 573/592 kB | 266/283 kB | 0.2/1.2 MB | 66/315 kBProgress (5): 491/641 kB | 573/592 kB | 270/283 kB | 0.2/1.2 MB | 66/315 kBProgress (5): 491/641 kB | 573/592 kB | 274/283 kB | 0.2/1.2 MB | 66/315 kBProgress (5): 491/641 kB | 573/592 kB | 278/283 kB | 0.2/1.2 MB | 66/315 kBProgress (5): 491/641 kB | 573/592 kB | 282/283 kB | 0.2/1.2 MB | 66/315 kBProgress (5): 491/641 kB | 573/592 kB | 283 kB | 0.2/1.2 MB | 66/315 kB    Progress (5): 491/641 kB | 577/592 kB | 283 kB | 0.2/1.2 MB | 66/315 kBProgress (5): 491/641 kB | 581/592 kB | 283 kB | 0.2/1.2 MB | 66/315 kBProgress (5): 491/641 kB | 585/592 kB | 283 kB | 0.2/1.2 MB | 66/315 kBProgress (5): 491/641 kB | 589/592 kB | 283 kB | 0.2/1.2 MB | 66/315 kBProgress (5): 491/641 kB | 589/592 kB | 283 kB | 0.2/1.2 MB | 66/315 kBProgress (5): 491/641 kB | 589/592 kB | 283 kB | 0.2/1.2 MB | 66/315 kBProgress (5): 495/641 kB | 589/592 kB | 283 kB | 0.2/1.2 MB | 66/315 kBProgress (5): 499/641 kB | 589/592 kB | 283 kB | 0.2/1.2 MB | 66/315 kBProgress (5): 503/641 kB | 589/592 kB | 283 kB | 0.2/1.2 MB | 66/315 kBProgress (5): 507/641 kB | 589/592 kB | 283 kB | 0.2/1.2 MB | 66/315 kBProgress (5): 507/641 kB | 589/592 kB | 283 kB | 0.2/1.2 MB | 66/315 kBProgress (5): 507/641 kB | 589/592 kB | 283 kB | 0.2/1.2 MB | 66/315 kBProgress (5): 507/641 kB | 592 kB | 283 kB | 0.2/1.2 MB | 66/315 kB    Progress (5): 507/641 kB | 592 kB | 283 kB | 0.2/1.2 MB | 70/315 kBProgress (5): 507/641 kB | 592 kB | 283 kB | 0.2/1.2 MB | 74/315 kBProgress (5): 507/641 kB | 592 kB | 283 kB | 0.2/1.2 MB | 78/315 kBProgress (5): 507/641 kB | 592 kB | 283 kB | 0.2/1.2 MB | 82/315 kBProgress (5): 507/641 kB | 592 kB | 283 kB | 0.2/1.2 MB | 86/315 kBProgress (5): 507/641 kB | 592 kB | 283 kB | 0.2/1.2 MB | 90/315 kBProgress (5): 507/641 kB | 592 kB | 283 kB | 0.2/1.2 MB | 94/315 kBProgress (5): 507/641 kB | 592 kB | 283 kB | 0.2/1.2 MB | 98/315 kBProgress (5): 507/641 kB | 592 kB | 283 kB | 0.2/1.2 MB | 102/315 kBProgress (5): 507/641 kB | 592 kB | 283 kB | 0.2/1.2 MB | 106/315 kBProgress (5): 507/641 kB | 592 kB | 283 kB | 0.2/1.2 MB | 111/315 kBProgress (5): 507/641 kB | 592 kB | 283 kB | 0.2/1.2 MB | 115/315 kBProgress (5): 511/641 kB | 592 kB | 283 kB | 0.2/1.2 MB | 115/315 kBProgress (5): 516/641 kB | 592 kB | 283 kB | 0.2/1.2 MB | 115/315 kBProgress (5): 520/641 kB | 592 kB | 283 kB | 0.2/1.2 MB | 115/315 kBProgress (5): 524/641 kB | 592 kB | 283 kB | 0.2/1.2 MB | 115/315 kBProgress (5): 524/641 kB | 592 kB | 283 kB | 0.2/1.2 MB | 115/315 kBProgress (5): 524/641 kB | 592 kB | 283 kB | 0.2/1.2 MB | 115/315 kB                                                                    Downloaded from central: https://repo.maven.apache.org/maven2/com/fasterxml/jackson/core/jackson-core/2.8.9/jackson-core-2.8.9.jar (283 kB at 9.5 kB/s)
Downloading from central: https://repo.maven.apache.org/maven2/org/slf4j/jcl-over-slf4j/1.7.25/jcl-over-slf4j-1.7.25.jar
Progress (4): 524/641 kB | 592 kB | 0.2/1.2 MB | 115/315 kBProgress (4): 524/641 kB | 592 kB | 0.2/1.2 MB | 115/315 kBProgress (4): 528/641 kB | 592 kB | 0.2/1.2 MB | 115/315 kBProgress (4): 532/641 kB | 592 kB | 0.2/1.2 MB | 115/315 kBProgress (4): 536/641 kB | 592 kB | 0.2/1.2 MB | 115/315 kBProgress (4): 540/641 kB | 592 kB | 0.2/1.2 MB | 115/315 kB                                                           Downloaded from central: https://repo.maven.apache.org/maven2/org/apache/commons/commons-compress/1.18/commons-compress-1.18.jar (592 kB at 20 kB/s)
Downloading from central: https://repo.maven.apache.org/maven2/com/jcraft/jzlib/1.1.3/jzlib-1.1.3.jar
Progress (3): 540/641 kB | 0.2/1.2 MB | 119/315 kBProgress (3): 540/641 kB | 0.2/1.2 MB | 123/315 kBProgress (3): 540/641 kB | 0.2/1.2 MB | 127/315 kBProgress (3): 540/641 kB | 0.2/1.2 MB | 131/315 kBProgress (3): 540/641 kB | 0.2/1.2 MB | 135/315 kBProgress (3): 540/641 kB | 0.2/1.2 MB | 139/315 kBProgress (3): 540/641 kB | 0.2/1.2 MB | 143/315 kBProgress (3): 540/641 kB | 0.2/1.2 MB | 147/315 kBProgress (3): 540/641 kB | 0.2/1.2 MB | 152/315 kBProgress (3): 540/641 kB | 0.2/1.2 MB | 156/315 kBProgress (3): 540/641 kB | 0.2/1.2 MB | 160/315 kBProgress (3): 540/641 kB | 0.2/1.2 MB | 164/315 kBProgress (3): 540/641 kB | 0.2/1.2 MB | 164/315 kBProgress (3): 540/641 kB | 0.2/1.2 MB | 164/315 kBProgress (4): 540/641 kB | 0.2/1.2 MB | 164/315 kB | 4.1/17 kBProgress (4): 540/641 kB | 0.2/1.2 MB | 164/315 kB | 7.7/17 kBProgress (4): 540/641 kB | 0.2/1.2 MB | 164/315 kB | 12/17 kB Progress (4): 540/641 kB | 0.2/1.2 MB | 164/315 kB | 16/17 kBProgress (4): 540/641 kB | 0.2/1.2 MB | 164/315 kB | 17 kB   Progress (4): 540/641 kB | 0.3/1.2 MB | 164/315 kB | 17 kBProgress (4): 540/641 kB | 0.3/1.2 MB | 164/315 kB | 17 kBProgress (4): 544/641 kB | 0.3/1.2 MB | 164/315 kB | 17 kBProgress (4): 548/641 kB | 0.3/1.2 MB | 164/315 kB | 17 kBProgress (4): 552/641 kB | 0.3/1.2 MB | 164/315 kB | 17 kBProgress (4): 557/641 kB | 0.3/1.2 MB | 164/315 kB | 17 kBProgress (5): 557/641 kB | 0.3/1.2 MB | 164/315 kB | 17 kB | 2.2/72 kBProgress (5): 557/641 kB | 0.3/1.2 MB | 164/315 kB | 17 kB | 5.0/72 kBProgress (5): 557/641 kB | 0.3/1.2 MB | 164/315 kB | 17 kB | 7.7/72 kBProgress (5): 557/641 kB | 0.3/1.2 MB | 164/315 kB | 17 kB | 10/72 kB Progress (5): 557/641 kB | 0.3/1.2 MB | 164/315 kB | 17 kB | 13/72 kBProgress (5): 557/641 kB | 0.3/1.2 MB | 164/315 kB | 17 kB | 16/72 kBProgress (5): 557/641 kB | 0.3/1.2 MB | 164/315 kB | 17 kB | 19/72 kBProgress (5): 557/641 kB | 0.3/1.2 MB | 164/315 kB | 17 kB | 21/72 kBProgress (5): 557/641 kB | 0.3/1.2 MB | 164/315 kB | 17 kB | 24/72 kBProgress (5): 557/641 kB | 0.3/1.2 MB | 164/315 kB | 17 kB | 24/72 kBProgress (5): 557/641 kB | 0.3/1.2 MB | 164/315 kB | 17 kB | 24/72 kBProgress (5): 557/641 kB | 0.3/1.2 MB | 168/315 kB | 17 kB | 24/72 kBProgress (5): 557/641 kB | 0.3/1.2 MB | 172/315 kB | 17 kB | 24/72 kBProgress (5): 557/641 kB | 0.3/1.2 MB | 176/315 kB | 17 kB | 24/72 kBProgress (5): 557/641 kB | 0.3/1.2 MB | 180/315 kB | 17 kB | 24/72 kBProgress (5): 557/641 kB | 0.3/1.2 MB | 184/315 kB | 17 kB | 24/72 kBProgress (5): 557/641 kB | 0.3/1.2 MB | 188/315 kB | 17 kB | 24/72 kBProgress (5): 557/641 kB | 0.3/1.2 MB | 193/315 kB | 17 kB | 24/72 kBProgress (5): 557/641 kB | 0.3/1.2 MB | 197/315 kB | 17 kB | 24/72 kBProgress (5): 561/641 kB | 0.3/1.2 MB | 197/315 kB | 17 kB | 24/72 kBProgress (5): 565/641 kB | 0.3/1.2 MB | 197/315 kB | 17 kB | 24/72 kBProgress (5): 569/641 kB | 0.3/1.2 MB | 197/315 kB | 17 kB | 24/72 kBProgress (5): 573/641 kB | 0.3/1.2 MB | 197/315 kB | 17 kB | 24/72 kBProgress (5): 573/641 kB | 0.3/1.2 MB | 201/315 kB | 17 kB | 24/72 kBProgress (5): 573/641 kB | 0.3/1.2 MB | 205/315 kB | 17 kB | 24/72 kBProgress (5): 573/641 kB | 0.3/1.2 MB | 209/315 kB | 17 kB | 24/72 kBProgress (5): 573/641 kB | 0.3/1.2 MB | 213/315 kB | 17 kB | 24/72 kBProgress (5): 573/641 kB | 0.3/1.2 MB | 213/315 kB | 17 kB | 24/72 kBProgress (5): 573/641 kB | 0.3/1.2 MB | 213/315 kB | 17 kB | 24/72 kBProgress (5): 576/641 kB | 0.3/1.2 MB | 213/315 kB | 17 kB | 24/72 kBProgress (5): 578/641 kB | 0.3/1.2 MB | 213/315 kB | 17 kB | 24/72 kB                                                                     Downloaded from central: https://repo.maven.apache.org/maven2/org/slf4j/jcl-over-slf4j/1.7.25/jcl-over-slf4j-1.7.25.jar (17 kB at 548 B/s)
Downloading from central: https://repo.maven.apache.org/maven2/io/netty/netty-all/4.0.51.Final/netty-all-4.0.51.Final.jar
Progress (4): 581/641 kB | 0.3/1.2 MB | 213/315 kB | 24/72 kBProgress (4): 584/641 kB | 0.3/1.2 MB | 213/315 kB | 24/72 kBProgress (4): 587/641 kB | 0.3/1.2 MB | 213/315 kB | 24/72 kBProgress (4): 587/641 kB | 0.3/1.2 MB | 217/315 kB | 24/72 kBProgress (4): 587/641 kB | 0.3/1.2 MB | 221/315 kB | 24/72 kBProgress (4): 587/641 kB | 0.3/1.2 MB | 225/315 kB | 24/72 kBProgress (4): 587/641 kB | 0.3/1.2 MB | 229/315 kB | 24/72 kBProgress (4): 589/641 kB | 0.3/1.2 MB | 229/315 kB | 24/72 kBProgress (4): 592/641 kB | 0.3/1.2 MB | 229/315 kB | 24/72 kBProgress (4): 592/641 kB | 0.3/1.2 MB | 229/315 kB | 27/72 kBProgress (4): 592/641 kB | 0.3/1.2 MB | 229/315 kB | 30/72 kBProgress (4): 592/641 kB | 0.3/1.2 MB | 229/315 kB | 32/72 kBProgress (4): 592/641 kB | 0.3/1.2 MB | 229/315 kB | 36/72 kBProgress (4): 592/641 kB | 0.3/1.2 MB | 229/315 kB | 40/72 kBProgress (4): 592/641 kB | 0.3/1.2 MB | 229/315 kB | 45/72 kBProgress (4): 592/641 kB | 0.3/1.2 MB | 229/315 kB | 49/72 kBProgress (4): 592/641 kB | 0.3/1.2 MB | 229/315 kB | 49/72 kBProgress (4): 592/641 kB | 0.3/1.2 MB | 229/315 kB | 49/72 kBProgress (4): 595/641 kB | 0.3/1.2 MB | 229/315 kB | 49/72 kBProgress (4): 598/641 kB | 0.3/1.2 MB | 229/315 kB | 49/72 kBProgress (4): 598/641 kB | 0.3/1.2 MB | 233/315 kB | 49/72 kBProgress (4): 598/641 kB | 0.3/1.2 MB | 238/315 kB | 49/72 kBProgress (4): 598/641 kB | 0.3/1.2 MB | 242/315 kB | 49/72 kBProgress (4): 598/641 kB | 0.3/1.2 MB | 246/315 kB | 49/72 kBProgress (4): 600/641 kB | 0.3/1.2 MB | 246/315 kB | 49/72 kBProgress (4): 600/641 kB | 0.3/1.2 MB | 250/315 kB | 49/72 kBProgress (4): 600/641 kB | 0.3/1.2 MB | 254/315 kB | 49/72 kBProgress (4): 600/641 kB | 0.3/1.2 MB | 258/315 kB | 49/72 kBProgress (4): 600/641 kB | 0.3/1.2 MB | 262/315 kB | 49/72 kBProgress (4): 600/641 kB | 0.3/1.2 MB | 262/315 kB | 49/72 kBProgress (4): 600/641 kB | 0.3/1.2 MB | 262/315 kB | 49/72 kBProgress (4): 600/641 kB | 0.3/1.2 MB | 266/315 kB | 49/72 kBProgress (4): 600/641 kB | 0.3/1.2 MB | 270/315 kB | 49/72 kBProgress (4): 600/641 kB | 0.3/1.2 MB | 274/315 kB | 49/72 kBProgress (4): 600/641 kB | 0.3/1.2 MB | 277/315 kB | 49/72 kBProgress (4): 603/641 kB | 0.3/1.2 MB | 277/315 kB | 49/72 kBProgress (4): 606/641 kB | 0.3/1.2 MB | 277/315 kB | 49/72 kBProgress (4): 606/641 kB | 0.3/1.2 MB | 277/315 kB | 49/72 kBProgress (4): 606/641 kB | 0.3/1.2 MB | 277/315 kB | 49/72 kBProgress (5): 606/641 kB | 0.3/1.2 MB | 277/315 kB | 49/72 kB | 0/2.3 MBProgress (5): 606/641 kB | 0.3/1.2 MB | 277/315 kB | 49/72 kB | 0/2.3 MBProgress (5): 610/641 kB | 0.3/1.2 MB | 277/315 kB | 49/72 kB | 0/2.3 MBProgress (5): 614/641 kB | 0.3/1.2 MB | 277/315 kB | 49/72 kB | 0/2.3 MBProgress (5): 618/641 kB | 0.3/1.2 MB | 277/315 kB | 49/72 kB | 0/2.3 MBProgress (5): 622/641 kB | 0.3/1.2 MB | 277/315 kB | 49/72 kB | 0/2.3 MBProgress (5): 622/641 kB | 0.3/1.2 MB | 282/315 kB | 49/72 kB | 0/2.3 MBProgress (5): 622/641 kB | 0.3/1.2 MB | 286/315 kB | 49/72 kB | 0/2.3 MBProgress (5): 622/641 kB | 0.3/1.2 MB | 290/315 kB | 49/72 kB | 0/2.3 MBProgress (5): 622/641 kB | 0.3/1.2 MB | 294/315 kB | 49/72 kB | 0/2.3 MBProgress (5): 622/641 kB | 0.3/1.2 MB | 298/315 kB | 49/72 kB | 0/2.3 MBProgress (5): 622/641 kB | 0.3/1.2 MB | 302/315 kB | 49/72 kB | 0/2.3 MBProgress (5): 622/641 kB | 0.3/1.2 MB | 306/315 kB | 49/72 kB | 0/2.3 MBProgress (5): 622/641 kB | 0.3/1.2 MB | 310/315 kB | 49/72 kB | 0/2.3 MBProgress (5): 622/641 kB | 0.3/1.2 MB | 314/315 kB | 49/72 kB | 0/2.3 MBProgress (5): 622/641 kB | 0.3/1.2 MB | 315 kB | 49/72 kB | 0/2.3 MB    Progress (5): 622/641 kB | 0.4/1.2 MB | 315 kB | 49/72 kB | 0/2.3 MBProgress (5): 622/641 kB | 0.4/1.2 MB | 315 kB | 49/72 kB | 0/2.3 MBProgress (5): 622/641 kB | 0.4/1.2 MB | 315 kB | 49/72 kB | 0/2.3 MBProgress (5): 622/641 kB | 0.4/1.2 MB | 315 kB | 49/72 kB | 0/2.3 MBProgress (5): 626/641 kB | 0.4/1.2 MB | 315 kB | 49/72 kB | 0/2.3 MBProgress (5): 630/641 kB | 0.4/1.2 MB | 315 kB | 49/72 kB | 0/2.3 MBProgress (5): 634/641 kB | 0.4/1.2 MB | 315 kB | 49/72 kB | 0/2.3 MBProgress (5): 638/641 kB | 0.4/1.2 MB | 315 kB | 49/72 kB | 0/2.3 MBProgress (5): 641 kB | 0.4/1.2 MB | 315 kB | 49/72 kB | 0/2.3 MB    Progress (5): 641 kB | 0.4/1.2 MB | 315 kB | 49/72 kB | 0/2.3 MBProgress (5): 641 kB | 0.4/1.2 MB | 315 kB | 49/72 kB | 0.1/2.3 MBProgress (5): 641 kB | 0.4/1.2 MB | 315 kB | 49/72 kB | 0.1/2.3 MBProgress (5): 641 kB | 0.4/1.2 MB | 315 kB | 53/72 kB | 0.1/2.3 MBProgress (5): 641 kB | 0.4/1.2 MB | 315 kB | 57/72 kB | 0.1/2.3 MBProgress (5): 641 kB | 0.4/1.2 MB | 315 kB | 61/72 kB | 0.1/2.3 MBProgress (5): 641 kB | 0.4/1.2 MB | 315 kB | 65/72 kB | 0.1/2.3 MBProgress (5): 641 kB | 0.4/1.2 MB | 315 kB | 69/72 kB | 0.1/2.3 MBProgress (5): 641 kB | 0.4/1.2 MB | 315 kB | 72 kB | 0.1/2.3 MB   Progress (5): 641 kB | 0.4/1.2 MB | 315 kB | 72 kB | 0.1/2.3 MBProgress (5): 641 kB | 0.4/1.2 MB | 315 kB | 72 kB | 0.1/2.3 MBProgress (5): 641 kB | 0.4/1.2 MB | 315 kB | 72 kB | 0.1/2.3 MBProgress (5): 641 kB | 0.4/1.2 MB | 315 kB | 72 kB | 0.1/2.3 MB                                                               Downloaded from central: https://repo.maven.apache.org/maven2/dnsjava/dnsjava/2.1.8/dnsjava-2.1.8.jar (315 kB at 10 kB/s)
Downloading from central: https://repo.maven.apache.org/maven2/org/bouncycastle/bcprov-jdk15on/1.58/bcprov-jdk15on-1.58.jar
Downloaded from central: https://repo.maven.apache.org/maven2/joda-time/joda-time/2.10/joda-time-2.10.jar (641 kB at 21 kB/s)
Downloading from central: https://repo.maven.apache.org/maven2/org/bouncycastle/bcpkix-jdk15on/1.58/bcpkix-jdk15on-1.58.jar
Progress (3): 0.4/1.2 MB | 72 kB | 0.1/2.3 MBProgress (3): 0.4/1.2 MB | 72 kB | 0.1/2.3 MBProgress (3): 0.4/1.2 MB | 72 kB | 0.1/2.3 MBProgress (3): 0.4/1.2 MB | 72 kB | 0.1/2.3 MB                                             Downloaded from central: https://repo.maven.apache.org/maven2/com/jcraft/jzlib/1.1.3/jzlib-1.1.3.jar (72 kB at 2.3 kB/s)
Downloading from central: https://repo.maven.apache.org/maven2/net/lightbody/bmp/mitm/2.1.5/mitm-2.1.5.jar
Progress (2): 0.4/1.2 MB | 0.1/2.3 MBProgress (2): 0.4/1.2 MB | 0.1/2.3 MBProgress (2): 0.4/1.2 MB | 0.1/2.3 MBProgress (2): 0.5/1.2 MB | 0.1/2.3 MBProgress (2): 0.5/1.2 MB | 0.1/2.3 MBProgress (2): 0.5/1.2 MB | 0.1/2.3 MBProgress (3): 0.5/1.2 MB | 0.1/2.3 MB | 2.2/786 kBProgress (3): 0.5/1.2 MB | 0.1/2.3 MB | 5.0/786 kBProgress (3): 0.5/1.2 MB | 0.1/2.3 MB | 7.7/786 kBProgress (3): 0.5/1.2 MB | 0.1/2.3 MB | 10/786 kB Progress (3): 0.5/1.2 MB | 0.1/2.3 MB | 13/786 kBProgress (3): 0.5/1.2 MB | 0.1/2.3 MB | 16/786 kBProgress (3): 0.5/1.2 MB | 0.1/2.3 MB | 19/786 kBProgress (3): 0.5/1.2 MB | 0.1/2.3 MB | 21/786 kBProgress (3): 0.5/1.2 MB | 0.1/2.3 MB | 24/786 kBProgress (3): 0.5/1.2 MB | 0.2/2.3 MB | 24/786 kBProgress (4): 0.5/1.2 MB | 0.2/2.3 MB | 24/786 kB | 0/4.0 MBProgress (4): 0.5/1.2 MB | 0.2/2.3 MB | 24/786 kB | 0/4.0 MBProgress (4): 0.5/1.2 MB | 0.2/2.3 MB | 24/786 kB | 0/4.0 MBProgress (4): 0.5/1.2 MB | 0.2/2.3 MB | 24/786 kB | 0/4.0 MBProgress (4): 0.5/1.2 MB | 0.2/2.3 MB | 27/786 kB | 0/4.0 MBProgress (4): 0.5/1.2 MB | 0.2/2.3 MB | 30/786 kB | 0/4.0 MBProgress (4): 0.5/1.2 MB | 0.2/2.3 MB | 32/786 kB | 0/4.0 MBProgress (4): 0.5/1.2 MB | 0.2/2.3 MB | 36/786 kB | 0/4.0 MBProgress (4): 0.5/1.2 MB | 0.2/2.3 MB | 40/786 kB | 0/4.0 MBProgress (4): 0.5/1.2 MB | 0.2/2.3 MB | 45/786 kB | 0/4.0 MBProgress (4): 0.5/1.2 MB | 0.2/2.3 MB | 49/786 kB | 0/4.0 MBProgress (4): 0.5/1.2 MB | 0.2/2.3 MB | 49/786 kB | 0.1/4.0 MBProgress (4): 0.5/1.2 MB | 0.2/2.3 MB | 49/786 kB | 0.1/4.0 MBProgress (5): 0.5/1.2 MB | 0.2/2.3 MB | 49/786 kB | 0.1/4.0 MB | 2.8/217 kBProgress (5): 0.5/1.2 MB | 0.2/2.3 MB | 49/786 kB | 0.1/4.0 MB | 5.5/217 kBProgress (5): 0.5/1.2 MB | 0.2/2.3 MB | 49/786 kB | 0.1/4.0 MB | 8.3/217 kBProgress (5): 0.5/1.2 MB | 0.2/2.3 MB | 49/786 kB | 0.1/4.0 MB | 11/217 kB Progress (5): 0.5/1.2 MB | 0.2/2.3 MB | 49/786 kB | 0.1/4.0 MB | 14/217 kBProgress (5): 0.5/1.2 MB | 0.2/2.3 MB | 49/786 kB | 0.1/4.0 MB | 14/217 kBProgress (5): 0.5/1.2 MB | 0.2/2.3 MB | 49/786 kB | 0.1/4.0 MB | 14/217 kBProgress (5): 0.5/1.2 MB | 0.2/2.3 MB | 49/786 kB | 0.1/4.0 MB | 14/217 kBProgress (5): 0.5/1.2 MB | 0.2/2.3 MB | 49/786 kB | 0.1/4.0 MB | 14/217 kBProgress (5): 0.5/1.2 MB | 0.2/2.3 MB | 49/786 kB | 0.1/4.0 MB | 14/217 kBProgress (5): 0.5/1.2 MB | 0.2/2.3 MB | 49/786 kB | 0.1/4.0 MB | 14/217 kBProgress (5): 0.5/1.2 MB | 0.2/2.3 MB | 49/786 kB | 0.1/4.0 MB | 14/217 kBProgress (5): 0.5/1.2 MB | 0.2/2.3 MB | 49/786 kB | 0.1/4.0 MB | 14/217 kBProgress (5): 0.5/1.2 MB | 0.2/2.3 MB | 49/786 kB | 0.1/4.0 MB | 14/217 kBProgress (5): 0.5/1.2 MB | 0.2/2.3 MB | 49/786 kB | 0.1/4.0 MB | 14/217 kBProgress (5): 0.5/1.2 MB | 0.2/2.3 MB | 53/786 kB | 0.1/4.0 MB | 14/217 kBProgress (5): 0.5/1.2 MB | 0.2/2.3 MB | 57/786 kB | 0.1/4.0 MB | 14/217 kBProgress (5): 0.5/1.2 MB | 0.2/2.3 MB | 61/786 kB | 0.1/4.0 MB | 14/217 kBProgress (5): 0.5/1.2 MB | 0.2/2.3 MB | 65/786 kB | 0.1/4.0 MB | 14/217 kBProgress (5): 0.5/1.2 MB | 0.2/2.3 MB | 65/786 kB | 0.1/4.0 MB | 14/217 kBProgress (5): 0.5/1.2 MB | 0.2/2.3 MB | 65/786 kB | 0.1/4.0 MB | 14/217 kBProgress (5): 0.5/1.2 MB | 0.2/2.3 MB | 65/786 kB | 0.1/4.0 MB | 16/217 kBProgress (5): 0.5/1.2 MB | 0.2/2.3 MB | 65/786 kB | 0.1/4.0 MB | 19/217 kBProgress (5): 0.5/1.2 MB | 0.2/2.3 MB | 65/786 kB | 0.1/4.0 MB | 22/217 kBProgress (5): 0.5/1.2 MB | 0.2/2.3 MB | 65/786 kB | 0.1/4.0 MB | 25/217 kBProgress (5): 0.5/1.2 MB | 0.2/2.3 MB | 65/786 kB | 0.1/4.0 MB | 27/217 kBProgress (5): 0.5/1.2 MB | 0.2/2.3 MB | 65/786 kB | 0.1/4.0 MB | 30/217 kBProgress (5): 0.5/1.2 MB | 0.2/2.3 MB | 65/786 kB | 0.1/4.0 MB | 33/217 kBProgress (5): 0.5/1.2 MB | 0.2/2.3 MB | 65/786 kB | 0.1/4.0 MB | 33/217 kBProgress (5): 0.5/1.2 MB | 0.2/2.3 MB | 65/786 kB | 0.1/4.0 MB | 33/217 kBProgress (5): 0.5/1.2 MB | 0.2/2.3 MB | 65/786 kB | 0.1/4.0 MB | 33/217 kBProgress (5): 0.5/1.2 MB | 0.2/2.3 MB | 69/786 kB | 0.1/4.0 MB | 33/217 kBProgress (5): 0.5/1.2 MB | 0.2/2.3 MB | 73/786 kB | 0.1/4.0 MB | 33/217 kBProgress (5): 0.5/1.2 MB | 0.2/2.3 MB | 77/786 kB | 0.1/4.0 MB | 33/217 kBProgress (5): 0.5/1.2 MB | 0.2/2.3 MB | 81/786 kB | 0.1/4.0 MB | 33/217 kBProgress (5): 0.5/1.2 MB | 0.2/2.3 MB | 85/786 kB | 0.1/4.0 MB | 33/217 kBProgress (5): 0.5/1.2 MB | 0.2/2.3 MB | 90/786 kB | 0.1/4.0 MB | 33/217 kBProgress (5): 0.5/1.2 MB | 0.2/2.3 MB | 94/786 kB | 0.1/4.0 MB | 33/217 kBProgress (5): 0.5/1.2 MB | 0.2/2.3 MB | 98/786 kB | 0.1/4.0 MB | 33/217 kBProgress (5): 0.5/1.2 MB | 0.3/2.3 MB | 98/786 kB | 0.1/4.0 MB | 33/217 kBProgress (5): 0.5/1.2 MB | 0.3/2.3 MB | 98/786 kB | 0.1/4.0 MB | 33/217 kBProgress (5): 0.6/1.2 MB | 0.3/2.3 MB | 98/786 kB | 0.1/4.0 MB | 33/217 kBProgress (5): 0.6/1.2 MB | 0.3/2.3 MB | 98/786 kB | 0.2/4.0 MB | 33/217 kBProgress (5): 0.6/1.2 MB | 0.3/2.3 MB | 98/786 kB | 0.2/4.0 MB | 33/217 kBProgress (5): 0.6/1.2 MB | 0.3/2.3 MB | 98/786 kB | 0.2/4.0 MB | 37/217 kBProgress (5): 0.6/1.2 MB | 0.3/2.3 MB | 98/786 kB | 0.2/4.0 MB | 41/217 kBProgress (5): 0.6/1.2 MB | 0.3/2.3 MB | 98/786 kB | 0.2/4.0 MB | 45/217 kBProgress (5): 0.6/1.2 MB | 0.3/2.3 MB | 98/786 kB | 0.2/4.0 MB | 49/217 kBProgress (5): 0.6/1.2 MB | 0.3/2.3 MB | 98/786 kB | 0.2/4.0 MB | 49/217 kBProgress (5): 0.6/1.2 MB | 0.3/2.3 MB | 98/786 kB | 0.2/4.0 MB | 49/217 kBProgress (5): 0.6/1.2 MB | 0.3/2.3 MB | 98/786 kB | 0.2/4.0 MB | 49/217 kBProgress (5): 0.6/1.2 MB | 0.3/2.3 MB | 102/786 kB | 0.2/4.0 MB | 49/217 kBProgress (5): 0.6/1.2 MB | 0.3/2.3 MB | 106/786 kB | 0.2/4.0 MB | 49/217 kBProgress (5): 0.6/1.2 MB | 0.3/2.3 MB | 110/786 kB | 0.2/4.0 MB | 49/217 kBProgress (5): 0.6/1.2 MB | 0.3/2.3 MB | 114/786 kB | 0.2/4.0 MB | 49/217 kBProgress (5): 0.6/1.2 MB | 0.3/2.3 MB | 114/786 kB | 0.2/4.0 MB | 49/217 kBProgress (5): 0.6/1.2 MB | 0.3/2.3 MB | 114/786 kB | 0.2/4.0 MB | 49/217 kBProgress (5): 0.6/1.2 MB | 0.3/2.3 MB | 114/786 kB | 0.2/4.0 MB | 49/217 kBProgress (5): 0.6/1.2 MB | 0.3/2.3 MB | 114/786 kB | 0.2/4.0 MB | 49/217 kBProgress (5): 0.6/1.2 MB | 0.3/2.3 MB | 114/786 kB | 0.2/4.0 MB | 49/217 kBProgress (5): 0.6/1.2 MB | 0.3/2.3 MB | 114/786 kB | 0.2/4.0 MB | 49/217 kBProgress (5): 0.6/1.2 MB | 0.3/2.3 MB | 114/786 kB | 0.2/4.0 MB | 49/217 kBProgress (5): 0.6/1.2 MB | 0.3/2.3 MB | 118/786 kB | 0.2/4.0 MB | 49/217 kBProgress (5): 0.6/1.2 MB | 0.3/2.3 MB | 122/786 kB | 0.2/4.0 MB | 49/217 kBProgress (5): 0.6/1.2 MB | 0.3/2.3 MB | 126/786 kB | 0.2/4.0 MB | 49/217 kBProgress (5): 0.6/1.2 MB | 0.3/2.3 MB | 131/786 kB | 0.2/4.0 MB | 49/217 kBProgress (5): 0.6/1.2 MB | 0.3/2.3 MB | 131/786 kB | 0.2/4.0 MB | 49/217 kBProgress (5): 0.6/1.2 MB | 0.3/2.3 MB | 131/786 kB | 0.3/4.0 MB | 49/217 kBProgress (5): 0.6/1.2 MB | 0.3/2.3 MB | 135/786 kB | 0.3/4.0 MB | 49/217 kBProgress (5): 0.6/1.2 MB | 0.3/2.3 MB | 139/786 kB | 0.3/4.0 MB | 49/217 kBProgress (5): 0.6/1.2 MB | 0.3/2.3 MB | 143/786 kB | 0.3/4.0 MB | 49/217 kBProgress (5): 0.6/1.2 MB | 0.3/2.3 MB | 147/786 kB | 0.3/4.0 MB | 49/217 kBProgress (5): 0.6/1.2 MB | 0.3/2.3 MB | 147/786 kB | 0.3/4.0 MB | 49/217 kBProgress (5): 0.6/1.2 MB | 0.3/2.3 MB | 147/786 kB | 0.3/4.0 MB | 49/217 kBProgress (5): 0.6/1.2 MB | 0.3/2.3 MB | 147/786 kB | 0.3/4.0 MB | 49/217 kBProgress (5): 0.6/1.2 MB | 0.3/2.3 MB | 147/786 kB | 0.3/4.0 MB | 53/217 kBProgress (5): 0.6/1.2 MB | 0.3/2.3 MB | 147/786 kB | 0.3/4.0 MB | 57/217 kBProgress (5): 0.6/1.2 MB | 0.3/2.3 MB | 147/786 kB | 0.3/4.0 MB | 61/217 kBProgress (5): 0.6/1.2 MB | 0.3/2.3 MB | 147/786 kB | 0.3/4.0 MB | 66/217 kBProgress (5): 0.6/1.2 MB | 0.3/2.3 MB | 147/786 kB | 0.3/4.0 MB | 66/217 kBProgress (5): 0.6/1.2 MB | 0.3/2.3 MB | 147/786 kB | 0.3/4.0 MB | 66/217 kBProgress (5): 0.6/1.2 MB | 0.3/2.3 MB | 147/786 kB | 0.3/4.0 MB | 66/217 kBProgress (5): 0.6/1.2 MB | 0.3/2.3 MB | 147/786 kB | 0.3/4.0 MB | 66/217 kBProgress (5): 0.6/1.2 MB | 0.3/2.3 MB | 147/786 kB | 0.3/4.0 MB | 66/217 kBProgress (5): 0.6/1.2 MB | 0.3/2.3 MB | 151/786 kB | 0.3/4.0 MB | 66/217 kBProgress (5): 0.6/1.2 MB | 0.3/2.3 MB | 155/786 kB | 0.3/4.0 MB | 66/217 kBProgress (5): 0.6/1.2 MB | 0.3/2.3 MB | 159/786 kB | 0.3/4.0 MB | 66/217 kBProgress (5): 0.6/1.2 MB | 0.3/2.3 MB | 163/786 kB | 0.3/4.0 MB | 66/217 kBProgress (5): 0.6/1.2 MB | 0.4/2.3 MB | 163/786 kB | 0.3/4.0 MB | 66/217 kBProgress (5): 0.6/1.2 MB | 0.4/2.3 MB | 167/786 kB | 0.3/4.0 MB | 66/217 kBProgress (5): 0.6/1.2 MB | 0.4/2.3 MB | 171/786 kB | 0.3/4.0 MB | 66/217 kBProgress (5): 0.6/1.2 MB | 0.4/2.3 MB | 176/786 kB | 0.3/4.0 MB | 66/217 kBProgress (5): 0.6/1.2 MB | 0.4/2.3 MB | 180/786 kB | 0.3/4.0 MB | 66/217 kBProgress (5): 0.6/1.2 MB | 0.4/2.3 MB | 180/786 kB | 0.3/4.0 MB | 66/217 kBProgress (5): 0.7/1.2 MB | 0.4/2.3 MB | 180/786 kB | 0.3/4.0 MB | 66/217 kBProgress (5): 0.7/1.2 MB | 0.4/2.3 MB | 180/786 kB | 0.3/4.0 MB | 66/217 kBProgress (5): 0.7/1.2 MB | 0.4/2.3 MB | 180/786 kB | 0.3/4.0 MB | 70/217 kBProgress (5): 0.7/1.2 MB | 0.4/2.3 MB | 180/786 kB | 0.3/4.0 MB | 74/217 kBProgress (5): 0.7/1.2 MB | 0.4/2.3 MB | 180/786 kB | 0.3/4.0 MB | 78/217 kBProgress (5): 0.7/1.2 MB | 0.4/2.3 MB | 180/786 kB | 0.3/4.0 MB | 82/217 kBProgress (5): 0.7/1.2 MB | 0.4/2.3 MB | 180/786 kB | 0.3/4.0 MB | 82/217 kBProgress (5): 0.7/1.2 MB | 0.4/2.3 MB | 180/786 kB | 0.4/4.0 MB | 82/217 kBProgress (5): 0.7/1.2 MB | 0.4/2.3 MB | 180/786 kB | 0.4/4.0 MB | 82/217 kBProgress (5): 0.7/1.2 MB | 0.4/2.3 MB | 180/786 kB | 0.4/4.0 MB | 82/217 kBProgress (5): 0.7/1.2 MB | 0.4/2.3 MB | 180/786 kB | 0.4/4.0 MB | 82/217 kBProgress (5): 0.7/1.2 MB | 0.4/2.3 MB | 180/786 kB | 0.4/4.0 MB | 82/217 kBProgress (5): 0.7/1.2 MB | 0.4/2.3 MB | 184/786 kB | 0.4/4.0 MB | 82/217 kBProgress (5): 0.7/1.2 MB | 0.4/2.3 MB | 188/786 kB | 0.4/4.0 MB | 82/217 kBProgress (5): 0.7/1.2 MB | 0.4/2.3 MB | 192/786 kB | 0.4/4.0 MB | 82/217 kBProgress (5): 0.7/1.2 MB | 0.4/2.3 MB | 196/786 kB | 0.4/4.0 MB | 82/217 kBProgress (5): 0.7/1.2 MB | 0.4/2.3 MB | 196/786 kB | 0.4/4.0 MB | 82/217 kBProgress (5): 0.7/1.2 MB | 0.4/2.3 MB | 196/786 kB | 0.4/4.0 MB | 82/217 kBProgress (5): 0.7/1.2 MB | 0.4/2.3 MB | 196/786 kB | 0.4/4.0 MB | 82/217 kBProgress (5): 0.7/1.2 MB | 0.4/2.3 MB | 196/786 kB | 0.4/4.0 MB | 86/217 kBProgress (5): 0.7/1.2 MB | 0.4/2.3 MB | 196/786 kB | 0.4/4.0 MB | 90/217 kBProgress (5): 0.7/1.2 MB | 0.4/2.3 MB | 196/786 kB | 0.4/4.0 MB | 94/217 kBProgress (5): 0.7/1.2 MB | 0.4/2.3 MB | 196/786 kB | 0.4/4.0 MB | 98/217 kBProgress (5): 0.7/1.2 MB | 0.4/2.3 MB | 196/786 kB | 0.4/4.0 MB | 98/217 kBProgress (5): 0.7/1.2 MB | 0.4/2.3 MB | 196/786 kB | 0.4/4.0 MB | 98/217 kBProgress (5): 0.7/1.2 MB | 0.4/2.3 MB | 196/786 kB | 0.4/4.0 MB | 98/217 kBProgress (5): 0.7/1.2 MB | 0.4/2.3 MB | 196/786 kB | 0.4/4.0 MB | 98/217 kBProgress (5): 0.7/1.2 MB | 0.4/2.3 MB | 196/786 kB | 0.4/4.0 MB | 98/217 kBProgress (5): 0.7/1.2 MB | 0.4/2.3 MB | 200/786 kB | 0.4/4.0 MB | 98/217 kBProgress (5): 0.7/1.2 MB | 0.4/2.3 MB | 204/786 kB | 0.4/4.0 MB | 98/217 kBProgress (5): 0.7/1.2 MB | 0.4/2.3 MB | 208/786 kB | 0.4/4.0 MB | 98/217 kBProgress (5): 0.7/1.2 MB | 0.4/2.3 MB | 212/786 kB | 0.4/4.0 MB | 98/217 kBProgress (5): 0.7/1.2 MB | 0.4/2.3 MB | 212/786 kB | 0.4/4.0 MB | 98/217 kBProgress (5): 0.7/1.2 MB | 0.4/2.3 MB | 212/786 kB | 0.4/4.0 MB | 98/217 kBProgress (5): 0.7/1.2 MB | 0.4/2.3 MB | 212/786 kB | 0.4/4.0 MB | 98/217 kBProgress (5): 0.7/1.2 MB | 0.4/2.3 MB | 217/786 kB | 0.4/4.0 MB | 98/217 kBProgress (5): 0.7/1.2 MB | 0.4/2.3 MB | 221/786 kB | 0.4/4.0 MB | 98/217 kBProgress (5): 0.7/1.2 MB | 0.4/2.3 MB | 225/786 kB | 0.4/4.0 MB | 98/217 kBProgress (5): 0.7/1.2 MB | 0.4/2.3 MB | 229/786 kB | 0.4/4.0 MB | 98/217 kBProgress (5): 0.7/1.2 MB | 0.5/2.3 MB | 229/786 kB | 0.4/4.0 MB | 98/217 kBProgress (5): 0.7/1.2 MB | 0.5/2.3 MB | 229/786 kB | 0.4/4.0 MB | 102/217 kBProgress (5): 0.7/1.2 MB | 0.5/2.3 MB | 229/786 kB | 0.4/4.0 MB | 106/217 kBProgress (5): 0.7/1.2 MB | 0.5/2.3 MB | 229/786 kB | 0.4/4.0 MB | 111/217 kBProgress (5): 0.7/1.2 MB | 0.5/2.3 MB | 229/786 kB | 0.4/4.0 MB | 115/217 kBProgress (5): 0.7/1.2 MB | 0.5/2.3 MB | 229/786 kB | 0.5/4.0 MB | 115/217 kBProgress (5): 0.7/1.2 MB | 0.5/2.3 MB | 229/786 kB | 0.5/4.0 MB | 115/217 kBProgress (5): 0.7/1.2 MB | 0.5/2.3 MB | 229/786 kB | 0.5/4.0 MB | 115/217 kBProgress (5): 0.7/1.2 MB | 0.5/2.3 MB | 229/786 kB | 0.5/4.0 MB | 115/217 kBProgress (5): 0.7/1.2 MB | 0.5/2.3 MB | 229/786 kB | 0.5/4.0 MB | 115/217 kBProgress (5): 0.8/1.2 MB | 0.5/2.3 MB | 229/786 kB | 0.5/4.0 MB | 115/217 kBProgress (5): 0.8/1.2 MB | 0.5/2.3 MB | 233/786 kB | 0.5/4.0 MB | 115/217 kBProgress (5): 0.8/1.2 MB | 0.5/2.3 MB | 237/786 kB | 0.5/4.0 MB | 115/217 kBProgress (5): 0.8/1.2 MB | 0.5/2.3 MB | 241/786 kB | 0.5/4.0 MB | 115/217 kBProgress (5): 0.8/1.2 MB | 0.5/2.3 MB | 245/786 kB | 0.5/4.0 MB | 115/217 kBProgress (5): 0.8/1.2 MB | 0.5/2.3 MB | 245/786 kB | 0.5/4.0 MB | 115/217 kBProgress (5): 0.8/1.2 MB | 0.5/2.3 MB | 249/786 kB | 0.5/4.0 MB | 115/217 kBProgress (5): 0.8/1.2 MB | 0.5/2.3 MB | 253/786 kB | 0.5/4.0 MB | 115/217 kBProgress (5): 0.8/1.2 MB | 0.5/2.3 MB | 258/786 kB | 0.5/4.0 MB | 115/217 kBProgress (5): 0.8/1.2 MB | 0.5/2.3 MB | 262/786 kB | 0.5/4.0 MB | 115/217 kBProgress (5): 0.8/1.2 MB | 0.5/2.3 MB | 262/786 kB | 0.5/4.0 MB | 115/217 kBProgress (5): 0.8/1.2 MB | 0.5/2.3 MB | 262/786 kB | 0.5/4.0 MB | 119/217 kBProgress (5): 0.8/1.2 MB | 0.5/2.3 MB | 262/786 kB | 0.5/4.0 MB | 123/217 kBProgress (5): 0.8/1.2 MB | 0.5/2.3 MB | 262/786 kB | 0.5/4.0 MB | 127/217 kBProgress (5): 0.8/1.2 MB | 0.5/2.3 MB | 262/786 kB | 0.5/4.0 MB | 131/217 kBProgress (5): 0.8/1.2 MB | 0.5/2.3 MB | 262/786 kB | 0.5/4.0 MB | 131/217 kBProgress (5): 0.8/1.2 MB | 0.5/2.3 MB | 262/786 kB | 0.5/4.0 MB | 131/217 kBProgress (5): 0.8/1.2 MB | 0.5/2.3 MB | 262/786 kB | 0.5/4.0 MB | 131/217 kBProgress (5): 0.8/1.2 MB | 0.5/2.3 MB | 262/786 kB | 0.5/4.0 MB | 131/217 kBProgress (5): 0.8/1.2 MB | 0.5/2.3 MB | 262/786 kB | 0.5/4.0 MB | 131/217 kBProgress (5): 0.8/1.2 MB | 0.5/2.3 MB | 262/786 kB | 0.5/4.0 MB | 131/217 kBProgress (5): 0.8/1.2 MB | 0.5/2.3 MB | 262/786 kB | 0.5/4.0 MB | 131/217 kBProgress (5): 0.8/1.2 MB | 0.5/2.3 MB | 262/786 kB | 0.5/4.0 MB | 131/217 kBProgress (5): 0.8/1.2 MB | 0.5/2.3 MB | 262/786 kB | 0.5/4.0 MB | 131/217 kBProgress (5): 0.8/1.2 MB | 0.5/2.3 MB | 262/786 kB | 0.5/4.0 MB | 135/217 kBProgress (5): 0.8/1.2 MB | 0.5/2.3 MB | 262/786 kB | 0.5/4.0 MB | 139/217 kBProgress (5): 0.8/1.2 MB | 0.5/2.3 MB | 262/786 kB | 0.5/4.0 MB | 143/217 kBProgress (5): 0.8/1.2 MB | 0.5/2.3 MB | 262/786 kB | 0.5/4.0 MB | 147/217 kBProgress (5): 0.8/1.2 MB | 0.5/2.3 MB | 262/786 kB | 0.6/4.0 MB | 147/217 kBProgress (5): 0.8/1.2 MB | 0.5/2.3 MB | 262/786 kB | 0.6/4.0 MB | 147/217 kBProgress (5): 0.8/1.2 MB | 0.5/2.3 MB | 262/786 kB | 0.6/4.0 MB | 147/217 kBProgress (5): 0.8/1.2 MB | 0.5/2.3 MB | 262/786 kB | 0.6/4.0 MB | 147/217 kBProgress (5): 0.8/1.2 MB | 0.5/2.3 MB | 266/786 kB | 0.6/4.0 MB | 147/217 kBProgress (5): 0.8/1.2 MB | 0.5/2.3 MB | 270/786 kB | 0.6/4.0 MB | 147/217 kBProgress (5): 0.8/1.2 MB | 0.5/2.3 MB | 274/786 kB | 0.6/4.0 MB | 147/217 kBProgress (5): 0.8/1.2 MB | 0.5/2.3 MB | 278/786 kB | 0.6/4.0 MB | 147/217 kBProgress (5): 0.8/1.2 MB | 0.5/2.3 MB | 282/786 kB | 0.6/4.0 MB | 147/217 kBProgress (5): 0.8/1.2 MB | 0.5/2.3 MB | 286/786 kB | 0.6/4.0 MB | 147/217 kBProgress (5): 0.8/1.2 MB | 0.5/2.3 MB | 290/786 kB | 0.6/4.0 MB | 147/217 kBProgress (5): 0.8/1.2 MB | 0.5/2.3 MB | 294/786 kB | 0.6/4.0 MB | 147/217 kBProgress (5): 0.8/1.2 MB | 0.5/2.3 MB | 294/786 kB | 0.6/4.0 MB | 147/217 kBProgress (5): 0.8/1.2 MB | 0.5/2.3 MB | 294/786 kB | 0.6/4.0 MB | 147/217 kBProgress (5): 0.8/1.2 MB | 0.5/2.3 MB | 294/786 kB | 0.6/4.0 MB | 147/217 kBProgress (5): 0.8/1.2 MB | 0.5/2.3 MB | 294/786 kB | 0.6/4.0 MB | 147/217 kBProgress (5): 0.8/1.2 MB | 0.5/2.3 MB | 294/786 kB | 0.6/4.0 MB | 147/217 kBProgress (5): 0.8/1.2 MB | 0.6/2.3 MB | 294/786 kB | 0.6/4.0 MB | 147/217 kBProgress (5): 0.8/1.2 MB | 0.6/2.3 MB | 294/786 kB | 0.6/4.0 MB | 147/217 kBProgress (5): 0.8/1.2 MB | 0.6/2.3 MB | 294/786 kB | 0.6/4.0 MB | 152/217 kBProgress (5): 0.8/1.2 MB | 0.6/2.3 MB | 294/786 kB | 0.6/4.0 MB | 156/217 kBProgress (5): 0.8/1.2 MB | 0.6/2.3 MB | 294/786 kB | 0.6/4.0 MB | 160/217 kBProgress (5): 0.8/1.2 MB | 0.6/2.3 MB | 294/786 kB | 0.6/4.0 MB | 164/217 kBProgress (5): 0.8/1.2 MB | 0.6/2.3 MB | 298/786 kB | 0.6/4.0 MB | 164/217 kBProgress (5): 0.8/1.2 MB | 0.6/2.3 MB | 303/786 kB | 0.6/4.0 MB | 164/217 kBProgress (5): 0.8/1.2 MB | 0.6/2.3 MB | 307/786 kB | 0.6/4.0 MB | 164/217 kBProgress (5): 0.8/1.2 MB | 0.6/2.3 MB | 311/786 kB | 0.6/4.0 MB | 164/217 kBProgress (5): 0.8/1.2 MB | 0.6/2.3 MB | 311/786 kB | 0.6/4.0 MB | 164/217 kBProgress (5): 0.8/1.2 MB | 0.6/2.3 MB | 311/786 kB | 0.6/4.0 MB | 168/217 kBProgress (5): 0.8/1.2 MB | 0.6/2.3 MB | 311/786 kB | 0.6/4.0 MB | 172/217 kBProgress (5): 0.8/1.2 MB | 0.6/2.3 MB | 311/786 kB | 0.6/4.0 MB | 176/217 kBProgress (5): 0.8/1.2 MB | 0.6/2.3 MB | 311/786 kB | 0.6/4.0 MB | 180/217 kBProgress (5): 0.8/1.2 MB | 0.6/2.3 MB | 311/786 kB | 0.7/4.0 MB | 180/217 kBProgress (5): 0.8/1.2 MB | 0.6/2.3 MB | 311/786 kB | 0.7/4.0 MB | 180/217 kBProgress (5): 0.9/1.2 MB | 0.6/2.3 MB | 311/786 kB | 0.7/4.0 MB | 180/217 kBProgress (5): 0.9/1.2 MB | 0.6/2.3 MB | 311/786 kB | 0.7/4.0 MB | 180/217 kBProgress (5): 0.9/1.2 MB | 0.6/2.3 MB | 311/786 kB | 0.7/4.0 MB | 180/217 kBProgress (5): 0.9/1.2 MB | 0.6/2.3 MB | 315/786 kB | 0.7/4.0 MB | 180/217 kBProgress (5): 0.9/1.2 MB | 0.6/2.3 MB | 319/786 kB | 0.7/4.0 MB | 180/217 kBProgress (5): 0.9/1.2 MB | 0.6/2.3 MB | 323/786 kB | 0.7/4.0 MB | 180/217 kBProgress (5): 0.9/1.2 MB | 0.6/2.3 MB | 327/786 kB | 0.7/4.0 MB | 180/217 kBProgress (5): 0.9/1.2 MB | 0.6/2.3 MB | 327/786 kB | 0.7/4.0 MB | 180/217 kBProgress (5): 0.9/1.2 MB | 0.6/2.3 MB | 327/786 kB | 0.7/4.0 MB | 184/217 kBProgress (5): 0.9/1.2 MB | 0.6/2.3 MB | 327/786 kB | 0.7/4.0 MB | 188/217 kBProgress (5): 0.9/1.2 MB | 0.6/2.3 MB | 327/786 kB | 0.7/4.0 MB | 193/217 kBProgress (5): 0.9/1.2 MB | 0.6/2.3 MB | 327/786 kB | 0.7/4.0 MB | 193/217 kBProgress (5): 0.9/1.2 MB | 0.6/2.3 MB | 327/786 kB | 0.7/4.0 MB | 197/217 kBProgress (5): 0.9/1.2 MB | 0.6/2.3 MB | 327/786 kB | 0.7/4.0 MB | 197/217 kBProgress (5): 0.9/1.2 MB | 0.6/2.3 MB | 327/786 kB | 0.7/4.0 MB | 197/217 kBProgress (5): 0.9/1.2 MB | 0.6/2.3 MB | 327/786 kB | 0.7/4.0 MB | 197/217 kBProgress (5): 0.9/1.2 MB | 0.6/2.3 MB | 331/786 kB | 0.7/4.0 MB | 197/217 kBProgress (5): 0.9/1.2 MB | 0.6/2.3 MB | 335/786 kB | 0.7/4.0 MB | 197/217 kBProgress (5): 0.9/1.2 MB | 0.6/2.3 MB | 339/786 kB | 0.7/4.0 MB | 197/217 kBProgress (5): 0.9/1.2 MB | 0.6/2.3 MB | 344/786 kB | 0.7/4.0 MB | 197/217 kBProgress (5): 0.9/1.2 MB | 0.6/2.3 MB | 344/786 kB | 0.7/4.0 MB | 197/217 kBProgress (5): 0.9/1.2 MB | 0.6/2.3 MB | 344/786 kB | 0.7/4.0 MB | 197/217 kBProgress (5): 0.9/1.2 MB | 0.6/2.3 MB | 344/786 kB | 0.7/4.0 MB | 197/217 kBProgress (5): 0.9/1.2 MB | 0.6/2.3 MB | 344/786 kB | 0.7/4.0 MB | 197/217 kBProgress (5): 0.9/1.2 MB | 0.7/2.3 MB | 344/786 kB | 0.7/4.0 MB | 197/217 kBProgress (5): 0.9/1.2 MB | 0.7/2.3 MB | 344/786 kB | 0.7/4.0 MB | 201/217 kBProgress (5): 0.9/1.2 MB | 0.7/2.3 MB | 344/786 kB | 0.7/4.0 MB | 205/217 kBProgress (5): 0.9/1.2 MB | 0.7/2.3 MB | 344/786 kB | 0.7/4.0 MB | 209/217 kBProgress (5): 0.9/1.2 MB | 0.7/2.3 MB | 344/786 kB | 0.7/4.0 MB | 213/217 kBProgress (5): 0.9/1.2 MB | 0.7/2.3 MB | 344/786 kB | 0.7/4.0 MB | 217/217 kBProgress (5): 0.9/1.2 MB | 0.7/2.3 MB | 344/786 kB | 0.7/4.0 MB | 217 kB    Progress (5): 0.9/1.2 MB | 0.7/2.3 MB | 344/786 kB | 0.7/4.0 MB | 217 kBProgress (5): 0.9/1.2 MB | 0.7/2.3 MB | 344/786 kB | 0.7/4.0 MB | 217 kBProgress (5): 0.9/1.2 MB | 0.7/2.3 MB | 348/786 kB | 0.7/4.0 MB | 217 kBProgress (5): 0.9/1.2 MB | 0.7/2.3 MB | 352/786 kB | 0.7/4.0 MB | 217 kBProgress (5): 0.9/1.2 MB | 0.7/2.3 MB | 356/786 kB | 0.7/4.0 MB | 217 kBProgress (5): 0.9/1.2 MB | 0.7/2.3 MB | 356/786 kB | 0.8/4.0 MB | 217 kBProgress (5): 0.9/1.2 MB | 0.7/2.3 MB | 360/786 kB | 0.8/4.0 MB | 217 kBProgress (5): 0.9/1.2 MB | 0.7/2.3 MB | 360/786 kB | 0.8/4.0 MB | 217 kBProgress (5): 0.9/1.2 MB | 0.7/2.3 MB | 360/786 kB | 0.8/4.0 MB | 217 kBProgress (5): 0.9/1.2 MB | 0.7/2.3 MB | 360/786 kB | 0.8/4.0 MB | 217 kBProgress (5): 0.9/1.2 MB | 0.7/2.3 MB | 360/786 kB | 0.8/4.0 MB | 217 kBProgress (5): 0.9/1.2 MB | 0.7/2.3 MB | 364/786 kB | 0.8/4.0 MB | 217 kBProgress (5): 0.9/1.2 MB | 0.7/2.3 MB | 368/786 kB | 0.8/4.0 MB | 217 kBProgress (5): 0.9/1.2 MB | 0.7/2.3 MB | 372/786 kB | 0.8/4.0 MB | 217 kBProgress (5): 0.9/1.2 MB | 0.7/2.3 MB | 376/786 kB | 0.8/4.0 MB | 217 kBProgress (5): 0.9/1.2 MB | 0.7/2.3 MB | 376/786 kB | 0.8/4.0 MB | 217 kBProgress (5): 0.9/1.2 MB | 0.7/2.3 MB | 376/786 kB | 0.8/4.0 MB | 217 kBProgress (5): 0.9/1.2 MB | 0.7/2.3 MB | 376/786 kB | 0.8/4.0 MB | 217 kBProgress (5): 0.9/1.2 MB | 0.7/2.3 MB | 376/786 kB | 0.8/4.0 MB | 217 kB                                                                        Downloaded from central: https://repo.maven.apache.org/maven2/net/lightbody/bmp/mitm/2.1.5/mitm-2.1.5.jar (217 kB at 6.5 kB/s)
Downloading from central: https://repo.maven.apache.org/maven2/com/google/guava/guava/22.0/guava-22.0.jar
Progress (4): 0.9/1.2 MB | 0.7/2.3 MB | 380/786 kB | 0.8/4.0 MBProgress (4): 0.9/1.2 MB | 0.7/2.3 MB | 384/786 kB | 0.8/4.0 MBProgress (4): 0.9/1.2 MB | 0.7/2.3 MB | 389/786 kB | 0.8/4.0 MBProgress (4): 0.9/1.2 MB | 0.7/2.3 MB | 393/786 kB | 0.8/4.0 MBProgress (4): 0.9/1.2 MB | 0.7/2.3 MB | 393/786 kB | 0.8/4.0 MBProgress (4): 0.9/1.2 MB | 0.7/2.3 MB | 393/786 kB | 0.8/4.0 MBProgress (4): 0.9/1.2 MB | 0.7/2.3 MB | 393/786 kB | 0.8/4.0 MBProgress (4): 0.9/1.2 MB | 0.7/2.3 MB | 393/786 kB | 0.8/4.0 MBProgress (4): 0.9/1.2 MB | 0.7/2.3 MB | 393/786 kB | 0.8/4.0 MBProgress (4): 0.9/1.2 MB | 0.7/2.3 MB | 393/786 kB | 0.9/4.0 MBProgress (4): 1.0/1.2 MB | 0.7/2.3 MB | 393/786 kB | 0.9/4.0 MBProgress (4): 1.0/1.2 MB | 0.7/2.3 MB | 393/786 kB | 0.9/4.0 MBProgress (4): 1.0/1.2 MB | 0.7/2.3 MB | 397/786 kB | 0.9/4.0 MBProgress (4): 1.0/1.2 MB | 0.7/2.3 MB | 401/786 kB | 0.9/4.0 MBProgress (4): 1.0/1.2 MB | 0.7/2.3 MB | 405/786 kB | 0.9/4.0 MBProgress (4): 1.0/1.2 MB | 0.7/2.3 MB | 409/786 kB | 0.9/4.0 MBProgress (4): 1.0/1.2 MB | 0.7/2.3 MB | 412/786 kB | 0.9/4.0 MBProgress (4): 1.0/1.2 MB | 0.7/2.3 MB | 415/786 kB | 0.9/4.0 MBProgress (5): 1.0/1.2 MB | 0.7/2.3 MB | 415/786 kB | 0.9/4.0 MB | 0/2.6 MBProgress (5): 1.0/1.2 MB | 0.7/2.3 MB | 417/786 kB | 0.9/4.0 MB | 0/2.6 MBProgress (5): 1.0/1.2 MB | 0.7/2.3 MB | 417/786 kB | 0.9/4.0 MB | 0/2.6 MBProgress (5): 1.0/1.2 MB | 0.7/2.3 MB | 420/786 kB | 0.9/4.0 MB | 0/2.6 MBProgress (5): 1.0/1.2 MB | 0.7/2.3 MB | 420/786 kB | 0.9/4.0 MB | 0/2.6 MBProgress (5): 1.0/1.2 MB | 0.7/2.3 MB | 420/786 kB | 0.9/4.0 MB | 0/2.6 MBProgress (5): 1.0/1.2 MB | 0.7/2.3 MB | 423/786 kB | 0.9/4.0 MB | 0/2.6 MBProgress (5): 1.0/1.2 MB | 0.7/2.3 MB | 423/786 kB | 0.9/4.0 MB | 0/2.6 MBProgress (5): 1.0/1.2 MB | 0.7/2.3 MB | 425/786 kB | 0.9/4.0 MB | 0/2.6 MBProgress (5): 1.0/1.2 MB | 0.7/2.3 MB | 428/786 kB | 0.9/4.0 MB | 0/2.6 MBProgress (5): 1.0/1.2 MB | 0.8/2.3 MB | 428/786 kB | 0.9/4.0 MB | 0/2.6 MBProgress (5): 1.0/1.2 MB | 0.8/2.3 MB | 428/786 kB | 0.9/4.0 MB | 0/2.6 MBProgress (5): 1.0/1.2 MB | 0.8/2.3 MB | 428/786 kB | 0.9/4.0 MB | 0/2.6 MBProgress (5): 1.0/1.2 MB | 0.8/2.3 MB | 428/786 kB | 0.9/4.0 MB | 0/2.6 MBProgress (5): 1.0/1.2 MB | 0.8/2.3 MB | 431/786 kB | 0.9/4.0 MB | 0/2.6 MBProgress (5): 1.0/1.2 MB | 0.8/2.3 MB | 431/786 kB | 0.9/4.0 MB | 0/2.6 MBProgress (5): 1.0/1.2 MB | 0.8/2.3 MB | 434/786 kB | 0.9/4.0 MB | 0/2.6 MBProgress (5): 1.0/1.2 MB | 0.8/2.3 MB | 436/786 kB | 0.9/4.0 MB | 0/2.6 MBProgress (5): 1.0/1.2 MB | 0.8/2.3 MB | 439/786 kB | 0.9/4.0 MB | 0/2.6 MBProgress (5): 1.0/1.2 MB | 0.8/2.3 MB | 439/786 kB | 0.9/4.0 MB | 0/2.6 MBProgress (5): 1.0/1.2 MB | 0.8/2.3 MB | 439/786 kB | 0.9/4.0 MB | 0/2.6 MBProgress (5): 1.0/1.2 MB | 0.8/2.3 MB | 442/786 kB | 0.9/4.0 MB | 0/2.6 MBProgress (5): 1.0/1.2 MB | 0.8/2.3 MB | 442/786 kB | 0.9/4.0 MB | 0/2.6 MBProgress (5): 1.0/1.2 MB | 0.8/2.3 MB | 442/786 kB | 0.9/4.0 MB | 0/2.6 MBProgress (5): 1.0/1.2 MB | 0.8/2.3 MB | 442/786 kB | 1.0/4.0 MB | 0/2.6 MBProgress (5): 1.0/1.2 MB | 0.8/2.3 MB | 446/786 kB | 1.0/4.0 MB | 0/2.6 MBProgress (5): 1.0/1.2 MB | 0.8/2.3 MB | 450/786 kB | 1.0/4.0 MB | 0/2.6 MBProgress (5): 1.0/1.2 MB | 0.8/2.3 MB | 454/786 kB | 1.0/4.0 MB | 0/2.6 MBProgress (5): 1.0/1.2 MB | 0.8/2.3 MB | 458/786 kB | 1.0/4.0 MB | 0/2.6 MBProgress (5): 1.0/1.2 MB | 0.8/2.3 MB | 458/786 kB | 1.0/4.0 MB | 0/2.6 MBProgress (5): 1.0/1.2 MB | 0.8/2.3 MB | 458/786 kB | 1.0/4.0 MB | 0/2.6 MBProgress (5): 1.0/1.2 MB | 0.8/2.3 MB | 458/786 kB | 1.0/4.0 MB | 0/2.6 MBProgress (5): 1.0/1.2 MB | 0.8/2.3 MB | 458/786 kB | 1.0/4.0 MB | 0/2.6 MBProgress (5): 1.0/1.2 MB | 0.8/2.3 MB | 458/786 kB | 1.0/4.0 MB | 0/2.6 MBProgress (5): 1.0/1.2 MB | 0.8/2.3 MB | 458/786 kB | 1.0/4.0 MB | 0/2.6 MBProgress (5): 1.0/1.2 MB | 0.8/2.3 MB | 462/786 kB | 1.0/4.0 MB | 0/2.6 MBProgress (5): 1.0/1.2 MB | 0.8/2.3 MB | 466/786 kB | 1.0/4.0 MB | 0/2.6 MBProgress (5): 1.0/1.2 MB | 0.8/2.3 MB | 470/786 kB | 1.0/4.0 MB | 0/2.6 MBProgress (5): 1.0/1.2 MB | 0.8/2.3 MB | 475/786 kB | 1.0/4.0 MB | 0/2.6 MBProgress (5): 1.0/1.2 MB | 0.8/2.3 MB | 475/786 kB | 1.0/4.0 MB | 0/2.6 MBProgress (5): 1.0/1.2 MB | 0.8/2.3 MB | 475/786 kB | 1.0/4.0 MB | 0/2.6 MBProgress (5): 1.0/1.2 MB | 0.8/2.3 MB | 475/786 kB | 1.0/4.0 MB | 0/2.6 MBProgress (5): 1.0/1.2 MB | 0.8/2.3 MB | 475/786 kB | 1.0/4.0 MB | 0/2.6 MBProgress (5): 1.0/1.2 MB | 0.8/2.3 MB | 475/786 kB | 1.0/4.0 MB | 0/2.6 MBProgress (5): 1.0/1.2 MB | 0.9/2.3 MB | 475/786 kB | 1.0/4.0 MB | 0/2.6 MBProgress (5): 1.0/1.2 MB | 0.9/2.3 MB | 479/786 kB | 1.0/4.0 MB | 0/2.6 MBProgress (5): 1.0/1.2 MB | 0.9/2.3 MB | 483/786 kB | 1.0/4.0 MB | 0/2.6 MBProgress (5): 1.0/1.2 MB | 0.9/2.3 MB | 487/786 kB | 1.0/4.0 MB | 0/2.6 MBProgress (5): 1.0/1.2 MB | 0.9/2.3 MB | 491/786 kB | 1.0/4.0 MB | 0/2.6 MBProgress (5): 1.1/1.2 MB | 0.9/2.3 MB | 491/786 kB | 1.0/4.0 MB | 0/2.6 MBProgress (5): 1.1/1.2 MB | 0.9/2.3 MB | 491/786 kB | 1.0/4.0 MB | 0/2.6 MBProgress (5): 1.1/1.2 MB | 0.9/2.3 MB | 491/786 kB | 1.0/4.0 MB | 0.1/2.6 MBProgress (5): 1.1/1.2 MB | 0.9/2.3 MB | 491/786 kB | 1.0/4.0 MB | 0.1/2.6 MBProgress (5): 1.1/1.2 MB | 0.9/2.3 MB | 491/786 kB | 1.0/4.0 MB | 0.1/2.6 MBProgress (5): 1.1/1.2 MB | 0.9/2.3 MB | 491/786 kB | 1.0/4.0 MB | 0.1/2.6 MBProgress (5): 1.1/1.2 MB | 0.9/2.3 MB | 491/786 kB | 1.0/4.0 MB | 0.1/2.6 MBProgress (5): 1.1/1.2 MB | 0.9/2.3 MB | 491/786 kB | 1.1/4.0 MB | 0.1/2.6 MBProgress (5): 1.1/1.2 MB | 0.9/2.3 MB | 491/786 kB | 1.1/4.0 MB | 0.1/2.6 MBProgress (5): 1.1/1.2 MB | 0.9/2.3 MB | 491/786 kB | 1.1/4.0 MB | 0.1/2.6 MBProgress (5): 1.1/1.2 MB | 0.9/2.3 MB | 491/786 kB | 1.1/4.0 MB | 0.1/2.6 MBProgress (5): 1.1/1.2 MB | 0.9/2.3 MB | 491/786 kB | 1.1/4.0 MB | 0.1/2.6 MBProgress (5): 1.1/1.2 MB | 0.9/2.3 MB | 495/786 kB | 1.1/4.0 MB | 0.1/2.6 MBProgress (5): 1.1/1.2 MB | 0.9/2.3 MB | 499/786 kB | 1.1/4.0 MB | 0.1/2.6 MBProgress (5): 1.1/1.2 MB | 0.9/2.3 MB | 503/786 kB | 1.1/4.0 MB | 0.1/2.6 MBProgress (5): 1.1/1.2 MB | 0.9/2.3 MB | 507/786 kB | 1.1/4.0 MB | 0.1/2.6 MBProgress (5): 1.1/1.2 MB | 0.9/2.3 MB | 507/786 kB | 1.1/4.0 MB | 0.1/2.6 MBProgress (5): 1.1/1.2 MB | 0.9/2.3 MB | 507/786 kB | 1.1/4.0 MB | 0.1/2.6 MBProgress (5): 1.1/1.2 MB | 0.9/2.3 MB | 507/786 kB | 1.1/4.0 MB | 0.1/2.6 MBProgress (5): 1.1/1.2 MB | 0.9/2.3 MB | 507/786 kB | 1.1/4.0 MB | 0.1/2.6 MBProgress (5): 1.1/1.2 MB | 0.9/2.3 MB | 507/786 kB | 1.1/4.0 MB | 0.1/2.6 MBProgress (5): 1.1/1.2 MB | 0.9/2.3 MB | 507/786 kB | 1.1/4.0 MB | 0.1/2.6 MBProgress (5): 1.1/1.2 MB | 0.9/2.3 MB | 507/786 kB | 1.1/4.0 MB | 0.1/2.6 MBProgress (5): 1.1/1.2 MB | 0.9/2.3 MB | 507/786 kB | 1.1/4.0 MB | 0.1/2.6 MBProgress (5): 1.1/1.2 MB | 0.9/2.3 MB | 511/786 kB | 1.1/4.0 MB | 0.1/2.6 MBProgress (5): 1.1/1.2 MB | 0.9/2.3 MB | 516/786 kB | 1.1/4.0 MB | 0.1/2.6 MBProgress (5): 1.1/1.2 MB | 0.9/2.3 MB | 520/786 kB | 1.1/4.0 MB | 0.1/2.6 MBProgress (5): 1.1/1.2 MB | 0.9/2.3 MB | 524/786 kB | 1.1/4.0 MB | 0.1/2.6 MBProgress (5): 1.1/1.2 MB | 0.9/2.3 MB | 528/786 kB | 1.1/4.0 MB | 0.1/2.6 MBProgress (5): 1.1/1.2 MB | 0.9/2.3 MB | 532/786 kB | 1.1/4.0 MB | 0.1/2.6 MBProgress (5): 1.1/1.2 MB | 0.9/2.3 MB | 536/786 kB | 1.1/4.0 MB | 0.1/2.6 MBProgress (5): 1.1/1.2 MB | 0.9/2.3 MB | 540/786 kB | 1.1/4.0 MB | 0.1/2.6 MBProgress (5): 1.1/1.2 MB | 0.9/2.3 MB | 540/786 kB | 1.1/4.0 MB | 0.1/2.6 MBProgress (5): 1.1/1.2 MB | 0.9/2.3 MB | 540/786 kB | 1.1/4.0 MB | 0.1/2.6 MBProgress (5): 1.1/1.2 MB | 0.9/2.3 MB | 540/786 kB | 1.1/4.0 MB | 0.1/2.6 MBProgress (5): 1.1/1.2 MB | 0.9/2.3 MB | 540/786 kB | 1.1/4.0 MB | 0.1/2.6 MBProgress (5): 1.1/1.2 MB | 0.9/2.3 MB | 540/786 kB | 1.1/4.0 MB | 0.1/2.6 MBProgress (5): 1.1/1.2 MB | 0.9/2.3 MB | 540/786 kB | 1.1/4.0 MB | 0.1/2.6 MBProgress (5): 1.1/1.2 MB | 0.9/2.3 MB | 540/786 kB | 1.1/4.0 MB | 0.1/2.6 MBProgress (5): 1.1/1.2 MB | 0.9/2.3 MB | 544/786 kB | 1.1/4.0 MB | 0.1/2.6 MBProgress (5): 1.1/1.2 MB | 0.9/2.3 MB | 548/786 kB | 1.1/4.0 MB | 0.1/2.6 MBProgress (5): 1.1/1.2 MB | 0.9/2.3 MB | 552/786 kB | 1.1/4.0 MB | 0.1/2.6 MBProgress (5): 1.1/1.2 MB | 0.9/2.3 MB | 557/786 kB | 1.1/4.0 MB | 0.1/2.6 MBProgress (5): 1.1/1.2 MB | 1.0/2.3 MB | 557/786 kB | 1.1/4.0 MB | 0.1/2.6 MBProgress (5): 1.1/1.2 MB | 1.0/2.3 MB | 557/786 kB | 1.2/4.0 MB | 0.1/2.6 MBProgress (5): 1.1/1.2 MB | 1.0/2.3 MB | 557/786 kB | 1.2/4.0 MB | 0.1/2.6 MBProgress (5): 1.2/1.2 MB | 1.0/2.3 MB | 557/786 kB | 1.2/4.0 MB | 0.1/2.6 MBProgress (5): 1.2/1.2 MB | 1.0/2.3 MB | 557/786 kB | 1.2/4.0 MB | 0.1/2.6 MBProgress (5): 1.2/1.2 MB | 1.0/2.3 MB | 557/786 kB | 1.2/4.0 MB | 0.1/2.6 MBProgress (5): 1.2/1.2 MB | 1.0/2.3 MB | 561/786 kB | 1.2/4.0 MB | 0.1/2.6 MBProgress (5): 1.2/1.2 MB | 1.0/2.3 MB | 565/786 kB | 1.2/4.0 MB | 0.1/2.6 MBProgress (5): 1.2/1.2 MB | 1.0/2.3 MB | 569/786 kB | 1.2/4.0 MB | 0.1/2.6 MBProgress (5): 1.2/1.2 MB | 1.0/2.3 MB | 573/786 kB | 1.2/4.0 MB | 0.1/2.6 MBProgress (5): 1.2/1.2 MB | 1.0/2.3 MB | 573/786 kB | 1.2/4.0 MB | 0.1/2.6 MBProgress (5): 1.2/1.2 MB | 1.0/2.3 MB | 576/786 kB | 1.2/4.0 MB | 0.1/2.6 MBProgress (5): 1.2/1.2 MB | 1.0/2.3 MB | 576/786 kB | 1.2/4.0 MB | 0.1/2.6 MBProgress (5): 1.2/1.2 MB | 1.0/2.3 MB | 576/786 kB | 1.2/4.0 MB | 0.1/2.6 MBProgress (5): 1.2/1.2 MB | 1.0/2.3 MB | 578/786 kB | 1.2/4.0 MB | 0.1/2.6 MBProgress (5): 1.2/1.2 MB | 1.0/2.3 MB | 578/786 kB | 1.2/4.0 MB | 0.1/2.6 MBProgress (5): 1.2/1.2 MB | 1.0/2.3 MB | 578/786 kB | 1.2/4.0 MB | 0.1/2.6 MBProgress (5): 1.2/1.2 MB | 1.0/2.3 MB | 578/786 kB | 1.2/4.0 MB | 0.1/2.6 MBProgress (5): 1.2/1.2 MB | 1.0/2.3 MB | 581/786 kB | 1.2/4.0 MB | 0.1/2.6 MBProgress (5): 1.2/1.2 MB | 1.0/2.3 MB | 581/786 kB | 1.2/4.0 MB | 0.1/2.6 MBProgress (5): 1.2/1.2 MB | 1.0/2.3 MB | 581/786 kB | 1.2/4.0 MB | 0.1/2.6 MBProgress (5): 1.2/1.2 MB | 1.0/2.3 MB | 581/786 kB | 1.2/4.0 MB | 0.1/2.6 MBProgress (5): 1.2/1.2 MB | 1.0/2.3 MB | 584/786 kB | 1.2/4.0 MB | 0.1/2.6 MBProgress (5): 1.2/1.2 MB | 1.0/2.3 MB | 584/786 kB | 1.2/4.0 MB | 0.1/2.6 MBProgress (5): 1.2/1.2 MB | 1.0/2.3 MB | 587/786 kB | 1.2/4.0 MB | 0.1/2.6 MBProgress (5): 1.2/1.2 MB | 1.0/2.3 MB | 589/786 kB | 1.2/4.0 MB | 0.1/2.6 MBProgress (5): 1.2/1.2 MB | 1.0/2.3 MB | 592/786 kB | 1.2/4.0 MB | 0.1/2.6 MBProgress (5): 1.2/1.2 MB | 1.0/2.3 MB | 595/786 kB | 1.2/4.0 MB | 0.1/2.6 MBProgress (5): 1.2/1.2 MB | 1.0/2.3 MB | 595/786 kB | 1.2/4.0 MB | 0.1/2.6 MBProgress (5): 1.2/1.2 MB | 1.0/2.3 MB | 595/786 kB | 1.2/4.0 MB | 0.1/2.6 MBProgress (5): 1.2/1.2 MB | 1.0/2.3 MB | 598/786 kB | 1.2/4.0 MB | 0.1/2.6 MBProgress (5): 1.2/1.2 MB | 1.0/2.3 MB | 600/786 kB | 1.2/4.0 MB | 0.1/2.6 MBProgress (5): 1.2/1.2 MB | 1.0/2.3 MB | 600/786 kB | 1.2/4.0 MB | 0.1/2.6 MBProgress (5): 1.2/1.2 MB | 1.1/2.3 MB | 600/786 kB | 1.2/4.0 MB | 0.1/2.6 MBProgress (5): 1.2/1.2 MB | 1.1/2.3 MB | 603/786 kB | 1.2/4.0 MB | 0.1/2.6 MBProgress (5): 1.2/1.2 MB | 1.1/2.3 MB | 603/786 kB | 1.2/4.0 MB | 0.1/2.6 MBProgress (5): 1.2/1.2 MB | 1.1/2.3 MB | 603/786 kB | 1.2/4.0 MB | 0.1/2.6 MBProgress (5): 1.2/1.2 MB | 1.1/2.3 MB | 603/786 kB | 1.2/4.0 MB | 0.1/2.6 MBProgress (5): 1.2/1.2 MB | 1.1/2.3 MB | 603/786 kB | 1.3/4.0 MB | 0.1/2.6 MBProgress (5): 1.2/1.2 MB | 1.1/2.3 MB | 606/786 kB | 1.3/4.0 MB | 0.1/2.6 MBProgress (5): 1.2/1.2 MB | 1.1/2.3 MB | 606/786 kB | 1.3/4.0 MB | 0.2/2.6 MBProgress (5): 1.2/1.2 MB | 1.1/2.3 MB | 606/786 kB | 1.3/4.0 MB | 0.2/2.6 MBProgress (5): 1.2/1.2 MB | 1.1/2.3 MB | 606/786 kB | 1.3/4.0 MB | 0.2/2.6 MBProgress (5): 1.2 MB | 1.1/2.3 MB | 606/786 kB | 1.3/4.0 MB | 0.2/2.6 MB    Progress (5): 1.2 MB | 1.1/2.3 MB | 610/786 kB | 1.3/4.0 MB | 0.2/2.6 MBProgress (5): 1.2 MB | 1.1/2.3 MB | 614/786 kB | 1.3/4.0 MB | 0.2/2.6 MBProgress (5): 1.2 MB | 1.1/2.3 MB | 618/786 kB | 1.3/4.0 MB | 0.2/2.6 MBProgress (5): 1.2 MB | 1.1/2.3 MB | 622/786 kB | 1.3/4.0 MB | 0.2/2.6 MBProgress (5): 1.2 MB | 1.1/2.3 MB | 622/786 kB | 1.3/4.0 MB | 0.2/2.6 MBProgress (5): 1.2 MB | 1.1/2.3 MB | 622/786 kB | 1.3/4.0 MB | 0.2/2.6 MBProgress (5): 1.2 MB | 1.1/2.3 MB | 622/786 kB | 1.3/4.0 MB | 0.2/2.6 MBProgress (5): 1.2 MB | 1.1/2.3 MB | 622/786 kB | 1.3/4.0 MB | 0.2/2.6 MBProgress (5): 1.2 MB | 1.1/2.3 MB | 622/786 kB | 1.3/4.0 MB | 0.2/2.6 MBProgress (5): 1.2 MB | 1.1/2.3 MB | 626/786 kB | 1.3/4.0 MB | 0.2/2.6 MBProgress (5): 1.2 MB | 1.1/2.3 MB | 630/786 kB | 1.3/4.0 MB | 0.2/2.6 MBProgress (5): 1.2 MB | 1.1/2.3 MB | 634/786 kB | 1.3/4.0 MB | 0.2/2.6 MBProgress (5): 1.2 MB | 1.1/2.3 MB | 638/786 kB | 1.3/4.0 MB | 0.2/2.6 MBProgress (5): 1.2 MB | 1.1/2.3 MB | 638/786 kB | 1.3/4.0 MB | 0.2/2.6 MBProgress (5): 1.2 MB | 1.1/2.3 MB | 638/786 kB | 1.3/4.0 MB | 0.2/2.6 MB                                                                        Downloaded from central: https://repo.maven.apache.org/maven2/com/fasterxml/jackson/core/jackson-databind/2.8.9/jackson-databind-2.8.9.jar (1.2 MB at 35 kB/s)
Downloading from central: https://repo.maven.apache.org/maven2/com/google/code/findbugs/jsr305/1.3.9/jsr305-1.3.9.jar
Progress (4): 1.1/2.3 MB | 638/786 kB | 1.3/4.0 MB | 0.2/2.6 MBProgress (4): 1.1/2.3 MB | 638/786 kB | 1.3/4.0 MB | 0.2/2.6 MBProgress (4): 1.1/2.3 MB | 643/786 kB | 1.3/4.0 MB | 0.2/2.6 MBProgress (4): 1.1/2.3 MB | 647/786 kB | 1.3/4.0 MB | 0.2/2.6 MBProgress (4): 1.1/2.3 MB | 651/786 kB | 1.3/4.0 MB | 0.2/2.6 MBProgress (4): 1.1/2.3 MB | 655/786 kB | 1.3/4.0 MB | 0.2/2.6 MBProgress (4): 1.2/2.3 MB | 655/786 kB | 1.3/4.0 MB | 0.2/2.6 MBProgress (4): 1.2/2.3 MB | 655/786 kB | 1.4/4.0 MB | 0.2/2.6 MBProgress (4): 1.2/2.3 MB | 655/786 kB | 1.4/4.0 MB | 0.2/2.6 MBProgress (4): 1.2/2.3 MB | 655/786 kB | 1.4/4.0 MB | 0.2/2.6 MBProgress (4): 1.2/2.3 MB | 659/786 kB | 1.4/4.0 MB | 0.2/2.6 MBProgress (4): 1.2/2.3 MB | 663/786 kB | 1.4/4.0 MB | 0.2/2.6 MBProgress (4): 1.2/2.3 MB | 667/786 kB | 1.4/4.0 MB | 0.2/2.6 MBProgress (4): 1.2/2.3 MB | 671/786 kB | 1.4/4.0 MB | 0.2/2.6 MBProgress (4): 1.2/2.3 MB | 671/786 kB | 1.4/4.0 MB | 0.2/2.6 MBProgress (5): 1.2/2.3 MB | 671/786 kB | 1.4/4.0 MB | 0.2/2.6 MB | 2.8/33 kBProgress (5): 1.2/2.3 MB | 671/786 kB | 1.4/4.0 MB | 0.2/2.6 MB | 5.5/33 kBProgress (5): 1.2/2.3 MB | 671/786 kB | 1.4/4.0 MB | 0.2/2.6 MB | 8.3/33 kBProgress (5): 1.2/2.3 MB | 671/786 kB | 1.4/4.0 MB | 0.2/2.6 MB | 11/33 kB Progress (5): 1.2/2.3 MB | 671/786 kB | 1.4/4.0 MB | 0.2/2.6 MB | 14/33 kBProgress (5): 1.2/2.3 MB | 671/786 kB | 1.4/4.0 MB | 0.2/2.6 MB | 16/33 kBProgress (5): 1.2/2.3 MB | 671/786 kB | 1.4/4.0 MB | 0.2/2.6 MB | 19/33 kBProgress (5): 1.2/2.3 MB | 671/786 kB | 1.4/4.0 MB | 0.2/2.6 MB | 22/33 kBProgress (5): 1.2/2.3 MB | 671/786 kB | 1.4/4.0 MB | 0.2/2.6 MB | 25/33 kBProgress (5): 1.2/2.3 MB | 671/786 kB | 1.4/4.0 MB | 0.2/2.6 MB | 27/33 kBProgress (5): 1.2/2.3 MB | 671/786 kB | 1.4/4.0 MB | 0.2/2.6 MB | 30/33 kBProgress (5): 1.2/2.3 MB | 671/786 kB | 1.4/4.0 MB | 0.2/2.6 MB | 33/33 kBProgress (5): 1.2/2.3 MB | 671/786 kB | 1.4/4.0 MB | 0.2/2.6 MB | 33/33 kBProgress (5): 1.2/2.3 MB | 671/786 kB | 1.4/4.0 MB | 0.2/2.6 MB | 33/33 kBProgress (5): 1.2/2.3 MB | 671/786 kB | 1.4/4.0 MB | 0.2/2.6 MB | 33/33 kBProgress (5): 1.2/2.3 MB | 671/786 kB | 1.4/4.0 MB | 0.2/2.6 MB | 33/33 kBProgress (5): 1.2/2.3 MB | 675/786 kB | 1.4/4.0 MB | 0.2/2.6 MB | 33/33 kBProgress (5): 1.2/2.3 MB | 679/786 kB | 1.4/4.0 MB | 0.2/2.6 MB | 33/33 kBProgress (5): 1.2/2.3 MB | 683/786 kB | 1.4/4.0 MB | 0.2/2.6 MB | 33/33 kBProgress (5): 1.2/2.3 MB | 688/786 kB | 1.4/4.0 MB | 0.2/2.6 MB | 33/33 kBProgress (5): 1.2/2.3 MB | 688/786 kB | 1.4/4.0 MB | 0.2/2.6 MB | 33 kB   Progress (5): 1.2/2.3 MB | 688/786 kB | 1.4/4.0 MB | 0.2/2.6 MB | 33 kBProgress (5): 1.2/2.3 MB | 688/786 kB | 1.4/4.0 MB | 0.2/2.6 MB | 33 kBProgress (5): 1.2/2.3 MB | 688/786 kB | 1.4/4.0 MB | 0.2/2.6 MB | 33 kBProgress (5): 1.3/2.3 MB | 688/786 kB | 1.4/4.0 MB | 0.2/2.6 MB | 33 kBProgress (5): 1.3/2.3 MB | 688/786 kB | 1.4/4.0 MB | 0.2/2.6 MB | 33 kBProgress (5): 1.3/2.3 MB | 688/786 kB | 1.4/4.0 MB | 0.2/2.6 MB | 33 kBProgress (5): 1.3/2.3 MB | 688/786 kB | 1.5/4.0 MB | 0.2/2.6 MB | 33 kBProgress (5): 1.3/2.3 MB | 688/786 kB | 1.5/4.0 MB | 0.3/2.6 MB | 33 kBProgress (5): 1.3/2.3 MB | 692/786 kB | 1.5/4.0 MB | 0.3/2.6 MB | 33 kBProgress (5): 1.3/2.3 MB | 696/786 kB | 1.5/4.0 MB | 0.3/2.6 MB | 33 kBProgress (5): 1.3/2.3 MB | 700/786 kB | 1.5/4.0 MB | 0.3/2.6 MB | 33 kBProgress (5): 1.3/2.3 MB | 704/786 kB | 1.5/4.0 MB | 0.3/2.6 MB | 33 kBProgress (5): 1.3/2.3 MB | 708/786 kB | 1.5/4.0 MB | 0.3/2.6 MB | 33 kBProgress (5): 1.3/2.3 MB | 712/786 kB | 1.5/4.0 MB | 0.3/2.6 MB | 33 kBProgress (5): 1.3/2.3 MB | 716/786 kB | 1.5/4.0 MB | 0.3/2.6 MB | 33 kBProgress (5): 1.3/2.3 MB | 720/786 kB | 1.5/4.0 MB | 0.3/2.6 MB | 33 kBProgress (5): 1.3/2.3 MB | 720/786 kB | 1.5/4.0 MB | 0.3/2.6 MB | 33 kB                                                                       Downloaded from central: https://repo.maven.apache.org/maven2/com/google/code/findbugs/jsr305/1.3.9/jsr305-1.3.9.jar (33 kB at 917 B/s)
Downloading from central: https://repo.maven.apache.org/maven2/com/google/errorprone/error_prone_annotations/2.0.18/error_prone_annotations-2.0.18.jar
Progress (4): 1.3/2.3 MB | 720/786 kB | 1.5/4.0 MB | 0.3/2.6 MBProgress (4): 1.3/2.3 MB | 724/786 kB | 1.5/4.0 MB | 0.3/2.6 MBProgress (4): 1.3/2.3 MB | 729/786 kB | 1.5/4.0 MB | 0.3/2.6 MBProgress (4): 1.3/2.3 MB | 733/786 kB | 1.5/4.0 MB | 0.3/2.6 MBProgress (4): 1.3/2.3 MB | 737/786 kB | 1.5/4.0 MB | 0.3/2.6 MBProgress (4): 1.3/2.3 MB | 737/786 kB | 1.5/4.0 MB | 0.3/2.6 MBProgress (4): 1.3/2.3 MB | 739/786 kB | 1.5/4.0 MB | 0.3/2.6 MBProgress (4): 1.3/2.3 MB | 742/786 kB | 1.5/4.0 MB | 0.3/2.6 MBProgress (4): 1.3/2.3 MB | 742/786 kB | 1.5/4.0 MB | 0.3/2.6 MBProgress (4): 1.3/2.3 MB | 742/786 kB | 1.5/4.0 MB | 0.3/2.6 MBProgress (4): 1.3/2.3 MB | 745/786 kB | 1.5/4.0 MB | 0.3/2.6 MBProgress (4): 1.3/2.3 MB | 748/786 kB | 1.5/4.0 MB | 0.3/2.6 MBProgress (4): 1.3/2.3 MB | 748/786 kB | 1.5/4.0 MB | 0.3/2.6 MBProgress (4): 1.3/2.3 MB | 751/786 kB | 1.5/4.0 MB | 0.3/2.6 MBProgress (4): 1.3/2.3 MB | 753/786 kB | 1.5/4.0 MB | 0.3/2.6 MBProgress (4): 1.3/2.3 MB | 753/786 kB | 1.5/4.0 MB | 0.3/2.6 MBProgress (5): 1.3/2.3 MB | 753/786 kB | 1.5/4.0 MB | 0.3/2.6 MB | 2.2/12 kBProgress (5): 1.3/2.3 MB | 753/786 kB | 1.5/4.0 MB | 0.3/2.6 MB | 5.0/12 kBProgress (5): 1.3/2.3 MB | 753/786 kB | 1.5/4.0 MB | 0.3/2.6 MB | 7.7/12 kBProgress (5): 1.3/2.3 MB | 753/786 kB | 1.5/4.0 MB | 0.3/2.6 MB | 10/12 kB Progress (5): 1.3/2.3 MB | 753/786 kB | 1.5/4.0 MB | 0.3/2.6 MB | 12 kB   Progress (5): 1.3/2.3 MB | 753/786 kB | 1.5/4.0 MB | 0.3/2.6 MB | 12 kBProgress (5): 1.3/2.3 MB | 756/786 kB | 1.5/4.0 MB | 0.3/2.6 MB | 12 kBProgress (5): 1.3/2.3 MB | 756/786 kB | 1.5/4.0 MB | 0.3/2.6 MB | 12 kBProgress (5): 1.3/2.3 MB | 759/786 kB | 1.5/4.0 MB | 0.3/2.6 MB | 12 kBProgress (5): 1.3/2.3 MB | 761/786 kB | 1.5/4.0 MB | 0.3/2.6 MB | 12 kBProgress (5): 1.4/2.3 MB | 761/786 kB | 1.5/4.0 MB | 0.3/2.6 MB | 12 kBProgress (5): 1.4/2.3 MB | 764/786 kB | 1.5/4.0 MB | 0.3/2.6 MB | 12 kBProgress (5): 1.4/2.3 MB | 764/786 kB | 1.5/4.0 MB | 0.3/2.6 MB | 12 kBProgress (5): 1.4/2.3 MB | 767/786 kB | 1.5/4.0 MB | 0.3/2.6 MB | 12 kBProgress (5): 1.4/2.3 MB | 767/786 kB | 1.5/4.0 MB | 0.3/2.6 MB | 12 kBProgress (5): 1.4/2.3 MB | 770/786 kB | 1.5/4.0 MB | 0.3/2.6 MB | 12 kBProgress (5): 1.4/2.3 MB | 770/786 kB | 1.5/4.0 MB | 0.3/2.6 MB | 12 kB                                                                       Downloaded from central: https://repo.maven.apache.org/maven2/com/google/errorprone/error_prone_annotations/2.0.18/error_prone_annotations-2.0.18.jar (12 kB at 332 B/s)
Downloading from central: https://repo.maven.apache.org/maven2/com/google/j2objc/j2objc-annotations/1.1/j2objc-annotations-1.1.jar
Progress (4): 1.4/2.3 MB | 770/786 kB | 1.5/4.0 MB | 0.3/2.6 MBProgress (4): 1.4/2.3 MB | 770/786 kB | 1.5/4.0 MB | 0.3/2.6 MBProgress (4): 1.4/2.3 MB | 774/786 kB | 1.5/4.0 MB | 0.3/2.6 MBProgress (4): 1.4/2.3 MB | 778/786 kB | 1.5/4.0 MB | 0.3/2.6 MBProgress (4): 1.4/2.3 MB | 782/786 kB | 1.5/4.0 MB | 0.3/2.6 MBProgress (4): 1.4/2.3 MB | 786/786 kB | 1.5/4.0 MB | 0.3/2.6 MBProgress (4): 1.4/2.3 MB | 786 kB | 1.5/4.0 MB | 0.3/2.6 MB    Progress (4): 1.4/2.3 MB | 786 kB | 1.6/4.0 MB | 0.3/2.6 MBProgress (4): 1.4/2.3 MB | 786 kB | 1.6/4.0 MB | 0.3/2.6 MBProgress (4): 1.4/2.3 MB | 786 kB | 1.6/4.0 MB | 0.3/2.6 MBProgress (4): 1.4/2.3 MB | 786 kB | 1.6/4.0 MB | 0.3/2.6 MBProgress (4): 1.4/2.3 MB | 786 kB | 1.6/4.0 MB | 0.3/2.6 MBProgress (5): 1.4/2.3 MB | 786 kB | 1.6/4.0 MB | 0.3/2.6 MB | 2.2/8.8 kBProgress (5): 1.4/2.3 MB | 786 kB | 1.6/4.0 MB | 0.3/2.6 MB | 5.0/8.8 kBProgress (5): 1.4/2.3 MB | 786 kB | 1.6/4.0 MB | 0.3/2.6 MB | 7.7/8.8 kBProgress (5): 1.4/2.3 MB | 786 kB | 1.6/4.0 MB | 0.3/2.6 MB | 8.8 kB    Progress (5): 1.4/2.3 MB | 786 kB | 1.6/4.0 MB | 0.3/2.6 MB | 8.8 kB                                                                    Downloaded from central: https://repo.maven.apache.org/maven2/org/bouncycastle/bcpkix-jdk15on/1.58/bcpkix-jdk15on-1.58.jar (786 kB at 21 kB/s)
Downloading from central: https://repo.maven.apache.org/maven2/org/codehaus/mojo/animal-sniffer-annotations/1.14/animal-sniffer-annotations-1.14.jar
Progress (4): 1.4/2.3 MB | 1.6/4.0 MB | 0.3/2.6 MB | 8.8 kBProgress (4): 1.4/2.3 MB | 1.6/4.0 MB | 0.4/2.6 MB | 8.8 kBProgress (4): 1.4/2.3 MB | 1.6/4.0 MB | 0.4/2.6 MB | 8.8 kBProgress (4): 1.5/2.3 MB | 1.6/4.0 MB | 0.4/2.6 MB | 8.8 kBProgress (4): 1.5/2.3 MB | 1.6/4.0 MB | 0.4/2.6 MB | 8.8 kBProgress (4): 1.5/2.3 MB | 1.6/4.0 MB | 0.4/2.6 MB | 8.8 kB                                                           Downloaded from central: https://repo.maven.apache.org/maven2/com/google/j2objc/j2objc-annotations/1.1/j2objc-annotations-1.1.jar (8.8 kB at 239 B/s)
Progress (4): 1.5/2.3 MB | 1.6/4.0 MB | 0.4/2.6 MB | 2.2/3.5 kBProgress (4): 1.5/2.3 MB | 1.6/4.0 MB | 0.4/2.6 MB | 3.5 kB    Progress (4): 1.5/2.3 MB | 1.6/4.0 MB | 0.4/2.6 MB | 3.5 kBProgress (4): 1.5/2.3 MB | 1.7/4.0 MB | 0.4/2.6 MB | 3.5 kBProgress (4): 1.5/2.3 MB | 1.7/4.0 MB | 0.4/2.6 MB | 3.5 kBProgress (4): 1.5/2.3 MB | 1.7/4.0 MB | 0.4/2.6 MB | 3.5 kBProgress (4): 1.5/2.3 MB | 1.7/4.0 MB | 0.4/2.6 MB | 3.5 kBProgress (4): 1.5/2.3 MB | 1.7/4.0 MB | 0.4/2.6 MB | 3.5 kBProgress (4): 1.5/2.3 MB | 1.7/4.0 MB | 0.4/2.6 MB | 3.5 kB                                                           Downloaded from central: https://repo.maven.apache.org/maven2/org/codehaus/mojo/animal-sniffer-annotations/1.14/animal-sniffer-annotations-1.14.jar (3.5 kB at 94 B/s)
Progress (3): 1.5/2.3 MB | 1.7/4.0 MB | 0.4/2.6 MBProgress (3): 1.5/2.3 MB | 1.7/4.0 MB | 0.4/2.6 MBProgress (3): 1.6/2.3 MB | 1.7/4.0 MB | 0.4/2.6 MBProgress (3): 1.6/2.3 MB | 1.7/4.0 MB | 0.4/2.6 MBProgress (3): 1.6/2.3 MB | 1.7/4.0 MB | 0.4/2.6 MBProgress (3): 1.6/2.3 MB | 1.7/4.0 MB | 0.4/2.6 MBProgress (3): 1.6/2.3 MB | 1.7/4.0 MB | 0.4/2.6 MBProgress (3): 1.6/2.3 MB | 1.8/4.0 MB | 0.4/2.6 MBProgress (3): 1.6/2.3 MB | 1.8/4.0 MB | 0.4/2.6 MBProgress (3): 1.6/2.3 MB | 1.8/4.0 MB | 0.4/2.6 MBProgress (3): 1.6/2.3 MB | 1.8/4.0 MB | 0.4/2.6 MBProgress (3): 1.6/2.3 MB | 1.8/4.0 MB | 0.4/2.6 MBProgress (3): 1.6/2.3 MB | 1.8/4.0 MB | 0.4/2.6 MBProgress (3): 1.6/2.3 MB | 1.8/4.0 MB | 0.4/2.6 MBProgress (3): 1.6/2.3 MB | 1.8/4.0 MB | 0.5/2.6 MBProgress (3): 1.7/2.3 MB | 1.8/4.0 MB | 0.5/2.6 MBProgress (3): 1.7/2.3 MB | 1.8/4.0 MB | 0.5/2.6 MBProgress (3): 1.7/2.3 MB | 1.8/4.0 MB | 0.5/2.6 MBProgress (3): 1.7/2.3 MB | 1.8/4.0 MB | 0.5/2.6 MBProgress (3): 1.7/2.3 MB | 1.8/4.0 MB | 0.5/2.6 MBProgress (3): 1.7/2.3 MB | 1.9/4.0 MB | 0.5/2.6 MBProgress (3): 1.7/2.3 MB | 1.9/4.0 MB | 0.5/2.6 MBProgress (3): 1.7/2.3 MB | 1.9/4.0 MB | 0.5/2.6 MBProgress (3): 1.7/2.3 MB | 1.9/4.0 MB | 0.5/2.6 MBProgress (3): 1.7/2.3 MB | 1.9/4.0 MB | 0.5/2.6 MBProgress (3): 1.7/2.3 MB | 1.9/4.0 MB | 0.5/2.6 MBProgress (3): 1.7/2.3 MB | 1.9/4.0 MB | 0.5/2.6 MBProgress (3): 1.7/2.3 MB | 1.9/4.0 MB | 0.5/2.6 MBProgress (3): 1.8/2.3 MB | 1.9/4.0 MB | 0.5/2.6 MBProgress (3): 1.8/2.3 MB | 1.9/4.0 MB | 0.5/2.6 MBProgress (3): 1.8/2.3 MB | 1.9/4.0 MB | 0.5/2.6 MBProgress (3): 1.8/2.3 MB | 1.9/4.0 MB | 0.5/2.6 MBProgress (3): 1.8/2.3 MB | 1.9/4.0 MB | 0.5/2.6 MBProgress (3): 1.8/2.3 MB | 2.0/4.0 MB | 0.5/2.6 MBProgress (3): 1.8/2.3 MB | 2.0/4.0 MB | 0.5/2.6 MBProgress (3): 1.8/2.3 MB | 2.0/4.0 MB | 0.5/2.6 MBProgress (3): 1.8/2.3 MB | 2.0/4.0 MB | 0.5/2.6 MBProgress (3): 1.8/2.3 MB | 2.0/4.0 MB | 0.6/2.6 MBProgress (3): 1.8/2.3 MB | 2.0/4.0 MB | 0.6/2.6 MBProgress (3): 1.8/2.3 MB | 2.0/4.0 MB | 0.6/2.6 MBProgress (3): 1.8/2.3 MB | 2.0/4.0 MB | 0.6/2.6 MBProgress (3): 1.9/2.3 MB | 2.0/4.0 MB | 0.6/2.6 MBProgress (3): 1.9/2.3 MB | 2.0/4.0 MB | 0.6/2.6 MBProgress (3): 1.9/2.3 MB | 2.0/4.0 MB | 0.6/2.6 MBProgress (3): 1.9/2.3 MB | 2.0/4.0 MB | 0.6/2.6 MBProgress (3): 1.9/2.3 MB | 2.0/4.0 MB | 0.6/2.6 MBProgress (3): 1.9/2.3 MB | 2.0/4.0 MB | 0.6/2.6 MBProgress (3): 1.9/2.3 MB | 2.1/4.0 MB | 0.6/2.6 MBProgress (3): 1.9/2.3 MB | 2.1/4.0 MB | 0.6/2.6 MBProgress (3): 1.9/2.3 MB | 2.1/4.0 MB | 0.6/2.6 MBProgress (3): 1.9/2.3 MB | 2.1/4.0 MB | 0.6/2.6 MBProgress (3): 1.9/2.3 MB | 2.1/4.0 MB | 0.6/2.6 MBProgress (3): 1.9/2.3 MB | 2.1/4.0 MB | 0.6/2.6 MBProgress (3): 1.9/2.3 MB | 2.1/4.0 MB | 0.6/2.6 MBProgress (3): 1.9/2.3 MB | 2.1/4.0 MB | 0.6/2.6 MBProgress (3): 1.9/2.3 MB | 2.1/4.0 MB | 0.6/2.6 MBProgress (3): 2.0/2.3 MB | 2.1/4.0 MB | 0.6/2.6 MBProgress (3): 2.0/2.3 MB | 2.1/4.0 MB | 0.6/2.6 MBProgress (3): 2.0/2.3 MB | 2.1/4.0 MB | 0.6/2.6 MBProgress (3): 2.0/2.3 MB | 2.1/4.0 MB | 0.6/2.6 MBProgress (3): 2.0/2.3 MB | 2.1/4.0 MB | 0.6/2.6 MBProgress (3): 2.0/2.3 MB | 2.1/4.0 MB | 0.7/2.6 MBProgress (3): 2.0/2.3 MB | 2.2/4.0 MB | 0.7/2.6 MBProgress (3): 2.0/2.3 MB | 2.2/4.0 MB | 0.7/2.6 MBProgress (3): 2.0/2.3 MB | 2.2/4.0 MB | 0.7/2.6 MBProgress (3): 2.0/2.3 MB | 2.2/4.0 MB | 0.7/2.6 MBProgress (3): 2.0/2.3 MB | 2.2/4.0 MB | 0.7/2.6 MBProgress (3): 2.0/2.3 MB | 2.2/4.0 MB | 0.7/2.6 MBProgress (3): 2.0/2.3 MB | 2.2/4.0 MB | 0.7/2.6 MBProgress (3): 2.0/2.3 MB | 2.2/4.0 MB | 0.7/2.6 MBProgress (3): 2.1/2.3 MB | 2.2/4.0 MB | 0.7/2.6 MBProgress (3): 2.1/2.3 MB | 2.2/4.0 MB | 0.7/2.6 MBProgress (3): 2.1/2.3 MB | 2.2/4.0 MB | 0.7/2.6 MBProgress (3): 2.1/2.3 MB | 2.2/4.0 MB | 0.7/2.6 MBProgress (3): 2.1/2.3 MB | 2.2/4.0 MB | 0.7/2.6 MBProgress (3): 2.1/2.3 MB | 2.2/4.0 MB | 0.7/2.6 MBProgress (3): 2.1/2.3 MB | 2.2/4.0 MB | 0.7/2.6 MBProgress (3): 2.1/2.3 MB | 2.3/4.0 MB | 0.7/2.6 MBProgress (3): 2.1/2.3 MB | 2.3/4.0 MB | 0.7/2.6 MBProgress (3): 2.1/2.3 MB | 2.3/4.0 MB | 0.7/2.6 MBProgress (3): 2.1/2.3 MB | 2.3/4.0 MB | 0.7/2.6 MBProgress (3): 2.1/2.3 MB | 2.3/4.0 MB | 0.7/2.6 MBProgress (3): 2.2/2.3 MB | 2.3/4.0 MB | 0.7/2.6 MBProgress (3): 2.2/2.3 MB | 2.3/4.0 MB | 0.8/2.6 MBProgress (3): 2.2/2.3 MB | 2.3/4.0 MB | 0.8/2.6 MBProgress (3): 2.2/2.3 MB | 2.3/4.0 MB | 0.8/2.6 MBProgress (3): 2.2/2.3 MB | 2.3/4.0 MB | 0.8/2.6 MBProgress (3): 2.2/2.3 MB | 2.3/4.0 MB | 0.8/2.6 MBProgress (3): 2.2/2.3 MB | 2.3/4.0 MB | 0.8/2.6 MBProgress (3): 2.2/2.3 MB | 2.3/4.0 MB | 0.8/2.6 MBProgress (3): 2.2/2.3 MB | 2.3/4.0 MB | 0.8/2.6 MBProgress (3): 2.2/2.3 MB | 2.3/4.0 MB | 0.8/2.6 MBProgress (3): 2.2/2.3 MB | 2.4/4.0 MB | 0.8/2.6 MBProgress (3): 2.2/2.3 MB | 2.4/4.0 MB | 0.8/2.6 MBProgress (3): 2.3/2.3 MB | 2.4/4.0 MB | 0.8/2.6 MBProgress (3): 2.3/2.3 MB | 2.4/4.0 MB | 0.8/2.6 MBProgress (3): 2.3/2.3 MB | 2.4/4.0 MB | 0.8/2.6 MBProgress (3): 2.3/2.3 MB | 2.4/4.0 MB | 0.8/2.6 MBProgress (3): 2.3/2.3 MB | 2.4/4.0 MB | 0.8/2.6 MBProgress (3): 2.3/2.3 MB | 2.4/4.0 MB | 0.8/2.6 MBProgress (3): 2.3/2.3 MB | 2.4/4.0 MB | 0.8/2.6 MBProgress (3): 2.3/2.3 MB | 2.4/4.0 MB | 0.8/2.6 MBProgress (3): 2.3 MB | 2.4/4.0 MB | 0.8/2.6 MB    Progress (3): 2.3 MB | 2.4/4.0 MB | 0.8/2.6 MBProgress (3): 2.3 MB | 2.4/4.0 MB | 0.8/2.6 MBProgress (3): 2.3 MB | 2.4/4.0 MB | 0.9/2.6 MBProgress (3): 2.3 MB | 2.5/4.0 MB | 0.9/2.6 MBProgress (3): 2.3 MB | 2.5/4.0 MB | 0.9/2.6 MB                                              Downloaded from central: https://repo.maven.apache.org/maven2/io/netty/netty-all/4.0.51.Final/netty-all-4.0.51.Final.jar (2.3 MB at 59 kB/s)
Progress (2): 2.5/4.0 MB | 0.9/2.6 MBProgress (2): 2.5/4.0 MB | 0.9/2.6 MBProgress (2): 2.5/4.0 MB | 0.9/2.6 MBProgress (2): 2.5/4.0 MB | 0.9/2.6 MBProgress (2): 2.5/4.0 MB | 0.9/2.6 MBProgress (2): 2.5/4.0 MB | 0.9/2.6 MBProgress (2): 2.6/4.0 MB | 0.9/2.6 MBProgress (2): 2.6/4.0 MB | 0.9/2.6 MBProgress (2): 2.6/4.0 MB | 0.9/2.6 MBProgress (2): 2.6/4.0 MB | 0.9/2.6 MBProgress (2): 2.6/4.0 MB | 0.9/2.6 MBProgress (2): 2.6/4.0 MB | 1.0/2.6 MBProgress (2): 2.6/4.0 MB | 1.0/2.6 MBProgress (2): 2.6/4.0 MB | 1.0/2.6 MBProgress (2): 2.7/4.0 MB | 1.0/2.6 MBProgress (2): 2.7/4.0 MB | 1.0/2.6 MBProgress (2): 2.7/4.0 MB | 1.0/2.6 MBProgress (2): 2.7/4.0 MB | 1.0/2.6 MBProgress (2): 2.7/4.0 MB | 1.0/2.6 MBProgress (2): 2.7/4.0 MB | 1.0/2.6 MBProgress (2): 2.7/4.0 MB | 1.0/2.6 MBProgress (2): 2.7/4.0 MB | 1.0/2.6 MBProgress (2): 2.7/4.0 MB | 1.1/2.6 MBProgress (2): 2.8/4.0 MB | 1.1/2.6 MBProgress (2): 2.8/4.0 MB | 1.1/2.6 MBProgress (2): 2.8/4.0 MB | 1.1/2.6 MBProgress (2): 2.8/4.0 MB | 1.1/2.6 MBProgress (2): 2.8/4.0 MB | 1.1/2.6 MBProgress (2): 2.8/4.0 MB | 1.1/2.6 MBProgress (2): 2.8/4.0 MB | 1.1/2.6 MBProgress (2): 2.8/4.0 MB | 1.1/2.6 MBProgress (2): 2.8/4.0 MB | 1.1/2.6 MBProgress (2): 2.8/4.0 MB | 1.1/2.6 MBProgress (2): 2.8/4.0 MB | 1.2/2.6 MBProgress (2): 2.9/4.0 MB | 1.2/2.6 MBProgress (2): 2.9/4.0 MB | 1.2/2.6 MBProgress (2): 2.9/4.0 MB | 1.2/2.6 MBProgress (2): 2.9/4.0 MB | 1.2/2.6 MBProgress (2): 2.9/4.0 MB | 1.2/2.6 MBProgress (2): 2.9/4.0 MB | 1.2/2.6 MBProgress (2): 2.9/4.0 MB | 1.2/2.6 MBProgress (2): 2.9/4.0 MB | 1.2/2.6 MBProgress (2): 2.9/4.0 MB | 1.2/2.6 MBProgress (2): 3.0/4.0 MB | 1.2/2.6 MBProgress (2): 3.0/4.0 MB | 1.3/2.6 MBProgress (2): 3.0/4.0 MB | 1.3/2.6 MBProgress (2): 3.0/4.0 MB | 1.3/2.6 MBProgress (2): 3.0/4.0 MB | 1.3/2.6 MBProgress (2): 3.0/4.0 MB | 1.3/2.6 MBProgress (2): 3.0/4.0 MB | 1.3/2.6 MBProgress (2): 3.0/4.0 MB | 1.3/2.6 MBProgress (2): 3.0/4.0 MB | 1.3/2.6 MBProgress (2): 3.0/4.0 MB | 1.3/2.6 MBProgress (2): 3.1/4.0 MB | 1.3/2.6 MBProgress (2): 3.1/4.0 MB | 1.4/2.6 MBProgress (2): 3.1/4.0 MB | 1.4/2.6 MBProgress (2): 3.1/4.0 MB | 1.4/2.6 MBProgress (2): 3.1/4.0 MB | 1.4/2.6 MBProgress (2): 3.1/4.0 MB | 1.4/2.6 MBProgress (2): 3.1/4.0 MB | 1.4/2.6 MBProgress (2): 3.1/4.0 MB | 1.4/2.6 MBProgress (2): 3.1/4.0 MB | 1.4/2.6 MBProgress (2): 3.1/4.0 MB | 1.4/2.6 MBProgress (2): 3.1/4.0 MB | 1.5/2.6 MBProgress (2): 3.2/4.0 MB | 1.5/2.6 MBProgress (2): 3.2/4.0 MB | 1.5/2.6 MBProgress (2): 3.2/4.0 MB | 1.5/2.6 MBProgress (2): 3.2/4.0 MB | 1.5/2.6 MBProgress (2): 3.2/4.0 MB | 1.5/2.6 MBProgress (2): 3.2/4.0 MB | 1.5/2.6 MBProgress (2): 3.2/4.0 MB | 1.5/2.6 MBProgress (2): 3.2/4.0 MB | 1.5/2.6 MBProgress (2): 3.2/4.0 MB | 1.5/2.6 MBProgress (2): 3.3/4.0 MB | 1.5/2.6 MBProgress (2): 3.3/4.0 MB | 1.6/2.6 MBProgress (2): 3.3/4.0 MB | 1.6/2.6 MBProgress (2): 3.3/4.0 MB | 1.6/2.6 MBProgress (2): 3.3/4.0 MB | 1.6/2.6 MBProgress (2): 3.3/4.0 MB | 1.6/2.6 MBProgress (2): 3.3/4.0 MB | 1.6/2.6 MBProgress (2): 3.3/4.0 MB | 1.6/2.6 MBProgress (2): 3.3/4.0 MB | 1.6/2.6 MBProgress (2): 3.3/4.0 MB | 1.6/2.6 MBProgress (2): 3.3/4.0 MB | 1.7/2.6 MBProgress (2): 3.4/4.0 MB | 1.7/2.6 MBProgress (2): 3.4/4.0 MB | 1.7/2.6 MBProgress (2): 3.4/4.0 MB | 1.7/2.6 MBProgress (2): 3.4/4.0 MB | 1.7/2.6 MBProgress (2): 3.4/4.0 MB | 1.7/2.6 MBProgress (2): 3.4/4.0 MB | 1.7/2.6 MBProgress (2): 3.4/4.0 MB | 1.7/2.6 MBProgress (2): 3.4/4.0 MB | 1.7/2.6 MBProgress (2): 3.4/4.0 MB | 1.7/2.6 MBProgress (2): 3.4/4.0 MB | 1.8/2.6 MBProgress (2): 3.5/4.0 MB | 1.8/2.6 MBProgress (2): 3.5/4.0 MB | 1.8/2.6 MBProgress (2): 3.5/4.0 MB | 1.8/2.6 MBProgress (2): 3.5/4.0 MB | 1.8/2.6 MBProgress (2): 3.5/4.0 MB | 1.8/2.6 MBProgress (2): 3.5/4.0 MB | 1.8/2.6 MBProgress (2): 3.5/4.0 MB | 1.8/2.6 MBProgress (2): 3.5/4.0 MB | 1.8/2.6 MBProgress (2): 3.5/4.0 MB | 1.8/2.6 MBProgress (2): 3.5/4.0 MB | 1.9/2.6 MBProgress (2): 3.6/4.0 MB | 1.9/2.6 MBProgress (2): 3.6/4.0 MB | 1.9/2.6 MBProgress (2): 3.6/4.0 MB | 1.9/2.6 MBProgress (2): 3.6/4.0 MB | 1.9/2.6 MBProgress (2): 3.6/4.0 MB | 1.9/2.6 MBProgress (2): 3.6/4.0 MB | 1.9/2.6 MBProgress (2): 3.6/4.0 MB | 1.9/2.6 MBProgress (2): 3.6/4.0 MB | 1.9/2.6 MBProgress (2): 3.6/4.0 MB | 1.9/2.6 MBProgress (2): 3.6/4.0 MB | 1.9/2.6 MBProgress (2): 3.6/4.0 MB | 2.0/2.6 MBProgress (2): 3.7/4.0 MB | 2.0/2.6 MBProgress (2): 3.7/4.0 MB | 2.0/2.6 MBProgress (2): 3.7/4.0 MB | 2.0/2.6 MBProgress (2): 3.7/4.0 MB | 2.0/2.6 MBProgress (2): 3.7/4.0 MB | 2.0/2.6 MBProgress (2): 3.7/4.0 MB | 2.0/2.6 MBProgress (2): 3.7/4.0 MB | 2.0/2.6 MBProgress (2): 3.7/4.0 MB | 2.0/2.6 MBProgress (2): 3.7/4.0 MB | 2.0/2.6 MBProgress (2): 3.7/4.0 MB | 2.1/2.6 MBProgress (2): 3.8/4.0 MB | 2.1/2.6 MBProgress (2): 3.8/4.0 MB | 2.1/2.6 MBProgress (2): 3.8/4.0 MB | 2.1/2.6 MBProgress (2): 3.8/4.0 MB | 2.1/2.6 MBProgress (2): 3.8/4.0 MB | 2.1/2.6 MBProgress (2): 3.8/4.0 MB | 2.1/2.6 MBProgress (2): 3.8/4.0 MB | 2.1/2.6 MBProgress (2): 3.8/4.0 MB | 2.1/2.6 MBProgress (2): 3.8/4.0 MB | 2.1/2.6 MBProgress (2): 3.8/4.0 MB | 2.2/2.6 MBProgress (2): 3.8/4.0 MB | 2.2/2.6 MBProgress (2): 3.9/4.0 MB | 2.2/2.6 MBProgress (2): 3.9/4.0 MB | 2.2/2.6 MBProgress (2): 3.9/4.0 MB | 2.2/2.6 MBProgress (2): 3.9/4.0 MB | 2.2/2.6 MBProgress (2): 3.9/4.0 MB | 2.2/2.6 MBProgress (2): 3.9/4.0 MB | 2.2/2.6 MBProgress (2): 3.9/4.0 MB | 2.2/2.6 MBProgress (2): 3.9/4.0 MB | 2.2/2.6 MBProgress (2): 3.9/4.0 MB | 2.3/2.6 MBProgress (2): 3.9/4.0 MB | 2.3/2.6 MBProgress (2): 4.0/4.0 MB | 2.3/2.6 MBProgress (2): 4.0 MB | 2.3/2.6 MB    Progress (2): 4.0 MB | 2.3/2.6 MBProgress (2): 4.0 MB | 2.3/2.6 MBProgress (2): 4.0 MB | 2.3/2.6 MBProgress (2): 4.0 MB | 2.3/2.6 MBProgress (2): 4.0 MB | 2.4/2.6 MB                                 Downloaded from central: https://repo.maven.apache.org/maven2/org/bouncycastle/bcprov-jdk15on/1.58/bcprov-jdk15on-1.58.jar (4.0 MB at 91 kB/s)
Progress (1): 2.4/2.6 MBProgress (1): 2.4/2.6 MBProgress (1): 2.4/2.6 MBProgress (1): 2.4/2.6 MBProgress (1): 2.4/2.6 MBProgress (1): 2.5/2.6 MBProgress (1): 2.5/2.6 MBProgress (1): 2.5/2.6 MBProgress (1): 2.5/2.6 MBProgress (1): 2.5/2.6 MBProgress (1): 2.5/2.6 MBProgress (1): 2.6/2.6 MBProgress (1): 2.6/2.6 MBProgress (1): 2.6 MB                        Downloaded from central: https://repo.maven.apache.org/maven2/com/google/guava/guava/22.0/guava-22.0.jar (2.6 MB at 58 kB/s)
[INFO] 
[INFO] --- maven-clean-plugin:2.5:clean (default-clean) @ EddieBauer-qa-smokesuite ---
Downloading from central: https://repo.maven.apache.org/maven2/org/apache/maven/maven-plugin-api/2.0.6/maven-plugin-api-2.0.6.pom
Progress (1): 1.5 kB                    Downloaded from central: https://repo.maven.apache.org/maven2/org/apache/maven/maven-plugin-api/2.0.6/maven-plugin-api-2.0.6.pom (1.5 kB at 4.5 kB/s)
Downloading from central: https://repo.maven.apache.org/maven2/org/apache/maven/maven/2.0.6/maven-2.0.6.pom
Progress (1): 2.2/9.0 kBProgress (1): 5.0/9.0 kBProgress (1): 7.8/9.0 kBProgress (1): 9.0 kB                        Downloaded from central: https://repo.maven.apache.org/maven2/org/apache/maven/maven/2.0.6/maven-2.0.6.pom (9.0 kB at 27 kB/s)
Downloading from central: https://repo.maven.apache.org/maven2/org/apache/maven/maven-parent/5/maven-parent-5.pom
Progress (1): 2.2/15 kBProgress (1): 5.0/15 kBProgress (1): 7.7/15 kBProgress (1): 11/15 kB Progress (1): 13/15 kBProgress (1): 15 kB                      Downloaded from central: https://repo.maven.apache.org/maven2/org/apache/maven/maven-parent/5/maven-parent-5.pom (15 kB at 46 kB/s)
Downloading from central: https://repo.maven.apache.org/maven2/org/apache/apache/3/apache-3.pom
Progress (1): 2.8/3.4 kBProgress (1): 3.4 kB                        Downloaded from central: https://repo.maven.apache.org/maven2/org/apache/apache/3/apache-3.pom (3.4 kB at 11 kB/s)
Downloading from central: https://repo.maven.apache.org/maven2/org/codehaus/plexus/plexus-utils/3.0/plexus-utils-3.0.pom
Progress (1): 2.2/4.1 kBProgress (1): 4.1 kB                        Downloaded from central: https://repo.maven.apache.org/maven2/org/codehaus/plexus/plexus-utils/3.0/plexus-utils-3.0.pom (4.1 kB at 13 kB/s)
Downloading from central: https://repo.maven.apache.org/maven2/org/sonatype/spice/spice-parent/16/spice-parent-16.pom
Progress (1): 2.2/8.4 kBProgress (1): 5.0/8.4 kBProgress (1): 7.8/8.4 kBProgress (1): 8.4 kB                        Downloaded from central: https://repo.maven.apache.org/maven2/org/sonatype/spice/spice-parent/16/spice-parent-16.pom (8.4 kB at 26 kB/s)
Downloading from central: https://repo.maven.apache.org/maven2/org/sonatype/forge/forge-parent/5/forge-parent-5.pom
Progress (1): 2.2/8.4 kBProgress (1): 5.0/8.4 kBProgress (1): 7.8/8.4 kBProgress (1): 8.4 kB                        Downloaded from central: https://repo.maven.apache.org/maven2/org/sonatype/forge/forge-parent/5/forge-parent-5.pom (8.4 kB at 25 kB/s)
Downloading from central: https://repo.maven.apache.org/maven2/org/apache/maven/maven-plugin-api/2.0.6/maven-plugin-api-2.0.6.jar
Downloading from central: https://repo.maven.apache.org/maven2/org/codehaus/plexus/plexus-utils/3.0/plexus-utils-3.0.jar
Progress (1): 2.2/13 kBProgress (1): 5.0/13 kBProgress (1): 7.7/13 kBProgress (1): 10/13 kB Progress (1): 13 kB   Progress (2): 13 kB | 2.8/226 kBProgress (2): 13 kB | 5.5/226 kBProgress (2): 13 kB | 8.3/226 kBProgress (2): 13 kB | 11/226 kB Progress (2): 13 kB | 14/226 kBProgress (2): 13 kB | 16/226 kBProgress (2): 13 kB | 19/226 kBProgress (2): 13 kB | 22/226 kBProgress (2): 13 kB | 25/226 kBProgress (2): 13 kB | 27/226 kBProgress (2): 13 kB | 30/226 kBProgress (2): 13 kB | 33/226 kBProgress (2): 13 kB | 37/226 kBProgress (2): 13 kB | 41/226 kBProgress (2): 13 kB | 45/226 kBProgress (2): 13 kB | 49/226 kB                               Downloaded from central: https://repo.maven.apache.org/maven2/org/apache/maven/maven-plugin-api/2.0.6/maven-plugin-api-2.0.6.jar (13 kB at 39 kB/s)
Progress (1): 53/226 kBProgress (1): 57/226 kBProgress (1): 61/226 kBProgress (1): 66/226 kBProgress (1): 70/226 kBProgress (1): 74/226 kBProgress (1): 78/226 kBProgress (1): 82/226 kBProgress (1): 86/226 kBProgress (1): 90/226 kBProgress (1): 94/226 kBProgress (1): 98/226 kBProgress (1): 102/226 kBProgress (1): 106/226 kBProgress (1): 111/226 kBProgress (1): 115/226 kBProgress (1): 119/226 kBProgress (1): 123/226 kBProgress (1): 127/226 kBProgress (1): 131/226 kBProgress (1): 135/226 kBProgress (1): 139/226 kBProgress (1): 143/226 kBProgress (1): 147/226 kBProgress (1): 152/226 kBProgress (1): 156/226 kBProgress (1): 160/226 kBProgress (1): 164/226 kBProgress (1): 168/226 kBProgress (1): 172/226 kBProgress (1): 176/226 kBProgress (1): 180/226 kBProgress (1): 184/226 kBProgress (1): 188/226 kBProgress (1): 193/226 kBProgress (1): 197/226 kBProgress (1): 201/226 kBProgress (1): 205/226 kBProgress (1): 209/226 kBProgress (1): 213/226 kBProgress (1): 217/226 kBProgress (1): 221/226 kBProgress (1): 225/226 kBProgress (1): 226 kB                        Downloaded from central: https://repo.maven.apache.org/maven2/org/codehaus/plexus/plexus-utils/3.0/plexus-utils-3.0.jar (226 kB at 215 kB/s)
[INFO] 
[INFO] --- maven-resources-plugin:2.6:resources (default-resources) @ EddieBauer-qa-smokesuite ---
Downloading from central: https://repo.maven.apache.org/maven2/org/apache/maven/maven-project/2.0.6/maven-project-2.0.6.pom
Progress (1): 2.2/2.6 kBProgress (1): 2.6 kB                        Downloaded from central: https://repo.maven.apache.org/maven2/org/apache/maven/maven-project/2.0.6/maven-project-2.0.6.pom (2.6 kB at 7.6 kB/s)
Downloading from central: https://repo.maven.apache.org/maven2/org/apache/maven/maven-settings/2.0.6/maven-settings-2.0.6.pom
Progress (1): 2.0 kB                    Downloaded from central: https://repo.maven.apache.org/maven2/org/apache/maven/maven-settings/2.0.6/maven-settings-2.0.6.pom (2.0 kB at 5.7 kB/s)
Downloading from central: https://repo.maven.apache.org/maven2/org/apache/maven/maven-model/2.0.6/maven-model-2.0.6.pom
Progress (1): 2.2/3.0 kBProgress (1): 3.0 kB                        Downloaded from central: https://repo.maven.apache.org/maven2/org/apache/maven/maven-model/2.0.6/maven-model-2.0.6.pom (3.0 kB at 8.8 kB/s)
Downloading from central: https://repo.maven.apache.org/maven2/org/codehaus/plexus/plexus-utils/1.4.1/plexus-utils-1.4.1.pom
Progress (1): 1.9 kB                    Downloaded from central: https://repo.maven.apache.org/maven2/org/codehaus/plexus/plexus-utils/1.4.1/plexus-utils-1.4.1.pom (1.9 kB at 5.7 kB/s)
Downloading from central: https://repo.maven.apache.org/maven2/org/codehaus/plexus/plexus/1.0.11/plexus-1.0.11.pom
Progress (1): 2.2/9.0 kBProgress (1): 5.0/9.0 kBProgress (1): 7.8/9.0 kBProgress (1): 9.0 kB                        Downloaded from central: https://repo.maven.apache.org/maven2/org/codehaus/plexus/plexus/1.0.11/plexus-1.0.11.pom (9.0 kB at 26 kB/s)
Downloading from central: https://repo.maven.apache.org/maven2/org/codehaus/plexus/plexus-container-default/1.0-alpha-9-stable-1/plexus-container-default-1.0-alpha-9-stable-1.pom
Progress (1): 2.2/3.9 kBProgress (1): 3.9 kB                        Downloaded from central: https://repo.maven.apache.org/maven2/org/codehaus/plexus/plexus-container-default/1.0-alpha-9-stable-1/plexus-container-default-1.0-alpha-9-stable-1.pom (3.9 kB at 11 kB/s)
Downloading from central: https://repo.maven.apache.org/maven2/org/codehaus/plexus/plexus-containers/1.0.3/plexus-containers-1.0.3.pom
Progress (1): 492 B                   Downloaded from central: https://repo.maven.apache.org/maven2/org/codehaus/plexus/plexus-containers/1.0.3/plexus-containers-1.0.3.pom (492 B at 1.4 kB/s)
Downloading from central: https://repo.maven.apache.org/maven2/org/codehaus/plexus/plexus/1.0.4/plexus-1.0.4.pom
Progress (1): 2.2/5.7 kBProgress (1): 5.0/5.7 kBProgress (1): 5.7 kB                        Downloaded from central: https://repo.maven.apache.org/maven2/org/codehaus/plexus/plexus/1.0.4/plexus-1.0.4.pom (5.7 kB at 17 kB/s)
Downloading from central: https://repo.maven.apache.org/maven2/junit/junit/3.8.1/junit-3.8.1.pom
Progress (1): 998 B                   Downloaded from central: https://repo.maven.apache.org/maven2/junit/junit/3.8.1/junit-3.8.1.pom (998 B at 2.9 kB/s)
Downloading from central: https://repo.maven.apache.org/maven2/org/codehaus/plexus/plexus-utils/1.0.4/plexus-utils-1.0.4.pom
Progress (1): 2.2/6.9 kBProgress (1): 5.0/6.9 kBProgress (1): 6.9 kB                        Downloaded from central: https://repo.maven.apache.org/maven2/org/codehaus/plexus/plexus-utils/1.0.4/plexus-utils-1.0.4.pom (6.9 kB at 20 kB/s)
Downloading from central: https://repo.maven.apache.org/maven2/classworlds/classworlds/1.1-alpha-2/classworlds-1.1-alpha-2.pom
Progress (1): 2.2/3.1 kBProgress (1): 3.1 kB                        Downloaded from central: https://repo.maven.apache.org/maven2/classworlds/classworlds/1.1-alpha-2/classworlds-1.1-alpha-2.pom (3.1 kB at 9.0 kB/s)
Downloading from central: https://repo.maven.apache.org/maven2/org/apache/maven/maven-profile/2.0.6/maven-profile-2.0.6.pom
Progress (1): 2.0 kB                    Downloaded from central: https://repo.maven.apache.org/maven2/org/apache/maven/maven-profile/2.0.6/maven-profile-2.0.6.pom (2.0 kB at 5.7 kB/s)
Downloading from central: https://repo.maven.apache.org/maven2/org/apache/maven/maven-artifact-manager/2.0.6/maven-artifact-manager-2.0.6.pom
Progress (1): 2.2/2.6 kBProgress (1): 2.6 kB                        Downloaded from central: https://repo.maven.apache.org/maven2/org/apache/maven/maven-artifact-manager/2.0.6/maven-artifact-manager-2.0.6.pom (2.6 kB at 7.6 kB/s)
Downloading from central: https://repo.maven.apache.org/maven2/org/apache/maven/maven-repository-metadata/2.0.6/maven-repository-metadata-2.0.6.pom
Progress (1): 1.9 kB                    Downloaded from central: https://repo.maven.apache.org/maven2/org/apache/maven/maven-repository-metadata/2.0.6/maven-repository-metadata-2.0.6.pom (1.9 kB at 5.5 kB/s)
Downloading from central: https://repo.maven.apache.org/maven2/org/apache/maven/maven-artifact/2.0.6/maven-artifact-2.0.6.pom
Progress (1): 1.6 kB                    Downloaded from central: https://repo.maven.apache.org/maven2/org/apache/maven/maven-artifact/2.0.6/maven-artifact-2.0.6.pom (1.6 kB at 4.6 kB/s)
Downloading from central: https://repo.maven.apache.org/maven2/org/apache/maven/maven-plugin-registry/2.0.6/maven-plugin-registry-2.0.6.pom
Progress (1): 1.9 kB                    Downloaded from central: https://repo.maven.apache.org/maven2/org/apache/maven/maven-plugin-registry/2.0.6/maven-plugin-registry-2.0.6.pom (1.9 kB at 5.5 kB/s)
Downloading from central: https://repo.maven.apache.org/maven2/org/apache/maven/maven-core/2.0.6/maven-core-2.0.6.pom
Progress (1): 2.8/6.7 kBProgress (1): 5.5/6.7 kBProgress (1): 6.7 kB                        Downloaded from central: https://repo.maven.apache.org/maven2/org/apache/maven/maven-core/2.0.6/maven-core-2.0.6.pom (6.7 kB at 19 kB/s)
Downloading from central: https://repo.maven.apache.org/maven2/org/apache/maven/maven-plugin-parameter-documenter/2.0.6/maven-plugin-parameter-documenter-2.0.6.pom
Progress (1): 1.9 kB                    Downloaded from central: https://repo.maven.apache.org/maven2/org/apache/maven/maven-plugin-parameter-documenter/2.0.6/maven-plugin-parameter-documenter-2.0.6.pom (1.9 kB at 5.5 kB/s)
Downloading from central: https://repo.maven.apache.org/maven2/org/apache/maven/reporting/maven-reporting-api/2.0.6/maven-reporting-api-2.0.6.pom
Progress (1): 1.8 kB                    Downloaded from central: https://repo.maven.apache.org/maven2/org/apache/maven/reporting/maven-reporting-api/2.0.6/maven-reporting-api-2.0.6.pom (1.8 kB at 5.0 kB/s)
Downloading from central: https://repo.maven.apache.org/maven2/org/apache/maven/reporting/maven-reporting/2.0.6/maven-reporting-2.0.6.pom
Progress (1): 1.4 kB                    Downloaded from central: https://repo.maven.apache.org/maven2/org/apache/maven/reporting/maven-reporting/2.0.6/maven-reporting-2.0.6.pom (1.4 kB at 4.1 kB/s)
Downloading from central: https://repo.maven.apache.org/maven2/org/apache/maven/doxia/doxia-sink-api/1.0-alpha-7/doxia-sink-api-1.0-alpha-7.pom
Progress (1): 424 B                   Downloaded from central: https://repo.maven.apache.org/maven2/org/apache/maven/doxia/doxia-sink-api/1.0-alpha-7/doxia-sink-api-1.0-alpha-7.pom (424 B at 1.2 kB/s)
Downloading from central: https://repo.maven.apache.org/maven2/org/apache/maven/doxia/doxia/1.0-alpha-7/doxia-1.0-alpha-7.pom
Progress (1): 2.2/3.9 kBProgress (1): 3.9 kB                        Downloaded from central: https://repo.maven.apache.org/maven2/org/apache/maven/doxia/doxia/1.0-alpha-7/doxia-1.0-alpha-7.pom (3.9 kB at 11 kB/s)
Downloading from central: https://repo.maven.apache.org/maven2/org/apache/maven/maven-error-diagnostics/2.0.6/maven-error-diagnostics-2.0.6.pom
Progress (1): 1.7 kB                    Downloaded from central: https://repo.maven.apache.org/maven2/org/apache/maven/maven-error-diagnostics/2.0.6/maven-error-diagnostics-2.0.6.pom (1.7 kB at 5.0 kB/s)
Downloading from central: https://repo.maven.apache.org/maven2/commons-cli/commons-cli/1.0/commons-cli-1.0.pom
Progress (1): 2.1 kB                    Downloaded from central: https://repo.maven.apache.org/maven2/commons-cli/commons-cli/1.0/commons-cli-1.0.pom (2.1 kB at 6.2 kB/s)
Downloading from central: https://repo.maven.apache.org/maven2/org/apache/maven/maven-plugin-descriptor/2.0.6/maven-plugin-descriptor-2.0.6.pom
Progress (1): 2.0 kB                    Downloaded from central: https://repo.maven.apache.org/maven2/org/apache/maven/maven-plugin-descriptor/2.0.6/maven-plugin-descriptor-2.0.6.pom (2.0 kB at 6.0 kB/s)
Downloading from central: https://repo.maven.apache.org/maven2/org/codehaus/plexus/plexus-interactivity-api/1.0-alpha-4/plexus-interactivity-api-1.0-alpha-4.pom
Progress (1): 2.2/7.1 kBProgress (1): 5.0/7.1 kBProgress (1): 7.1 kB                        Downloaded from central: https://repo.maven.apache.org/maven2/org/codehaus/plexus/plexus-interactivity-api/1.0-alpha-4/plexus-interactivity-api-1.0-alpha-4.pom (7.1 kB at 20 kB/s)
Downloading from central: https://repo.maven.apache.org/maven2/org/apache/maven/maven-monitor/2.0.6/maven-monitor-2.0.6.pom
Progress (1): 1.3 kB                    Downloaded from central: https://repo.maven.apache.org/maven2/org/apache/maven/maven-monitor/2.0.6/maven-monitor-2.0.6.pom (1.3 kB at 3.7 kB/s)
Downloading from central: https://repo.maven.apache.org/maven2/classworlds/classworlds/1.1/classworlds-1.1.pom
Progress (1): 2.2/3.3 kBProgress (1): 3.3 kB                        Downloaded from central: https://repo.maven.apache.org/maven2/classworlds/classworlds/1.1/classworlds-1.1.pom (3.3 kB at 9.8 kB/s)
Downloading from central: https://repo.maven.apache.org/maven2/org/codehaus/plexus/plexus-utils/2.0.5/plexus-utils-2.0.5.pom
Progress (1): 2.2/3.3 kBProgress (1): 3.3 kB                        Downloaded from central: https://repo.maven.apache.org/maven2/org/codehaus/plexus/plexus-utils/2.0.5/plexus-utils-2.0.5.pom (3.3 kB at 9.6 kB/s)
Downloading from central: https://repo.maven.apache.org/maven2/org/codehaus/plexus/plexus/2.0.6/plexus-2.0.6.pom
Progress (1): 2.2/17 kBProgress (1): 5.0/17 kBProgress (1): 7.8/17 kBProgress (1): 11/17 kB Progress (1): 13/17 kBProgress (1): 16/17 kBProgress (1): 17 kB                      Downloaded from central: https://repo.maven.apache.org/maven2/org/codehaus/plexus/plexus/2.0.6/plexus-2.0.6.pom (17 kB at 41 kB/s)
Downloading from central: https://repo.maven.apache.org/maven2/org/apache/maven/shared/maven-filtering/1.1/maven-filtering-1.1.pom
Progress (1): 2.2/5.8 kBProgress (1): 5.0/5.8 kBProgress (1): 5.8 kB                        Downloaded from central: https://repo.maven.apache.org/maven2/org/apache/maven/shared/maven-filtering/1.1/maven-filtering-1.1.pom (5.8 kB at 17 kB/s)
Downloading from central: https://repo.maven.apache.org/maven2/org/apache/maven/shared/maven-shared-components/17/maven-shared-components-17.pom
Progress (1): 2.2/8.7 kBProgress (1): 5.0/8.7 kBProgress (1): 7.8/8.7 kBProgress (1): 8.7 kB                        Downloaded from central: https://repo.maven.apache.org/maven2/org/apache/maven/shared/maven-shared-components/17/maven-shared-components-17.pom (8.7 kB at 25 kB/s)
Downloading from central: https://repo.maven.apache.org/maven2/org/codehaus/plexus/plexus-utils/1.5.15/plexus-utils-1.5.15.pom
Progress (1): 2.2/6.8 kBProgress (1): 5.0/6.8 kBProgress (1): 6.8 kB                        Downloaded from central: https://repo.maven.apache.org/maven2/org/codehaus/plexus/plexus-utils/1.5.15/plexus-utils-1.5.15.pom (6.8 kB at 20 kB/s)
Downloading from central: https://repo.maven.apache.org/maven2/org/codehaus/plexus/plexus/2.0.2/plexus-2.0.2.pom
Progress (1): 2.2/12 kBProgress (1): 5.0/12 kBProgress (1): 7.8/12 kBProgress (1): 11/12 kB Progress (1): 12 kB                      Downloaded from central: https://repo.maven.apache.org/maven2/org/codehaus/plexus/plexus/2.0.2/plexus-2.0.2.pom (12 kB at 33 kB/s)
Downloading from central: https://repo.maven.apache.org/maven2/org/codehaus/plexus/plexus-interpolation/1.12/plexus-interpolation-1.12.pom
Progress (1): 889 B                   Downloaded from central: https://repo.maven.apache.org/maven2/org/codehaus/plexus/plexus-interpolation/1.12/plexus-interpolation-1.12.pom (889 B at 2.6 kB/s)
Downloading from central: https://repo.maven.apache.org/maven2/org/codehaus/plexus/plexus-components/1.1.14/plexus-components-1.1.14.pom
Progress (1): 2.2/5.8 kBProgress (1): 5.0/5.8 kBProgress (1): 5.8 kB                        Downloaded from central: https://repo.maven.apache.org/maven2/org/codehaus/plexus/plexus-components/1.1.14/plexus-components-1.1.14.pom (5.8 kB at 17 kB/s)
Downloading from central: https://repo.maven.apache.org/maven2/org/sonatype/plexus/plexus-build-api/0.0.4/plexus-build-api-0.0.4.pom
Progress (1): 2.2/2.9 kBProgress (1): 2.9 kB                        Downloaded from central: https://repo.maven.apache.org/maven2/org/sonatype/plexus/plexus-build-api/0.0.4/plexus-build-api-0.0.4.pom (2.9 kB at 8.0 kB/s)
Downloading from central: https://repo.maven.apache.org/maven2/org/sonatype/spice/spice-parent/10/spice-parent-10.pom
Progress (1): 2.2/3.0 kBProgress (1): 3.0 kB                        Downloaded from central: https://repo.maven.apache.org/maven2/org/sonatype/spice/spice-parent/10/spice-parent-10.pom (3.0 kB at 8.8 kB/s)
Downloading from central: https://repo.maven.apache.org/maven2/org/sonatype/forge/forge-parent/3/forge-parent-3.pom
Progress (1): 2.2/5.0 kBProgress (1): 5.0/5.0 kBProgress (1): 5.0 kB                        Downloaded from central: https://repo.maven.apache.org/maven2/org/sonatype/forge/forge-parent/3/forge-parent-3.pom (5.0 kB at 15 kB/s)
Downloading from central: https://repo.maven.apache.org/maven2/org/codehaus/plexus/plexus-utils/1.5.8/plexus-utils-1.5.8.pom
Progress (1): 2.2/8.1 kBProgress (1): 5.0/8.1 kBProgress (1): 7.8/8.1 kBProgress (1): 8.1 kB                        Downloaded from central: https://repo.maven.apache.org/maven2/org/codehaus/plexus/plexus-utils/1.5.8/plexus-utils-1.5.8.pom (8.1 kB at 23 kB/s)
Downloading from central: https://repo.maven.apache.org/maven2/org/codehaus/plexus/plexus-interpolation/1.13/plexus-interpolation-1.13.pom
Progress (1): 890 B                   Downloaded from central: https://repo.maven.apache.org/maven2/org/codehaus/plexus/plexus-interpolation/1.13/plexus-interpolation-1.13.pom (890 B at 2.6 kB/s)
Downloading from central: https://repo.maven.apache.org/maven2/org/codehaus/plexus/plexus-components/1.1.15/plexus-components-1.1.15.pom
Progress (1): 2.2/2.8 kBProgress (1): 2.8 kB                        Downloaded from central: https://repo.maven.apache.org/maven2/org/codehaus/plexus/plexus-components/1.1.15/plexus-components-1.1.15.pom (2.8 kB at 8.2 kB/s)
Downloading from central: https://repo.maven.apache.org/maven2/org/codehaus/plexus/plexus/2.0.3/plexus-2.0.3.pom
Progress (1): 2.8/15 kBProgress (1): 5.5/15 kBProgress (1): 8.3/15 kBProgress (1): 11/15 kB Progress (1): 14/15 kBProgress (1): 15 kB                      Downloaded from central: https://repo.maven.apache.org/maven2/org/codehaus/plexus/plexus/2.0.3/plexus-2.0.3.pom (15 kB at 44 kB/s)
Downloading from central: https://repo.maven.apache.org/maven2/org/apache/maven/maven-project/2.0.6/maven-project-2.0.6.jar
Downloading from central: https://repo.maven.apache.org/maven2/org/apache/maven/maven-core/2.0.6/maven-core-2.0.6.jar
Downloading from central: https://repo.maven.apache.org/maven2/org/apache/maven/maven-plugin-registry/2.0.6/maven-plugin-registry-2.0.6.jar
Downloading from central: https://repo.maven.apache.org/maven2/org/apache/maven/maven-artifact-manager/2.0.6/maven-artifact-manager-2.0.6.jar
Downloading from central: https://repo.maven.apache.org/maven2/org/apache/maven/maven-profile/2.0.6/maven-profile-2.0.6.jar
Progress (1): 2.2/152 kBProgress (1): 5.0/152 kBProgress (1): 7.7/152 kBProgress (1): 10/152 kB Progress (1): 13/152 kBProgress (1): 16/152 kBProgress (1): 19/152 kBProgress (1): 21/152 kBProgress (1): 24/152 kBProgress (1): 27/152 kBProgress (1): 30/152 kBProgress (1): 32/152 kBProgress (1): 36/152 kBProgress (1): 40/152 kBProgress (1): 45/152 kBProgress (1): 49/152 kBProgress (2): 49/152 kB | 2.2/57 kBProgress (3): 49/152 kB | 2.2/57 kB | 2.2/116 kBProgress (3): 49/152 kB | 5.0/57 kB | 2.2/116 kBProgress (3): 49/152 kB | 7.7/57 kB | 2.2/116 kBProgress (3): 49/152 kB | 10/57 kB | 2.2/116 kB Progress (3): 49/152 kB | 10/57 kB | 5.0/116 kBProgress (3): 49/152 kB | 10/57 kB | 7.7/116 kBProgress (3): 49/152 kB | 10/57 kB | 10/116 kB Progress (3): 49/152 kB | 10/57 kB | 13/116 kBProgress (3): 49/152 kB | 10/57 kB | 16/116 kBProgress (4): 49/152 kB | 10/57 kB | 16/116 kB | 2.2/29 kBProgress (4): 49/152 kB | 10/57 kB | 16/116 kB | 5.0/29 kBProgress (4): 49/152 kB | 10/57 kB | 19/116 kB | 5.0/29 kBProgress (4): 49/152 kB | 10/57 kB | 21/116 kB | 5.0/29 kBProgress (4): 53/152 kB | 10/57 kB | 21/116 kB | 5.0/29 kBProgress (4): 57/152 kB | 10/57 kB | 21/116 kB | 5.0/29 kBProgress (4): 61/152 kB | 10/57 kB | 21/116 kB | 5.0/29 kBProgress (4): 65/152 kB | 10/57 kB | 21/116 kB | 5.0/29 kBProgress (4): 69/152 kB | 10/57 kB | 21/116 kB | 5.0/29 kBProgress (4): 73/152 kB | 10/57 kB | 21/116 kB | 5.0/29 kBProgress (4): 77/152 kB | 10/57 kB | 21/116 kB | 5.0/29 kBProgress (4): 81/152 kB | 10/57 kB | 21/116 kB | 5.0/29 kBProgress (4): 85/152 kB | 10/57 kB | 21/116 kB | 5.0/29 kBProgress (4): 90/152 kB | 10/57 kB | 21/116 kB | 5.0/29 kBProgress (4): 94/152 kB | 10/57 kB | 21/116 kB | 5.0/29 kBProgress (4): 98/152 kB | 10/57 kB | 21/116 kB | 5.0/29 kBProgress (4): 102/152 kB | 10/57 kB | 21/116 kB | 5.0/29 kBProgress (4): 106/152 kB | 10/57 kB | 21/116 kB | 5.0/29 kBProgress (4): 110/152 kB | 10/57 kB | 21/116 kB | 5.0/29 kBProgress (4): 114/152 kB | 10/57 kB | 21/116 kB | 5.0/29 kBProgress (4): 114/152 kB | 13/57 kB | 21/116 kB | 5.0/29 kBProgress (4): 114/152 kB | 16/57 kB | 21/116 kB | 5.0/29 kBProgress (4): 114/152 kB | 19/57 kB | 21/116 kB | 5.0/29 kBProgress (4): 114/152 kB | 21/57 kB | 21/116 kB | 5.0/29 kBProgress (4): 114/152 kB | 24/57 kB | 21/116 kB | 5.0/29 kBProgress (4): 114/152 kB | 27/57 kB | 21/116 kB | 5.0/29 kBProgress (4): 114/152 kB | 30/57 kB | 21/116 kB | 5.0/29 kBProgress (4): 114/152 kB | 32/57 kB | 21/116 kB | 5.0/29 kBProgress (4): 114/152 kB | 32/57 kB | 24/116 kB | 5.0/29 kBProgress (4): 114/152 kB | 32/57 kB | 27/116 kB | 5.0/29 kBProgress (4): 114/152 kB | 32/57 kB | 30/116 kB | 5.0/29 kBProgress (4): 114/152 kB | 32/57 kB | 32/116 kB | 5.0/29 kBProgress (5): 114/152 kB | 32/57 kB | 32/116 kB | 5.0/29 kB | 2.2/35 kBProgress (5): 114/152 kB | 32/57 kB | 32/116 kB | 7.7/29 kB | 2.2/35 kBProgress (5): 114/152 kB | 32/57 kB | 36/116 kB | 7.7/29 kB | 2.2/35 kBProgress (5): 114/152 kB | 32/57 kB | 40/116 kB | 7.7/29 kB | 2.2/35 kBProgress (5): 114/152 kB | 32/57 kB | 45/116 kB | 7.7/29 kB | 2.2/35 kBProgress (5): 114/152 kB | 32/57 kB | 49/116 kB | 7.7/29 kB | 2.2/35 kBProgress (5): 114/152 kB | 32/57 kB | 49/116 kB | 10/29 kB | 2.2/35 kB Progress (5): 114/152 kB | 32/57 kB | 49/116 kB | 13/29 kB | 2.2/35 kBProgress (5): 114/152 kB | 32/57 kB | 53/116 kB | 13/29 kB | 2.2/35 kBProgress (5): 114/152 kB | 32/57 kB | 57/116 kB | 13/29 kB | 2.2/35 kBProgress (5): 114/152 kB | 32/57 kB | 61/116 kB | 13/29 kB | 2.2/35 kBProgress (5): 114/152 kB | 32/57 kB | 65/116 kB | 13/29 kB | 2.2/35 kBProgress (5): 118/152 kB | 32/57 kB | 65/116 kB | 13/29 kB | 2.2/35 kBProgress (5): 122/152 kB | 32/57 kB | 65/116 kB | 13/29 kB | 2.2/35 kBProgress (5): 126/152 kB | 32/57 kB | 65/116 kB | 13/29 kB | 2.2/35 kBProgress (5): 131/152 kB | 32/57 kB | 65/116 kB | 13/29 kB | 2.2/35 kBProgress (5): 135/152 kB | 32/57 kB | 65/116 kB | 13/29 kB | 2.2/35 kBProgress (5): 139/152 kB | 32/57 kB | 65/116 kB | 13/29 kB | 2.2/35 kBProgress (5): 143/152 kB | 32/57 kB | 65/116 kB | 13/29 kB | 2.2/35 kBProgress (5): 147/152 kB | 32/57 kB | 65/116 kB | 13/29 kB | 2.2/35 kBProgress (5): 151/152 kB | 32/57 kB | 65/116 kB | 13/29 kB | 2.2/35 kBProgress (5): 152 kB | 32/57 kB | 65/116 kB | 13/29 kB | 2.2/35 kB    Progress (5): 152 kB | 36/57 kB | 65/116 kB | 13/29 kB | 2.2/35 kBProgress (5): 152 kB | 40/57 kB | 65/116 kB | 13/29 kB | 2.2/35 kBProgress (5): 152 kB | 45/57 kB | 65/116 kB | 13/29 kB | 2.2/35 kBProgress (5): 152 kB | 49/57 kB | 65/116 kB | 13/29 kB | 2.2/35 kBProgress (5): 152 kB | 49/57 kB | 65/116 kB | 13/29 kB | 5.0/35 kBProgress (5): 152 kB | 49/57 kB | 65/116 kB | 13/29 kB | 7.7/35 kBProgress (5): 152 kB | 49/57 kB | 65/116 kB | 13/29 kB | 10/35 kB Progress (5): 152 kB | 49/57 kB | 69/116 kB | 13/29 kB | 10/35 kBProgress (5): 152 kB | 49/57 kB | 73/116 kB | 13/29 kB | 10/35 kBProgress (5): 152 kB | 49/57 kB | 77/116 kB | 13/29 kB | 10/35 kBProgress (5): 152 kB | 49/57 kB | 81/116 kB | 13/29 kB | 10/35 kBProgress (5): 152 kB | 49/57 kB | 81/116 kB | 16/29 kB | 10/35 kBProgress (5): 152 kB | 49/57 kB | 81/116 kB | 19/29 kB | 10/35 kBProgress (5): 152 kB | 49/57 kB | 81/116 kB | 21/29 kB | 10/35 kBProgress (5): 152 kB | 49/57 kB | 81/116 kB | 24/29 kB | 10/35 kBProgress (5): 152 kB | 49/57 kB | 81/116 kB | 27/29 kB | 10/35 kBProgress (5): 152 kB | 49/57 kB | 81/116 kB | 29 kB | 10/35 kB   Progress (5): 152 kB | 49/57 kB | 85/116 kB | 29 kB | 10/35 kBProgress (5): 152 kB | 49/57 kB | 90/116 kB | 29 kB | 10/35 kBProgress (5): 152 kB | 49/57 kB | 94/116 kB | 29 kB | 10/35 kBProgress (5): 152 kB | 49/57 kB | 98/116 kB | 29 kB | 10/35 kB                                                              Downloaded from central: https://repo.maven.apache.org/maven2/org/apache/maven/maven-core/2.0.6/maven-core-2.0.6.jar (152 kB at 190 kB/s)
Downloading from central: https://repo.maven.apache.org/maven2/org/apache/maven/maven-plugin-parameter-documenter/2.0.6/maven-plugin-parameter-documenter-2.0.6.jar
Progress (4): 53/57 kB | 98/116 kB | 29 kB | 10/35 kBProgress (4): 57 kB | 98/116 kB | 29 kB | 10/35 kB   Progress (4): 57 kB | 98/116 kB | 29 kB | 13/35 kBProgress (4): 57 kB | 98/116 kB | 29 kB | 16/35 kBProgress (4): 57 kB | 98/116 kB | 29 kB | 19/35 kBProgress (4): 57 kB | 102/116 kB | 29 kB | 19/35 kBProgress (4): 57 kB | 106/116 kB | 29 kB | 19/35 kBProgress (4): 57 kB | 110/116 kB | 29 kB | 19/35 kBProgress (4): 57 kB | 114/116 kB | 29 kB | 19/35 kBProgress (4): 57 kB | 116 kB | 29 kB | 19/35 kB                                                   Downloaded from central: https://repo.maven.apache.org/maven2/org/apache/maven/maven-plugin-registry/2.0.6/maven-plugin-registry-2.0.6.jar (29 kB at 31 kB/s)
Downloading from central: https://repo.maven.apache.org/maven2/org/apache/maven/reporting/maven-reporting-api/2.0.6/maven-reporting-api-2.0.6.jar
Progress (4): 57 kB | 116 kB | 19/35 kB | 2.8/21 kBProgress (4): 57 kB | 116 kB | 19/35 kB | 5.5/21 kBProgress (4): 57 kB | 116 kB | 19/35 kB | 8.3/21 kBProgress (4): 57 kB | 116 kB | 19/35 kB | 11/21 kB Progress (4): 57 kB | 116 kB | 19/35 kB | 14/21 kBProgress (4): 57 kB | 116 kB | 19/35 kB | 16/21 kBProgress (4): 57 kB | 116 kB | 19/35 kB | 19/21 kBProgress (4): 57 kB | 116 kB | 19/35 kB | 21 kB                                                  Downloaded from central: https://repo.maven.apache.org/maven2/org/apache/maven/maven-artifact-manager/2.0.6/maven-artifact-manager-2.0.6.jar (57 kB at 57 kB/s)
Downloading from central: https://repo.maven.apache.org/maven2/org/apache/maven/doxia/doxia-sink-api/1.0-alpha-7/doxia-sink-api-1.0-alpha-7.jar
Progress (3): 116 kB | 21/35 kB | 21 kBProgress (3): 116 kB | 24/35 kB | 21 kBProgress (3): 116 kB | 27/35 kB | 21 kBProgress (3): 116 kB | 30/35 kB | 21 kBProgress (3): 116 kB | 32/35 kB | 21 kB                                       Downloaded from central: https://repo.maven.apache.org/maven2/org/apache/maven/maven-project/2.0.6/maven-project-2.0.6.jar (116 kB at 109 kB/s)
Downloading from central: https://repo.maven.apache.org/maven2/org/apache/maven/maven-repository-metadata/2.0.6/maven-repository-metadata-2.0.6.jar
Progress (2): 35/35 kB | 21 kBProgress (3): 35/35 kB | 21 kB | 2.2/9.9 kBProgress (3): 35/35 kB | 21 kB | 5.0/9.9 kBProgress (3): 35/35 kB | 21 kB | 7.7/9.9 kBProgress (3): 35/35 kB | 21 kB | 9.9 kB                                           Downloaded from central: https://repo.maven.apache.org/maven2/org/apache/maven/maven-plugin-parameter-documenter/2.0.6/maven-plugin-parameter-documenter-2.0.6.jar (21 kB at 18 kB/s)
Downloading from central: https://repo.maven.apache.org/maven2/org/apache/maven/maven-error-diagnostics/2.0.6/maven-error-diagnostics-2.0.6.jar
Progress (3): 35/35 kB | 9.9 kB | 2.2/5.9 kBProgress (3): 35/35 kB | 9.9 kB | 5.0/5.9 kBProgress (3): 35/35 kB | 9.9 kB | 5.9 kB    Progress (3): 35 kB | 9.9 kB | 5.9 kB   Progress (4): 35 kB | 9.9 kB | 5.9 kB | 4.1/24 kBProgress (4): 35 kB | 9.9 kB | 5.9 kB | 7.7/24 kBProgress (4): 35 kB | 9.9 kB | 5.9 kB | 12/24 kB Progress (4): 35 kB | 9.9 kB | 5.9 kB | 16/24 kBProgress (4): 35 kB | 9.9 kB | 5.9 kB | 20/24 kBProgress (4): 35 kB | 9.9 kB | 5.9 kB | 24/24 kBProgress (4): 35 kB | 9.9 kB | 5.9 kB | 24 kB                                                Downloaded from central: https://repo.maven.apache.org/maven2/org/apache/maven/reporting/maven-reporting-api/2.0.6/maven-reporting-api-2.0.6.jar (9.9 kB at 7.8 kB/s)
Downloading from central: https://repo.maven.apache.org/maven2/commons-cli/commons-cli/1.0/commons-cli-1.0.jar
Progress (4): 35 kB | 5.9 kB | 24 kB | 2.2/14 kBProgress (4): 35 kB | 5.9 kB | 24 kB | 5.0/14 kBProgress (4): 35 kB | 5.9 kB | 24 kB | 7.7/14 kBProgress (4): 35 kB | 5.9 kB | 24 kB | 10/14 kB Progress (4): 35 kB | 5.9 kB | 24 kB | 13/14 kBProgress (4): 35 kB | 5.9 kB | 24 kB | 14 kB                                               Downloaded from central: https://repo.maven.apache.org/maven2/org/apache/maven/doxia/doxia-sink-api/1.0-alpha-7/doxia-sink-api-1.0-alpha-7.jar (5.9 kB at 4.5 kB/s)
Downloaded from central: https://repo.maven.apache.org/maven2/org/apache/maven/maven-profile/2.0.6/maven-profile-2.0.6.jar (35 kB at 26 kB/s)
Downloading from central: https://repo.maven.apache.org/maven2/org/codehaus/plexus/plexus-interactivity-api/1.0-alpha-4/plexus-interactivity-api-1.0-alpha-4.jar
Downloading from central: https://repo.maven.apache.org/maven2/org/apache/maven/maven-plugin-descriptor/2.0.6/maven-plugin-descriptor-2.0.6.jar
Downloaded from central: https://repo.maven.apache.org/maven2/org/apache/maven/maven-repository-metadata/2.0.6/maven-repository-metadata-2.0.6.jar (24 kB at 17 kB/s)
Downloading from central: https://repo.maven.apache.org/maven2/classworlds/classworlds/1.1/classworlds-1.1.jar
Progress (2): 14 kB | 4.1/30 kBProgress (2): 14 kB | 7.7/30 kBProgress (2): 14 kB | 12/30 kB Progress (2): 14 kB | 16/30 kBProgress (2): 14 kB | 20/30 kBProgress (2): 14 kB | 24/30 kBProgress (2): 14 kB | 28/30 kBProgress (2): 14 kB | 30 kB                              Downloaded from central: https://repo.maven.apache.org/maven2/org/apache/maven/maven-error-diagnostics/2.0.6/maven-error-diagnostics-2.0.6.jar (14 kB at 9.2 kB/s)
Downloading from central: https://repo.maven.apache.org/maven2/org/apache/maven/maven-artifact/2.0.6/maven-artifact-2.0.6.jar
Progress (2): 30 kB | 2.2/37 kBProgress (2): 30 kB | 5.0/37 kBProgress (2): 30 kB | 7.7/37 kBProgress (2): 30 kB | 10/37 kB Progress (2): 30 kB | 13/37 kBProgress (2): 30 kB | 16/37 kBProgress (3): 30 kB | 16/37 kB | 2.2/13 kBProgress (3): 30 kB | 16/37 kB | 5.0/13 kBProgress (3): 30 kB | 16/37 kB | 7.7/13 kBProgress (3): 30 kB | 16/37 kB | 10/13 kB Progress (3): 30 kB | 16/37 kB | 13/13 kBProgress (3): 30 kB | 16/37 kB | 13 kB   Progress (4): 30 kB | 16/37 kB | 13 kB | 2.8/38 kBProgress (4): 30 kB | 16/37 kB | 13 kB | 5.5/38 kBProgress (4): 30 kB | 16/37 kB | 13 kB | 8.3/38 kBProgress (4): 30 kB | 16/37 kB | 13 kB | 11/38 kB Progress (4): 30 kB | 16/37 kB | 13 kB | 15/38 kBProgress (4): 30 kB | 16/37 kB | 13 kB | 18/38 kBProgress (4): 30 kB | 16/37 kB | 13 kB | 21/38 kBProgress (4): 30 kB | 16/37 kB | 13 kB | 24/38 kBProgress (4): 30 kB | 16/37 kB | 13 kB | 27/38 kBProgress (4): 30 kB | 16/37 kB | 13 kB | 29/38 kBProgress (4): 30 kB | 16/37 kB | 13 kB | 33/38 kBProgress (4): 30 kB | 16/37 kB | 13 kB | 37/38 kBProgress (4): 30 kB | 16/37 kB | 13 kB | 38 kB                                                 Downloaded from central: https://repo.maven.apache.org/maven2/commons-cli/commons-cli/1.0/commons-cli-1.0.jar (30 kB at 18 kB/s)
Progress (3): 20/37 kB | 13 kB | 38 kB                                      Downloading from central: https://repo.maven.apache.org/maven2/org/apache/maven/maven-settings/2.0.6/maven-settings-2.0.6.jar
Progress (3): 24/37 kB | 13 kB | 38 kBProgress (3): 28/37 kB | 13 kB | 38 kBProgress (3): 32/37 kB | 13 kB | 38 kBProgress (3): 36/37 kB | 13 kB | 38 kBProgress (3): 37 kB | 13 kB | 38 kB   Progress (4): 37 kB | 13 kB | 38 kB | 4.1/87 kBProgress (4): 37 kB | 13 kB | 38 kB | 8.2/87 kBProgress (4): 37 kB | 13 kB | 38 kB | 12/87 kB Progress (4): 37 kB | 13 kB | 38 kB | 16/87 kBProgress (4): 37 kB | 13 kB | 38 kB | 20/87 kBProgress (4): 37 kB | 13 kB | 38 kB | 25/87 kBProgress (4): 37 kB | 13 kB | 38 kB | 29/87 kBProgress (4): 37 kB | 13 kB | 38 kB | 33/87 kB                                              Downloaded from central: https://repo.maven.apache.org/maven2/org/codehaus/plexus/plexus-interactivity-api/1.0-alpha-4/plexus-interactivity-api-1.0-alpha-4.jar (13 kB at 7.8 kB/s)
Downloading from central: https://repo.maven.apache.org/maven2/org/apache/maven/maven-model/2.0.6/maven-model-2.0.6.jar
Downloaded from central: https://repo.maven.apache.org/maven2/classworlds/classworlds/1.1/classworlds-1.1.jar (38 kB at 21 kB/s)
Downloading from central: https://repo.maven.apache.org/maven2/org/apache/maven/maven-monitor/2.0.6/maven-monitor-2.0.6.jar
Progress (3): 37 kB | 33/87 kB | 4.1/49 kBProgress (3): 37 kB | 33/87 kB | 7.7/49 kBProgress (3): 37 kB | 33/87 kB | 12/49 kB Progress (3): 37 kB | 33/87 kB | 16/49 kBProgress (3): 37 kB | 37/87 kB | 16/49 kBProgress (3): 37 kB | 41/87 kB | 16/49 kBProgress (3): 37 kB | 45/87 kB | 16/49 kBProgress (3): 37 kB | 49/87 kB | 16/49 kB                                         Downloaded from central: https://repo.maven.apache.org/maven2/org/apache/maven/maven-plugin-descriptor/2.0.6/maven-plugin-descriptor-2.0.6.jar (37 kB at 20 kB/s)
Downloading from central: https://repo.maven.apache.org/maven2/org/codehaus/plexus/plexus-container-default/1.0-alpha-9-stable-1/plexus-container-default-1.0-alpha-9-stable-1.jar
Progress (2): 53/87 kB | 16/49 kBProgress (2): 57/87 kB | 16/49 kBProgress (2): 61/87 kB | 16/49 kBProgress (2): 66/87 kB | 16/49 kBProgress (3): 66/87 kB | 16/49 kB | 2.2/86 kBProgress (3): 66/87 kB | 16/49 kB | 5.0/86 kBProgress (3): 66/87 kB | 16/49 kB | 7.7/86 kBProgress (3): 66/87 kB | 16/49 kB | 10/86 kB Progress (3): 66/87 kB | 16/49 kB | 13/86 kBProgress (3): 66/87 kB | 16/49 kB | 16/86 kBProgress (3): 66/87 kB | 16/49 kB | 19/86 kBProgress (3): 66/87 kB | 16/49 kB | 21/86 kBProgress (3): 66/87 kB | 16/49 kB | 24/86 kBProgress (3): 66/87 kB | 16/49 kB | 27/86 kBProgress (3): 66/87 kB | 16/49 kB | 30/86 kBProgress (3): 66/87 kB | 16/49 kB | 32/86 kBProgress (3): 70/87 kB | 16/49 kB | 32/86 kBProgress (3): 74/87 kB | 16/49 kB | 32/86 kBProgress (3): 78/87 kB | 16/49 kB | 32/86 kBProgress (3): 82/87 kB | 16/49 kB | 32/86 kBProgress (4): 82/87 kB | 16/49 kB | 32/86 kB | 2.2/10 kBProgress (4): 82/87 kB | 16/49 kB | 32/86 kB | 5.0/10 kBProgress (4): 82/87 kB | 16/49 kB | 32/86 kB | 7.7/10 kBProgress (4): 82/87 kB | 16/49 kB | 32/86 kB | 10 kB    Progress (4): 82/87 kB | 20/49 kB | 32/86 kB | 10 kBProgress (4): 82/87 kB | 24/49 kB | 32/86 kB | 10 kBProgress (4): 82/87 kB | 28/49 kB | 32/86 kB | 10 kBProgress (4): 82/87 kB | 32/49 kB | 32/86 kB | 10 kBProgress (4): 86/87 kB | 32/49 kB | 32/86 kB | 10 kBProgress (4): 87 kB | 32/49 kB | 32/86 kB | 10 kB   Progress (5): 87 kB | 32/49 kB | 32/86 kB | 10 kB | 4.1/194 kBProgress (5): 87 kB | 32/49 kB | 32/86 kB | 10 kB | 7.7/194 kBProgress (5): 87 kB | 32/49 kB | 32/86 kB | 10 kB | 12/194 kB Progress (5): 87 kB | 32/49 kB | 32/86 kB | 10 kB | 16/194 kBProgress (5): 87 kB | 32/49 kB | 32/86 kB | 10 kB | 20/194 kBProgress (5): 87 kB | 32/49 kB | 32/86 kB | 10 kB | 24/194 kBProgress (5): 87 kB | 32/49 kB | 32/86 kB | 10 kB | 28/194 kBProgress (5): 87 kB | 32/49 kB | 32/86 kB | 10 kB | 32/194 kBProgress (5): 87 kB | 32/49 kB | 36/86 kB | 10 kB | 32/194 kBProgress (5): 87 kB | 32/49 kB | 40/86 kB | 10 kB | 32/194 kBProgress (5): 87 kB | 32/49 kB | 45/86 kB | 10 kB | 32/194 kBProgress (5): 87 kB | 32/49 kB | 49/86 kB | 10 kB | 32/194 kBProgress (5): 87 kB | 32/49 kB | 53/86 kB | 10 kB | 32/194 kBProgress (5): 87 kB | 32/49 kB | 57/86 kB | 10 kB | 32/194 kBProgress (5): 87 kB | 32/49 kB | 61/86 kB | 10 kB | 32/194 kBProgress (5): 87 kB | 32/49 kB | 65/86 kB | 10 kB | 32/194 kBProgress (5): 87 kB | 32/49 kB | 69/86 kB | 10 kB | 32/194 kBProgress (5): 87 kB | 32/49 kB | 73/86 kB | 10 kB | 32/194 kBProgress (5): 87 kB | 32/49 kB | 77/86 kB | 10 kB | 32/194 kBProgress (5): 87 kB | 32/49 kB | 81/86 kB | 10 kB | 32/194 kBProgress (5): 87 kB | 32/49 kB | 85/86 kB | 10 kB | 32/194 kBProgress (5): 87 kB | 32/49 kB | 86 kB | 10 kB | 32/194 kB   Progress (5): 87 kB | 36/49 kB | 86 kB | 10 kB | 32/194 kBProgress (5): 87 kB | 40/49 kB | 86 kB | 10 kB | 32/194 kBProgress (5): 87 kB | 45/49 kB | 86 kB | 10 kB | 32/194 kBProgress (5): 87 kB | 49/49 kB | 86 kB | 10 kB | 32/194 kBProgress (5): 87 kB | 49 kB | 86 kB | 10 kB | 32/194 kB                                                          Downloaded from central: https://repo.maven.apache.org/maven2/org/apache/maven/maven-monitor/2.0.6/maven-monitor-2.0.6.jar (10 kB at 4.8 kB/s)
Downloading from central: https://repo.maven.apache.org/maven2/junit/junit/3.8.1/junit-3.8.1.jar
Downloaded from central: https://repo.maven.apache.org/maven2/org/apache/maven/maven-artifact/2.0.6/maven-artifact-2.0.6.jar (87 kB at 40 kB/s)
Progress (3): 49 kB | 86 kB | 36/194 kB                                       Downloading from central: https://repo.maven.apache.org/maven2/org/codehaus/plexus/plexus-utils/2.0.5/plexus-utils-2.0.5.jar
Progress (3): 49 kB | 86 kB | 40/194 kBProgress (3): 49 kB | 86 kB | 45/194 kBProgress (3): 49 kB | 86 kB | 49/194 kBProgress (3): 49 kB | 86 kB | 53/194 kBProgress (3): 49 kB | 86 kB | 57/194 kBProgress (3): 49 kB | 86 kB | 61/194 kBProgress (3): 49 kB | 86 kB | 65/194 kBProgress (3): 49 kB | 86 kB | 69/194 kBProgress (3): 49 kB | 86 kB | 73/194 kBProgress (3): 49 kB | 86 kB | 77/194 kBProgress (3): 49 kB | 86 kB | 81/194 kB                                       Downloaded from central: https://repo.maven.apache.org/maven2/org/apache/maven/maven-model/2.0.6/maven-model-2.0.6.jar (86 kB at 38 kB/s)
Downloading from central: https://repo.maven.apache.org/maven2/org/apache/maven/shared/maven-filtering/1.1/maven-filtering-1.1.jar
Downloaded from central: https://repo.maven.apache.org/maven2/org/apache/maven/maven-settings/2.0.6/maven-settings-2.0.6.jar (49 kB at 21 kB/s)
Downloading from central: https://repo.maven.apache.org/maven2/org/sonatype/plexus/plexus-build-api/0.0.4/plexus-build-api-0.0.4.jar
Progress (2): 81/194 kB | 4.1/121 kBProgress (2): 81/194 kB | 8.2/121 kBProgress (2): 81/194 kB | 12/121 kB Progress (2): 81/194 kB | 16/121 kBProgress (2): 85/194 kB | 16/121 kBProgress (2): 90/194 kB | 16/121 kBProgress (2): 94/194 kB | 16/121 kBProgress (2): 98/194 kB | 16/121 kBProgress (3): 98/194 kB | 16/121 kB | 2.2/223 kBProgress (3): 98/194 kB | 16/121 kB | 5.0/223 kBProgress (3): 98/194 kB | 16/121 kB | 7.7/223 kBProgress (3): 98/194 kB | 16/121 kB | 10/223 kB Progress (3): 98/194 kB | 16/121 kB | 13/223 kBProgress (3): 98/194 kB | 16/121 kB | 16/223 kBProgress (3): 98/194 kB | 16/121 kB | 19/223 kBProgress (3): 98/194 kB | 16/121 kB | 21/223 kBProgress (3): 98/194 kB | 16/121 kB | 24/223 kBProgress (3): 98/194 kB | 16/121 kB | 27/223 kBProgress (3): 98/194 kB | 16/121 kB | 30/223 kBProgress (3): 98/194 kB | 16/121 kB | 32/223 kBProgress (3): 102/194 kB | 16/121 kB | 32/223 kBProgress (3): 106/194 kB | 16/121 kB | 32/223 kBProgress (3): 110/194 kB | 16/121 kB | 32/223 kBProgress (3): 114/194 kB | 16/121 kB | 32/223 kBProgress (3): 118/194 kB | 16/121 kB | 32/223 kBProgress (3): 122/194 kB | 16/121 kB | 32/223 kBProgress (3): 126/194 kB | 16/121 kB | 32/223 kBProgress (3): 131/194 kB | 16/121 kB | 32/223 kBProgress (4): 131/194 kB | 16/121 kB | 32/223 kB | 4.1/43 kBProgress (4): 131/194 kB | 16/121 kB | 32/223 kB | 7.7/43 kBProgress (4): 131/194 kB | 16/121 kB | 32/223 kB | 12/43 kB Progress (4): 131/194 kB | 16/121 kB | 32/223 kB | 16/43 kBProgress (4): 131/194 kB | 16/121 kB | 32/223 kB | 20/43 kBProgress (4): 131/194 kB | 16/121 kB | 32/223 kB | 24/43 kBProgress (4): 131/194 kB | 16/121 kB | 32/223 kB | 28/43 kBProgress (4): 131/194 kB | 16/121 kB | 32/223 kB | 32/43 kBProgress (4): 131/194 kB | 16/121 kB | 32/223 kB | 36/43 kBProgress (4): 131/194 kB | 16/121 kB | 32/223 kB | 40/43 kBProgress (4): 131/194 kB | 16/121 kB | 32/223 kB | 43 kB   Progress (4): 131/194 kB | 20/121 kB | 32/223 kB | 43 kBProgress (4): 131/194 kB | 25/121 kB | 32/223 kB | 43 kBProgress (4): 131/194 kB | 29/121 kB | 32/223 kB | 43 kBProgress (4): 131/194 kB | 33/121 kB | 32/223 kB | 43 kBProgress (5): 131/194 kB | 33/121 kB | 32/223 kB | 43 kB | 2.2/6.8 kBProgress (5): 131/194 kB | 33/121 kB | 32/223 kB | 43 kB | 5.0/6.8 kBProgress (5): 131/194 kB | 33/121 kB | 32/223 kB | 43 kB | 6.8 kB    Progress (5): 135/194 kB | 33/121 kB | 32/223 kB | 43 kB | 6.8 kBProgress (5): 139/194 kB | 33/121 kB | 32/223 kB | 43 kB | 6.8 kBProgress (5): 143/194 kB | 33/121 kB | 32/223 kB | 43 kB | 6.8 kBProgress (5): 147/194 kB | 33/121 kB | 32/223 kB | 43 kB | 6.8 kBProgress (5): 147/194 kB | 33/121 kB | 36/223 kB | 43 kB | 6.8 kBProgress (5): 147/194 kB | 33/121 kB | 40/223 kB | 43 kB | 6.8 kBProgress (5): 147/194 kB | 33/121 kB | 45/223 kB | 43 kB | 6.8 kBProgress (5): 147/194 kB | 33/121 kB | 49/223 kB | 43 kB | 6.8 kBProgress (5): 147/194 kB | 33/121 kB | 53/223 kB | 43 kB | 6.8 kBProgress (5): 147/194 kB | 33/121 kB | 57/223 kB | 43 kB | 6.8 kBProgress (5): 147/194 kB | 33/121 kB | 61/223 kB | 43 kB | 6.8 kBProgress (5): 147/194 kB | 33/121 kB | 65/223 kB | 43 kB | 6.8 kBProgress (5): 147/194 kB | 33/121 kB | 69/223 kB | 43 kB | 6.8 kBProgress (5): 147/194 kB | 33/121 kB | 73/223 kB | 43 kB | 6.8 kBProgress (5): 147/194 kB | 33/121 kB | 77/223 kB | 43 kB | 6.8 kBProgress (5): 151/194 kB | 33/121 kB | 77/223 kB | 43 kB | 6.8 kBProgress (5): 151/194 kB | 33/121 kB | 81/223 kB | 43 kB | 6.8 kBProgress (5): 155/194 kB | 33/121 kB | 81/223 kB | 43 kB | 6.8 kBProgress (5): 159/194 kB | 33/121 kB | 81/223 kB | 43 kB | 6.8 kBProgress (5): 163/194 kB | 33/121 kB | 81/223 kB | 43 kB | 6.8 kBProgress (5): 167/194 kB | 33/121 kB | 81/223 kB | 43 kB | 6.8 kBProgress (5): 171/194 kB | 33/121 kB | 81/223 kB | 43 kB | 6.8 kBProgress (5): 176/194 kB | 33/121 kB | 81/223 kB | 43 kB | 6.8 kBProgress (5): 180/194 kB | 33/121 kB | 81/223 kB | 43 kB | 6.8 kBProgress (5): 184/194 kB | 33/121 kB | 81/223 kB | 43 kB | 6.8 kBProgress (5): 188/194 kB | 33/121 kB | 81/223 kB | 43 kB | 6.8 kBProgress (5): 192/194 kB | 33/121 kB | 81/223 kB | 43 kB | 6.8 kBProgress (5): 194 kB | 33/121 kB | 81/223 kB | 43 kB | 6.8 kB    Progress (5): 194 kB | 37/121 kB | 81/223 kB | 43 kB | 6.8 kBProgress (5): 194 kB | 41/121 kB | 81/223 kB | 43 kB | 6.8 kBProgress (5): 194 kB | 45/121 kB | 81/223 kB | 43 kB | 6.8 kBProgress (5): 194 kB | 49/121 kB | 81/223 kB | 43 kB | 6.8 kB                                                             Downloaded from central: https://repo.maven.apache.org/maven2/org/sonatype/plexus/plexus-build-api/0.0.4/plexus-build-api-0.0.4.jar (6.8 kB at 2.6 kB/s)
Downloading from central: https://repo.maven.apache.org/maven2/org/codehaus/plexus/plexus-interpolation/1.13/plexus-interpolation-1.13.jar
Downloaded from central: https://repo.maven.apache.org/maven2/org/apache/maven/shared/maven-filtering/1.1/maven-filtering-1.1.jar (43 kB at 16 kB/s)
Progress (3): 194 kB | 49/121 kB | 85/223 kBProgress (3): 194 kB | 49/121 kB | 90/223 kBProgress (3): 194 kB | 49/121 kB | 94/223 kBProgress (3): 194 kB | 49/121 kB | 98/223 kBProgress (3): 194 kB | 49/121 kB | 102/223 kBProgress (3): 194 kB | 49/121 kB | 106/223 kBProgress (3): 194 kB | 49/121 kB | 110/223 kBProgress (3): 194 kB | 49/121 kB | 114/223 kBProgress (3): 194 kB | 49/121 kB | 118/223 kBProgress (3): 194 kB | 49/121 kB | 122/223 kBProgress (3): 194 kB | 49/121 kB | 126/223 kBProgress (3): 194 kB | 49/121 kB | 131/223 kBProgress (3): 194 kB | 53/121 kB | 131/223 kBProgress (3): 194 kB | 57/121 kB | 131/223 kBProgress (3): 194 kB | 61/121 kB | 131/223 kBProgress (3): 194 kB | 66/121 kB | 131/223 kB                                             Downloaded from central: https://repo.maven.apache.org/maven2/org/codehaus/plexus/plexus-container-default/1.0-alpha-9-stable-1/plexus-container-default-1.0-alpha-9-stable-1.jar (194 kB at 70 kB/s)
Progress (3): 66/121 kB | 131/223 kB | 4.1/61 kBProgress (3): 66/121 kB | 131/223 kB | 8.2/61 kBProgress (3): 66/121 kB | 131/223 kB | 12/61 kB Progress (3): 66/121 kB | 131/223 kB | 16/61 kBProgress (3): 66/121 kB | 131/223 kB | 20/61 kBProgress (3): 66/121 kB | 131/223 kB | 25/61 kBProgress (3): 66/121 kB | 131/223 kB | 29/61 kBProgress (3): 66/121 kB | 131/223 kB | 33/61 kBProgress (3): 66/121 kB | 131/223 kB | 37/61 kBProgress (3): 66/121 kB | 131/223 kB | 41/61 kBProgress (3): 66/121 kB | 131/223 kB | 45/61 kBProgress (3): 66/121 kB | 131/223 kB | 49/61 kBProgress (3): 70/121 kB | 131/223 kB | 49/61 kBProgress (3): 74/121 kB | 131/223 kB | 49/61 kBProgress (3): 78/121 kB | 131/223 kB | 49/61 kBProgress (3): 82/121 kB | 131/223 kB | 49/61 kBProgress (3): 82/121 kB | 135/223 kB | 49/61 kBProgress (3): 82/121 kB | 139/223 kB | 49/61 kBProgress (3): 82/121 kB | 143/223 kB | 49/61 kBProgress (3): 82/121 kB | 147/223 kB | 49/61 kBProgress (3): 82/121 kB | 151/223 kB | 49/61 kBProgress (3): 82/121 kB | 155/223 kB | 49/61 kBProgress (3): 82/121 kB | 159/223 kB | 49/61 kBProgress (3): 82/121 kB | 163/223 kB | 49/61 kBProgress (3): 82/121 kB | 167/223 kB | 49/61 kBProgress (3): 82/121 kB | 171/223 kB | 49/61 kBProgress (3): 82/121 kB | 176/223 kB | 49/61 kBProgress (3): 82/121 kB | 180/223 kB | 49/61 kBProgress (3): 86/121 kB | 180/223 kB | 49/61 kBProgress (3): 90/121 kB | 180/223 kB | 49/61 kBProgress (3): 94/121 kB | 180/223 kB | 49/61 kBProgress (3): 98/121 kB | 180/223 kB | 49/61 kBProgress (3): 98/121 kB | 180/223 kB | 53/61 kBProgress (3): 98/121 kB | 180/223 kB | 57/61 kBProgress (3): 98/121 kB | 180/223 kB | 61 kB   Progress (3): 98/121 kB | 184/223 kB | 61 kBProgress (3): 98/121 kB | 188/223 kB | 61 kBProgress (3): 98/121 kB | 192/223 kB | 61 kBProgress (3): 98/121 kB | 196/223 kB | 61 kBProgress (3): 98/121 kB | 200/223 kB | 61 kBProgress (3): 98/121 kB | 204/223 kB | 61 kBProgress (3): 98/121 kB | 208/223 kB | 61 kBProgress (3): 98/121 kB | 212/223 kB | 61 kBProgress (3): 102/121 kB | 212/223 kB | 61 kBProgress (3): 106/121 kB | 212/223 kB | 61 kBProgress (3): 111/121 kB | 212/223 kB | 61 kBProgress (3): 115/121 kB | 212/223 kB | 61 kBProgress (3): 115/121 kB | 217/223 kB | 61 kBProgress (3): 115/121 kB | 221/223 kB | 61 kBProgress (3): 115/121 kB | 223 kB | 61 kB    Progress (3): 119/121 kB | 223 kB | 61 kBProgress (3): 121 kB | 223 kB | 61 kB                                         Downloaded from central: https://repo.maven.apache.org/maven2/org/codehaus/plexus/plexus-interpolation/1.13/plexus-interpolation-1.13.jar (61 kB at 19 kB/s)
Downloaded from central: https://repo.maven.apache.org/maven2/junit/junit/3.8.1/junit-3.8.1.jar (121 kB at 37 kB/s)
Downloaded from central: https://repo.maven.apache.org/maven2/org/codehaus/plexus/plexus-utils/2.0.5/plexus-utils-2.0.5.jar (223 kB at 68 kB/s)
[INFO] Using 'UTF-8' encoding to copy filtered resources.
[INFO] skip non existing resourceDirectory E:\Sanjay_Study\NU\automation\src\main\resources
[INFO] 
[INFO] --- maven-compiler-plugin:3.8.0:compile (default-compile) @ EddieBauer-qa-smokesuite ---
Downloading from central: https://repo.maven.apache.org/maven2/org/apache/maven/maven-plugin-api/3.0/maven-plugin-api-3.0.pom
Progress (1): 2.3 kB                    Downloaded from central: https://repo.maven.apache.org/maven2/org/apache/maven/maven-plugin-api/3.0/maven-plugin-api-3.0.pom (2.3 kB at 6.7 kB/s)
Downloading from central: https://repo.maven.apache.org/maven2/org/apache/maven/maven/3.0/maven-3.0.pom
Progress (1): 2.2/22 kBProgress (1): 5.0/22 kBProgress (1): 7.8/22 kBProgress (1): 11/22 kB Progress (1): 13/22 kBProgress (1): 16/22 kBProgress (1): 19/22 kBProgress (1): 21/22 kBProgress (1): 22 kB                      Downloaded from central: https://repo.maven.apache.org/maven2/org/apache/maven/maven/3.0/maven-3.0.pom (22 kB at 61 kB/s)
Downloading from central: https://repo.maven.apache.org/maven2/org/apache/maven/maven-parent/15/maven-parent-15.pom
Progress (1): 2.2/24 kBProgress (1): 5.0/24 kBProgress (1): 7.8/24 kBProgress (1): 11/24 kB Progress (1): 13/24 kBProgress (1): 16/24 kBProgress (1): 19/24 kBProgress (1): 21/24 kBProgress (1): 24 kB                      Downloaded from central: https://repo.maven.apache.org/maven2/org/apache/maven/maven-parent/15/maven-parent-15.pom (24 kB at 65 kB/s)
Downloading from central: https://repo.maven.apache.org/maven2/org/apache/apache/6/apache-6.pom
Progress (1): 2.2/13 kBProgress (1): 5.0/13 kBProgress (1): 7.8/13 kBProgress (1): 11/13 kB Progress (1): 13 kB                      Downloaded from central: https://repo.maven.apache.org/maven2/org/apache/apache/6/apache-6.pom (13 kB at 36 kB/s)
Downloading from central: https://repo.maven.apache.org/maven2/org/apache/maven/maven-model/3.0/maven-model-3.0.pom
Progress (1): 2.2/3.9 kBProgress (1): 3.9 kB                        Downloaded from central: https://repo.maven.apache.org/maven2/org/apache/maven/maven-model/3.0/maven-model-3.0.pom (3.9 kB at 11 kB/s)
Downloading from central: https://repo.maven.apache.org/maven2/org/codehaus/plexus/plexus-utils/2.0.4/plexus-utils-2.0.4.pom
Progress (1): 2.2/3.3 kBProgress (1): 3.3 kB                        Downloaded from central: https://repo.maven.apache.org/maven2/org/codehaus/plexus/plexus-utils/2.0.4/plexus-utils-2.0.4.pom (3.3 kB at 9.8 kB/s)
Downloading from central: https://repo.maven.apache.org/maven2/org/apache/maven/maven-artifact/3.0/maven-artifact-3.0.pom
Progress (1): 1.9 kB                    Downloaded from central: https://repo.maven.apache.org/maven2/org/apache/maven/maven-artifact/3.0/maven-artifact-3.0.pom (1.9 kB at 5.6 kB/s)
Downloading from central: https://repo.maven.apache.org/maven2/org/sonatype/sisu/sisu-inject-plexus/1.4.2/sisu-inject-plexus-1.4.2.pom
Progress (1): 2.2/5.4 kBProgress (1): 5.0/5.4 kBProgress (1): 5.4 kB                        Downloaded from central: https://repo.maven.apache.org/maven2/org/sonatype/sisu/sisu-inject-plexus/1.4.2/sisu-inject-plexus-1.4.2.pom (5.4 kB at 15 kB/s)
Downloading from central: https://repo.maven.apache.org/maven2/org/sonatype/sisu/inject/guice-plexus/1.4.2/guice-plexus-1.4.2.pom
Progress (1): 2.2/3.1 kBProgress (1): 3.1 kB                        Downloaded from central: https://repo.maven.apache.org/maven2/org/sonatype/sisu/inject/guice-plexus/1.4.2/guice-plexus-1.4.2.pom (3.1 kB at 9.0 kB/s)
Downloading from central: https://repo.maven.apache.org/maven2/org/sonatype/sisu/inject/guice-bean/1.4.2/guice-bean-1.4.2.pom
Progress (1): 2.2/2.6 kBProgress (1): 2.6 kB                        Downloaded from central: https://repo.maven.apache.org/maven2/org/sonatype/sisu/inject/guice-bean/1.4.2/guice-bean-1.4.2.pom (2.6 kB at 7.5 kB/s)
Downloading from central: https://repo.maven.apache.org/maven2/org/sonatype/sisu/sisu-inject/1.4.2/sisu-inject-1.4.2.pom
Progress (1): 1.2 kB                    Downloaded from central: https://repo.maven.apache.org/maven2/org/sonatype/sisu/sisu-inject/1.4.2/sisu-inject-1.4.2.pom (1.2 kB at 3.6 kB/s)
Downloading from central: https://repo.maven.apache.org/maven2/org/sonatype/sisu/sisu-parent/1.4.2/sisu-parent-1.4.2.pom
Progress (1): 2.2/7.8 kBProgress (1): 5.0/7.8 kBProgress (1): 7.8/7.8 kBProgress (1): 7.8 kB                        Downloaded from central: https://repo.maven.apache.org/maven2/org/sonatype/sisu/sisu-parent/1.4.2/sisu-parent-1.4.2.pom (7.8 kB at 22 kB/s)
Downloading from central: https://repo.maven.apache.org/maven2/org/sonatype/forge/forge-parent/6/forge-parent-6.pom
Progress (1): 2.2/11 kBProgress (1): 5.0/11 kBProgress (1): 7.8/11 kBProgress (1): 11/11 kB Progress (1): 11 kB                      Downloaded from central: https://repo.maven.apache.org/maven2/org/sonatype/forge/forge-parent/6/forge-parent-6.pom (11 kB at 31 kB/s)
Downloading from central: https://repo.maven.apache.org/maven2/org/codehaus/plexus/plexus-component-annotations/1.7.1/plexus-component-annotations-1.7.1.pom
Progress (1): 770 B                   Downloaded from central: https://repo.maven.apache.org/maven2/org/codehaus/plexus/plexus-component-annotations/1.7.1/plexus-component-annotations-1.7.1.pom (770 B at 2.3 kB/s)
Downloading from central: https://repo.maven.apache.org/maven2/org/codehaus/plexus/plexus-containers/1.7.1/plexus-containers-1.7.1.pom
Progress (1): 2.2/5.0 kBProgress (1): 5.0/5.0 kBProgress (1): 5.0 kB                        Downloaded from central: https://repo.maven.apache.org/maven2/org/codehaus/plexus/plexus-containers/1.7.1/plexus-containers-1.7.1.pom (5.0 kB at 14 kB/s)
Downloading from central: https://repo.maven.apache.org/maven2/org/codehaus/plexus/plexus/4.0/plexus-4.0.pom
Progress (1): 2.2/22 kBProgress (1): 5.0/22 kBProgress (1): 7.8/22 kBProgress (1): 11/22 kB Progress (1): 13/22 kBProgress (1): 16/22 kBProgress (1): 19/22 kBProgress (1): 21/22 kBProgress (1): 22 kB                      Downloaded from central: https://repo.maven.apache.org/maven2/org/codehaus/plexus/plexus/4.0/plexus-4.0.pom (22 kB at 59 kB/s)
Downloading from central: https://repo.maven.apache.org/maven2/org/sonatype/forge/forge-parent/10/forge-parent-10.pom
Progress (1): 2.2/14 kBProgress (1): 5.0/14 kBProgress (1): 7.8/14 kBProgress (1): 11/14 kB Progress (1): 13/14 kBProgress (1): 14 kB                      Downloaded from central: https://repo.maven.apache.org/maven2/org/sonatype/forge/forge-parent/10/forge-parent-10.pom (14 kB at 38 kB/s)
Downloading from central: https://repo.maven.apache.org/maven2/org/codehaus/plexus/plexus-classworlds/2.2.3/plexus-classworlds-2.2.3.pom
Progress (1): 2.2/4.0 kBProgress (1): 4.0 kB                        Downloaded from central: https://repo.maven.apache.org/maven2/org/codehaus/plexus/plexus-classworlds/2.2.3/plexus-classworlds-2.2.3.pom (4.0 kB at 11 kB/s)
Downloading from central: https://repo.maven.apache.org/maven2/org/sonatype/sisu/sisu-inject-bean/1.4.2/sisu-inject-bean-1.4.2.pom
Progress (1): 2.2/5.5 kBProgress (1): 5.0/5.5 kBProgress (1): 5.5 kB                        Downloaded from central: https://repo.maven.apache.org/maven2/org/sonatype/sisu/sisu-inject-bean/1.4.2/sisu-inject-bean-1.4.2.pom (5.5 kB at 16 kB/s)
Downloading from central: https://repo.maven.apache.org/maven2/org/sonatype/sisu/sisu-guice/2.1.7/sisu-guice-2.1.7.pom
Progress (1): 2.2/11 kBProgress (1): 5.0/11 kBProgress (1): 7.8/11 kBProgress (1): 11/11 kB Progress (1): 11 kB                      Downloaded from central: https://repo.maven.apache.org/maven2/org/sonatype/sisu/sisu-guice/2.1.7/sisu-guice-2.1.7.pom (11 kB at 32 kB/s)
Downloading from central: https://repo.maven.apache.org/maven2/org/apache/maven/maven-core/3.0/maven-core-3.0.pom
Progress (1): 2.2/6.6 kBProgress (1): 5.0/6.6 kBProgress (1): 6.6 kB                        Downloaded from central: https://repo.maven.apache.org/maven2/org/apache/maven/maven-core/3.0/maven-core-3.0.pom (6.6 kB at 19 kB/s)
Downloading from central: https://repo.maven.apache.org/maven2/org/apache/maven/maven-settings/3.0/maven-settings-3.0.pom
Progress (1): 1.9 kB                    Downloaded from central: https://repo.maven.apache.org/maven2/org/apache/maven/maven-settings/3.0/maven-settings-3.0.pom (1.9 kB at 5.5 kB/s)
Downloading from central: https://repo.maven.apache.org/maven2/org/apache/maven/maven-settings-builder/3.0/maven-settings-builder-3.0.pom
Progress (1): 2.2 kB                    Downloaded from central: https://repo.maven.apache.org/maven2/org/apache/maven/maven-settings-builder/3.0/maven-settings-builder-3.0.pom (2.2 kB at 6.4 kB/s)
Downloading from central: https://repo.maven.apache.org/maven2/org/codehaus/plexus/plexus-interpolation/1.14/plexus-interpolation-1.14.pom
Progress (1): 910 B                   Downloaded from central: https://repo.maven.apache.org/maven2/org/codehaus/plexus/plexus-interpolation/1.14/plexus-interpolation-1.14.pom (910 B at 2.6 kB/s)
Downloading from central: https://repo.maven.apache.org/maven2/org/codehaus/plexus/plexus-components/1.1.18/plexus-components-1.1.18.pom
Progress (1): 2.2/5.4 kBProgress (1): 5.0/5.4 kBProgress (1): 5.4 kB                        Downloaded from central: https://repo.maven.apache.org/maven2/org/codehaus/plexus/plexus-components/1.1.18/plexus-components-1.1.18.pom (5.4 kB at 15 kB/s)
Downloading from central: https://repo.maven.apache.org/maven2/org/codehaus/plexus/plexus/2.0.7/plexus-2.0.7.pom
Progress (1): 2.2/17 kBProgress (1): 5.0/17 kBProgress (1): 7.8/17 kBProgress (1): 11/17 kB Progress (1): 13/17 kBProgress (1): 16/17 kBProgress (1): 17 kB                      Downloaded from central: https://repo.maven.apache.org/maven2/org/codehaus/plexus/plexus/2.0.7/plexus-2.0.7.pom (17 kB at 49 kB/s)
Downloading from central: https://repo.maven.apache.org/maven2/org/sonatype/plexus/plexus-sec-dispatcher/1.3/plexus-sec-dispatcher-1.3.pom
Progress (1): 2.2/3.0 kBProgress (1): 3.0 kB                        Downloaded from central: https://repo.maven.apache.org/maven2/org/sonatype/plexus/plexus-sec-dispatcher/1.3/plexus-sec-dispatcher-1.3.pom (3.0 kB at 8.6 kB/s)
Downloading from central: https://repo.maven.apache.org/maven2/org/sonatype/spice/spice-parent/12/spice-parent-12.pom
Progress (1): 2.2/6.8 kBProgress (1): 5.0/6.8 kBProgress (1): 6.8 kB                        Downloaded from central: https://repo.maven.apache.org/maven2/org/sonatype/spice/spice-parent/12/spice-parent-12.pom (6.8 kB at 19 kB/s)
Downloading from central: https://repo.maven.apache.org/maven2/org/sonatype/forge/forge-parent/4/forge-parent-4.pom
Progress (1): 2.8/8.4 kBProgress (1): 5.5/8.4 kBProgress (1): 8.3/8.4 kBProgress (1): 8.4 kB                        Downloaded from central: https://repo.maven.apache.org/maven2/org/sonatype/forge/forge-parent/4/forge-parent-4.pom (8.4 kB at 24 kB/s)
Downloading from central: https://repo.maven.apache.org/maven2/org/codehaus/plexus/plexus-utils/1.5.5/plexus-utils-1.5.5.pom
Progress (1): 2.2/5.1 kBProgress (1): 5.0/5.1 kBProgress (1): 5.1 kB                        Downloaded from central: https://repo.maven.apache.org/maven2/org/codehaus/plexus/plexus-utils/1.5.5/plexus-utils-1.5.5.pom (5.1 kB at 12 kB/s)
Downloading from central: https://repo.maven.apache.org/maven2/org/sonatype/plexus/plexus-cipher/1.4/plexus-cipher-1.4.pom
Progress (1): 2.1 kB                    Downloaded from central: https://repo.maven.apache.org/maven2/org/sonatype/plexus/plexus-cipher/1.4/plexus-cipher-1.4.pom (2.1 kB at 6.2 kB/s)
Downloading from central: https://repo.maven.apache.org/maven2/org/apache/maven/maven-repository-metadata/3.0/maven-repository-metadata-3.0.pom
Progress (1): 1.9 kB                    Downloaded from central: https://repo.maven.apache.org/maven2/org/apache/maven/maven-repository-metadata/3.0/maven-repository-metadata-3.0.pom (1.9 kB at 5.6 kB/s)
Downloading from central: https://repo.maven.apache.org/maven2/org/apache/maven/maven-model-builder/3.0/maven-model-builder-3.0.pom
Progress (1): 2.2/2.2 kBProgress (1): 2.2 kB                        Downloaded from central: https://repo.maven.apache.org/maven2/org/apache/maven/maven-model-builder/3.0/maven-model-builder-3.0.pom (2.2 kB at 6.4 kB/s)
Downloading from central: https://repo.maven.apache.org/maven2/org/apache/maven/maven-aether-provider/3.0/maven-aether-provider-3.0.pom
Progress (1): 2.2/2.5 kBProgress (1): 2.5 kB                        Downloaded from central: https://repo.maven.apache.org/maven2/org/apache/maven/maven-aether-provider/3.0/maven-aether-provider-3.0.pom (2.5 kB at 7.1 kB/s)
Downloading from central: https://repo.maven.apache.org/maven2/org/sonatype/aether/aether-api/1.7/aether-api-1.7.pom
Progress (1): 1.7 kB                    Downloaded from central: https://repo.maven.apache.org/maven2/org/sonatype/aether/aether-api/1.7/aether-api-1.7.pom (1.7 kB at 4.8 kB/s)
Downloading from central: https://repo.maven.apache.org/maven2/org/sonatype/aether/aether-parent/1.7/aether-parent-1.7.pom
Progress (1): 2.2/7.7 kBProgress (1): 5.0/7.7 kBProgress (1): 7.7 kB                        Downloaded from central: https://repo.maven.apache.org/maven2/org/sonatype/aether/aether-parent/1.7/aether-parent-1.7.pom (7.7 kB at 21 kB/s)
Downloading from central: https://repo.maven.apache.org/maven2/org/sonatype/aether/aether-util/1.7/aether-util-1.7.pom
Progress (1): 2.1 kB                    Downloaded from central: https://repo.maven.apache.org/maven2/org/sonatype/aether/aether-util/1.7/aether-util-1.7.pom (2.1 kB at 5.9 kB/s)
Downloading from central: https://repo.maven.apache.org/maven2/org/sonatype/aether/aether-impl/1.7/aether-impl-1.7.pom
Progress (1): 2.2/3.7 kBProgress (1): 3.7 kB                        Downloaded from central: https://repo.maven.apache.org/maven2/org/sonatype/aether/aether-impl/1.7/aether-impl-1.7.pom (3.7 kB at 11 kB/s)
Downloading from central: https://repo.maven.apache.org/maven2/org/sonatype/aether/aether-spi/1.7/aether-spi-1.7.pom
Progress (1): 1.7 kB                    Downloaded from central: https://repo.maven.apache.org/maven2/org/sonatype/aether/aether-spi/1.7/aether-spi-1.7.pom (1.7 kB at 5.0 kB/s)
Downloading from central: https://repo.maven.apache.org/maven2/org/apache/maven/shared/maven-shared-utils/3.2.1/maven-shared-utils-3.2.1.pom
Progress (1): 2.2/5.6 kBProgress (1): 4.9/5.6 kBProgress (1): 5.6 kB                        Downloaded from central: https://repo.maven.apache.org/maven2/org/apache/maven/shared/maven-shared-utils/3.2.1/maven-shared-utils-3.2.1.pom (5.6 kB at 16 kB/s)
Downloading from central: https://repo.maven.apache.org/maven2/org/apache/maven/shared/maven-shared-components/30/maven-shared-components-30.pom
Progress (1): 2.2/4.6 kBProgress (1): 4.6 kB                        Downloaded from central: https://repo.maven.apache.org/maven2/org/apache/maven/shared/maven-shared-components/30/maven-shared-components-30.pom (4.6 kB at 13 kB/s)
Downloading from central: https://repo.maven.apache.org/maven2/org/apache/maven/maven-parent/30/maven-parent-30.pom
Progress (1): 2.2/41 kBProgress (1): 5.0/41 kBProgress (1): 7.8/41 kBProgress (1): 11/41 kB Progress (1): 13/41 kBProgress (1): 16/41 kBProgress (1): 19/41 kBProgress (1): 21/41 kBProgress (1): 24/41 kBProgress (1): 27/41 kBProgress (1): 30/41 kBProgress (1): 32/41 kBProgress (1): 36/41 kBProgress (1): 40/41 kBProgress (1): 41 kB                      Downloaded from central: https://repo.maven.apache.org/maven2/org/apache/maven/maven-parent/30/maven-parent-30.pom (41 kB at 108 kB/s)
Downloading from central: https://repo.maven.apache.org/maven2/commons-io/commons-io/2.5/commons-io-2.5.pom
Progress (1): 4.1/13 kBProgress (1): 7.7/13 kBProgress (1): 12/13 kB Progress (1): 13 kB                      Downloaded from central: https://repo.maven.apache.org/maven2/commons-io/commons-io/2.5/commons-io-2.5.pom (13 kB at 37 kB/s)
Downloading from central: https://repo.maven.apache.org/maven2/org/apache/maven/shared/maven-shared-incremental/1.1/maven-shared-incremental-1.1.pom
Progress (1): 4.1/4.7 kBProgress (1): 4.7 kB                        Downloaded from central: https://repo.maven.apache.org/maven2/org/apache/maven/shared/maven-shared-incremental/1.1/maven-shared-incremental-1.1.pom (4.7 kB at 13 kB/s)
Downloading from central: https://repo.maven.apache.org/maven2/org/apache/maven/shared/maven-shared-components/19/maven-shared-components-19.pom
Progress (1): 2.2/6.4 kBProgress (1): 5.0/6.4 kBProgress (1): 6.4 kB                        Downloaded from central: https://repo.maven.apache.org/maven2/org/apache/maven/shared/maven-shared-components/19/maven-shared-components-19.pom (6.4 kB at 18 kB/s)
Downloading from central: https://repo.maven.apache.org/maven2/org/apache/maven/maven-plugin-api/2.2.1/maven-plugin-api-2.2.1.pom
Progress (1): 1.5 kB                    Downloaded from central: https://repo.maven.apache.org/maven2/org/apache/maven/maven-plugin-api/2.2.1/maven-plugin-api-2.2.1.pom (1.5 kB at 4.2 kB/s)
Downloading from central: https://repo.maven.apache.org/maven2/org/apache/maven/maven/2.2.1/maven-2.2.1.pom
Progress (1): 2.2/22 kBProgress (1): 5.0/22 kBProgress (1): 7.7/22 kBProgress (1): 11/22 kB Progress (1): 13/22 kBProgress (1): 16/22 kBProgress (1): 19/22 kBProgress (1): 21/22 kBProgress (1): 22 kB                      Downloaded from central: https://repo.maven.apache.org/maven2/org/apache/maven/maven/2.2.1/maven-2.2.1.pom (22 kB at 59 kB/s)
Downloading from central: https://repo.maven.apache.org/maven2/org/apache/maven/maven-parent/11/maven-parent-11.pom
Progress (1): 2.8/32 kBProgress (1): 5.5/32 kBProgress (1): 8.3/32 kBProgress (1): 11/32 kB Progress (1): 14/32 kBProgress (1): 16/32 kBProgress (1): 19/32 kBProgress (1): 22/32 kBProgress (1): 25/32 kBProgress (1): 27/32 kBProgress (1): 30/32 kBProgress (1): 32 kB                      Downloaded from central: https://repo.maven.apache.org/maven2/org/apache/maven/maven-parent/11/maven-parent-11.pom (32 kB at 86 kB/s)
Downloading from central: https://repo.maven.apache.org/maven2/org/apache/apache/5/apache-5.pom
Progress (1): 2.2/4.1 kBProgress (1): 4.1 kB                        Downloaded from central: https://repo.maven.apache.org/maven2/org/apache/apache/5/apache-5.pom (4.1 kB at 12 kB/s)
Downloading from central: https://repo.maven.apache.org/maven2/org/apache/maven/maven-core/2.2.1/maven-core-2.2.1.pom
Progress (1): 2.2/12 kBProgress (1): 5.0/12 kBProgress (1): 7.8/12 kBProgress (1): 11/12 kB Progress (1): 12 kB                      Downloaded from central: https://repo.maven.apache.org/maven2/org/apache/maven/maven-core/2.2.1/maven-core-2.2.1.pom (12 kB at 33 kB/s)
Downloading from central: https://repo.maven.apache.org/maven2/org/apache/maven/maven-settings/2.2.1/maven-settings-2.2.1.pom
Progress (1): 2.2 kB                    Downloaded from central: https://repo.maven.apache.org/maven2/org/apache/maven/maven-settings/2.2.1/maven-settings-2.2.1.pom (2.2 kB at 6.4 kB/s)
Downloading from central: https://repo.maven.apache.org/maven2/org/apache/maven/maven-model/2.2.1/maven-model-2.2.1.pom
Progress (1): 2.2/3.2 kBProgress (1): 3.2 kB                        Downloaded from central: https://repo.maven.apache.org/maven2/org/apache/maven/maven-model/2.2.1/maven-model-2.2.1.pom (3.2 kB at 9.4 kB/s)
Downloading from central: https://repo.maven.apache.org/maven2/org/codehaus/plexus/plexus-interpolation/1.11/plexus-interpolation-1.11.pom
Progress (1): 889 B                   Downloaded from central: https://repo.maven.apache.org/maven2/org/codehaus/plexus/plexus-interpolation/1.11/plexus-interpolation-1.11.pom (889 B at 2.6 kB/s)
Downloading from central: https://repo.maven.apache.org/maven2/org/apache/maven/maven-plugin-parameter-documenter/2.2.1/maven-plugin-parameter-documenter-2.2.1.pom
Progress (1): 2.0 kB                    Downloaded from central: https://repo.maven.apache.org/maven2/org/apache/maven/maven-plugin-parameter-documenter/2.2.1/maven-plugin-parameter-documenter-2.2.1.pom (2.0 kB at 5.6 kB/s)
Downloading from central: https://repo.maven.apache.org/maven2/org/slf4j/slf4j-jdk14/1.5.6/slf4j-jdk14-1.5.6.pom
Progress (1): 1.9 kB                    Downloaded from central: https://repo.maven.apache.org/maven2/org/slf4j/slf4j-jdk14/1.5.6/slf4j-jdk14-1.5.6.pom (1.9 kB at 5.5 kB/s)
Downloading from central: https://repo.maven.apache.org/maven2/org/slf4j/slf4j-parent/1.5.6/slf4j-parent-1.5.6.pom
Progress (1): 2.8/7.9 kBProgress (1): 5.5/7.9 kBProgress (1): 7.9 kB                        Downloaded from central: https://repo.maven.apache.org/maven2/org/slf4j/slf4j-parent/1.5.6/slf4j-parent-1.5.6.pom (7.9 kB at 23 kB/s)
Downloading from central: https://repo.maven.apache.org/maven2/org/slf4j/slf4j-api/1.5.6/slf4j-api-1.5.6.pom
Progress (1): 2.2/3.0 kBProgress (1): 3.0 kB                        Downloaded from central: https://repo.maven.apache.org/maven2/org/slf4j/slf4j-api/1.5.6/slf4j-api-1.5.6.pom (3.0 kB at 8.6 kB/s)
Downloading from central: https://repo.maven.apache.org/maven2/org/slf4j/jcl-over-slf4j/1.5.6/jcl-over-slf4j-1.5.6.pom
Progress (1): 2.2 kB                    Downloaded from central: https://repo.maven.apache.org/maven2/org/slf4j/jcl-over-slf4j/1.5.6/jcl-over-slf4j-1.5.6.pom (2.2 kB at 6.2 kB/s)
Downloading from central: https://repo.maven.apache.org/maven2/org/apache/maven/maven-profile/2.2.1/maven-profile-2.2.1.pom
Progress (1): 2.2 kB                    Downloaded from central: https://repo.maven.apache.org/maven2/org/apache/maven/maven-profile/2.2.1/maven-profile-2.2.1.pom (2.2 kB at 6.3 kB/s)
Downloading from central: https://repo.maven.apache.org/maven2/org/apache/maven/maven-artifact/2.2.1/maven-artifact-2.2.1.pom
Progress (1): 1.6 kB                    Downloaded from central: https://repo.maven.apache.org/maven2/org/apache/maven/maven-artifact/2.2.1/maven-artifact-2.2.1.pom (1.6 kB at 4.6 kB/s)
Downloading from central: https://repo.maven.apache.org/maven2/org/apache/maven/maven-repository-metadata/2.2.1/maven-repository-metadata-2.2.1.pom
Progress (1): 1.9 kB                    Downloaded from central: https://repo.maven.apache.org/maven2/org/apache/maven/maven-repository-metadata/2.2.1/maven-repository-metadata-2.2.1.pom (1.9 kB at 5.5 kB/s)
Downloading from central: https://repo.maven.apache.org/maven2/org/apache/maven/maven-error-diagnostics/2.2.1/maven-error-diagnostics-2.2.1.pom
Progress (1): 1.7 kB                    Downloaded from central: https://repo.maven.apache.org/maven2/org/apache/maven/maven-error-diagnostics/2.2.1/maven-error-diagnostics-2.2.1.pom (1.7 kB at 5.0 kB/s)
Downloading from central: https://repo.maven.apache.org/maven2/org/apache/maven/maven-project/2.2.1/maven-project-2.2.1.pom
Progress (1): 2.2/2.8 kBProgress (1): 2.8 kB                        Downloaded from central: https://repo.maven.apache.org/maven2/org/apache/maven/maven-project/2.2.1/maven-project-2.2.1.pom (2.8 kB at 8.2 kB/s)
Downloading from central: https://repo.maven.apache.org/maven2/org/apache/maven/maven-artifact-manager/2.2.1/maven-artifact-manager-2.2.1.pom
Progress (1): 2.2/3.1 kBProgress (1): 3.1 kB                        Downloaded from central: https://repo.maven.apache.org/maven2/org/apache/maven/maven-artifact-manager/2.2.1/maven-artifact-manager-2.2.1.pom (3.1 kB at 8.9 kB/s)
Downloading from central: https://repo.maven.apache.org/maven2/backport-util-concurrent/backport-util-concurrent/3.1/backport-util-concurrent-3.1.pom
Progress (1): 880 B                   Downloaded from central: https://repo.maven.apache.org/maven2/backport-util-concurrent/backport-util-concurrent/3.1/backport-util-concurrent-3.1.pom (880 B at 2.6 kB/s)
Downloading from central: https://repo.maven.apache.org/maven2/org/apache/maven/maven-plugin-registry/2.2.1/maven-plugin-registry-2.2.1.pom
Progress (1): 1.9 kB                    Downloaded from central: https://repo.maven.apache.org/maven2/org/apache/maven/maven-plugin-registry/2.2.1/maven-plugin-registry-2.2.1.pom (1.9 kB at 5.6 kB/s)
Downloading from central: https://repo.maven.apache.org/maven2/org/apache/maven/maven-plugin-descriptor/2.2.1/maven-plugin-descriptor-2.2.1.pom
Progress (1): 2.1 kB                    Downloaded from central: https://repo.maven.apache.org/maven2/org/apache/maven/maven-plugin-descriptor/2.2.1/maven-plugin-descriptor-2.2.1.pom (2.1 kB at 6.0 kB/s)
Downloading from central: https://repo.maven.apache.org/maven2/org/apache/maven/maven-monitor/2.2.1/maven-monitor-2.2.1.pom
Progress (1): 1.3 kB                    Downloaded from central: https://repo.maven.apache.org/maven2/org/apache/maven/maven-monitor/2.2.1/maven-monitor-2.2.1.pom (1.3 kB at 3.7 kB/s)
Downloading from central: https://repo.maven.apache.org/maven2/org/apache/maven/shared/maven-shared-utils/0.1/maven-shared-utils-0.1.pom
Progress (1): 2.2/4.0 kBProgress (1): 4.0 kB                        Downloaded from central: https://repo.maven.apache.org/maven2/org/apache/maven/shared/maven-shared-utils/0.1/maven-shared-utils-0.1.pom (4.0 kB at 12 kB/s)
Downloading from central: https://repo.maven.apache.org/maven2/org/apache/maven/shared/maven-shared-components/18/maven-shared-components-18.pom
Progress (1): 2.2/4.9 kBProgress (1): 4.9 kB                        Downloaded from central: https://repo.maven.apache.org/maven2/org/apache/maven/shared/maven-shared-components/18/maven-shared-components-18.pom (4.9 kB at 14 kB/s)
Downloading from central: https://repo.maven.apache.org/maven2/com/google/code/findbugs/jsr305/2.0.1/jsr305-2.0.1.pom
Progress (1): 965 B                   Downloaded from central: https://repo.maven.apache.org/maven2/com/google/code/findbugs/jsr305/2.0.1/jsr305-2.0.1.pom (965 B at 2.8 kB/s)
Downloading from central: https://repo.maven.apache.org/maven2/org/codehaus/plexus/plexus-java/0.9.10/plexus-java-0.9.10.pom
Progress (1): 2.2/5.1 kBProgress (1): 5.0/5.1 kBProgress (1): 5.1 kB                        Downloaded from central: https://repo.maven.apache.org/maven2/org/codehaus/plexus/plexus-java/0.9.10/plexus-java-0.9.10.pom (5.1 kB at 15 kB/s)
Downloading from central: https://repo.maven.apache.org/maven2/org/codehaus/plexus/plexus-languages/0.9.10/plexus-languages-0.9.10.pom
Progress (1): 2.2/4.1 kBProgress (1): 4.1 kB                        Downloaded from central: https://repo.maven.apache.org/maven2/org/codehaus/plexus/plexus-languages/0.9.10/plexus-languages-0.9.10.pom (4.1 kB at 12 kB/s)
Downloading from central: https://repo.maven.apache.org/maven2/org/ow2/asm/asm/6.2/asm-6.2.pom
Progress (1): 2.8/2.9 kBProgress (1): 2.9 kB                        Downloaded from central: https://repo.maven.apache.org/maven2/org/ow2/asm/asm/6.2/asm-6.2.pom (2.9 kB at 8.5 kB/s)
Downloading from central: https://repo.maven.apache.org/maven2/com/thoughtworks/qdox/qdox/2.0-M9/qdox-2.0-M9.pom
Progress (1): 2.8/16 kBProgress (1): 5.5/16 kBProgress (1): 8.3/16 kBProgress (1): 11/16 kB Progress (1): 14/16 kBProgress (1): 16 kB                      Downloaded from central: https://repo.maven.apache.org/maven2/com/thoughtworks/qdox/qdox/2.0-M9/qdox-2.0-M9.pom (16 kB at 44 kB/s)
Downloading from central: https://repo.maven.apache.org/maven2/org/codehaus/plexus/plexus-compiler-api/2.8.4/plexus-compiler-api-2.8.4.pom
Progress (1): 867 B                   Downloaded from central: https://repo.maven.apache.org/maven2/org/codehaus/plexus/plexus-compiler-api/2.8.4/plexus-compiler-api-2.8.4.pom (867 B at 2.5 kB/s)
Downloading from central: https://repo.maven.apache.org/maven2/org/codehaus/plexus/plexus-compiler/2.8.4/plexus-compiler-2.8.4.pom
Progress (1): 2.2/6.0 kBProgress (1): 5.0/6.0 kBProgress (1): 6.0 kB                        Downloaded from central: https://repo.maven.apache.org/maven2/org/codehaus/plexus/plexus-compiler/2.8.4/plexus-compiler-2.8.4.pom (6.0 kB at 17 kB/s)
Downloading from central: https://repo.maven.apache.org/maven2/org/codehaus/plexus/plexus-components/4.0/plexus-components-4.0.pom
Progress (1): 2.2/2.7 kBProgress (1): 2.7 kB                        Downloaded from central: https://repo.maven.apache.org/maven2/org/codehaus/plexus/plexus-components/4.0/plexus-components-4.0.pom (2.7 kB at 7.7 kB/s)
Downloading from central: https://repo.maven.apache.org/maven2/org/codehaus/plexus/plexus-utils/3.0.22/plexus-utils-3.0.22.pom
Progress (1): 2.2/3.8 kBProgress (1): 3.8 kB                        Downloaded from central: https://repo.maven.apache.org/maven2/org/codehaus/plexus/plexus-utils/3.0.22/plexus-utils-3.0.22.pom (3.8 kB at 11 kB/s)
Downloading from central: https://repo.maven.apache.org/maven2/org/codehaus/plexus/plexus/3.3.1/plexus-3.3.1.pom
Progress (1): 2.2/20 kBProgress (1): 5.0/20 kBProgress (1): 7.8/20 kBProgress (1): 11/20 kB Progress (1): 13/20 kBProgress (1): 16/20 kBProgress (1): 19/20 kBProgress (1): 20 kB                      Downloaded from central: https://repo.maven.apache.org/maven2/org/codehaus/plexus/plexus/3.3.1/plexus-3.3.1.pom (20 kB at 57 kB/s)
Downloading from central: https://repo.maven.apache.org/maven2/org/sonatype/spice/spice-parent/17/spice-parent-17.pom
Progress (1): 2.2/6.8 kBProgress (1): 5.0/6.8 kBProgress (1): 6.8 kB                        Downloaded from central: https://repo.maven.apache.org/maven2/org/sonatype/spice/spice-parent/17/spice-parent-17.pom (6.8 kB at 19 kB/s)
Downloading from central: https://repo.maven.apache.org/maven2/org/codehaus/plexus/plexus-compiler-manager/2.8.4/plexus-compiler-manager-2.8.4.pom
Progress (1): 692 B                   Downloaded from central: https://repo.maven.apache.org/maven2/org/codehaus/plexus/plexus-compiler-manager/2.8.4/plexus-compiler-manager-2.8.4.pom (692 B at 2.0 kB/s)
Downloading from central: https://repo.maven.apache.org/maven2/org/codehaus/plexus/plexus-compiler-javac/2.8.4/plexus-compiler-javac-2.8.4.pom
Progress (1): 771 B                   Downloaded from central: https://repo.maven.apache.org/maven2/org/codehaus/plexus/plexus-compiler-javac/2.8.4/plexus-compiler-javac-2.8.4.pom (771 B at 2.2 kB/s)
Downloading from central: https://repo.maven.apache.org/maven2/org/codehaus/plexus/plexus-compilers/2.8.4/plexus-compilers-2.8.4.pom
Progress (1): 1.3 kB                    Downloaded from central: https://repo.maven.apache.org/maven2/org/codehaus/plexus/plexus-compilers/2.8.4/plexus-compilers-2.8.4.pom (1.3 kB at 3.9 kB/s)
Downloading from central: https://repo.maven.apache.org/maven2/org/apache/maven/maven-plugin-api/3.0/maven-plugin-api-3.0.jar
Downloading from central: https://repo.maven.apache.org/maven2/org/sonatype/sisu/sisu-guice/2.1.7/sisu-guice-2.1.7-noaop.jar
Downloading from central: https://repo.maven.apache.org/maven2/org/sonatype/sisu/sisu-inject-bean/1.4.2/sisu-inject-bean-1.4.2.jar
Downloading from central: https://repo.maven.apache.org/maven2/org/sonatype/sisu/sisu-inject-plexus/1.4.2/sisu-inject-plexus-1.4.2.jar
Downloading from central: https://repo.maven.apache.org/maven2/org/apache/maven/maven-model/3.0/maven-model-3.0.jar
Progress (1): 2.2/472 kBProgress (1): 5.0/472 kBProgress (1): 7.7/472 kBProgress (1): 10/472 kB Progress (1): 13/472 kBProgress (1): 16/472 kBProgress (1): 19/472 kBProgress (1): 21/472 kBProgress (2): 21/472 kB | 2.2/153 kBProgress (2): 21/472 kB | 5.0/153 kBProgress (2): 21/472 kB | 7.7/153 kBProgress (2): 21/472 kB | 10/153 kB Progress (2): 21/472 kB | 13/153 kBProgress (2): 21/472 kB | 16/153 kBProgress (2): 21/472 kB | 19/153 kBProgress (2): 21/472 kB | 21/153 kBProgress (2): 21/472 kB | 24/153 kBProgress (2): 21/472 kB | 27/153 kBProgress (2): 21/472 kB | 30/153 kBProgress (2): 21/472 kB | 32/153 kBProgress (2): 24/472 kB | 32/153 kBProgress (2): 27/472 kB | 32/153 kBProgress (2): 30/472 kB | 32/153 kBProgress (2): 32/472 kB | 32/153 kBProgress (3): 32/472 kB | 32/153 kB | 2.2/49 kBProgress (3): 32/472 kB | 32/153 kB | 5.0/49 kBProgress (3): 32/472 kB | 32/153 kB | 7.7/49 kBProgress (3): 32/472 kB | 32/153 kB | 10/49 kB Progress (3): 32/472 kB | 32/153 kB | 13/49 kBProgress (3): 32/472 kB | 32/153 kB | 16/49 kBProgress (3): 32/472 kB | 32/153 kB | 19/49 kBProgress (3): 32/472 kB | 32/153 kB | 21/49 kBProgress (3): 32/472 kB | 32/153 kB | 24/49 kBProgress (3): 32/472 kB | 32/153 kB | 27/49 kBProgress (4): 32/472 kB | 32/153 kB | 27/49 kB | 2.2/202 kBProgress (4): 32/472 kB | 32/153 kB | 30/49 kB | 2.2/202 kBProgress (4): 32/472 kB | 32/153 kB | 32/49 kB | 2.2/202 kBProgress (4): 36/472 kB | 32/153 kB | 32/49 kB | 2.2/202 kBProgress (4): 40/472 kB | 32/153 kB | 32/49 kB | 2.2/202 kBProgress (4): 45/472 kB | 32/153 kB | 32/49 kB | 2.2/202 kBProgress (4): 49/472 kB | 32/153 kB | 32/49 kB | 2.2/202 kBProgress (4): 53/472 kB | 32/153 kB | 32/49 kB | 2.2/202 kBProgress (4): 57/472 kB | 32/153 kB | 32/49 kB | 2.2/202 kBProgress (4): 61/472 kB | 32/153 kB | 32/49 kB | 2.2/202 kBProgress (4): 65/472 kB | 32/153 kB | 32/49 kB | 2.2/202 kBProgress (4): 65/472 kB | 36/153 kB | 32/49 kB | 2.2/202 kBProgress (4): 65/472 kB | 40/153 kB | 32/49 kB | 2.2/202 kBProgress (4): 65/472 kB | 45/153 kB | 32/49 kB | 2.2/202 kBProgress (4): 65/472 kB | 49/153 kB | 32/49 kB | 2.2/202 kBProgress (4): 65/472 kB | 53/153 kB | 32/49 kB | 2.2/202 kBProgress (4): 65/472 kB | 57/153 kB | 32/49 kB | 2.2/202 kBProgress (4): 65/472 kB | 61/153 kB | 32/49 kB | 2.2/202 kBProgress (4): 65/472 kB | 65/153 kB | 32/49 kB | 2.2/202 kBProgress (4): 65/472 kB | 69/153 kB | 32/49 kB | 2.2/202 kBProgress (4): 65/472 kB | 73/153 kB | 32/49 kB | 2.2/202 kBProgress (4): 65/472 kB | 77/153 kB | 32/49 kB | 2.2/202 kBProgress (4): 65/472 kB | 81/153 kB | 32/49 kB | 2.2/202 kBProgress (4): 65/472 kB | 85/153 kB | 32/49 kB | 2.2/202 kBProgress (4): 65/472 kB | 90/153 kB | 32/49 kB | 2.2/202 kBProgress (4): 65/472 kB | 94/153 kB | 32/49 kB | 2.2/202 kBProgress (4): 65/472 kB | 98/153 kB | 32/49 kB | 2.2/202 kBProgress (4): 65/472 kB | 98/153 kB | 36/49 kB | 2.2/202 kBProgress (4): 65/472 kB | 98/153 kB | 40/49 kB | 2.2/202 kBProgress (4): 65/472 kB | 98/153 kB | 45/49 kB | 2.2/202 kBProgress (4): 65/472 kB | 98/153 kB | 49/49 kB | 2.2/202 kBProgress (4): 65/472 kB | 98/153 kB | 49 kB | 2.2/202 kB   Progress (5): 65/472 kB | 98/153 kB | 49 kB | 2.2/202 kB | 2.8/165 kBProgress (5): 65/472 kB | 98/153 kB | 49 kB | 5.0/202 kB | 2.8/165 kBProgress (5): 65/472 kB | 98/153 kB | 49 kB | 7.7/202 kB | 2.8/165 kBProgress (5): 65/472 kB | 98/153 kB | 49 kB | 7.7/202 kB | 5.5/165 kBProgress (5): 65/472 kB | 98/153 kB | 49 kB | 10/202 kB | 5.5/165 kB Progress (5): 65/472 kB | 98/153 kB | 49 kB | 13/202 kB | 5.5/165 kBProgress (5): 65/472 kB | 98/153 kB | 49 kB | 16/202 kB | 5.5/165 kBProgress (5): 69/472 kB | 98/153 kB | 49 kB | 16/202 kB | 5.5/165 kBProgress (5): 73/472 kB | 98/153 kB | 49 kB | 16/202 kB | 5.5/165 kBProgress (5): 77/472 kB | 98/153 kB | 49 kB | 16/202 kB | 5.5/165 kBProgress (5): 81/472 kB | 98/153 kB | 49 kB | 16/202 kB | 5.5/165 kBProgress (5): 81/472 kB | 102/153 kB | 49 kB | 16/202 kB | 5.5/165 kBProgress (5): 81/472 kB | 106/153 kB | 49 kB | 16/202 kB | 5.5/165 kBProgress (5): 81/472 kB | 110/153 kB | 49 kB | 16/202 kB | 5.5/165 kBProgress (5): 81/472 kB | 114/153 kB | 49 kB | 16/202 kB | 5.5/165 kBProgress (5): 81/472 kB | 118/153 kB | 49 kB | 16/202 kB | 5.5/165 kBProgress (5): 81/472 kB | 122/153 kB | 49 kB | 16/202 kB | 5.5/165 kBProgress (5): 81/472 kB | 126/153 kB | 49 kB | 16/202 kB | 5.5/165 kBProgress (5): 81/472 kB | 131/153 kB | 49 kB | 16/202 kB | 5.5/165 kBProgress (5): 85/472 kB | 131/153 kB | 49 kB | 16/202 kB | 5.5/165 kBProgress (5): 90/472 kB | 131/153 kB | 49 kB | 16/202 kB | 5.5/165 kBProgress (5): 94/472 kB | 131/153 kB | 49 kB | 16/202 kB | 5.5/165 kBProgress (5): 98/472 kB | 131/153 kB | 49 kB | 16/202 kB | 5.5/165 kBProgress (5): 98/472 kB | 135/153 kB | 49 kB | 16/202 kB | 5.5/165 kBProgress (5): 98/472 kB | 139/153 kB | 49 kB | 16/202 kB | 5.5/165 kBProgress (5): 98/472 kB | 143/153 kB | 49 kB | 16/202 kB | 5.5/165 kBProgress (5): 98/472 kB | 147/153 kB | 49 kB | 16/202 kB | 5.5/165 kBProgress (5): 98/472 kB | 147/153 kB | 49 kB | 16/202 kB | 8.3/165 kBProgress (5): 98/472 kB | 147/153 kB | 49 kB | 19/202 kB | 8.3/165 kBProgress (5): 98/472 kB | 147/153 kB | 49 kB | 21/202 kB | 8.3/165 kBProgress (5): 98/472 kB | 147/153 kB | 49 kB | 21/202 kB | 11/165 kB Progress (5): 98/472 kB | 147/153 kB | 49 kB | 24/202 kB | 11/165 kBProgress (5): 98/472 kB | 147/153 kB | 49 kB | 24/202 kB | 14/165 kBProgress (5): 98/472 kB | 147/153 kB | 49 kB | 27/202 kB | 14/165 kBProgress (5): 98/472 kB | 147/153 kB | 49 kB | 30/202 kB | 14/165 kBProgress (5): 98/472 kB | 147/153 kB | 49 kB | 32/202 kB | 14/165 kB                                                                    Downloaded from central: https://repo.maven.apache.org/maven2/org/apache/maven/maven-plugin-api/3.0/maven-plugin-api-3.0.jar (49 kB at 66 kB/s)
Downloading from central: https://repo.maven.apache.org/maven2/org/apache/maven/maven-artifact/3.0/maven-artifact-3.0.jar
Progress (4): 102/472 kB | 147/153 kB | 32/202 kB | 14/165 kBProgress (4): 106/472 kB | 147/153 kB | 32/202 kB | 14/165 kBProgress (4): 110/472 kB | 147/153 kB | 32/202 kB | 14/165 kBProgress (4): 114/472 kB | 147/153 kB | 32/202 kB | 14/165 kBProgress (4): 114/472 kB | 151/153 kB | 32/202 kB | 14/165 kBProgress (4): 114/472 kB | 153 kB | 32/202 kB | 14/165 kB    Progress (4): 114/472 kB | 153 kB | 32/202 kB | 16/165 kBProgress (4): 114/472 kB | 153 kB | 32/202 kB | 19/165 kBProgress (4): 114/472 kB | 153 kB | 32/202 kB | 22/165 kBProgress (4): 114/472 kB | 153 kB | 32/202 kB | 25/165 kBProgress (4): 114/472 kB | 153 kB | 32/202 kB | 27/165 kBProgress (4): 114/472 kB | 153 kB | 32/202 kB | 30/165 kBProgress (4): 114/472 kB | 153 kB | 32/202 kB | 33/165 kBProgress (4): 114/472 kB | 153 kB | 36/202 kB | 33/165 kBProgress (4): 114/472 kB | 153 kB | 40/202 kB | 33/165 kBProgress (4): 114/472 kB | 153 kB | 45/202 kB | 33/165 kBProgress (4): 114/472 kB | 153 kB | 49/202 kB | 33/165 kBProgress (4): 118/472 kB | 153 kB | 49/202 kB | 33/165 kBProgress (4): 122/472 kB | 153 kB | 49/202 kB | 33/165 kBProgress (4): 122/472 kB | 153 kB | 53/202 kB | 33/165 kBProgress (4): 126/472 kB | 153 kB | 53/202 kB | 33/165 kBProgress (4): 131/472 kB | 153 kB | 53/202 kB | 33/165 kBProgress (4): 131/472 kB | 153 kB | 57/202 kB | 33/165 kBProgress (4): 131/472 kB | 153 kB | 61/202 kB | 33/165 kBProgress (4): 131/472 kB | 153 kB | 65/202 kB | 33/165 kBProgress (5): 131/472 kB | 153 kB | 65/202 kB | 33/165 kB | 4.1/52 kBProgress (5): 131/472 kB | 153 kB | 65/202 kB | 33/165 kB | 7.7/52 kBProgress (5): 131/472 kB | 153 kB | 65/202 kB | 33/165 kB | 12/52 kB Progress (5): 131/472 kB | 153 kB | 65/202 kB | 33/165 kB | 16/52 kBProgress (5): 135/472 kB | 153 kB | 65/202 kB | 33/165 kB | 16/52 kBProgress (5): 139/472 kB | 153 kB | 65/202 kB | 33/165 kB | 16/52 kBProgress (5): 143/472 kB | 153 kB | 65/202 kB | 33/165 kB | 16/52 kBProgress (5): 147/472 kB | 153 kB | 65/202 kB | 33/165 kB | 16/52 kB                                                                    Downloaded from central: https://repo.maven.apache.org/maven2/org/sonatype/sisu/sisu-inject-bean/1.4.2/sisu-inject-bean-1.4.2.jar (153 kB at 155 kB/s)
Downloading from central: https://repo.maven.apache.org/maven2/org/codehaus/plexus/plexus-utils/2.0.4/plexus-utils-2.0.4.jar
Progress (4): 147/472 kB | 65/202 kB | 37/165 kB | 16/52 kBProgress (4): 147/472 kB | 65/202 kB | 41/165 kB | 16/52 kBProgress (4): 147/472 kB | 65/202 kB | 45/165 kB | 16/52 kBProgress (4): 147/472 kB | 65/202 kB | 49/165 kB | 16/52 kBProgress (4): 147/472 kB | 69/202 kB | 49/165 kB | 16/52 kBProgress (4): 147/472 kB | 73/202 kB | 49/165 kB | 16/52 kBProgress (4): 147/472 kB | 77/202 kB | 49/165 kB | 16/52 kBProgress (4): 147/472 kB | 81/202 kB | 49/165 kB | 16/52 kBProgress (4): 147/472 kB | 85/202 kB | 49/165 kB | 16/52 kBProgress (4): 147/472 kB | 90/202 kB | 49/165 kB | 16/52 kBProgress (4): 147/472 kB | 94/202 kB | 49/165 kB | 16/52 kBProgress (4): 147/472 kB | 98/202 kB | 49/165 kB | 16/52 kBProgress (4): 151/472 kB | 98/202 kB | 49/165 kB | 16/52 kBProgress (4): 155/472 kB | 98/202 kB | 49/165 kB | 16/52 kBProgress (4): 159/472 kB | 98/202 kB | 49/165 kB | 16/52 kBProgress (4): 163/472 kB | 98/202 kB | 49/165 kB | 16/52 kBProgress (4): 163/472 kB | 98/202 kB | 49/165 kB | 20/52 kBProgress (4): 163/472 kB | 98/202 kB | 49/165 kB | 24/52 kBProgress (4): 163/472 kB | 98/202 kB | 49/165 kB | 28/52 kBProgress (4): 163/472 kB | 98/202 kB | 49/165 kB | 32/52 kBProgress (4): 163/472 kB | 98/202 kB | 49/165 kB | 36/52 kBProgress (4): 163/472 kB | 98/202 kB | 49/165 kB | 40/52 kBProgress (4): 163/472 kB | 98/202 kB | 49/165 kB | 45/52 kBProgress (4): 163/472 kB | 98/202 kB | 49/165 kB | 49/52 kBProgress (4): 163/472 kB | 98/202 kB | 49/165 kB | 52 kB   Progress (4): 167/472 kB | 98/202 kB | 49/165 kB | 52 kBProgress (4): 171/472 kB | 98/202 kB | 49/165 kB | 52 kBProgress (4): 176/472 kB | 98/202 kB | 49/165 kB | 52 kBProgress (4): 180/472 kB | 98/202 kB | 49/165 kB | 52 kBProgress (5): 180/472 kB | 98/202 kB | 49/165 kB | 52 kB | 4.1/222 kBProgress (5): 180/472 kB | 98/202 kB | 49/165 kB | 52 kB | 7.7/222 kBProgress (5): 180/472 kB | 98/202 kB | 49/165 kB | 52 kB | 12/222 kB Progress (5): 180/472 kB | 98/202 kB | 49/165 kB | 52 kB | 16/222 kBProgress (5): 180/472 kB | 98/202 kB | 49/165 kB | 52 kB | 20/222 kBProgress (5): 180/472 kB | 98/202 kB | 49/165 kB | 52 kB | 24/222 kBProgress (5): 180/472 kB | 98/202 kB | 49/165 kB | 52 kB | 28/222 kBProgress (5): 180/472 kB | 98/202 kB | 49/165 kB | 52 kB | 32/222 kBProgress (5): 180/472 kB | 98/202 kB | 53/165 kB | 52 kB | 32/222 kBProgress (5): 180/472 kB | 98/202 kB | 57/165 kB | 52 kB | 32/222 kBProgress (5): 180/472 kB | 98/202 kB | 61/165 kB | 52 kB | 32/222 kBProgress (5): 180/472 kB | 98/202 kB | 66/165 kB | 52 kB | 32/222 kBProgress (5): 180/472 kB | 102/202 kB | 66/165 kB | 52 kB | 32/222 kBProgress (5): 180/472 kB | 106/202 kB | 66/165 kB | 52 kB | 32/222 kBProgress (5): 180/472 kB | 110/202 kB | 66/165 kB | 52 kB | 32/222 kBProgress (5): 180/472 kB | 114/202 kB | 66/165 kB | 52 kB | 32/222 kBProgress (5): 180/472 kB | 118/202 kB | 66/165 kB | 52 kB | 32/222 kBProgress (5): 180/472 kB | 122/202 kB | 66/165 kB | 52 kB | 32/222 kBProgress (5): 180/472 kB | 126/202 kB | 66/165 kB | 52 kB | 32/222 kBProgress (5): 180/472 kB | 131/202 kB | 66/165 kB | 52 kB | 32/222 kBProgress (5): 184/472 kB | 131/202 kB | 66/165 kB | 52 kB | 32/222 kBProgress (5): 188/472 kB | 131/202 kB | 66/165 kB | 52 kB | 32/222 kBProgress (5): 192/472 kB | 131/202 kB | 66/165 kB | 52 kB | 32/222 kBProgress (5): 196/472 kB | 131/202 kB | 66/165 kB | 52 kB | 32/222 kBProgress (5): 196/472 kB | 135/202 kB | 66/165 kB | 52 kB | 32/222 kBProgress (5): 196/472 kB | 139/202 kB | 66/165 kB | 52 kB | 32/222 kBProgress (5): 196/472 kB | 143/202 kB | 66/165 kB | 52 kB | 32/222 kBProgress (5): 196/472 kB | 147/202 kB | 66/165 kB | 52 kB | 32/222 kBProgress (5): 200/472 kB | 147/202 kB | 66/165 kB | 52 kB | 32/222 kBProgress (5): 204/472 kB | 147/202 kB | 66/165 kB | 52 kB | 32/222 kBProgress (5): 208/472 kB | 147/202 kB | 66/165 kB | 52 kB | 32/222 kBProgress (5): 212/472 kB | 147/202 kB | 66/165 kB | 52 kB | 32/222 kB                                                                     Downloaded from central: https://repo.maven.apache.org/maven2/org/apache/maven/maven-artifact/3.0/maven-artifact-3.0.jar (52 kB at 40 kB/s)
Downloading from central: https://repo.maven.apache.org/maven2/org/apache/maven/maven-core/3.0/maven-core-3.0.jar
Progress (4): 212/472 kB | 147/202 kB | 66/165 kB | 36/222 kBProgress (4): 212/472 kB | 147/202 kB | 66/165 kB | 40/222 kBProgress (4): 212/472 kB | 147/202 kB | 66/165 kB | 45/222 kBProgress (4): 212/472 kB | 147/202 kB | 66/165 kB | 49/222 kBProgress (4): 212/472 kB | 147/202 kB | 66/165 kB | 53/222 kBProgress (4): 212/472 kB | 147/202 kB | 66/165 kB | 57/222 kBProgress (4): 212/472 kB | 147/202 kB | 66/165 kB | 61/222 kBProgress (4): 212/472 kB | 147/202 kB | 66/165 kB | 65/222 kBProgress (4): 212/472 kB | 147/202 kB | 70/165 kB | 65/222 kBProgress (4): 212/472 kB | 147/202 kB | 74/165 kB | 65/222 kBProgress (4): 212/472 kB | 147/202 kB | 78/165 kB | 65/222 kBProgress (4): 212/472 kB | 147/202 kB | 82/165 kB | 65/222 kBProgress (4): 212/472 kB | 151/202 kB | 82/165 kB | 65/222 kBProgress (4): 212/472 kB | 155/202 kB | 82/165 kB | 65/222 kBProgress (4): 212/472 kB | 159/202 kB | 82/165 kB | 65/222 kBProgress (4): 212/472 kB | 163/202 kB | 82/165 kB | 65/222 kBProgress (4): 212/472 kB | 167/202 kB | 82/165 kB | 65/222 kBProgress (4): 212/472 kB | 171/202 kB | 82/165 kB | 65/222 kBProgress (4): 212/472 kB | 176/202 kB | 82/165 kB | 65/222 kBProgress (4): 212/472 kB | 180/202 kB | 82/165 kB | 65/222 kBProgress (4): 217/472 kB | 180/202 kB | 82/165 kB | 65/222 kBProgress (4): 221/472 kB | 180/202 kB | 82/165 kB | 65/222 kBProgress (4): 225/472 kB | 180/202 kB | 82/165 kB | 65/222 kBProgress (4): 229/472 kB | 180/202 kB | 82/165 kB | 65/222 kBProgress (4): 229/472 kB | 180/202 kB | 82/165 kB | 69/222 kBProgress (4): 229/472 kB | 180/202 kB | 82/165 kB | 73/222 kBProgress (4): 229/472 kB | 180/202 kB | 82/165 kB | 77/222 kBProgress (4): 229/472 kB | 180/202 kB | 82/165 kB | 81/222 kBProgress (5): 229/472 kB | 180/202 kB | 82/165 kB | 81/222 kB | 4.1/527 kBProgress (5): 229/472 kB | 180/202 kB | 82/165 kB | 81/222 kB | 7.7/527 kBProgress (5): 229/472 kB | 180/202 kB | 82/165 kB | 81/222 kB | 12/527 kB Progress (5): 229/472 kB | 180/202 kB | 82/165 kB | 81/222 kB | 16/527 kBProgress (5): 229/472 kB | 180/202 kB | 82/165 kB | 81/222 kB | 20/527 kBProgress (5): 229/472 kB | 180/202 kB | 82/165 kB | 81/222 kB | 24/527 kBProgress (5): 229/472 kB | 180/202 kB | 82/165 kB | 81/222 kB | 28/527 kBProgress (5): 229/472 kB | 180/202 kB | 82/165 kB | 81/222 kB | 32/527 kBProgress (5): 229/472 kB | 180/202 kB | 82/165 kB | 85/222 kB | 32/527 kBProgress (5): 229/472 kB | 180/202 kB | 82/165 kB | 90/222 kB | 32/527 kBProgress (5): 229/472 kB | 180/202 kB | 82/165 kB | 94/222 kB | 32/527 kBProgress (5): 229/472 kB | 180/202 kB | 82/165 kB | 98/222 kB | 32/527 kBProgress (5): 229/472 kB | 180/202 kB | 82/165 kB | 102/222 kB | 32/527 kBProgress (5): 229/472 kB | 180/202 kB | 82/165 kB | 106/222 kB | 32/527 kBProgress (5): 229/472 kB | 180/202 kB | 82/165 kB | 110/222 kB | 32/527 kBProgress (5): 229/472 kB | 180/202 kB | 82/165 kB | 114/222 kB | 32/527 kBProgress (5): 229/472 kB | 180/202 kB | 86/165 kB | 114/222 kB | 32/527 kBProgress (5): 229/472 kB | 180/202 kB | 90/165 kB | 114/222 kB | 32/527 kBProgress (5): 229/472 kB | 180/202 kB | 94/165 kB | 114/222 kB | 32/527 kBProgress (5): 229/472 kB | 180/202 kB | 98/165 kB | 114/222 kB | 32/527 kBProgress (5): 229/472 kB | 184/202 kB | 98/165 kB | 114/222 kB | 32/527 kBProgress (5): 229/472 kB | 188/202 kB | 98/165 kB | 114/222 kB | 32/527 kBProgress (5): 229/472 kB | 192/202 kB | 98/165 kB | 114/222 kB | 32/527 kBProgress (5): 229/472 kB | 196/202 kB | 98/165 kB | 114/222 kB | 32/527 kBProgress (5): 229/472 kB | 200/202 kB | 98/165 kB | 114/222 kB | 32/527 kBProgress (5): 229/472 kB | 202 kB | 98/165 kB | 114/222 kB | 32/527 kB    Progress (5): 233/472 kB | 202 kB | 98/165 kB | 114/222 kB | 32/527 kBProgress (5): 237/472 kB | 202 kB | 98/165 kB | 114/222 kB | 32/527 kBProgress (5): 241/472 kB | 202 kB | 98/165 kB | 114/222 kB | 32/527 kBProgress (5): 245/472 kB | 202 kB | 98/165 kB | 114/222 kB | 32/527 kBProgress (5): 249/472 kB | 202 kB | 98/165 kB | 114/222 kB | 32/527 kBProgress (5): 253/472 kB | 202 kB | 98/165 kB | 114/222 kB | 32/527 kBProgress (5): 258/472 kB | 202 kB | 98/165 kB | 114/222 kB | 32/527 kBProgress (5): 262/472 kB | 202 kB | 98/165 kB | 114/222 kB | 32/527 kBProgress (5): 262/472 kB | 202 kB | 98/165 kB | 118/222 kB | 32/527 kBProgress (5): 262/472 kB | 202 kB | 98/165 kB | 122/222 kB | 32/527 kBProgress (5): 262/472 kB | 202 kB | 98/165 kB | 126/222 kB | 32/527 kBProgress (5): 262/472 kB | 202 kB | 98/165 kB | 131/222 kB | 32/527 kBProgress (5): 262/472 kB | 202 kB | 98/165 kB | 131/222 kB | 36/527 kBProgress (5): 262/472 kB | 202 kB | 98/165 kB | 131/222 kB | 40/527 kBProgress (5): 262/472 kB | 202 kB | 98/165 kB | 131/222 kB | 45/527 kBProgress (5): 262/472 kB | 202 kB | 98/165 kB | 131/222 kB | 49/527 kBProgress (5): 262/472 kB | 202 kB | 98/165 kB | 131/222 kB | 53/527 kBProgress (5): 262/472 kB | 202 kB | 98/165 kB | 131/222 kB | 57/527 kBProgress (5): 262/472 kB | 202 kB | 98/165 kB | 131/222 kB | 61/527 kBProgress (5): 262/472 kB | 202 kB | 98/165 kB | 131/222 kB | 65/527 kBProgress (5): 262/472 kB | 202 kB | 98/165 kB | 135/222 kB | 65/527 kBProgress (5): 262/472 kB | 202 kB | 98/165 kB | 139/222 kB | 65/527 kBProgress (5): 262/472 kB | 202 kB | 98/165 kB | 143/222 kB | 65/527 kBProgress (5): 262/472 kB | 202 kB | 98/165 kB | 147/222 kB | 65/527 kBProgress (5): 262/472 kB | 202 kB | 98/165 kB | 151/222 kB | 65/527 kBProgress (5): 262/472 kB | 202 kB | 98/165 kB | 155/222 kB | 65/527 kBProgress (5): 262/472 kB | 202 kB | 98/165 kB | 159/222 kB | 65/527 kBProgress (5): 262/472 kB | 202 kB | 98/165 kB | 163/222 kB | 65/527 kBProgress (5): 262/472 kB | 202 kB | 102/165 kB | 163/222 kB | 65/527 kBProgress (5): 262/472 kB | 202 kB | 106/165 kB | 163/222 kB | 65/527 kBProgress (5): 262/472 kB | 202 kB | 111/165 kB | 163/222 kB | 65/527 kBProgress (5): 262/472 kB | 202 kB | 115/165 kB | 163/222 kB | 65/527 kBProgress (5): 266/472 kB | 202 kB | 115/165 kB | 163/222 kB | 65/527 kBProgress (5): 270/472 kB | 202 kB | 115/165 kB | 163/222 kB | 65/527 kBProgress (5): 274/472 kB | 202 kB | 115/165 kB | 163/222 kB | 65/527 kBProgress (5): 278/472 kB | 202 kB | 115/165 kB | 163/222 kB | 65/527 kB                                                                       Downloaded from central: https://repo.maven.apache.org/maven2/org/sonatype/sisu/sisu-inject-plexus/1.4.2/sisu-inject-plexus-1.4.2.jar (202 kB at 115 kB/s)
Downloading from central: https://repo.maven.apache.org/maven2/org/apache/maven/maven-settings/3.0/maven-settings-3.0.jar
Progress (4): 282/472 kB | 115/165 kB | 163/222 kB | 65/527 kBProgress (4): 286/472 kB | 115/165 kB | 163/222 kB | 65/527 kBProgress (4): 290/472 kB | 115/165 kB | 163/222 kB | 65/527 kBProgress (4): 294/472 kB | 115/165 kB | 163/222 kB | 65/527 kBProgress (4): 294/472 kB | 119/165 kB | 163/222 kB | 65/527 kBProgress (4): 294/472 kB | 123/165 kB | 163/222 kB | 65/527 kBProgress (4): 294/472 kB | 127/165 kB | 163/222 kB | 65/527 kBProgress (4): 294/472 kB | 131/165 kB | 163/222 kB | 65/527 kBProgress (4): 294/472 kB | 131/165 kB | 167/222 kB | 65/527 kBProgress (4): 294/472 kB | 131/165 kB | 171/222 kB | 65/527 kBProgress (4): 294/472 kB | 131/165 kB | 176/222 kB | 65/527 kBProgress (4): 294/472 kB | 131/165 kB | 180/222 kB | 65/527 kBProgress (4): 294/472 kB | 131/165 kB | 180/222 kB | 69/527 kBProgress (4): 294/472 kB | 131/165 kB | 180/222 kB | 73/527 kBProgress (4): 294/472 kB | 131/165 kB | 180/222 kB | 77/527 kBProgress (4): 294/472 kB | 131/165 kB | 180/222 kB | 81/527 kBProgress (4): 294/472 kB | 131/165 kB | 180/222 kB | 85/527 kBProgress (4): 294/472 kB | 131/165 kB | 180/222 kB | 90/527 kBProgress (4): 294/472 kB | 131/165 kB | 180/222 kB | 94/527 kBProgress (4): 294/472 kB | 131/165 kB | 180/222 kB | 98/527 kBProgress (4): 294/472 kB | 131/165 kB | 184/222 kB | 98/527 kBProgress (4): 294/472 kB | 131/165 kB | 188/222 kB | 98/527 kBProgress (4): 294/472 kB | 131/165 kB | 192/222 kB | 98/527 kBProgress (4): 294/472 kB | 131/165 kB | 196/222 kB | 98/527 kBProgress (4): 294/472 kB | 131/165 kB | 196/222 kB | 102/527 kBProgress (4): 294/472 kB | 131/165 kB | 196/222 kB | 106/527 kBProgress (4): 294/472 kB | 131/165 kB | 196/222 kB | 110/527 kBProgress (4): 294/472 kB | 131/165 kB | 196/222 kB | 114/527 kBProgress (4): 294/472 kB | 135/165 kB | 196/222 kB | 114/527 kBProgress (4): 294/472 kB | 139/165 kB | 196/222 kB | 114/527 kBProgress (4): 294/472 kB | 143/165 kB | 196/222 kB | 114/527 kBProgress (4): 294/472 kB | 147/165 kB | 196/222 kB | 114/527 kBProgress (4): 298/472 kB | 147/165 kB | 196/222 kB | 114/527 kBProgress (4): 303/472 kB | 147/165 kB | 196/222 kB | 114/527 kBProgress (4): 307/472 kB | 147/165 kB | 196/222 kB | 114/527 kBProgress (4): 311/472 kB | 147/165 kB | 196/222 kB | 114/527 kBProgress (4): 315/472 kB | 147/165 kB | 196/222 kB | 114/527 kBProgress (4): 319/472 kB | 147/165 kB | 196/222 kB | 114/527 kBProgress (4): 323/472 kB | 147/165 kB | 196/222 kB | 114/527 kBProgress (4): 327/472 kB | 147/165 kB | 196/222 kB | 114/527 kBProgress (5): 327/472 kB | 147/165 kB | 196/222 kB | 114/527 kB | 2.8/47 kBProgress (5): 327/472 kB | 147/165 kB | 196/222 kB | 114/527 kB | 5.5/47 kBProgress (5): 327/472 kB | 147/165 kB | 196/222 kB | 114/527 kB | 8.3/47 kBProgress (5): 327/472 kB | 147/165 kB | 196/222 kB | 114/527 kB | 11/47 kB Progress (5): 327/472 kB | 147/165 kB | 196/222 kB | 114/527 kB | 14/47 kBProgress (5): 327/472 kB | 147/165 kB | 196/222 kB | 114/527 kB | 16/47 kBProgress (5): 327/472 kB | 147/165 kB | 196/222 kB | 114/527 kB | 19/47 kBProgress (5): 327/472 kB | 147/165 kB | 196/222 kB | 114/527 kB | 22/47 kBProgress (5): 327/472 kB | 147/165 kB | 196/222 kB | 114/527 kB | 25/47 kBProgress (5): 327/472 kB | 147/165 kB | 196/222 kB | 114/527 kB | 27/47 kBProgress (5): 327/472 kB | 147/165 kB | 196/222 kB | 114/527 kB | 30/47 kBProgress (5): 327/472 kB | 147/165 kB | 196/222 kB | 114/527 kB | 33/47 kBProgress (5): 327/472 kB | 147/165 kB | 200/222 kB | 114/527 kB | 33/47 kBProgress (5): 327/472 kB | 147/165 kB | 204/222 kB | 114/527 kB | 33/47 kBProgress (5): 327/472 kB | 147/165 kB | 208/222 kB | 114/527 kB | 33/47 kBProgress (5): 327/472 kB | 147/165 kB | 212/222 kB | 114/527 kB | 33/47 kBProgress (5): 327/472 kB | 147/165 kB | 212/222 kB | 118/527 kB | 33/47 kBProgress (5): 327/472 kB | 147/165 kB | 212/222 kB | 122/527 kB | 33/47 kBProgress (5): 327/472 kB | 147/165 kB | 212/222 kB | 126/527 kB | 33/47 kBProgress (5): 327/472 kB | 147/165 kB | 212/222 kB | 131/527 kB | 33/47 kBProgress (5): 327/472 kB | 147/165 kB | 212/222 kB | 135/527 kB | 33/47 kBProgress (5): 327/472 kB | 147/165 kB | 212/222 kB | 139/527 kB | 33/47 kBProgress (5): 327/472 kB | 147/165 kB | 212/222 kB | 143/527 kB | 33/47 kBProgress (5): 327/472 kB | 147/165 kB | 212/222 kB | 147/527 kB | 33/47 kBProgress (5): 327/472 kB | 152/165 kB | 212/222 kB | 147/527 kB | 33/47 kBProgress (5): 327/472 kB | 156/165 kB | 212/222 kB | 147/527 kB | 33/47 kBProgress (5): 327/472 kB | 160/165 kB | 212/222 kB | 147/527 kB | 33/47 kBProgress (5): 327/472 kB | 164/165 kB | 212/222 kB | 147/527 kB | 33/47 kBProgress (5): 327/472 kB | 165 kB | 212/222 kB | 147/527 kB | 33/47 kB    Progress (5): 331/472 kB | 165 kB | 212/222 kB | 147/527 kB | 33/47 kBProgress (5): 335/472 kB | 165 kB | 212/222 kB | 147/527 kB | 33/47 kBProgress (5): 339/472 kB | 165 kB | 212/222 kB | 147/527 kB | 33/47 kBProgress (5): 344/472 kB | 165 kB | 212/222 kB | 147/527 kB | 33/47 kBProgress (5): 348/472 kB | 165 kB | 212/222 kB | 147/527 kB | 33/47 kBProgress (5): 352/472 kB | 165 kB | 212/222 kB | 147/527 kB | 33/47 kBProgress (5): 356/472 kB | 165 kB | 212/222 kB | 147/527 kB | 33/47 kBProgress (5): 360/472 kB | 165 kB | 212/222 kB | 147/527 kB | 33/47 kBProgress (5): 360/472 kB | 165 kB | 212/222 kB | 147/527 kB | 37/47 kBProgress (5): 360/472 kB | 165 kB | 212/222 kB | 147/527 kB | 41/47 kBProgress (5): 360/472 kB | 165 kB | 212/222 kB | 147/527 kB | 45/47 kBProgress (5): 360/472 kB | 165 kB | 212/222 kB | 147/527 kB | 47 kB   Progress (5): 360/472 kB | 165 kB | 212/222 kB | 151/527 kB | 47 kBProgress (5): 360/472 kB | 165 kB | 212/222 kB | 155/527 kB | 47 kBProgress (5): 360/472 kB | 165 kB | 212/222 kB | 159/527 kB | 47 kBProgress (5): 360/472 kB | 165 kB | 212/222 kB | 163/527 kB | 47 kBProgress (5): 360/472 kB | 165 kB | 212/222 kB | 167/527 kB | 47 kBProgress (5): 360/472 kB | 165 kB | 212/222 kB | 171/527 kB | 47 kBProgress (5): 360/472 kB | 165 kB | 212/222 kB | 176/527 kB | 47 kBProgress (5): 360/472 kB | 165 kB | 212/222 kB | 180/527 kB | 47 kBProgress (5): 360/472 kB | 165 kB | 217/222 kB | 180/527 kB | 47 kBProgress (5): 360/472 kB | 165 kB | 221/222 kB | 180/527 kB | 47 kBProgress (5): 360/472 kB | 165 kB | 222 kB | 180/527 kB | 47 kB    Progress (5): 360/472 kB | 165 kB | 222 kB | 184/527 kB | 47 kBProgress (5): 360/472 kB | 165 kB | 222 kB | 188/527 kB | 47 kBProgress (5): 360/472 kB | 165 kB | 222 kB | 192/527 kB | 47 kBProgress (5): 360/472 kB | 165 kB | 222 kB | 196/527 kB | 47 kBProgress (5): 364/472 kB | 165 kB | 222 kB | 196/527 kB | 47 kBProgress (5): 368/472 kB | 165 kB | 222 kB | 196/527 kB | 47 kBProgress (5): 372/472 kB | 165 kB | 222 kB | 196/527 kB | 47 kBProgress (5): 376/472 kB | 165 kB | 222 kB | 196/527 kB | 47 kB                                                               Downloaded from central: https://repo.maven.apache.org/maven2/org/apache/maven/maven-model/3.0/maven-model-3.0.jar (165 kB at 74 kB/s)
Progress (4): 380/472 kB | 222 kB | 196/527 kB | 47 kB                                                      Downloading from central: https://repo.maven.apache.org/maven2/org/apache/maven/maven-settings-builder/3.0/maven-settings-builder-3.0.jar
Progress (4): 384/472 kB | 222 kB | 196/527 kB | 47 kBProgress (4): 389/472 kB | 222 kB | 196/527 kB | 47 kBProgress (4): 393/472 kB | 222 kB | 196/527 kB | 47 kB                                                      Downloaded from central: https://repo.maven.apache.org/maven2/org/apache/maven/maven-settings/3.0/maven-settings-3.0.jar (47 kB at 21 kB/s)
Downloading from central: https://repo.maven.apache.org/maven2/org/apache/maven/maven-repository-metadata/3.0/maven-repository-metadata-3.0.jar
Progress (3): 393/472 kB | 222 kB | 200/527 kBProgress (3): 393/472 kB | 222 kB | 204/527 kBProgress (3): 393/472 kB | 222 kB | 208/527 kBProgress (3): 393/472 kB | 222 kB | 212/527 kBProgress (3): 393/472 kB | 222 kB | 217/527 kBProgress (3): 393/472 kB | 222 kB | 221/527 kBProgress (3): 393/472 kB | 222 kB | 225/527 kBProgress (3): 393/472 kB | 222 kB | 229/527 kBProgress (3): 397/472 kB | 222 kB | 229/527 kBProgress (3): 401/472 kB | 222 kB | 229/527 kBProgress (3): 405/472 kB | 222 kB | 229/527 kBProgress (3): 409/472 kB | 222 kB | 229/527 kB                                              Downloaded from central: https://repo.maven.apache.org/maven2/org/codehaus/plexus/plexus-utils/2.0.4/plexus-utils-2.0.4.jar (222 kB at 94 kB/s)
Downloading from central: https://repo.maven.apache.org/maven2/org/apache/maven/maven-model-builder/3.0/maven-model-builder-3.0.jar
Progress (2): 413/472 kB | 229/527 kBProgress (2): 417/472 kB | 229/527 kBProgress (2): 421/472 kB | 229/527 kBProgress (2): 425/472 kB | 229/527 kBProgress (2): 425/472 kB | 233/527 kBProgress (2): 425/472 kB | 237/527 kBProgress (2): 425/472 kB | 241/527 kBProgress (2): 425/472 kB | 245/527 kBProgress (3): 425/472 kB | 245/527 kB | 2.8/38 kBProgress (3): 425/472 kB | 245/527 kB | 5.5/38 kBProgress (3): 425/472 kB | 245/527 kB | 8.3/38 kBProgress (3): 425/472 kB | 245/527 kB | 11/38 kB Progress (3): 425/472 kB | 245/527 kB | 14/38 kBProgress (3): 425/472 kB | 245/527 kB | 16/38 kBProgress (3): 425/472 kB | 245/527 kB | 19/38 kBProgress (4): 425/472 kB | 245/527 kB | 19/38 kB | 4.1/30 kBProgress (4): 425/472 kB | 245/527 kB | 19/38 kB | 8.2/30 kBProgress (4): 425/472 kB | 245/527 kB | 19/38 kB | 12/30 kB Progress (4): 425/472 kB | 245/527 kB | 19/38 kB | 16/30 kBProgress (4): 425/472 kB | 245/527 kB | 19/38 kB | 20/30 kBProgress (4): 425/472 kB | 245/527 kB | 19/38 kB | 25/30 kBProgress (4): 425/472 kB | 245/527 kB | 19/38 kB | 29/30 kBProgress (4): 430/472 kB | 245/527 kB | 19/38 kB | 29/30 kBProgress (4): 430/472 kB | 245/527 kB | 19/38 kB | 30 kB   Progress (4): 434/472 kB | 245/527 kB | 19/38 kB | 30 kBProgress (4): 438/472 kB | 245/527 kB | 19/38 kB | 30 kBProgress (4): 442/472 kB | 245/527 kB | 19/38 kB | 30 kBProgress (4): 442/472 kB | 249/527 kB | 19/38 kB | 30 kBProgress (4): 442/472 kB | 253/527 kB | 19/38 kB | 30 kBProgress (4): 442/472 kB | 258/527 kB | 19/38 kB | 30 kBProgress (4): 442/472 kB | 262/527 kB | 19/38 kB | 30 kBProgress (4): 442/472 kB | 266/527 kB | 19/38 kB | 30 kBProgress (4): 442/472 kB | 270/527 kB | 19/38 kB | 30 kBProgress (4): 442/472 kB | 274/527 kB | 19/38 kB | 30 kBProgress (4): 442/472 kB | 278/527 kB | 19/38 kB | 30 kBProgress (4): 446/472 kB | 278/527 kB | 19/38 kB | 30 kBProgress (4): 450/472 kB | 278/527 kB | 19/38 kB | 30 kBProgress (4): 454/472 kB | 278/527 kB | 19/38 kB | 30 kBProgress (4): 458/472 kB | 278/527 kB | 19/38 kB | 30 kBProgress (5): 458/472 kB | 278/527 kB | 19/38 kB | 30 kB | 4.1/148 kBProgress (5): 458/472 kB | 278/527 kB | 19/38 kB | 30 kB | 8.2/148 kBProgress (5): 458/472 kB | 278/527 kB | 19/38 kB | 30 kB | 12/148 kB Progress (5): 458/472 kB | 278/527 kB | 19/38 kB | 30 kB | 16/148 kBProgress (5): 458/472 kB | 278/527 kB | 22/38 kB | 30 kB | 16/148 kBProgress (5): 458/472 kB | 278/527 kB | 25/38 kB | 30 kB | 16/148 kBProgress (5): 458/472 kB | 278/527 kB | 27/38 kB | 30 kB | 16/148 kBProgress (5): 458/472 kB | 278/527 kB | 30/38 kB | 30 kB | 16/148 kBProgress (5): 458/472 kB | 278/527 kB | 33/38 kB | 30 kB | 16/148 kBProgress (5): 458/472 kB | 278/527 kB | 36/38 kB | 30 kB | 16/148 kBProgress (5): 458/472 kB | 278/527 kB | 38 kB | 30 kB | 16/148 kB   Progress (5): 462/472 kB | 278/527 kB | 38 kB | 30 kB | 16/148 kBProgress (5): 466/472 kB | 278/527 kB | 38 kB | 30 kB | 16/148 kBProgress (5): 470/472 kB | 278/527 kB | 38 kB | 30 kB | 16/148 kBProgress (5): 472 kB | 278/527 kB | 38 kB | 30 kB | 16/148 kB    Progress (5): 472 kB | 282/527 kB | 38 kB | 30 kB | 16/148 kBProgress (5): 472 kB | 286/527 kB | 38 kB | 30 kB | 16/148 kBProgress (5): 472 kB | 290/527 kB | 38 kB | 30 kB | 16/148 kBProgress (5): 472 kB | 294/527 kB | 38 kB | 30 kB | 16/148 kB                                                             Downloaded from central: https://repo.maven.apache.org/maven2/org/apache/maven/maven-repository-metadata/3.0/maven-repository-metadata-3.0.jar (30 kB at 11 kB/s)
Downloading from central: https://repo.maven.apache.org/maven2/org/apache/maven/maven-aether-provider/3.0/maven-aether-provider-3.0.jar
Progress (4): 472 kB | 298/527 kB | 38 kB | 16/148 kBProgress (4): 472 kB | 303/527 kB | 38 kB | 16/148 kBProgress (4): 472 kB | 307/527 kB | 38 kB | 16/148 kBProgress (4): 472 kB | 311/527 kB | 38 kB | 16/148 kBProgress (4): 472 kB | 315/527 kB | 38 kB | 16/148 kBProgress (4): 472 kB | 319/527 kB | 38 kB | 16/148 kBProgress (4): 472 kB | 323/527 kB | 38 kB | 16/148 kBProgress (4): 472 kB | 327/527 kB | 38 kB | 16/148 kBProgress (4): 472 kB | 327/527 kB | 38 kB | 20/148 kBProgress (4): 472 kB | 327/527 kB | 38 kB | 25/148 kBProgress (4): 472 kB | 327/527 kB | 38 kB | 29/148 kBProgress (4): 472 kB | 327/527 kB | 38 kB | 33/148 kBProgress (4): 472 kB | 327/527 kB | 38 kB | 37/148 kBProgress (4): 472 kB | 327/527 kB | 38 kB | 41/148 kBProgress (4): 472 kB | 327/527 kB | 38 kB | 45/148 kBProgress (4): 472 kB | 327/527 kB | 38 kB | 49/148 kBProgress (4): 472 kB | 327/527 kB | 38 kB | 53/148 kBProgress (4): 472 kB | 327/527 kB | 38 kB | 57/148 kBProgress (4): 472 kB | 327/527 kB | 38 kB | 61/148 kBProgress (4): 472 kB | 327/527 kB | 38 kB | 66/148 kB                                                     Downloaded from central: https://repo.maven.apache.org/maven2/org/apache/maven/maven-settings-builder/3.0/maven-settings-builder-3.0.jar (38 kB at 14 kB/s)
Downloading from central: https://repo.maven.apache.org/maven2/org/sonatype/aether/aether-impl/1.7/aether-impl-1.7.jar
Downloaded from central: https://repo.maven.apache.org/maven2/org/sonatype/sisu/sisu-guice/2.1.7/sisu-guice-2.1.7-noaop.jar (472 kB at 171 kB/s)
Downloading from central: https://repo.maven.apache.org/maven2/org/sonatype/aether/aether-spi/1.7/aether-spi-1.7.jar
Progress (2): 331/527 kB | 66/148 kBProgress (2): 335/527 kB | 66/148 kBProgress (2): 339/527 kB | 66/148 kBProgress (2): 344/527 kB | 66/148 kBProgress (3): 344/527 kB | 66/148 kB | 4.1/51 kBProgress (3): 344/527 kB | 66/148 kB | 7.7/51 kBProgress (3): 344/527 kB | 66/148 kB | 12/51 kB Progress (3): 344/527 kB | 66/148 kB | 16/51 kBProgress (3): 344/527 kB | 66/148 kB | 20/51 kBProgress (3): 344/527 kB | 66/148 kB | 24/51 kBProgress (3): 344/527 kB | 66/148 kB | 28/51 kBProgress (3): 344/527 kB | 66/148 kB | 32/51 kBProgress (3): 348/527 kB | 66/148 kB | 32/51 kBProgress (3): 352/527 kB | 66/148 kB | 32/51 kBProgress (3): 356/527 kB | 66/148 kB | 32/51 kBProgress (3): 360/527 kB | 66/148 kB | 32/51 kBProgress (3): 364/527 kB | 66/148 kB | 32/51 kBProgress (3): 368/527 kB | 66/148 kB | 32/51 kBProgress (3): 372/527 kB | 66/148 kB | 32/51 kBProgress (3): 376/527 kB | 66/148 kB | 32/51 kBProgress (3): 376/527 kB | 70/148 kB | 32/51 kBProgress (3): 376/527 kB | 74/148 kB | 32/51 kBProgress (3): 376/527 kB | 78/148 kB | 32/51 kBProgress (3): 376/527 kB | 82/148 kB | 32/51 kBProgress (3): 376/527 kB | 86/148 kB | 32/51 kBProgress (3): 376/527 kB | 90/148 kB | 32/51 kBProgress (3): 376/527 kB | 94/148 kB | 32/51 kBProgress (3): 376/527 kB | 98/148 kB | 32/51 kBProgress (4): 376/527 kB | 98/148 kB | 32/51 kB | 2.2/106 kBProgress (4): 376/527 kB | 98/148 kB | 32/51 kB | 5.0/106 kBProgress (4): 376/527 kB | 98/148 kB | 32/51 kB | 7.7/106 kBProgress (4): 376/527 kB | 98/148 kB | 32/51 kB | 10/106 kB Progress (4): 376/527 kB | 98/148 kB | 32/51 kB | 13/106 kBProgress (4): 376/527 kB | 98/148 kB | 32/51 kB | 16/106 kBProgress (4): 376/527 kB | 98/148 kB | 32/51 kB | 19/106 kBProgress (4): 376/527 kB | 98/148 kB | 32/51 kB | 21/106 kBProgress (4): 376/527 kB | 98/148 kB | 32/51 kB | 24/106 kBProgress (4): 376/527 kB | 98/148 kB | 32/51 kB | 27/106 kBProgress (4): 376/527 kB | 98/148 kB | 32/51 kB | 30/106 kBProgress (4): 376/527 kB | 98/148 kB | 32/51 kB | 32/106 kBProgress (5): 376/527 kB | 98/148 kB | 32/51 kB | 32/106 kB | 2.2/14 kBProgress (5): 376/527 kB | 98/148 kB | 32/51 kB | 32/106 kB | 5.0/14 kBProgress (5): 376/527 kB | 98/148 kB | 32/51 kB | 32/106 kB | 7.7/14 kBProgress (5): 376/527 kB | 98/148 kB | 32/51 kB | 32/106 kB | 10/14 kB Progress (5): 376/527 kB | 98/148 kB | 32/51 kB | 32/106 kB | 13/14 kBProgress (5): 376/527 kB | 98/148 kB | 32/51 kB | 32/106 kB | 14 kB   Progress (5): 380/527 kB | 98/148 kB | 32/51 kB | 32/106 kB | 14 kBProgress (5): 384/527 kB | 98/148 kB | 32/51 kB | 32/106 kB | 14 kBProgress (5): 389/527 kB | 98/148 kB | 32/51 kB | 32/106 kB | 14 kBProgress (5): 393/527 kB | 98/148 kB | 32/51 kB | 32/106 kB | 14 kBProgress (5): 393/527 kB | 98/148 kB | 36/51 kB | 32/106 kB | 14 kBProgress (5): 393/527 kB | 98/148 kB | 40/51 kB | 32/106 kB | 14 kBProgress (5): 393/527 kB | 98/148 kB | 45/51 kB | 32/106 kB | 14 kBProgress (5): 393/527 kB | 98/148 kB | 49/51 kB | 32/106 kB | 14 kBProgress (5): 393/527 kB | 98/148 kB | 51 kB | 32/106 kB | 14 kB   Progress (5): 397/527 kB | 98/148 kB | 51 kB | 32/106 kB | 14 kBProgress (5): 401/527 kB | 98/148 kB | 51 kB | 32/106 kB | 14 kBProgress (5): 405/527 kB | 98/148 kB | 51 kB | 32/106 kB | 14 kBProgress (5): 409/527 kB | 98/148 kB | 51 kB | 32/106 kB | 14 kBProgress (5): 409/527 kB | 102/148 kB | 51 kB | 32/106 kB | 14 kBProgress (5): 409/527 kB | 106/148 kB | 51 kB | 32/106 kB | 14 kBProgress (5): 409/527 kB | 111/148 kB | 51 kB | 32/106 kB | 14 kBProgress (5): 409/527 kB | 115/148 kB | 51 kB | 32/106 kB | 14 kBProgress (5): 409/527 kB | 119/148 kB | 51 kB | 32/106 kB | 14 kBProgress (5): 409/527 kB | 123/148 kB | 51 kB | 32/106 kB | 14 kBProgress (5): 409/527 kB | 127/148 kB | 51 kB | 32/106 kB | 14 kBProgress (5): 409/527 kB | 131/148 kB | 51 kB | 32/106 kB | 14 kBProgress (5): 413/527 kB | 131/148 kB | 51 kB | 32/106 kB | 14 kBProgress (5): 417/527 kB | 131/148 kB | 51 kB | 32/106 kB | 14 kBProgress (5): 421/527 kB | 131/148 kB | 51 kB | 32/106 kB | 14 kBProgress (5): 425/527 kB | 131/148 kB | 51 kB | 32/106 kB | 14 kBProgress (5): 425/527 kB | 131/148 kB | 51 kB | 36/106 kB | 14 kBProgress (5): 425/527 kB | 131/148 kB | 51 kB | 40/106 kB | 14 kBProgress (5): 425/527 kB | 131/148 kB | 51 kB | 45/106 kB | 14 kBProgress (5): 425/527 kB | 131/148 kB | 51 kB | 49/106 kB | 14 kBProgress (5): 425/527 kB | 131/148 kB | 51 kB | 53/106 kB | 14 kBProgress (5): 425/527 kB | 131/148 kB | 51 kB | 57/106 kB | 14 kBProgress (5): 425/527 kB | 131/148 kB | 51 kB | 61/106 kB | 14 kBProgress (5): 425/527 kB | 131/148 kB | 51 kB | 65/106 kB | 14 kB                                                                 Downloaded from central: https://repo.maven.apache.org/maven2/org/sonatype/aether/aether-spi/1.7/aether-spi-1.7.jar (14 kB at 4.3 kB/s)
Downloading from central: https://repo.maven.apache.org/maven2/org/sonatype/aether/aether-api/1.7/aether-api-1.7.jar
Progress (4): 430/527 kB | 131/148 kB | 51 kB | 65/106 kBProgress (4): 434/527 kB | 131/148 kB | 51 kB | 65/106 kBProgress (4): 438/527 kB | 131/148 kB | 51 kB | 65/106 kBProgress (4): 442/527 kB | 131/148 kB | 51 kB | 65/106 kB                                                         Downloaded from central: https://repo.maven.apache.org/maven2/org/apache/maven/maven-aether-provider/3.0/maven-aether-provider-3.0.jar (51 kB at 16 kB/s)
Downloading from central: https://repo.maven.apache.org/maven2/org/sonatype/aether/aether-util/1.7/aether-util-1.7.jar
Progress (3): 442/527 kB | 135/148 kB | 65/106 kBProgress (3): 442/527 kB | 139/148 kB | 65/106 kBProgress (3): 442/527 kB | 143/148 kB | 65/106 kBProgress (3): 442/527 kB | 147/148 kB | 65/106 kBProgress (3): 446/527 kB | 147/148 kB | 65/106 kBProgress (3): 446/527 kB | 148 kB | 65/106 kB    Progress (3): 450/527 kB | 148 kB | 65/106 kBProgress (3): 454/527 kB | 148 kB | 65/106 kBProgress (3): 458/527 kB | 148 kB | 65/106 kBProgress (3): 458/527 kB | 148 kB | 69/106 kBProgress (3): 458/527 kB | 148 kB | 73/106 kBProgress (3): 458/527 kB | 148 kB | 77/106 kBProgress (3): 458/527 kB | 148 kB | 81/106 kBProgress (3): 458/527 kB | 148 kB | 85/106 kBProgress (3): 458/527 kB | 148 kB | 90/106 kBProgress (3): 458/527 kB | 148 kB | 94/106 kBProgress (3): 458/527 kB | 148 kB | 98/106 kBProgress (4): 458/527 kB | 148 kB | 98/106 kB | 2.8/74 kBProgress (4): 458/527 kB | 148 kB | 98/106 kB | 5.5/74 kBProgress (4): 458/527 kB | 148 kB | 98/106 kB | 8.3/74 kBProgress (4): 458/527 kB | 148 kB | 98/106 kB | 11/74 kB Progress (4): 458/527 kB | 148 kB | 98/106 kB | 14/74 kBProgress (4): 458/527 kB | 148 kB | 98/106 kB | 16/74 kBProgress (4): 458/527 kB | 148 kB | 98/106 kB | 19/74 kBProgress (4): 462/527 kB | 148 kB | 98/106 kB | 19/74 kBProgress (4): 466/527 kB | 148 kB | 98/106 kB | 19/74 kBProgress (4): 470/527 kB | 148 kB | 98/106 kB | 19/74 kBProgress (4): 475/527 kB | 148 kB | 98/106 kB | 19/74 kBProgress (4): 479/527 kB | 148 kB | 98/106 kB | 19/74 kBProgress (4): 483/527 kB | 148 kB | 98/106 kB | 19/74 kBProgress (4): 487/527 kB | 148 kB | 98/106 kB | 19/74 kBProgress (4): 491/527 kB | 148 kB | 98/106 kB | 19/74 kBProgress (5): 491/527 kB | 148 kB | 98/106 kB | 19/74 kB | 2.2/108 kBProgress (5): 491/527 kB | 148 kB | 98/106 kB | 19/74 kB | 5.0/108 kBProgress (5): 491/527 kB | 148 kB | 98/106 kB | 19/74 kB | 9.1/108 kBProgress (5): 491/527 kB | 148 kB | 98/106 kB | 19/74 kB | 12/108 kB Progress (5): 491/527 kB | 148 kB | 98/106 kB | 19/74 kB | 15/108 kBProgress (5): 491/527 kB | 148 kB | 98/106 kB | 19/74 kB | 18/108 kBProgress (5): 491/527 kB | 148 kB | 98/106 kB | 19/74 kB | 20/108 kBProgress (5): 491/527 kB | 148 kB | 98/106 kB | 19/74 kB | 23/108 kBProgress (5): 491/527 kB | 148 kB | 98/106 kB | 19/74 kB | 26/108 kBProgress (5): 491/527 kB | 148 kB | 98/106 kB | 19/74 kB | 29/108 kBProgress (5): 491/527 kB | 148 kB | 98/106 kB | 19/74 kB | 31/108 kBProgress (5): 491/527 kB | 148 kB | 98/106 kB | 19/74 kB | 34/108 kBProgress (5): 491/527 kB | 148 kB | 98/106 kB | 19/74 kB | 37/108 kBProgress (5): 491/527 kB | 148 kB | 98/106 kB | 19/74 kB | 39/108 kBProgress (5): 491/527 kB | 148 kB | 102/106 kB | 19/74 kB | 39/108 kBProgress (5): 491/527 kB | 148 kB | 106/106 kB | 19/74 kB | 39/108 kBProgress (5): 491/527 kB | 148 kB | 106 kB | 19/74 kB | 39/108 kB    Progress (5): 495/527 kB | 148 kB | 106 kB | 19/74 kB | 39/108 kBProgress (5): 499/527 kB | 148 kB | 106 kB | 19/74 kB | 39/108 kBProgress (5): 503/527 kB | 148 kB | 106 kB | 19/74 kB | 39/108 kBProgress (5): 507/527 kB | 148 kB | 106 kB | 19/74 kB | 39/108 kB                                                                 Downloaded from central: https://repo.maven.apache.org/maven2/org/apache/maven/maven-model-builder/3.0/maven-model-builder-3.0.jar (148 kB at 43 kB/s)
Downloading from central: https://repo.maven.apache.org/maven2/org/codehaus/plexus/plexus-interpolation/1.14/plexus-interpolation-1.14.jar
Progress (4): 507/527 kB | 106 kB | 22/74 kB | 39/108 kBProgress (4): 507/527 kB | 106 kB | 25/74 kB | 39/108 kBProgress (4): 507/527 kB | 106 kB | 27/74 kB | 39/108 kBProgress (4): 507/527 kB | 106 kB | 30/74 kB | 39/108 kBProgress (4): 507/527 kB | 106 kB | 33/74 kB | 39/108 kBProgress (4): 511/527 kB | 106 kB | 33/74 kB | 39/108 kBProgress (4): 516/527 kB | 106 kB | 33/74 kB | 39/108 kBProgress (4): 520/527 kB | 106 kB | 33/74 kB | 39/108 kBProgress (4): 524/527 kB | 106 kB | 33/74 kB | 39/108 kBProgress (4): 527 kB | 106 kB | 33/74 kB | 39/108 kB    Progress (4): 527 kB | 106 kB | 33/74 kB | 44/108 kBProgress (4): 527 kB | 106 kB | 33/74 kB | 48/108 kBProgress (4): 527 kB | 106 kB | 33/74 kB | 52/108 kBProgress (4): 527 kB | 106 kB | 33/74 kB | 56/108 kBProgress (4): 527 kB | 106 kB | 33/74 kB | 60/108 kBProgress (4): 527 kB | 106 kB | 33/74 kB | 64/108 kBProgress (4): 527 kB | 106 kB | 33/74 kB | 68/108 kBProgress (4): 527 kB | 106 kB | 33/74 kB | 72/108 kBProgress (4): 527 kB | 106 kB | 33/74 kB | 76/108 kBProgress (4): 527 kB | 106 kB | 33/74 kB | 80/108 kBProgress (4): 527 kB | 106 kB | 33/74 kB | 85/108 kBProgress (4): 527 kB | 106 kB | 33/74 kB | 89/108 kB                                                    Downloaded from central: https://repo.maven.apache.org/maven2/org/sonatype/aether/aether-impl/1.7/aether-impl-1.7.jar (106 kB at 30 kB/s)
Downloading from central: https://repo.maven.apache.org/maven2/org/codehaus/plexus/plexus-classworlds/2.2.3/plexus-classworlds-2.2.3.jar
Progress (4): 527 kB | 33/74 kB | 89/108 kB | 4.1/61 kBProgress (4): 527 kB | 33/74 kB | 89/108 kB | 7.7/61 kBProgress (4): 527 kB | 33/74 kB | 89/108 kB | 12/61 kB Progress (4): 527 kB | 33/74 kB | 89/108 kB | 16/61 kBProgress (4): 527 kB | 33/74 kB | 89/108 kB | 20/61 kBProgress (4): 527 kB | 33/74 kB | 89/108 kB | 24/61 kBProgress (4): 527 kB | 33/74 kB | 89/108 kB | 28/61 kBProgress (4): 527 kB | 33/74 kB | 89/108 kB | 32/61 kBProgress (4): 527 kB | 37/74 kB | 89/108 kB | 32/61 kBProgress (4): 527 kB | 41/74 kB | 89/108 kB | 32/61 kBProgress (4): 527 kB | 45/74 kB | 89/108 kB | 32/61 kBProgress (4): 527 kB | 49/74 kB | 89/108 kB | 32/61 kBProgress (4): 527 kB | 53/74 kB | 89/108 kB | 32/61 kBProgress (4): 527 kB | 57/74 kB | 89/108 kB | 32/61 kBProgress (4): 527 kB | 61/74 kB | 89/108 kB | 32/61 kBProgress (4): 527 kB | 66/74 kB | 89/108 kB | 32/61 kB                                                      Downloaded from central: https://repo.maven.apache.org/maven2/org/apache/maven/maven-core/3.0/maven-core-3.0.jar (527 kB at 145 kB/s)
Downloading from central: https://repo.maven.apache.org/maven2/org/codehaus/plexus/plexus-component-annotations/1.7.1/plexus-component-annotations-1.7.1.jar
Progress (3): 66/74 kB | 93/108 kB | 32/61 kBProgress (3): 66/74 kB | 97/108 kB | 32/61 kBProgress (3): 66/74 kB | 101/108 kB | 32/61 kBProgress (3): 66/74 kB | 105/108 kB | 32/61 kBProgress (3): 66/74 kB | 108 kB | 32/61 kB    Progress (4): 66/74 kB | 108 kB | 32/61 kB | 2.2/46 kBProgress (4): 66/74 kB | 108 kB | 32/61 kB | 5.0/46 kBProgress (4): 66/74 kB | 108 kB | 32/61 kB | 7.7/46 kBProgress (4): 66/74 kB | 108 kB | 32/61 kB | 10/46 kB Progress (4): 66/74 kB | 108 kB | 32/61 kB | 13/46 kBProgress (4): 66/74 kB | 108 kB | 32/61 kB | 16/46 kBProgress (4): 66/74 kB | 108 kB | 32/61 kB | 19/46 kBProgress (4): 66/74 kB | 108 kB | 32/61 kB | 21/46 kBProgress (4): 66/74 kB | 108 kB | 32/61 kB | 24/46 kBProgress (4): 66/74 kB | 108 kB | 32/61 kB | 27/46 kBProgress (4): 66/74 kB | 108 kB | 32/61 kB | 30/46 kBProgress (4): 66/74 kB | 108 kB | 32/61 kB | 32/46 kBProgress (4): 66/74 kB | 108 kB | 36/61 kB | 32/46 kBProgress (4): 66/74 kB | 108 kB | 40/61 kB | 32/46 kBProgress (4): 66/74 kB | 108 kB | 45/61 kB | 32/46 kBProgress (4): 66/74 kB | 108 kB | 49/61 kB | 32/46 kBProgress (4): 66/74 kB | 108 kB | 53/61 kB | 32/46 kBProgress (4): 66/74 kB | 108 kB | 57/61 kB | 32/46 kBProgress (4): 66/74 kB | 108 kB | 61/61 kB | 32/46 kBProgress (4): 66/74 kB | 108 kB | 61 kB | 32/46 kB   Progress (4): 70/74 kB | 108 kB | 61 kB | 32/46 kBProgress (4): 74/74 kB | 108 kB | 61 kB | 32/46 kBProgress (4): 74 kB | 108 kB | 61 kB | 32/46 kB   Progress (5): 74 kB | 108 kB | 61 kB | 32/46 kB | 2.2/4.3 kBProgress (5): 74 kB | 108 kB | 61 kB | 32/46 kB | 4.3 kB                                                            Downloaded from central: https://repo.maven.apache.org/maven2/org/sonatype/aether/aether-util/1.7/aether-util-1.7.jar (108 kB at 28 kB/s)
Downloading from central: https://repo.maven.apache.org/maven2/org/sonatype/plexus/plexus-sec-dispatcher/1.3/plexus-sec-dispatcher-1.3.jar
Progress (4): 74 kB | 61 kB | 36/46 kB | 4.3 kBProgress (4): 74 kB | 61 kB | 40/46 kB | 4.3 kBProgress (4): 74 kB | 61 kB | 45/46 kB | 4.3 kBProgress (4): 74 kB | 61 kB | 46 kB | 4.3 kB                                               Downloaded from central: https://repo.maven.apache.org/maven2/org/codehaus/plexus/plexus-interpolation/1.14/plexus-interpolation-1.14.jar (61 kB at 15 kB/s)
Downloaded from central: https://repo.maven.apache.org/maven2/org/sonatype/aether/aether-api/1.7/aether-api-1.7.jar (74 kB at 19 kB/s)
Downloading from central: https://repo.maven.apache.org/maven2/org/sonatype/plexus/plexus-cipher/1.4/plexus-cipher-1.4.jar
Downloading from central: https://repo.maven.apache.org/maven2/org/apache/maven/shared/maven-shared-utils/3.2.1/maven-shared-utils-3.2.1.jar
Downloaded from central: https://repo.maven.apache.org/maven2/org/codehaus/plexus/plexus-component-annotations/1.7.1/plexus-component-annotations-1.7.1.jar (4.3 kB at 1.1 kB/s)
Downloading from central: https://repo.maven.apache.org/maven2/commons-io/commons-io/2.5/commons-io-2.5.jar
Progress (2): 46 kB | 2.8/29 kBProgress (2): 46 kB | 5.5/29 kBProgress (2): 46 kB | 8.3/29 kBProgress (2): 46 kB | 11/29 kB Progress (2): 46 kB | 14/29 kBProgress (2): 46 kB | 16/29 kBProgress (2): 46 kB | 19/29 kBProgress (2): 46 kB | 22/29 kBProgress (2): 46 kB | 25/29 kBProgress (2): 46 kB | 27/29 kBProgress (2): 46 kB | 29 kB                              Downloaded from central: https://repo.maven.apache.org/maven2/org/codehaus/plexus/plexus-classworlds/2.2.3/plexus-classworlds-2.2.3.jar (46 kB at 11 kB/s)
Downloading from central: https://repo.maven.apache.org/maven2/org/apache/maven/shared/maven-shared-incremental/1.1/maven-shared-incremental-1.1.jar
Progress (2): 29 kB | 2.2/13 kBProgress (2): 29 kB | 5.0/13 kBProgress (2): 29 kB | 7.7/13 kBProgress (2): 29 kB | 10/13 kB Progress (2): 29 kB | 13/13 kBProgress (2): 29 kB | 13 kB   Progress (3): 29 kB | 13 kB | 4.1/167 kBProgress (3): 29 kB | 13 kB | 7.7/167 kBProgress (3): 29 kB | 13 kB | 12/167 kB Progress (3): 29 kB | 13 kB | 16/167 kBProgress (4): 29 kB | 13 kB | 16/167 kB | 4.1/209 kBProgress (4): 29 kB | 13 kB | 16/167 kB | 7.7/209 kBProgress (4): 29 kB | 13 kB | 16/167 kB | 12/209 kB Progress (4): 29 kB | 13 kB | 16/167 kB | 16/209 kB                                                   Downloaded from central: https://repo.maven.apache.org/maven2/org/sonatype/plexus/plexus-sec-dispatcher/1.3/plexus-sec-dispatcher-1.3.jar (29 kB at 6.8 kB/s)
Downloading from central: https://repo.maven.apache.org/maven2/org/codehaus/plexus/plexus-java/0.9.10/plexus-java-0.9.10.jar
Progress (4): 13 kB | 16/167 kB | 16/209 kB | 4.1/14 kBProgress (4): 13 kB | 16/167 kB | 16/209 kB | 7.7/14 kBProgress (4): 13 kB | 16/167 kB | 16/209 kB | 12/14 kB Progress (4): 13 kB | 16/167 kB | 16/209 kB | 14 kB   Progress (4): 13 kB | 20/167 kB | 16/209 kB | 14 kBProgress (4): 13 kB | 24/167 kB | 16/209 kB | 14 kBProgress (4): 13 kB | 28/167 kB | 16/209 kB | 14 kBProgress (4): 13 kB | 32/167 kB | 16/209 kB | 14 kB                                                   Downloaded from central: https://repo.maven.apache.org/maven2/org/sonatype/plexus/plexus-cipher/1.4/plexus-cipher-1.4.jar (13 kB at 3.1 kB/s)
Downloading from central: https://repo.maven.apache.org/maven2/org/ow2/asm/asm/6.2/asm-6.2.jar
Progress (3): 36/167 kB | 16/209 kB | 14 kBProgress (3): 40/167 kB | 16/209 kB | 14 kBProgress (3): 45/167 kB | 16/209 kB | 14 kBProgress (3): 49/167 kB | 16/209 kB | 14 kBProgress (3): 49/167 kB | 20/209 kB | 14 kBProgress (3): 49/167 kB | 24/209 kB | 14 kBProgress (3): 49/167 kB | 28/209 kB | 14 kBProgress (3): 49/167 kB | 32/209 kB | 14 kBProgress (4): 49/167 kB | 32/209 kB | 14 kB | 2.8/39 kBProgress (4): 49/167 kB | 32/209 kB | 14 kB | 5.5/39 kBProgress (4): 49/167 kB | 32/209 kB | 14 kB | 8.3/39 kBProgress (4): 49/167 kB | 32/209 kB | 14 kB | 11/39 kB Progress (4): 49/167 kB | 32/209 kB | 14 kB | 14/39 kBProgress (4): 49/167 kB | 32/209 kB | 14 kB | 16/39 kBProgress (4): 49/167 kB | 32/209 kB | 14 kB | 19/39 kBProgress (4): 49/167 kB | 32/209 kB | 14 kB | 22/39 kBProgress (4): 49/167 kB | 32/209 kB | 14 kB | 25/39 kBProgress (4): 49/167 kB | 32/209 kB | 14 kB | 27/39 kBProgress (4): 49/167 kB | 32/209 kB | 14 kB | 30/39 kBProgress (4): 49/167 kB | 32/209 kB | 14 kB | 33/39 kBProgress (4): 49/167 kB | 32/209 kB | 14 kB | 36/39 kBProgress (4): 49/167 kB | 32/209 kB | 14 kB | 38/39 kBProgress (4): 49/167 kB | 32/209 kB | 14 kB | 39 kB                                                      Downloaded from central: https://repo.maven.apache.org/maven2/org/apache/maven/shared/maven-shared-incremental/1.1/maven-shared-incremental-1.1.jar (14 kB at 3.1 kB/s)
Downloading from central: https://repo.maven.apache.org/maven2/com/thoughtworks/qdox/qdox/2.0-M9/qdox-2.0-M9.jar
Progress (3): 53/167 kB | 32/209 kB | 39 kBProgress (3): 57/167 kB | 32/209 kB | 39 kBProgress (3): 61/167 kB | 32/209 kB | 39 kBProgress (3): 65/167 kB | 32/209 kB | 39 kBProgress (4): 65/167 kB | 32/209 kB | 39 kB | 2.8/111 kBProgress (4): 65/167 kB | 32/209 kB | 39 kB | 5.5/111 kBProgress (4): 65/167 kB | 32/209 kB | 39 kB | 8.3/111 kBProgress (4): 65/167 kB | 32/209 kB | 39 kB | 11/111 kB Progress (4): 65/167 kB | 32/209 kB | 39 kB | 14/111 kBProgress (4): 65/167 kB | 32/209 kB | 39 kB | 16/111 kBProgress (4): 65/167 kB | 32/209 kB | 39 kB | 19/111 kBProgress (4): 65/167 kB | 32/209 kB | 39 kB | 22/111 kBProgress (4): 65/167 kB | 32/209 kB | 39 kB | 25/111 kBProgress (4): 65/167 kB | 32/209 kB | 39 kB | 27/111 kBProgress (4): 65/167 kB | 32/209 kB | 39 kB | 30/111 kBProgress (4): 65/167 kB | 32/209 kB | 39 kB | 33/111 kBProgress (4): 65/167 kB | 36/209 kB | 39 kB | 33/111 kBProgress (4): 65/167 kB | 40/209 kB | 39 kB | 33/111 kBProgress (4): 65/167 kB | 45/209 kB | 39 kB | 33/111 kBProgress (4): 65/167 kB | 49/209 kB | 39 kB | 33/111 kBProgress (4): 65/167 kB | 53/209 kB | 39 kB | 33/111 kBProgress (4): 65/167 kB | 57/209 kB | 39 kB | 33/111 kBProgress (4): 65/167 kB | 61/209 kB | 39 kB | 33/111 kBProgress (4): 65/167 kB | 65/209 kB | 39 kB | 33/111 kBProgress (4): 65/167 kB | 69/209 kB | 39 kB | 33/111 kBProgress (4): 65/167 kB | 73/209 kB | 39 kB | 33/111 kBProgress (4): 65/167 kB | 77/209 kB | 39 kB | 33/111 kBProgress (4): 65/167 kB | 81/209 kB | 39 kB | 33/111 kBProgress (5): 65/167 kB | 81/209 kB | 39 kB | 33/111 kB | 2.8/317 kBProgress (5): 65/167 kB | 81/209 kB | 39 kB | 33/111 kB | 5.5/317 kB                                                                    Downloaded from central: https://repo.maven.apache.org/maven2/org/codehaus/plexus/plexus-java/0.9.10/plexus-java-0.9.10.jar (39 kB at 8.6 kB/s)
Downloading from central: https://repo.maven.apache.org/maven2/org/codehaus/plexus/plexus-compiler-api/2.8.4/plexus-compiler-api-2.8.4.jar
Progress (4): 65/167 kB | 81/209 kB | 33/111 kB | 8.3/317 kBProgress (4): 65/167 kB | 81/209 kB | 33/111 kB | 11/317 kB Progress (4): 65/167 kB | 81/209 kB | 33/111 kB | 14/317 kBProgress (4): 65/167 kB | 81/209 kB | 33/111 kB | 16/317 kBProgress (4): 65/167 kB | 81/209 kB | 33/111 kB | 19/317 kBProgress (4): 65/167 kB | 81/209 kB | 33/111 kB | 22/317 kBProgress (4): 65/167 kB | 81/209 kB | 33/111 kB | 25/317 kBProgress (4): 65/167 kB | 81/209 kB | 33/111 kB | 27/317 kBProgress (4): 65/167 kB | 81/209 kB | 33/111 kB | 30/317 kBProgress (4): 65/167 kB | 81/209 kB | 33/111 kB | 33/317 kBProgress (4): 69/167 kB | 81/209 kB | 33/111 kB | 33/317 kBProgress (4): 73/167 kB | 81/209 kB | 33/111 kB | 33/317 kBProgress (4): 77/167 kB | 81/209 kB | 33/111 kB | 33/317 kBProgress (4): 81/167 kB | 81/209 kB | 33/111 kB | 33/317 kBProgress (4): 85/167 kB | 81/209 kB | 33/111 kB | 33/317 kBProgress (4): 90/167 kB | 81/209 kB | 33/111 kB | 33/317 kBProgress (4): 94/167 kB | 81/209 kB | 33/111 kB | 33/317 kBProgress (4): 98/167 kB | 81/209 kB | 33/111 kB | 33/317 kBProgress (4): 98/167 kB | 81/209 kB | 37/111 kB | 33/317 kBProgress (4): 98/167 kB | 81/209 kB | 41/111 kB | 33/317 kBProgress (4): 98/167 kB | 81/209 kB | 45/111 kB | 33/317 kBProgress (4): 98/167 kB | 81/209 kB | 49/111 kB | 33/317 kBProgress (4): 98/167 kB | 81/209 kB | 53/111 kB | 33/317 kBProgress (4): 98/167 kB | 81/209 kB | 57/111 kB | 33/317 kBProgress (4): 98/167 kB | 81/209 kB | 61/111 kB | 33/317 kBProgress (4): 98/167 kB | 81/209 kB | 66/111 kB | 33/317 kBProgress (4): 98/167 kB | 81/209 kB | 70/111 kB | 33/317 kBProgress (4): 98/167 kB | 81/209 kB | 74/111 kB | 33/317 kBProgress (4): 98/167 kB | 81/209 kB | 78/111 kB | 33/317 kBProgress (4): 98/167 kB | 85/209 kB | 78/111 kB | 33/317 kBProgress (4): 98/167 kB | 90/209 kB | 78/111 kB | 33/317 kBProgress (4): 98/167 kB | 94/209 kB | 78/111 kB | 33/317 kBProgress (4): 98/167 kB | 98/209 kB | 78/111 kB | 33/317 kBProgress (4): 98/167 kB | 102/209 kB | 78/111 kB | 33/317 kBProgress (4): 98/167 kB | 106/209 kB | 78/111 kB | 33/317 kBProgress (4): 98/167 kB | 110/209 kB | 78/111 kB | 33/317 kBProgress (4): 98/167 kB | 114/209 kB | 78/111 kB | 33/317 kBProgress (4): 98/167 kB | 114/209 kB | 78/111 kB | 37/317 kBProgress (4): 98/167 kB | 114/209 kB | 78/111 kB | 41/317 kBProgress (4): 98/167 kB | 114/209 kB | 78/111 kB | 45/317 kBProgress (4): 98/167 kB | 114/209 kB | 78/111 kB | 49/317 kBProgress (5): 98/167 kB | 114/209 kB | 78/111 kB | 49/317 kB | 2.2/27 kBProgress (5): 98/167 kB | 114/209 kB | 78/111 kB | 49/317 kB | 4.3/27 kBProgress (5): 98/167 kB | 114/209 kB | 78/111 kB | 49/317 kB | 7.0/27 kBProgress (5): 98/167 kB | 114/209 kB | 78/111 kB | 49/317 kB | 9.8/27 kBProgress (5): 98/167 kB | 114/209 kB | 78/111 kB | 49/317 kB | 13/27 kB Progress (5): 98/167 kB | 114/209 kB | 78/111 kB | 49/317 kB | 15/27 kBProgress (5): 98/167 kB | 114/209 kB | 78/111 kB | 49/317 kB | 18/27 kBProgress (5): 98/167 kB | 114/209 kB | 78/111 kB | 49/317 kB | 21/27 kBProgress (5): 98/167 kB | 114/209 kB | 78/111 kB | 49/317 kB | 23/27 kBProgress (5): 98/167 kB | 114/209 kB | 78/111 kB | 49/317 kB | 26/27 kBProgress (5): 98/167 kB | 114/209 kB | 78/111 kB | 49/317 kB | 27 kB   Progress (5): 98/167 kB | 114/209 kB | 78/111 kB | 53/317 kB | 27 kBProgress (5): 98/167 kB | 114/209 kB | 78/111 kB | 57/317 kB | 27 kBProgress (5): 98/167 kB | 114/209 kB | 78/111 kB | 61/317 kB | 27 kBProgress (5): 98/167 kB | 114/209 kB | 78/111 kB | 65/317 kB | 27 kBProgress (5): 98/167 kB | 114/209 kB | 78/111 kB | 69/317 kB | 27 kBProgress (5): 98/167 kB | 114/209 kB | 78/111 kB | 73/317 kB | 27 kBProgress (5): 98/167 kB | 114/209 kB | 78/111 kB | 77/317 kB | 27 kBProgress (5): 98/167 kB | 114/209 kB | 78/111 kB | 81/317 kB | 27 kBProgress (5): 102/167 kB | 114/209 kB | 78/111 kB | 81/317 kB | 27 kBProgress (5): 106/167 kB | 114/209 kB | 78/111 kB | 81/317 kB | 27 kBProgress (5): 110/167 kB | 114/209 kB | 78/111 kB | 81/317 kB | 27 kBProgress (5): 114/167 kB | 114/209 kB | 78/111 kB | 81/317 kB | 27 kBProgress (5): 114/167 kB | 114/209 kB | 82/111 kB | 81/317 kB | 27 kBProgress (5): 114/167 kB | 114/209 kB | 86/111 kB | 81/317 kB | 27 kBProgress (5): 114/167 kB | 114/209 kB | 90/111 kB | 81/317 kB | 27 kBProgress (5): 114/167 kB | 114/209 kB | 94/111 kB | 81/317 kB | 27 kBProgress (5): 114/167 kB | 114/209 kB | 98/111 kB | 81/317 kB | 27 kBProgress (5): 114/167 kB | 114/209 kB | 102/111 kB | 81/317 kB | 27 kBProgress (5): 114/167 kB | 114/209 kB | 106/111 kB | 81/317 kB | 27 kBProgress (5): 114/167 kB | 114/209 kB | 111/111 kB | 81/317 kB | 27 kBProgress (5): 114/167 kB | 114/209 kB | 111 kB | 81/317 kB | 27 kB    Progress (5): 118/167 kB | 114/209 kB | 111 kB | 81/317 kB | 27 kBProgress (5): 122/167 kB | 114/209 kB | 111 kB | 81/317 kB | 27 kBProgress (5): 126/167 kB | 114/209 kB | 111 kB | 81/317 kB | 27 kBProgress (5): 131/167 kB | 114/209 kB | 111 kB | 81/317 kB | 27 kBProgress (5): 131/167 kB | 118/209 kB | 111 kB | 81/317 kB | 27 kBProgress (5): 131/167 kB | 122/209 kB | 111 kB | 81/317 kB | 27 kBProgress (5): 131/167 kB | 126/209 kB | 111 kB | 81/317 kB | 27 kBProgress (5): 131/167 kB | 131/209 kB | 111 kB | 81/317 kB | 27 kBProgress (5): 131/167 kB | 131/209 kB | 111 kB | 85/317 kB | 27 kBProgress (5): 131/167 kB | 131/209 kB | 111 kB | 89/317 kB | 27 kBProgress (5): 131/167 kB | 131/209 kB | 111 kB | 94/317 kB | 27 kBProgress (5): 131/167 kB | 131/209 kB | 111 kB | 98/317 kB | 27 kBProgress (5): 131/167 kB | 131/209 kB | 111 kB | 102/317 kB | 27 kBProgress (5): 131/167 kB | 131/209 kB | 111 kB | 106/317 kB | 27 kBProgress (5): 131/167 kB | 131/209 kB | 111 kB | 110/317 kB | 27 kBProgress (5): 131/167 kB | 131/209 kB | 111 kB | 114/317 kB | 27 kBProgress (5): 131/167 kB | 131/209 kB | 111 kB | 118/317 kB | 27 kBProgress (5): 131/167 kB | 131/209 kB | 111 kB | 122/317 kB | 27 kBProgress (5): 131/167 kB | 131/209 kB | 111 kB | 126/317 kB | 27 kBProgress (5): 131/167 kB | 131/209 kB | 111 kB | 130/317 kB | 27 kB                                                                   Downloaded from central: https://repo.maven.apache.org/maven2/org/codehaus/plexus/plexus-compiler-api/2.8.4/plexus-compiler-api-2.8.4.jar (27 kB at 5.4 kB/s)
Downloading from central: https://repo.maven.apache.org/maven2/org/codehaus/plexus/plexus-compiler-manager/2.8.4/plexus-compiler-manager-2.8.4.jar
Progress (4): 135/167 kB | 131/209 kB | 111 kB | 130/317 kBProgress (4): 139/167 kB | 131/209 kB | 111 kB | 130/317 kBProgress (4): 143/167 kB | 131/209 kB | 111 kB | 130/317 kBProgress (4): 147/167 kB | 131/209 kB | 111 kB | 130/317 kBProgress (4): 147/167 kB | 135/209 kB | 111 kB | 130/317 kBProgress (4): 147/167 kB | 139/209 kB | 111 kB | 130/317 kBProgress (4): 147/167 kB | 143/209 kB | 111 kB | 130/317 kBProgress (4): 147/167 kB | 147/209 kB | 111 kB | 130/317 kBProgress (4): 147/167 kB | 151/209 kB | 111 kB | 130/317 kB                                                           Downloaded from central: https://repo.maven.apache.org/maven2/org/ow2/asm/asm/6.2/asm-6.2.jar (111 kB at 22 kB/s)
Progress (3): 147/167 kB | 155/209 kB | 130/317 kB                                                  Downloading from central: https://repo.maven.apache.org/maven2/org/codehaus/plexus/plexus-compiler-javac/2.8.4/plexus-compiler-javac-2.8.4.jar
Progress (3): 147/167 kB | 159/209 kB | 130/317 kBProgress (3): 147/167 kB | 163/209 kB | 130/317 kBProgress (3): 147/167 kB | 163/209 kB | 135/317 kBProgress (3): 147/167 kB | 163/209 kB | 139/317 kBProgress (3): 147/167 kB | 163/209 kB | 143/317 kBProgress (3): 147/167 kB | 163/209 kB | 147/317 kBProgress (3): 147/167 kB | 163/209 kB | 151/317 kBProgress (3): 147/167 kB | 163/209 kB | 155/317 kBProgress (3): 147/167 kB | 163/209 kB | 159/317 kBProgress (3): 147/167 kB | 163/209 kB | 163/317 kBProgress (3): 151/167 kB | 163/209 kB | 163/317 kBProgress (3): 155/167 kB | 163/209 kB | 163/317 kBProgress (3): 159/167 kB | 163/209 kB | 163/317 kBProgress (3): 163/167 kB | 163/209 kB | 163/317 kBProgress (3): 167 kB | 163/209 kB | 163/317 kB    Progress (4): 167 kB | 163/209 kB | 163/317 kB | 2.8/4.7 kBProgress (4): 167 kB | 163/209 kB | 163/317 kB | 4.7 kB    Progress (4): 167 kB | 167/209 kB | 163/317 kB | 4.7 kBProgress (4): 167 kB | 171/209 kB | 163/317 kB | 4.7 kBProgress (4): 167 kB | 176/209 kB | 163/317 kB | 4.7 kBProgress (4): 167 kB | 180/209 kB | 163/317 kB | 4.7 kBProgress (4): 167 kB | 184/209 kB | 163/317 kB | 4.7 kBProgress (4): 167 kB | 188/209 kB | 163/317 kB | 4.7 kBProgress (4): 167 kB | 192/209 kB | 163/317 kB | 4.7 kBProgress (4): 167 kB | 196/209 kB | 163/317 kB | 4.7 kBProgress (4): 167 kB | 200/209 kB | 163/317 kB | 4.7 kBProgress (4): 167 kB | 204/209 kB | 163/317 kB | 4.7 kBProgress (4): 167 kB | 208/209 kB | 163/317 kB | 4.7 kBProgress (4): 167 kB | 209 kB | 163/317 kB | 4.7 kB    Progress (4): 167 kB | 209 kB | 167/317 kB | 4.7 kBProgress (4): 167 kB | 209 kB | 171/317 kB | 4.7 kBProgress (4): 167 kB | 209 kB | 176/317 kB | 4.7 kBProgress (4): 167 kB | 209 kB | 180/317 kB | 4.7 kBProgress (5): 167 kB | 209 kB | 180/317 kB | 4.7 kB | 4.1/21 kBProgress (5): 167 kB | 209 kB | 180/317 kB | 4.7 kB | 7.7/21 kBProgress (5): 167 kB | 209 kB | 180/317 kB | 4.7 kB | 12/21 kB Progress (5): 167 kB | 209 kB | 180/317 kB | 4.7 kB | 16/21 kBProgress (5): 167 kB | 209 kB | 180/317 kB | 4.7 kB | 20/21 kBProgress (5): 167 kB | 209 kB | 180/317 kB | 4.7 kB | 21 kB   Progress (5): 167 kB | 209 kB | 184/317 kB | 4.7 kB | 21 kBProgress (5): 167 kB | 209 kB | 188/317 kB | 4.7 kB | 21 kBProgress (5): 167 kB | 209 kB | 192/317 kB | 4.7 kB | 21 kBProgress (5): 167 kB | 209 kB | 196/317 kB | 4.7 kB | 21 kBProgress (5): 167 kB | 209 kB | 200/317 kB | 4.7 kB | 21 kBProgress (5): 167 kB | 209 kB | 204/317 kB | 4.7 kB | 21 kBProgress (5): 167 kB | 209 kB | 208/317 kB | 4.7 kB | 21 kBProgress (5): 167 kB | 209 kB | 212/317 kB | 4.7 kB | 21 kB                                                           Downloaded from central: https://repo.maven.apache.org/maven2/org/apache/maven/shared/maven-shared-utils/3.2.1/maven-shared-utils-3.2.1.jar (167 kB at 31 kB/s)
Downloaded from central: https://repo.maven.apache.org/maven2/org/codehaus/plexus/plexus-compiler-manager/2.8.4/plexus-compiler-manager-2.8.4.jar (4.7 kB at 883 B/s)
Downloaded from central: https://repo.maven.apache.org/maven2/commons-io/commons-io/2.5/commons-io-2.5.jar (209 kB at 39 kB/s)
Progress (2): 216/317 kB | 21 kBProgress (2): 221/317 kB | 21 kBProgress (2): 225/317 kB | 21 kBProgress (2): 229/317 kB | 21 kBProgress (2): 233/317 kB | 21 kBProgress (2): 237/317 kB | 21 kB                                Downloaded from central: https://repo.maven.apache.org/maven2/org/codehaus/plexus/plexus-compiler-javac/2.8.4/plexus-compiler-javac-2.8.4.jar (21 kB at 3.9 kB/s)
Progress (1): 241/317 kBProgress (1): 245/317 kBProgress (1): 249/317 kBProgress (1): 253/317 kBProgress (1): 257/317 kBProgress (1): 262/317 kBProgress (1): 266/317 kBProgress (1): 270/317 kBProgress (1): 274/317 kBProgress (1): 278/317 kBProgress (1): 282/317 kBProgress (1): 286/317 kBProgress (1): 290/317 kBProgress (1): 294/317 kBProgress (1): 298/317 kBProgress (1): 302/317 kBProgress (1): 307/317 kBProgress (1): 311/317 kBProgress (1): 315/317 kBProgress (1): 317 kB                        Downloaded from central: https://repo.maven.apache.org/maven2/com/thoughtworks/qdox/qdox/2.0-M9/qdox-2.0-M9.jar (317 kB at 55 kB/s)
[INFO] Changes detected - recompiling the module!
[INFO] Compiling 5 source files to E:\Sanjay_Study\NU\automation\target\classes
[INFO] -------------------------------------------------------------
[ERROR] COMPILATION ERROR : 
[INFO] -------------------------------------------------------------
[ERROR] E:\Sanjay_Study\NU\automation\src\main\java\base\BaseFactory.java:[23,24] error: package net.lightbody.bmp does not exist
[ERROR] E:\Sanjay_Study\NU\automation\src\main\java\base\BaseFactory.java:[24,24] error: package net.lightbody.bmp does not exist
[ERROR] E:\Sanjay_Study\NU\automation\src\main\java\base\BaseFactory.java:[25,31] error: package net.lightbody.bmp.client does not exist
[ERROR] E:\Sanjay_Study\NU\automation\src\main\java\base\BaseFactory.java:[60,5] error: cannot find symbol
  symbol:   class BrowserMobProxy
  location: class BaseFactory
[ERROR] E:\Sanjay_Study\NU\automation\src\main\java\base\BaseFactory.java:[60,33] error: cannot find symbol
  symbol:   class BrowserMobProxyServer
  location: class BaseFactory
[ERROR] E:\Sanjay_Study\NU\automation\src\main\java\base\BaseFactory.java:[64,27] error: cannot find symbol
  symbol:   variable ClientUtil
  location: class BaseFactory
[INFO] 6 errors 
[INFO] -------------------------------------------------------------
[INFO] ------------------------------------------------------------------------
[INFO] BUILD FAILURE
[INFO] ------------------------------------------------------------------------
[INFO] Total time:  02:52 min
[INFO] Finished at: 2019-04-20T13:24:46+12:00
[INFO] ------------------------------------------------------------------------
[ERROR] Failed to execute goal org.apache.maven.plugins:maven-compiler-plugin:3.8.0:compile (default-compile) on project EddieBauer-qa-smokesuite: Compilation failure: Compilation failure: 
[ERROR] E:\Sanjay_Study\NU\automation\src\main\java\base\BaseFactory.java:[23,24] error: package net.lightbody.bmp does not exist
[ERROR] E:\Sanjay_Study\NU\automation\src\main\java\base\BaseFactory.java:[24,24] error: package net.lightbody.bmp does not exist
[ERROR] E:\Sanjay_Study\NU\automation\src\main\java\base\BaseFactory.java:[25,31] error: package net.lightbody.bmp.client does not exist
[ERROR] E:\Sanjay_Study\NU\automation\src\main\java\base\BaseFactory.java:[60,5] error: cannot find symbol
[ERROR]   symbol:   class BrowserMobProxy
[ERROR]   location: class BaseFactory
[ERROR] E:\Sanjay_Study\NU\automation\src\main\java\base\BaseFactory.java:[60,33] error: cannot find symbol
[ERROR]   symbol:   class BrowserMobProxyServer
[ERROR]   location: class BaseFactory
[ERROR] E:\Sanjay_Study\NU\automation\src\main\java\base\BaseFactory.java:[64,27] error: cannot find symbol
[ERROR]   symbol:   variable ClientUtil
[ERROR]   location: class BaseFactory
[ERROR] -> [Help 1]
[ERROR] 
[ERROR] To see the full stack trace of the errors, re-run Maven with the -e switch.
[ERROR] Re-run Maven using the -X switch to enable full debug logging.
[ERROR] 
[ERROR] For more information about the errors and possible solutions, please read the following articles:
[ERROR] [Help 1] http://cwiki.apache.org/confluence/display/MAVEN/MojoFailureException
[INFO] Scanning for projects...
[WARNING] 
[WARNING] Some problems were encountered while building the effective model for com.eb.qa:EddieBauer-qa-smokesuite:jar:0.0.1-SNAPSHOT
[WARNING] 'dependencies.dependency.scope' for net.lightbody.bmp:browsermob-core:jar must be one of [provided, compile, runtime, test, system] but is 'pom'. @ line 64, column 11
[WARNING] 
[WARNING] It is highly recommended to fix these problems because they threaten the stability of your build.
[WARNING] 
[WARNING] For this reason, future Maven versions might no longer support building such malformed projects.
[WARNING] 
[INFO] 
[INFO] -----------------< com.eb.qa:EddieBauer-qa-smokesuite >-----------------
[INFO] Building EddieBauer-qa-smokesuite 0.0.1-SNAPSHOT
[INFO] --------------------------------[ jar ]---------------------------------
[INFO] 
[INFO] --- maven-clean-plugin:2.5:clean (default-clean) @ EddieBauer-qa-smokesuite ---
[INFO] Deleting E:\Sanjay_Study\NU\automation\target
[INFO] 
[INFO] --- maven-resources-plugin:2.6:resources (default-resources) @ EddieBauer-qa-smokesuite ---
[INFO] Using 'UTF-8' encoding to copy filtered resources.
[INFO] skip non existing resourceDirectory E:\Sanjay_Study\NU\automation\src\main\resources
[INFO] 
[INFO] --- maven-compiler-plugin:3.8.0:compile (default-compile) @ EddieBauer-qa-smokesuite ---
[INFO] Changes detected - recompiling the module!
[INFO] Compiling 5 source files to E:\Sanjay_Study\NU\automation\target\classes
[INFO] -------------------------------------------------------------
[ERROR] COMPILATION ERROR : 
[INFO] -------------------------------------------------------------
[ERROR] E:\Sanjay_Study\NU\automation\src\main\java\base\BaseFactory.java:[23,24] error: package net.lightbody.bmp does not exist
[ERROR] E:\Sanjay_Study\NU\automation\src\main\java\base\BaseFactory.java:[24,24] error: package net.lightbody.bmp does not exist
[ERROR] E:\Sanjay_Study\NU\automation\src\main\java\base\BaseFactory.java:[25,31] error: package net.lightbody.bmp.client does not exist
[ERROR] E:\Sanjay_Study\NU\automation\src\main\java\base\BaseFactory.java:[60,5] error: cannot find symbol
  symbol:   class BrowserMobProxy
  location: class BaseFactory
[ERROR] E:\Sanjay_Study\NU\automation\src\main\java\base\BaseFactory.java:[60,33] error: cannot find symbol
  symbol:   class BrowserMobProxyServer
  location: class BaseFactory
[ERROR] E:\Sanjay_Study\NU\automation\src\main\java\base\BaseFactory.java:[64,27] error: cannot find symbol
  symbol:   variable ClientUtil
  location: class BaseFactory
[INFO] 6 errors 
[INFO] -------------------------------------------------------------
[INFO] ------------------------------------------------------------------------
[INFO] BUILD FAILURE
[INFO] ------------------------------------------------------------------------
[INFO] Total time:  3.676 s
[INFO] Finished at: 2019-04-20T13:45:52+12:00
[INFO] ------------------------------------------------------------------------
[ERROR] Failed to execute goal org.apache.maven.plugins:maven-compiler-plugin:3.8.0:compile (default-compile) on project EddieBauer-qa-smokesuite: Compilation failure: Compilation failure: 
[ERROR] E:\Sanjay_Study\NU\automation\src\main\java\base\BaseFactory.java:[23,24] error: package net.lightbody.bmp does not exist
[ERROR] E:\Sanjay_Study\NU\automation\src\main\java\base\BaseFactory.java:[24,24] error: package net.lightbody.bmp does not exist
[ERROR] E:\Sanjay_Study\NU\automation\src\main\java\base\BaseFactory.java:[25,31] error: package net.lightbody.bmp.client does not exist
[ERROR] E:\Sanjay_Study\NU\automation\src\main\java\base\BaseFactory.java:[60,5] error: cannot find symbol
[ERROR]   symbol:   class BrowserMobProxy
[ERROR]   location: class BaseFactory
[ERROR] E:\Sanjay_Study\NU\automation\src\main\java\base\BaseFactory.java:[60,33] error: cannot find symbol
[ERROR]   symbol:   class BrowserMobProxyServer
[ERROR]   location: class BaseFactory
[ERROR] E:\Sanjay_Study\NU\automation\src\main\java\base\BaseFactory.java:[64,27] error: cannot find symbol
[ERROR]   symbol:   variable ClientUtil
[ERROR]   location: class BaseFactory
[ERROR] -> [Help 1]
[ERROR] 
[ERROR] To see the full stack trace of the errors, re-run Maven with the -e switch.
[ERROR] Re-run Maven using the -X switch to enable full debug logging.
[ERROR] 
[ERROR] For more information about the errors and possible solutions, please read the following articles:
[ERROR] [Help 1] http://cwiki.apache.org/confluence/display/MAVEN/MojoFailureException
